TMPDIR=/home/b5ac/freddieyu.b5ac/project_1/../projects/project_1/runs/20_round2_diagnostic/tmp/5472780
=== Round 2 epoch-1 stratum cache (GPU) ===
STEP_DIR=/home/b5ac/freddieyu.b5ac/project_1/20_round2_diagnostic
OUTPUT_ROOT=/home/b5ac/freddieyu.b5ac/project_1/../projects/project_1
  epoch1 stratum cache biomedbert_base seed=42
Traceback (most recent call last):
  File "/home/b5ac/freddieyu.b5ac/.local/lib/python3.10/site-packages/transformers/utils/hub.py", line 479, in cached_files
    hf_hub_download(
  File "/home/b5ac/freddieyu.b5ac/.local/lib/python3.10/site-packages/huggingface_hub/utils/_validators.py", line 106, in _inner_fn
    validate_repo_id(arg_value)
  File "/home/b5ac/freddieyu.b5ac/.local/lib/python3.10/site-packages/huggingface_hub/utils/_validators.py", line 154, in validate_repo_id
    raise HFValidationError(
huggingface_hub.errors.HFValidationError: Repo id must be in the form 'repo_name' or 'namespace/repo_name': '/lus/lfs1aip2/projects/b5ac/project_1/data/10_recipe_sweep_and_training/matrix/checkpoints/biomedbert_base/seed_42/epochs/epoch_01'. Use `repo_type` argument if needed.

During handling of the above exception, another exception occurred:

Traceback (most recent call last):
  File "/home/b5ac/freddieyu.b5ac/project_1/20_round2_diagnostic/run.py", line 195, in <module>
    main()
  File "/home/b5ac/freddieyu.b5ac/project_1/20_round2_diagnostic/run.py", line 180, in main
    run_stratum_epoch1_cache(model_ids=args.model_id)
  File "/home/b5ac/freddieyu.b5ac/project_1/20_round2_diagnostic/run.py", line 49, in run_stratum_epoch1_cache
    mundane.build_epoch1_stratum_cache(paired)
  File "/home/b5ac/freddieyu.b5ac/project_1/20_round2_diagnostic/mundane_explanations.py", line 200, in build_epoch1_stratum_cache
    scored = score_candidates_at_checkpoint(ckpt, gd_cands)
  File "/home/b5ac/freddieyu.b5ac/project_1/20_round2_diagnostic/scoring.py", line 27, in score_candidates_at_checkpoint
    tokenizer = AutoTokenizer.from_pretrained(ckpt_dir)
  File "/home/b5ac/freddieyu.b5ac/.local/lib/python3.10/site-packages/transformers/models/auto/tokenization_auto.py", line 1089, in from_pretrained
    tokenizer_config = get_tokenizer_config(pretrained_model_name_or_path, **kwargs)
  File "/home/b5ac/freddieyu.b5ac/.local/lib/python3.10/site-packages/transformers/models/auto/tokenization_auto.py", line 921, in get_tokenizer_config
    resolved_config_file = cached_file(
  File "/home/b5ac/freddieyu.b5ac/.local/lib/python3.10/site-packages/transformers/utils/hub.py", line 322, in cached_file
    file = cached_files(path_or_repo_id=path_or_repo_id, filenames=[filename], **kwargs)
  File "/home/b5ac/freddieyu.b5ac/.local/lib/python3.10/site-packages/transformers/utils/hub.py", line 531, in cached_files
    resolved_files = [
  File "/home/b5ac/freddieyu.b5ac/.local/lib/python3.10/site-packages/transformers/utils/hub.py", line 532, in <listcomp>
    _get_cache_file_to_return(path_or_repo_id, filename, cache_dir, revision, repo_type)
  File "/home/b5ac/freddieyu.b5ac/.local/lib/python3.10/site-packages/transformers/utils/hub.py", line 143, in _get_cache_file_to_return
    resolved_file = try_to_load_from_cache(
  File "/home/b5ac/freddieyu.b5ac/.local/lib/python3.10/site-packages/huggingface_hub/utils/_validators.py", line 106, in _inner_fn
    validate_repo_id(arg_value)
  File "/home/b5ac/freddieyu.b5ac/.local/lib/python3.10/site-packages/huggingface_hub/utils/_validators.py", line 154, in validate_repo_id
    raise HFValidationError(
huggingface_hub.errors.HFValidationError: Repo id must be in the form 'repo_name' or 'namespace/repo_name': '/lus/lfs1aip2/projects/b5ac/project_1/data/10_recipe_sweep_and_training/matrix/checkpoints/biomedbert_base/seed_42/epochs/epoch_01'. Use `repo_type` argument if needed.
