=== Round 2 epoch scoring (GPU) ===
TMPDIR=/home/b5ac/freddieyu.b5ac/project_1/../projects/project_1/runs/20_round2_diagnostic/tmp/5420011

=== Per-epoch scoring (5e-6/none matrix) ===
Encoders: ['bert_base']
Seeds: [46, 47]
Expected epoch checkpoints: 80 (9 encoders x 8 seeds x 10 epochs = 720)
Already scored: 0

  Loaded enriched pool cache (enriched_primary_pool.parquet)
[benchmark] building BioRED test examples...
[benchmark] built 14395 BioRED test examples (leaked PMIDs excluded)
[benchmark] building DrugProt test examples...
[benchmark] DrugProt: no labeled public test split in BigBio (splits=['train', 'validation', 'test_background']; test_background is unlabeled). Skipping DrugProt holdout benchmark; gene-drug combined uses BioRED test only.
  SCORE BERT-base seed=46 epoch=1
[benchmark] evaluating /lus/lfs1aip2/projects/b5ac/project_1/data/10_recipe_sweep_and_training/matrix/checkpoints/bert_base/seed_46/epochs/epoch_01: BioRED=14395 DrugProt=0 gdis=9769 gd_combined=4626 (DrugProt holdout unavailable; combined=BioRED gene-drug only)
[benchmark] done gdis=0.7599 gd_combined=0.6664 gd_biored=0.6664 gd_drugprot=nan overall=0.7348
  SCORE BERT-base seed=46 epoch=2
[benchmark] evaluating /lus/lfs1aip2/projects/b5ac/project_1/data/10_recipe_sweep_and_training/matrix/checkpoints/bert_base/seed_46/epochs/epoch_02: BioRED=14395 DrugProt=0 gdis=9769 gd_combined=4626 (DrugProt holdout unavailable; combined=BioRED gene-drug only)
[benchmark] done gdis=0.7358 gd_combined=0.5426 gd_biored=0.5426 gd_drugprot=nan overall=0.6872
  SCORE BERT-base seed=46 epoch=3
[benchmark] evaluating /lus/lfs1aip2/projects/b5ac/project_1/data/10_recipe_sweep_and_training/matrix/checkpoints/bert_base/seed_46/epochs/epoch_03: BioRED=14395 DrugProt=0 gdis=9769 gd_combined=4626 (DrugProt holdout unavailable; combined=BioRED gene-drug only)
[benchmark] done gdis=0.7689 gd_combined=0.5514 gd_biored=0.5514 gd_drugprot=nan overall=0.7133
  SCORE BERT-base seed=46 epoch=4
[benchmark] evaluating /lus/lfs1aip2/projects/b5ac/project_1/data/10_recipe_sweep_and_training/matrix/checkpoints/bert_base/seed_46/epochs/epoch_04: BioRED=14395 DrugProt=0 gdis=9769 gd_combined=4626 (DrugProt holdout unavailable; combined=BioRED gene-drug only)
[benchmark] done gdis=0.7289 gd_combined=0.4122 gd_biored=0.4122 gd_drugprot=nan overall=0.6531
  SCORE BERT-base seed=46 epoch=5
[benchmark] evaluating /lus/lfs1aip2/projects/b5ac/project_1/data/10_recipe_sweep_and_training/matrix/checkpoints/bert_base/seed_46/epochs/epoch_05: BioRED=14395 DrugProt=0 gdis=9769 gd_combined=4626 (DrugProt holdout unavailable; combined=BioRED gene-drug only)
[benchmark] done gdis=0.7567 gd_combined=0.5644 gd_biored=0.5644 gd_drugprot=nan overall=0.7056
  SCORE BERT-base seed=46 epoch=6
[benchmark] evaluating /lus/lfs1aip2/projects/b5ac/project_1/data/10_recipe_sweep_and_training/matrix/checkpoints/bert_base/seed_46/epochs/epoch_06: BioRED=14395 DrugProt=0 gdis=9769 gd_combined=4626 (DrugProt holdout unavailable; combined=BioRED gene-drug only)
[benchmark] done gdis=0.7064 gd_combined=0.3296 gd_biored=0.3296 gd_drugprot=nan overall=0.6154
  SCORE BERT-base seed=46 epoch=7
[benchmark] evaluating /lus/lfs1aip2/projects/b5ac/project_1/data/10_recipe_sweep_and_training/matrix/checkpoints/bert_base/seed_46/epochs/epoch_07: BioRED=14395 DrugProt=0 gdis=9769 gd_combined=4626 (DrugProt holdout unavailable; combined=BioRED gene-drug only)
[benchmark] done gdis=0.7544 gd_combined=0.4734 gd_biored=0.4734 gd_drugprot=nan overall=0.6827
  SCORE BERT-base seed=46 epoch=8
[benchmark] evaluating /lus/lfs1aip2/projects/b5ac/project_1/data/10_recipe_sweep_and_training/matrix/checkpoints/bert_base/seed_46/epochs/epoch_08: BioRED=14395 DrugProt=0 gdis=9769 gd_combined=4626 (DrugProt holdout unavailable; combined=BioRED gene-drug only)
[benchmark] done gdis=0.7494 gd_combined=0.5563 gd_biored=0.5563 gd_drugprot=nan overall=0.6968
  SCORE BERT-base seed=46 epoch=9
[benchmark] evaluating /lus/lfs1aip2/projects/b5ac/project_1/data/10_recipe_sweep_and_training/matrix/checkpoints/bert_base/seed_46/epochs/epoch_09: BioRED=14395 DrugProt=0 gdis=9769 gd_combined=4626 (DrugProt holdout unavailable; combined=BioRED gene-drug only)
[benchmark] done gdis=0.7298 gd_combined=0.4690 gd_biored=0.4690 gd_drugprot=nan overall=0.6619
  SCORE BERT-base seed=46 epoch=10
[benchmark] evaluating /lus/lfs1aip2/projects/b5ac/project_1/data/10_recipe_sweep_and_training/matrix/checkpoints/bert_base/seed_46/epochs/epoch_10: BioRED=14395 DrugProt=0 gdis=9769 gd_combined=4626 (DrugProt holdout unavailable; combined=BioRED gene-drug only)
[benchmark] done gdis=0.7443 gd_combined=0.4741 gd_biored=0.4741 gd_drugprot=nan overall=0.6753
  SCORE BERT-base seed=47 epoch=1
[benchmark] evaluating /lus/lfs1aip2/projects/b5ac/project_1/data/10_recipe_sweep_and_training/matrix/checkpoints/bert_base/seed_47/epochs/epoch_01: BioRED=14395 DrugProt=0 gdis=9769 gd_combined=4626 (DrugProt holdout unavailable; combined=BioRED gene-drug only)
[benchmark] done gdis=0.7577 gd_combined=0.6650 gd_biored=0.6650 gd_drugprot=nan overall=0.7331
  SCORE BERT-base seed=47 epoch=2
[benchmark] evaluating /lus/lfs1aip2/projects/b5ac/project_1/data/10_recipe_sweep_and_training/matrix/checkpoints/bert_base/seed_47/epochs/epoch_02: BioRED=14395 DrugProt=0 gdis=9769 gd_combined=4626 (DrugProt holdout unavailable; combined=BioRED gene-drug only)
[benchmark] done gdis=0.7159 gd_combined=0.4253 gd_biored=0.4253 gd_drugprot=nan overall=0.6449
  SCORE BERT-base seed=47 epoch=3
[benchmark] evaluating /lus/lfs1aip2/projects/b5ac/project_1/data/10_recipe_sweep_and_training/matrix/checkpoints/bert_base/seed_47/epochs/epoch_03: BioRED=14395 DrugProt=0 gdis=9769 gd_combined=4626 (DrugProt holdout unavailable; combined=BioRED gene-drug only)
[benchmark] done gdis=0.7721 gd_combined=0.6452 gd_biored=0.6452 gd_drugprot=nan overall=0.7379
  SCORE BERT-base seed=47 epoch=4
[benchmark] evaluating /lus/lfs1aip2/projects/b5ac/project_1/data/10_recipe_sweep_and_training/matrix/checkpoints/bert_base/seed_47/epochs/epoch_04: BioRED=14395 DrugProt=0 gdis=9769 gd_combined=4626 (DrugProt holdout unavailable; combined=BioRED gene-drug only)
[benchmark] done gdis=0.7667 gd_combined=0.5871 gd_biored=0.5871 gd_drugprot=nan overall=0.7193
  SCORE BERT-base seed=47 epoch=5
[benchmark] evaluating /lus/lfs1aip2/projects/b5ac/project_1/data/10_recipe_sweep_and_training/matrix/checkpoints/bert_base/seed_47/epochs/epoch_05: BioRED=14395 DrugProt=0 gdis=9769 gd_combined=4626 (DrugProt holdout unavailable; combined=BioRED gene-drug only)
[benchmark] done gdis=0.7586 gd_combined=0.4731 gd_biored=0.4731 gd_drugprot=nan overall=0.6879
  SCORE BERT-base seed=47 epoch=6
[benchmark] evaluating /lus/lfs1aip2/projects/b5ac/project_1/data/10_recipe_sweep_and_training/matrix/checkpoints/bert_base/seed_47/epochs/epoch_06: BioRED=14395 DrugProt=0 gdis=9769 gd_combined=4626 (DrugProt holdout unavailable; combined=BioRED gene-drug only)
[benchmark] done gdis=0.7615 gd_combined=0.5247 gd_biored=0.5247 gd_drugprot=nan overall=0.6998
  SCORE BERT-base seed=47 epoch=7
[benchmark] evaluating /lus/lfs1aip2/projects/b5ac/project_1/data/10_recipe_sweep_and_training/matrix/checkpoints/bert_base/seed_47/epochs/epoch_07: BioRED=14395 DrugProt=0 gdis=9769 gd_combined=4626 (DrugProt holdout unavailable; combined=BioRED gene-drug only)
[benchmark] done gdis=0.7656 gd_combined=0.5829 gd_biored=0.5829 gd_drugprot=nan overall=0.7164
  SCORE BERT-base seed=47 epoch=8
[benchmark] evaluating /lus/lfs1aip2/projects/b5ac/project_1/data/10_recipe_sweep_and_training/matrix/checkpoints/bert_base/seed_47/epochs/epoch_08: BioRED=14395 DrugProt=0 gdis=9769 gd_combined=4626 (DrugProt holdout unavailable; combined=BioRED gene-drug only)
[benchmark] done gdis=0.7468 gd_combined=0.5172 gd_biored=0.5172 gd_drugprot=nan overall=0.6874
  SCORE BERT-base seed=47 epoch=9
[benchmark] evaluating /lus/lfs1aip2/projects/b5ac/project_1/data/10_recipe_sweep_and_training/matrix/checkpoints/bert_base/seed_47/epochs/epoch_09: BioRED=14395 DrugProt=0 gdis=9769 gd_combined=4626 (DrugProt holdout unavailable; combined=BioRED gene-drug only)
[benchmark] done gdis=0.7544 gd_combined=0.4761 gd_biored=0.4761 gd_drugprot=nan overall=0.6828
  SCORE BERT-base seed=47 epoch=10
[benchmark] evaluating /lus/lfs1aip2/projects/b5ac/project_1/data/10_recipe_sweep_and_training/matrix/checkpoints/bert_base/seed_47/epochs/epoch_10: BioRED=14395 DrugProt=0 gdis=9769 gd_combined=4626 (DrugProt holdout unavailable; combined=BioRED gene-drug only)
[benchmark] done gdis=0.7551 gd_combined=0.5069 gd_biored=0.5069 gd_drugprot=nan overall=0.6902

=== Epoch scoring batch done ===
  Newly scored: 20, skipped: 0, on disk: 80/80

End: Mon Jun 29 12:01:41 UTC 2026
{'expected_epoch_checkpoints': 80, 'scored_epochs': 80, 'complete': True, 'completed_at': '2026-06-29T12:01:40.051829+00:00', 'encoders': ['bert_base']}
Epoch score files: 0
