=== Round 1 KB scoring (stage 1, GPU) ===
Host: nid010964
SLURM_JOB_ID=5419959
Start: Mon Jun 29 11:00:59 UTC 2026
REPO=/home/b5ac/freddieyu.b5ac/project_1
OUTPUT_ROOT=/home/b5ac/freddieyu.b5ac/project_1/../projects/project_1
STEP_ARGS=--model-id scibert_base

=== Round 1 KB scoring ===
Encoders: ['scibert_base']
Seeds: [42, 43, 44, 45, 46, 47, 48, 49]
Planned runs this job: 8
Already scored: 0

Frozen pool: 18911 candidates, 1047 abstracts
  SCORE START scibert_base seed=42 checkpoint=/lus/lfs1aip2/projects/b5ac/project_1/data/10_recipe_sweep_and_training/matrix/checkpoints/scibert_base/seed_42/best
  SCORE DONE scibert_base seed=42: gd_combined=0.661 gdis=0.775 KB gd=0.673 gdis=0.634 marker=/lus/lfs1aip2/projects/b5ac/project_1/data/11_round1_analysis/scores/scibert_base/seed_42/scoring_complete.json
  SCORE START scibert_base seed=43 checkpoint=/lus/lfs1aip2/projects/b5ac/project_1/data/10_recipe_sweep_and_training/matrix/checkpoints/scibert_base/seed_43/best
  SCORE DONE scibert_base seed=43: gd_combined=0.638 gdis=0.771 KB gd=0.678 gdis=0.664 marker=/lus/lfs1aip2/projects/b5ac/project_1/data/11_round1_analysis/scores/scibert_base/seed_43/scoring_complete.json
  SCORE START scibert_base seed=44 checkpoint=/lus/lfs1aip2/projects/b5ac/project_1/data/10_recipe_sweep_and_training/matrix/checkpoints/scibert_base/seed_44/best
  SCORE DONE scibert_base seed=44: gd_combined=0.644 gdis=0.773 KB gd=0.695 gdis=0.749 marker=/lus/lfs1aip2/projects/b5ac/project_1/data/11_round1_analysis/scores/scibert_base/seed_44/scoring_complete.json
  SCORE START scibert_base seed=45 checkpoint=/lus/lfs1aip2/projects/b5ac/project_1/data/10_recipe_sweep_and_training/matrix/checkpoints/scibert_base/seed_45/best
  SCORE DONE scibert_base seed=45: gd_combined=0.678 gdis=0.787 KB gd=0.681 gdis=0.632 marker=/lus/lfs1aip2/projects/b5ac/project_1/data/11_round1_analysis/scores/scibert_base/seed_45/scoring_complete.json
  SCORE START scibert_base seed=46 checkpoint=/lus/lfs1aip2/projects/b5ac/project_1/data/10_recipe_sweep_and_training/matrix/checkpoints/scibert_base/seed_46/best
  SCORE DONE scibert_base seed=46: gd_combined=0.649 gdis=0.787 KB gd=0.662 gdis=0.564 marker=/lus/lfs1aip2/projects/b5ac/project_1/data/11_round1_analysis/scores/scibert_base/seed_46/scoring_complete.json
  SCORE START scibert_base seed=47 checkpoint=/lus/lfs1aip2/projects/b5ac/project_1/data/10_recipe_sweep_and_training/matrix/checkpoints/scibert_base/seed_47/best
  SCORE DONE scibert_base seed=47: gd_combined=0.627 gdis=0.777 KB gd=0.688 gdis=0.703 marker=/lus/lfs1aip2/projects/b5ac/project_1/data/11_round1_analysis/scores/scibert_base/seed_47/scoring_complete.json
  SCORE START scibert_base seed=48 checkpoint=/lus/lfs1aip2/projects/b5ac/project_1/data/10_recipe_sweep_and_training/matrix/checkpoints/scibert_base/seed_48/best
  SCORE DONE scibert_base seed=48: gd_combined=0.657 gdis=0.775 KB gd=0.649 gdis=0.583 marker=/lus/lfs1aip2/projects/b5ac/project_1/data/11_round1_analysis/scores/scibert_base/seed_48/scoring_complete.json
  SCORE START scibert_base seed=49 checkpoint=/lus/lfs1aip2/projects/b5ac/project_1/data/10_recipe_sweep_and_training/matrix/checkpoints/scibert_base/seed_49/best
  SCORE DONE scibert_base seed=49: gd_combined=0.670 gdis=0.793 KB gd=0.666 gdis=0.630 marker=/lus/lfs1aip2/projects/b5ac/project_1/data/11_round1_analysis/scores/scibert_base/seed_49/scoring_complete.json

=== KB scoring complete (this job) ===
  Newly scored: 8, skipped (already done): 0, total markers on disk: 56/72

End: Mon Jun 29 11:07:58 UTC 2026
Scoring markers: 56/72
