=== Round 2 epoch scoring (GPU) ===
TMPDIR=/home/b5ac/freddieyu.b5ac/project_1/../projects/project_1/runs/20_round2_diagnostic/tmp/5419990

=== Per-epoch scoring (5e-6/none matrix) ===
Encoders: ['biobert_base']
Seeds: [46, 47]
Expected epoch checkpoints: 80 (9 encoders x 8 seeds x 10 epochs = 720)
Already scored: 0

  Loaded enriched pool cache (enriched_primary_pool.parquet)
[benchmark] building BioRED test examples...
[benchmark] built 14395 BioRED test examples (leaked PMIDs excluded)
[benchmark] building DrugProt test examples...
[benchmark] DrugProt: no labeled public test split in BigBio (splits=['train', 'validation', 'test_background']; test_background is unlabeled). Skipping DrugProt holdout benchmark; gene-drug combined uses BioRED test only.
  SCORE BioBERT-base seed=46 epoch=1
[benchmark] evaluating /lus/lfs1aip2/projects/b5ac/project_1/data/10_recipe_sweep_and_training/matrix/checkpoints/biobert_base/seed_46/epochs/epoch_01: BioRED=14395 DrugProt=0 gdis=9769 gd_combined=4626 (DrugProt holdout unavailable; combined=BioRED gene-drug only)
[benchmark] done gdis=0.7732 gd_combined=0.6668 gd_biored=0.6668 gd_drugprot=nan overall=0.7449
  SCORE BioBERT-base seed=46 epoch=2
[benchmark] evaluating /lus/lfs1aip2/projects/b5ac/project_1/data/10_recipe_sweep_and_training/matrix/checkpoints/biobert_base/seed_46/epochs/epoch_02: BioRED=14395 DrugProt=0 gdis=9769 gd_combined=4626 (DrugProt holdout unavailable; combined=BioRED gene-drug only)
[benchmark] done gdis=0.7547 gd_combined=0.5658 gd_biored=0.5658 gd_drugprot=nan overall=0.7044
  SCORE BioBERT-base seed=46 epoch=3
[benchmark] evaluating /lus/lfs1aip2/projects/b5ac/project_1/data/10_recipe_sweep_and_training/matrix/checkpoints/biobert_base/seed_46/epochs/epoch_03: BioRED=14395 DrugProt=0 gdis=9769 gd_combined=4626 (DrugProt holdout unavailable; combined=BioRED gene-drug only)
[benchmark] done gdis=0.7878 gd_combined=0.6334 gd_biored=0.6334 gd_drugprot=nan overall=0.7458
  SCORE BioBERT-base seed=46 epoch=4
[benchmark] evaluating /lus/lfs1aip2/projects/b5ac/project_1/data/10_recipe_sweep_and_training/matrix/checkpoints/biobert_base/seed_46/epochs/epoch_04: BioRED=14395 DrugProt=0 gdis=9769 gd_combined=4626 (DrugProt holdout unavailable; combined=BioRED gene-drug only)
[benchmark] done gdis=0.7755 gd_combined=0.5714 gd_biored=0.5714 gd_drugprot=nan overall=0.7218
  SCORE BioBERT-base seed=46 epoch=5
[benchmark] evaluating /lus/lfs1aip2/projects/b5ac/project_1/data/10_recipe_sweep_and_training/matrix/checkpoints/biobert_base/seed_46/epochs/epoch_05: BioRED=14395 DrugProt=0 gdis=9769 gd_combined=4626 (DrugProt holdout unavailable; combined=BioRED gene-drug only)
[benchmark] done gdis=0.7841 gd_combined=0.6210 gd_biored=0.6210 gd_drugprot=nan overall=0.7399
  SCORE BioBERT-base seed=46 epoch=6
[benchmark] evaluating /lus/lfs1aip2/projects/b5ac/project_1/data/10_recipe_sweep_and_training/matrix/checkpoints/biobert_base/seed_46/epochs/epoch_06: BioRED=14395 DrugProt=0 gdis=9769 gd_combined=4626 (DrugProt holdout unavailable; combined=BioRED gene-drug only)
[benchmark] done gdis=0.7342 gd_combined=0.4467 gd_biored=0.4467 gd_drugprot=nan overall=0.6613
  SCORE BioBERT-base seed=46 epoch=7
[benchmark] evaluating /lus/lfs1aip2/projects/b5ac/project_1/data/10_recipe_sweep_and_training/matrix/checkpoints/biobert_base/seed_46/epochs/epoch_07: BioRED=14395 DrugProt=0 gdis=9769 gd_combined=4626 (DrugProt holdout unavailable; combined=BioRED gene-drug only)
[benchmark] done gdis=0.7532 gd_combined=0.5812 gd_biored=0.5812 gd_drugprot=nan overall=0.7072
  SCORE BioBERT-base seed=46 epoch=8
[benchmark] evaluating /lus/lfs1aip2/projects/b5ac/project_1/data/10_recipe_sweep_and_training/matrix/checkpoints/biobert_base/seed_46/epochs/epoch_08: BioRED=14395 DrugProt=0 gdis=9769 gd_combined=4626 (DrugProt holdout unavailable; combined=BioRED gene-drug only)
[benchmark] done gdis=0.7805 gd_combined=0.6397 gd_biored=0.6397 gd_drugprot=nan overall=0.7414
  SCORE BioBERT-base seed=46 epoch=9
[benchmark] evaluating /lus/lfs1aip2/projects/b5ac/project_1/data/10_recipe_sweep_and_training/matrix/checkpoints/biobert_base/seed_46/epochs/epoch_09: BioRED=14395 DrugProt=0 gdis=9769 gd_combined=4626 (DrugProt holdout unavailable; combined=BioRED gene-drug only)
[benchmark] done gdis=0.7403 gd_combined=0.5652 gd_biored=0.5652 gd_drugprot=nan overall=0.6920
  SCORE BioBERT-base seed=46 epoch=10
[benchmark] evaluating /lus/lfs1aip2/projects/b5ac/project_1/data/10_recipe_sweep_and_training/matrix/checkpoints/biobert_base/seed_46/epochs/epoch_10: BioRED=14395 DrugProt=0 gdis=9769 gd_combined=4626 (DrugProt holdout unavailable; combined=BioRED gene-drug only)
[benchmark] done gdis=0.7764 gd_combined=0.6440 gd_biored=0.6440 gd_drugprot=nan overall=0.7382
  SCORE BioBERT-base seed=47 epoch=1
[benchmark] evaluating /lus/lfs1aip2/projects/b5ac/project_1/data/10_recipe_sweep_and_training/matrix/checkpoints/biobert_base/seed_47/epochs/epoch_01: BioRED=14395 DrugProt=0 gdis=9769 gd_combined=4626 (DrugProt holdout unavailable; combined=BioRED gene-drug only)
[benchmark] done gdis=0.7422 gd_combined=0.5550 gd_biored=0.5550 gd_drugprot=nan overall=0.6971
  SCORE BioBERT-base seed=47 epoch=2
[benchmark] evaluating /lus/lfs1aip2/projects/b5ac/project_1/data/10_recipe_sweep_and_training/matrix/checkpoints/biobert_base/seed_47/epochs/epoch_02: BioRED=14395 DrugProt=0 gdis=9769 gd_combined=4626 (DrugProt holdout unavailable; combined=BioRED gene-drug only)
[benchmark] done gdis=0.7317 gd_combined=0.4738 gd_biored=0.4738 gd_drugprot=nan overall=0.6677
  SCORE BioBERT-base seed=47 epoch=3
[benchmark] evaluating /lus/lfs1aip2/projects/b5ac/project_1/data/10_recipe_sweep_and_training/matrix/checkpoints/biobert_base/seed_47/epochs/epoch_03: BioRED=14395 DrugProt=0 gdis=9769 gd_combined=4626 (DrugProt holdout unavailable; combined=BioRED gene-drug only)
[benchmark] done gdis=0.7656 gd_combined=0.6477 gd_biored=0.6477 gd_drugprot=nan overall=0.7333
  SCORE BioBERT-base seed=47 epoch=4
[benchmark] evaluating /lus/lfs1aip2/projects/b5ac/project_1/data/10_recipe_sweep_and_training/matrix/checkpoints/biobert_base/seed_47/epochs/epoch_04: BioRED=14395 DrugProt=0 gdis=9769 gd_combined=4626 (DrugProt holdout unavailable; combined=BioRED gene-drug only)
[benchmark] done gdis=0.7664 gd_combined=0.6273 gd_biored=0.6273 gd_drugprot=nan overall=0.7285
  SCORE BioBERT-base seed=47 epoch=5
[benchmark] evaluating /lus/lfs1aip2/projects/b5ac/project_1/data/10_recipe_sweep_and_training/matrix/checkpoints/biobert_base/seed_47/epochs/epoch_05: BioRED=14395 DrugProt=0 gdis=9769 gd_combined=4626 (DrugProt holdout unavailable; combined=BioRED gene-drug only)
[benchmark] done gdis=0.7616 gd_combined=0.5950 gd_biored=0.5950 gd_drugprot=nan overall=0.7174
  SCORE BioBERT-base seed=47 epoch=6
[benchmark] evaluating /lus/lfs1aip2/projects/b5ac/project_1/data/10_recipe_sweep_and_training/matrix/checkpoints/biobert_base/seed_47/epochs/epoch_06: BioRED=14395 DrugProt=0 gdis=9769 gd_combined=4626 (DrugProt holdout unavailable; combined=BioRED gene-drug only)
[benchmark] done gdis=0.7152 gd_combined=0.5016 gd_biored=0.5016 gd_drugprot=nan overall=0.6558
  SCORE BioBERT-base seed=47 epoch=7
[benchmark] evaluating /lus/lfs1aip2/projects/b5ac/project_1/data/10_recipe_sweep_and_training/matrix/checkpoints/biobert_base/seed_47/epochs/epoch_07: BioRED=14395 DrugProt=0 gdis=9769 gd_combined=4626 (DrugProt holdout unavailable; combined=BioRED gene-drug only)
[benchmark] done gdis=0.7600 gd_combined=0.5998 gd_biored=0.5998 gd_drugprot=nan overall=0.7161
  SCORE BioBERT-base seed=47 epoch=8
[benchmark] evaluating /lus/lfs1aip2/projects/b5ac/project_1/data/10_recipe_sweep_and_training/matrix/checkpoints/biobert_base/seed_47/epochs/epoch_08: BioRED=14395 DrugProt=0 gdis=9769 gd_combined=4626 (DrugProt holdout unavailable; combined=BioRED gene-drug only)
[benchmark] done gdis=0.7051 gd_combined=0.5167 gd_biored=0.5167 gd_drugprot=nan overall=0.6528
  SCORE BioBERT-base seed=47 epoch=9
[benchmark] evaluating /lus/lfs1aip2/projects/b5ac/project_1/data/10_recipe_sweep_and_training/matrix/checkpoints/biobert_base/seed_47/epochs/epoch_09: BioRED=14395 DrugProt=0 gdis=9769 gd_combined=4626 (DrugProt holdout unavailable; combined=BioRED gene-drug only)
[benchmark] done gdis=0.7831 gd_combined=0.6031 gd_biored=0.6031 gd_drugprot=nan overall=0.7353
  SCORE BioBERT-base seed=47 epoch=10
[benchmark] evaluating /lus/lfs1aip2/projects/b5ac/project_1/data/10_recipe_sweep_and_training/matrix/checkpoints/biobert_base/seed_47/epochs/epoch_10: BioRED=14395 DrugProt=0 gdis=9769 gd_combined=4626 (DrugProt holdout unavailable; combined=BioRED gene-drug only)
[benchmark] done gdis=0.7630 gd_combined=0.6048 gd_biored=0.6048 gd_drugprot=nan overall=0.7205

=== Epoch scoring batch done ===
  Newly scored: 20, skipped: 0, on disk: 79/80

End: Mon Jun 29 12:00:27 UTC 2026
{'expected_epoch_checkpoints': 80, 'scored_epochs': 77, 'complete': False, 'completed_at': '2026-06-29T12:00:26.462485+00:00', 'encoders': ['scibert_base']}
Epoch score files: 0
