=== Round 2 epoch scoring (GPU) ===
TMPDIR=/home/b5ac/freddieyu.b5ac/project_1/../projects/project_1/runs/20_round2_diagnostic/tmp/5420009

=== Per-epoch scoring (5e-6/none matrix) ===
Encoders: ['bert_base']
Seeds: [42, 43]
Expected epoch checkpoints: 80 (9 encoders x 8 seeds x 10 epochs = 720)
Already scored: 0

  Loaded enriched pool cache (enriched_primary_pool.parquet)
[benchmark] building BioRED test examples...
[benchmark] built 14395 BioRED test examples (leaked PMIDs excluded)
[benchmark] building DrugProt test examples...
[benchmark] DrugProt: no labeled public test split in BigBio (splits=['train', 'validation', 'test_background']; test_background is unlabeled). Skipping DrugProt holdout benchmark; gene-drug combined uses BioRED test only.
  SCORE BERT-base seed=42 epoch=1
[benchmark] evaluating /lus/lfs1aip2/projects/b5ac/project_1/data/10_recipe_sweep_and_training/matrix/checkpoints/bert_base/seed_42/epochs/epoch_01: BioRED=14395 DrugProt=0 gdis=9769 gd_combined=4626 (DrugProt holdout unavailable; combined=BioRED gene-drug only)
[benchmark] done gdis=0.7483 gd_combined=0.6530 gd_biored=0.6530 gd_drugprot=nan overall=0.7225
  SCORE BERT-base seed=42 epoch=2
[benchmark] evaluating /lus/lfs1aip2/projects/b5ac/project_1/data/10_recipe_sweep_and_training/matrix/checkpoints/bert_base/seed_42/epochs/epoch_02: BioRED=14395 DrugProt=0 gdis=9769 gd_combined=4626 (DrugProt holdout unavailable; combined=BioRED gene-drug only)
[benchmark] done gdis=0.7362 gd_combined=0.4038 gd_biored=0.4038 gd_drugprot=nan overall=0.6542
  SCORE BERT-base seed=42 epoch=3
[benchmark] evaluating /lus/lfs1aip2/projects/b5ac/project_1/data/10_recipe_sweep_and_training/matrix/checkpoints/bert_base/seed_42/epochs/epoch_03: BioRED=14395 DrugProt=0 gdis=9769 gd_combined=4626 (DrugProt holdout unavailable; combined=BioRED gene-drug only)
[benchmark] done gdis=0.7362 gd_combined=0.4677 gd_biored=0.4677 gd_drugprot=nan overall=0.6676
  SCORE BERT-base seed=42 epoch=4
[benchmark] evaluating /lus/lfs1aip2/projects/b5ac/project_1/data/10_recipe_sweep_and_training/matrix/checkpoints/bert_base/seed_42/epochs/epoch_04: BioRED=14395 DrugProt=0 gdis=9769 gd_combined=4626 (DrugProt holdout unavailable; combined=BioRED gene-drug only)
[benchmark] done gdis=0.7605 gd_combined=0.5283 gd_biored=0.5283 gd_drugprot=nan overall=0.6988
  SCORE BERT-base seed=42 epoch=5
[benchmark] evaluating /lus/lfs1aip2/projects/b5ac/project_1/data/10_recipe_sweep_and_training/matrix/checkpoints/bert_base/seed_42/epochs/epoch_05: BioRED=14395 DrugProt=0 gdis=9769 gd_combined=4626 (DrugProt holdout unavailable; combined=BioRED gene-drug only)
[benchmark] done gdis=0.7665 gd_combined=0.5894 gd_biored=0.5894 gd_drugprot=nan overall=0.7171
  SCORE BERT-base seed=42 epoch=6
[benchmark] evaluating /lus/lfs1aip2/projects/b5ac/project_1/data/10_recipe_sweep_and_training/matrix/checkpoints/bert_base/seed_42/epochs/epoch_06: BioRED=14395 DrugProt=0 gdis=9769 gd_combined=4626 (DrugProt holdout unavailable; combined=BioRED gene-drug only)
[benchmark] done gdis=0.7576 gd_combined=0.5100 gd_biored=0.5100 gd_drugprot=nan overall=0.6912
  SCORE BERT-base seed=42 epoch=7
[benchmark] evaluating /lus/lfs1aip2/projects/b5ac/project_1/data/10_recipe_sweep_and_training/matrix/checkpoints/bert_base/seed_42/epochs/epoch_07: BioRED=14395 DrugProt=0 gdis=9769 gd_combined=4626 (DrugProt holdout unavailable; combined=BioRED gene-drug only)
[benchmark] done gdis=0.7662 gd_combined=0.4775 gd_biored=0.4775 gd_drugprot=nan overall=0.6916
  SCORE BERT-base seed=42 epoch=8
[benchmark] evaluating /lus/lfs1aip2/projects/b5ac/project_1/data/10_recipe_sweep_and_training/matrix/checkpoints/bert_base/seed_42/epochs/epoch_08: BioRED=14395 DrugProt=0 gdis=9769 gd_combined=4626 (DrugProt holdout unavailable; combined=BioRED gene-drug only)
[benchmark] done gdis=0.7756 gd_combined=0.5669 gd_biored=0.5669 gd_drugprot=nan overall=0.7191
  SCORE BERT-base seed=42 epoch=9
[benchmark] evaluating /lus/lfs1aip2/projects/b5ac/project_1/data/10_recipe_sweep_and_training/matrix/checkpoints/bert_base/seed_42/epochs/epoch_09: BioRED=14395 DrugProt=0 gdis=9769 gd_combined=4626 (DrugProt holdout unavailable; combined=BioRED gene-drug only)
[benchmark] done gdis=0.7730 gd_combined=0.5440 gd_biored=0.5440 gd_drugprot=nan overall=0.7125
  SCORE BERT-base seed=42 epoch=10
[benchmark] evaluating /lus/lfs1aip2/projects/b5ac/project_1/data/10_recipe_sweep_and_training/matrix/checkpoints/bert_base/seed_42/epochs/epoch_10: BioRED=14395 DrugProt=0 gdis=9769 gd_combined=4626 (DrugProt holdout unavailable; combined=BioRED gene-drug only)
[benchmark] done gdis=0.7690 gd_combined=0.5408 gd_biored=0.5408 gd_drugprot=nan overall=0.7082
  SCORE BERT-base seed=43 epoch=1
[benchmark] evaluating /lus/lfs1aip2/projects/b5ac/project_1/data/10_recipe_sweep_and_training/matrix/checkpoints/bert_base/seed_43/epochs/epoch_01: BioRED=14395 DrugProt=0 gdis=9769 gd_combined=4626 (DrugProt holdout unavailable; combined=BioRED gene-drug only)
[benchmark] done gdis=0.7637 gd_combined=0.5724 gd_biored=0.5724 gd_drugprot=nan overall=0.7158
  SCORE BERT-base seed=43 epoch=2
[benchmark] evaluating /lus/lfs1aip2/projects/b5ac/project_1/data/10_recipe_sweep_and_training/matrix/checkpoints/bert_base/seed_43/epochs/epoch_02: BioRED=14395 DrugProt=0 gdis=9769 gd_combined=4626 (DrugProt holdout unavailable; combined=BioRED gene-drug only)
[benchmark] done gdis=0.7468 gd_combined=0.4963 gd_biored=0.4963 gd_drugprot=nan overall=0.6846
  SCORE BERT-base seed=43 epoch=3
[benchmark] evaluating /lus/lfs1aip2/projects/b5ac/project_1/data/10_recipe_sweep_and_training/matrix/checkpoints/bert_base/seed_43/epochs/epoch_03: BioRED=14395 DrugProt=0 gdis=9769 gd_combined=4626 (DrugProt holdout unavailable; combined=BioRED gene-drug only)
[benchmark] done gdis=0.7486 gd_combined=0.5142 gd_biored=0.5142 gd_drugprot=nan overall=0.6876
  SCORE BERT-base seed=43 epoch=4
[benchmark] evaluating /lus/lfs1aip2/projects/b5ac/project_1/data/10_recipe_sweep_and_training/matrix/checkpoints/bert_base/seed_43/epochs/epoch_04: BioRED=14395 DrugProt=0 gdis=9769 gd_combined=4626 (DrugProt holdout unavailable; combined=BioRED gene-drug only)
[benchmark] done gdis=0.7630 gd_combined=0.5329 gd_biored=0.5329 gd_drugprot=nan overall=0.7040
  SCORE BERT-base seed=43 epoch=5
[benchmark] evaluating /lus/lfs1aip2/projects/b5ac/project_1/data/10_recipe_sweep_and_training/matrix/checkpoints/bert_base/seed_43/epochs/epoch_05: BioRED=14395 DrugProt=0 gdis=9769 gd_combined=4626 (DrugProt holdout unavailable; combined=BioRED gene-drug only)
[benchmark] done gdis=0.7542 gd_combined=0.5134 gd_biored=0.5134 gd_drugprot=nan overall=0.6914
  SCORE BERT-base seed=43 epoch=6
[benchmark] evaluating /lus/lfs1aip2/projects/b5ac/project_1/data/10_recipe_sweep_and_training/matrix/checkpoints/bert_base/seed_43/epochs/epoch_06: BioRED=14395 DrugProt=0 gdis=9769 gd_combined=4626 (DrugProt holdout unavailable; combined=BioRED gene-drug only)
[benchmark] done gdis=0.7722 gd_combined=0.6316 gd_biored=0.6316 gd_drugprot=nan overall=0.7348
  SCORE BERT-base seed=43 epoch=7
[benchmark] evaluating /lus/lfs1aip2/projects/b5ac/project_1/data/10_recipe_sweep_and_training/matrix/checkpoints/bert_base/seed_43/epochs/epoch_07: BioRED=14395 DrugProt=0 gdis=9769 gd_combined=4626 (DrugProt holdout unavailable; combined=BioRED gene-drug only)
[benchmark] done gdis=0.7661 gd_combined=0.4934 gd_biored=0.4934 gd_drugprot=nan overall=0.6943
  SCORE BERT-base seed=43 epoch=8
[benchmark] evaluating /lus/lfs1aip2/projects/b5ac/project_1/data/10_recipe_sweep_and_training/matrix/checkpoints/bert_base/seed_43/epochs/epoch_08: BioRED=14395 DrugProt=0 gdis=9769 gd_combined=4626 (DrugProt holdout unavailable; combined=BioRED gene-drug only)
[benchmark] done gdis=0.7382 gd_combined=0.4370 gd_biored=0.4370 gd_drugprot=nan overall=0.6612
  SCORE BERT-base seed=43 epoch=9
[benchmark] evaluating /lus/lfs1aip2/projects/b5ac/project_1/data/10_recipe_sweep_and_training/matrix/checkpoints/bert_base/seed_43/epochs/epoch_09: BioRED=14395 DrugProt=0 gdis=9769 gd_combined=4626 (DrugProt holdout unavailable; combined=BioRED gene-drug only)
[benchmark] done gdis=0.7750 gd_combined=0.5905 gd_biored=0.5905 gd_drugprot=nan overall=0.7245
  SCORE BERT-base seed=43 epoch=10
[benchmark] evaluating /lus/lfs1aip2/projects/b5ac/project_1/data/10_recipe_sweep_and_training/matrix/checkpoints/bert_base/seed_43/epochs/epoch_10: BioRED=14395 DrugProt=0 gdis=9769 gd_combined=4626 (DrugProt holdout unavailable; combined=BioRED gene-drug only)
[benchmark] done gdis=0.7746 gd_combined=0.5782 gd_biored=0.5782 gd_drugprot=nan overall=0.7219

=== Epoch scoring batch done ===
  Newly scored: 20, skipped: 0, on disk: 78/80

End: Mon Jun 29 12:01:30 UTC 2026
{'expected_epoch_checkpoints': 80, 'scored_epochs': 78, 'complete': False, 'completed_at': '2026-06-29T12:01:30.116226+00:00', 'encoders': ['biolinkbert_base']}
Epoch score files: 0
