=== Round 2 epoch scoring (GPU) ===
TMPDIR=/home/b5ac/freddieyu.b5ac/project_1/../projects/project_1/runs/20_round2_diagnostic/tmp/5420025

=== Per-epoch scoring (5e-6/none matrix) ===
Encoders: ['deberta_base']
Seeds: [46, 47]
Expected epoch checkpoints: 80 (9 encoders x 8 seeds x 10 epochs = 720)
Already scored: 0

  Loaded enriched pool cache (enriched_primary_pool.parquet)
[benchmark] building BioRED test examples...
[benchmark] built 14395 BioRED test examples (leaked PMIDs excluded)
[benchmark] building DrugProt test examples...
[benchmark] DrugProt: no labeled public test split in BigBio (splits=['train', 'validation', 'test_background']; test_background is unlabeled). Skipping DrugProt holdout benchmark; gene-drug combined uses BioRED test only.
  SCORE DeBERTa-base seed=46 epoch=1
[benchmark] evaluating /lus/lfs1aip2/projects/b5ac/project_1/data/10_recipe_sweep_and_training/matrix/checkpoints/deberta_base/seed_46/epochs/epoch_01: BioRED=14395 DrugProt=0 gdis=9769 gd_combined=4626 (DrugProt holdout unavailable; combined=BioRED gene-drug only)
[benchmark] done gdis=0.7747 gd_combined=0.6516 gd_biored=0.6516 gd_drugprot=nan overall=0.7416
  SCORE DeBERTa-base seed=46 epoch=2
[benchmark] evaluating /lus/lfs1aip2/projects/b5ac/project_1/data/10_recipe_sweep_and_training/matrix/checkpoints/deberta_base/seed_46/epochs/epoch_02: BioRED=14395 DrugProt=0 gdis=9769 gd_combined=4626 (DrugProt holdout unavailable; combined=BioRED gene-drug only)
[benchmark] done gdis=0.7767 gd_combined=0.5962 gd_biored=0.5962 gd_drugprot=nan overall=0.7276
  SCORE DeBERTa-base seed=46 epoch=3
[benchmark] evaluating /lus/lfs1aip2/projects/b5ac/project_1/data/10_recipe_sweep_and_training/matrix/checkpoints/deberta_base/seed_46/epochs/epoch_03: BioRED=14395 DrugProt=0 gdis=9769 gd_combined=4626 (DrugProt holdout unavailable; combined=BioRED gene-drug only)
[benchmark] done gdis=0.7903 gd_combined=0.6208 gd_biored=0.6208 gd_drugprot=nan overall=0.7438
  SCORE DeBERTa-base seed=46 epoch=4
[benchmark] evaluating /lus/lfs1aip2/projects/b5ac/project_1/data/10_recipe_sweep_and_training/matrix/checkpoints/deberta_base/seed_46/epochs/epoch_04: BioRED=14395 DrugProt=0 gdis=9769 gd_combined=4626 (DrugProt holdout unavailable; combined=BioRED gene-drug only)
[benchmark] done gdis=0.7699 gd_combined=0.5801 gd_biored=0.5801 gd_drugprot=nan overall=0.7165
  SCORE DeBERTa-base seed=46 epoch=5
[benchmark] evaluating /lus/lfs1aip2/projects/b5ac/project_1/data/10_recipe_sweep_and_training/matrix/checkpoints/deberta_base/seed_46/epochs/epoch_05: BioRED=14395 DrugProt=0 gdis=9769 gd_combined=4626 (DrugProt holdout unavailable; combined=BioRED gene-drug only)
[benchmark] done gdis=0.7836 gd_combined=0.6237 gd_biored=0.6237 gd_drugprot=nan overall=0.7395
  SCORE DeBERTa-base seed=46 epoch=6
[benchmark] evaluating /lus/lfs1aip2/projects/b5ac/project_1/data/10_recipe_sweep_and_training/matrix/checkpoints/deberta_base/seed_46/epochs/epoch_06: BioRED=14395 DrugProt=0 gdis=9769 gd_combined=4626 (DrugProt holdout unavailable; combined=BioRED gene-drug only)
[benchmark] done gdis=0.7648 gd_combined=0.5852 gd_biored=0.5852 gd_drugprot=nan overall=0.7147
  SCORE DeBERTa-base seed=46 epoch=7
[benchmark] evaluating /lus/lfs1aip2/projects/b5ac/project_1/data/10_recipe_sweep_and_training/matrix/checkpoints/deberta_base/seed_46/epochs/epoch_07: BioRED=14395 DrugProt=0 gdis=9769 gd_combined=4626 (DrugProt holdout unavailable; combined=BioRED gene-drug only)
[benchmark] done gdis=0.7951 gd_combined=0.5988 gd_biored=0.5988 gd_drugprot=nan overall=0.7417
  SCORE DeBERTa-base seed=46 epoch=8
[benchmark] evaluating /lus/lfs1aip2/projects/b5ac/project_1/data/10_recipe_sweep_and_training/matrix/checkpoints/deberta_base/seed_46/epochs/epoch_08: BioRED=14395 DrugProt=0 gdis=9769 gd_combined=4626 (DrugProt holdout unavailable; combined=BioRED gene-drug only)
[benchmark] done gdis=0.7818 gd_combined=0.5926 gd_biored=0.5926 gd_drugprot=nan overall=0.7306
  SCORE DeBERTa-base seed=46 epoch=9
[benchmark] evaluating /lus/lfs1aip2/projects/b5ac/project_1/data/10_recipe_sweep_and_training/matrix/checkpoints/deberta_base/seed_46/epochs/epoch_09: BioRED=14395 DrugProt=0 gdis=9769 gd_combined=4626 (DrugProt holdout unavailable; combined=BioRED gene-drug only)
[benchmark] done gdis=0.7830 gd_combined=0.5626 gd_biored=0.5626 gd_drugprot=nan overall=0.7246
  SCORE DeBERTa-base seed=46 epoch=10
[benchmark] evaluating /lus/lfs1aip2/projects/b5ac/project_1/data/10_recipe_sweep_and_training/matrix/checkpoints/deberta_base/seed_46/epochs/epoch_10: BioRED=14395 DrugProt=0 gdis=9769 gd_combined=4626 (DrugProt holdout unavailable; combined=BioRED gene-drug only)
[benchmark] done gdis=0.7877 gd_combined=0.6142 gd_biored=0.6142 gd_drugprot=nan overall=0.7403
  SCORE DeBERTa-base seed=47 epoch=1
[benchmark] evaluating /lus/lfs1aip2/projects/b5ac/project_1/data/10_recipe_sweep_and_training/matrix/checkpoints/deberta_base/seed_47/epochs/epoch_01: BioRED=14395 DrugProt=0 gdis=9769 gd_combined=4626 (DrugProt holdout unavailable; combined=BioRED gene-drug only)
[benchmark] done gdis=0.7679 gd_combined=0.5995 gd_biored=0.5995 gd_drugprot=nan overall=0.7240
  SCORE DeBERTa-base seed=47 epoch=2
[benchmark] evaluating /lus/lfs1aip2/projects/b5ac/project_1/data/10_recipe_sweep_and_training/matrix/checkpoints/deberta_base/seed_47/epochs/epoch_02: BioRED=14395 DrugProt=0 gdis=9769 gd_combined=4626 (DrugProt holdout unavailable; combined=BioRED gene-drug only)
[benchmark] done gdis=0.7822 gd_combined=0.6778 gd_biored=0.6778 gd_drugprot=nan overall=0.7539
  SCORE DeBERTa-base seed=47 epoch=3
[benchmark] evaluating /lus/lfs1aip2/projects/b5ac/project_1/data/10_recipe_sweep_and_training/matrix/checkpoints/deberta_base/seed_47/epochs/epoch_03: BioRED=14395 DrugProt=0 gdis=9769 gd_combined=4626 (DrugProt holdout unavailable; combined=BioRED gene-drug only)
[benchmark] done gdis=0.7692 gd_combined=0.6017 gd_biored=0.6017 gd_drugprot=nan overall=0.7238
  SCORE DeBERTa-base seed=47 epoch=4
[benchmark] evaluating /lus/lfs1aip2/projects/b5ac/project_1/data/10_recipe_sweep_and_training/matrix/checkpoints/deberta_base/seed_47/epochs/epoch_04: BioRED=14395 DrugProt=0 gdis=9769 gd_combined=4626 (DrugProt holdout unavailable; combined=BioRED gene-drug only)
[benchmark] done gdis=0.7358 gd_combined=0.5677 gd_biored=0.5677 gd_drugprot=nan overall=0.6882
  SCORE DeBERTa-base seed=47 epoch=5
[benchmark] evaluating /lus/lfs1aip2/projects/b5ac/project_1/data/10_recipe_sweep_and_training/matrix/checkpoints/deberta_base/seed_47/epochs/epoch_05: BioRED=14395 DrugProt=0 gdis=9769 gd_combined=4626 (DrugProt holdout unavailable; combined=BioRED gene-drug only)
[benchmark] done gdis=0.7750 gd_combined=0.6076 gd_biored=0.6076 gd_drugprot=nan overall=0.7283
  SCORE DeBERTa-base seed=47 epoch=6
[benchmark] evaluating /lus/lfs1aip2/projects/b5ac/project_1/data/10_recipe_sweep_and_training/matrix/checkpoints/deberta_base/seed_47/epochs/epoch_06: BioRED=14395 DrugProt=0 gdis=9769 gd_combined=4626 (DrugProt holdout unavailable; combined=BioRED gene-drug only)
[benchmark] done gdis=0.7960 gd_combined=0.5987 gd_biored=0.5987 gd_drugprot=nan overall=0.7437
  SCORE DeBERTa-base seed=47 epoch=7
[benchmark] evaluating /lus/lfs1aip2/projects/b5ac/project_1/data/10_recipe_sweep_and_training/matrix/checkpoints/deberta_base/seed_47/epochs/epoch_07: BioRED=14395 DrugProt=0 gdis=9769 gd_combined=4626 (DrugProt holdout unavailable; combined=BioRED gene-drug only)
[benchmark] done gdis=0.7846 gd_combined=0.5508 gd_biored=0.5508 gd_drugprot=nan overall=0.7226
  SCORE DeBERTa-base seed=47 epoch=8
[benchmark] evaluating /lus/lfs1aip2/projects/b5ac/project_1/data/10_recipe_sweep_and_training/matrix/checkpoints/deberta_base/seed_47/epochs/epoch_08: BioRED=14395 DrugProt=0 gdis=9769 gd_combined=4626 (DrugProt holdout unavailable; combined=BioRED gene-drug only)
[benchmark] done gdis=0.7538 gd_combined=0.5737 gd_biored=0.5737 gd_drugprot=nan overall=0.7044
  SCORE DeBERTa-base seed=47 epoch=9
[benchmark] evaluating /lus/lfs1aip2/projects/b5ac/project_1/data/10_recipe_sweep_and_training/matrix/checkpoints/deberta_base/seed_47/epochs/epoch_09: BioRED=14395 DrugProt=0 gdis=9769 gd_combined=4626 (DrugProt holdout unavailable; combined=BioRED gene-drug only)
[benchmark] done gdis=0.7729 gd_combined=0.5790 gd_biored=0.5790 gd_drugprot=nan overall=0.7208
  SCORE DeBERTa-base seed=47 epoch=10
[benchmark] evaluating /lus/lfs1aip2/projects/b5ac/project_1/data/10_recipe_sweep_and_training/matrix/checkpoints/deberta_base/seed_47/epochs/epoch_10: BioRED=14395 DrugProt=0 gdis=9769 gd_combined=4626 (DrugProt holdout unavailable; combined=BioRED gene-drug only)
[benchmark] done gdis=0.7798 gd_combined=0.6119 gd_biored=0.6119 gd_drugprot=nan overall=0.7344

=== Epoch scoring batch done ===
  Newly scored: 20, skipped: 0, on disk: 77/80

End: Mon Jun 29 12:15:37 UTC 2026
{'expected_epoch_checkpoints': 80, 'scored_epochs': 77, 'complete': False, 'completed_at': '2026-06-29T12:15:36.202528+00:00', 'encoders': ['deberta_base']}
Epoch score files: 0
