=== Round 1 KB scoring (stage 1, GPU) ===
Host: nid010817
SLURM_JOB_ID=5420042
Start: Mon Jun 29 11:02:46 UTC 2026
REPO=/home/b5ac/freddieyu.b5ac/project_1
OUTPUT_ROOT=/home/b5ac/freddieyu.b5ac/project_1/../projects/project_1
STEP_ARGS=--model-id biobert_base
TMPDIR=/home/b5ac/freddieyu.b5ac/project_1/../projects/project_1/runs/11_round1_analysis/tmp/5420042

=== Round 1 KB scoring ===
Encoders: ['biobert_base']
Seeds: [42, 43, 44, 45, 46, 47, 48, 49]
Planned runs this job: 8
Already scored: 0

Frozen pool: 18911 candidates, 1047 abstracts
  SCORE START biobert_base seed=42 checkpoint=/lus/lfs1aip2/projects/b5ac/project_1/data/10_recipe_sweep_and_training/matrix/checkpoints/biobert_base/seed_42/best
  SCORE DONE biobert_base seed=42: gd_combined=0.655 gdis=0.767 KB gd=0.683 gdis=0.615 marker=/lus/lfs1aip2/projects/b5ac/project_1/data/11_round1_analysis/scores/biobert_base/seed_42/scoring_complete.json
  SCORE START biobert_base seed=43 checkpoint=/lus/lfs1aip2/projects/b5ac/project_1/data/10_recipe_sweep_and_training/matrix/checkpoints/biobert_base/seed_43/best
  SCORE DONE biobert_base seed=43: gd_combined=0.593 gdis=0.765 KB gd=0.681 gdis=0.657 marker=/lus/lfs1aip2/projects/b5ac/project_1/data/11_round1_analysis/scores/biobert_base/seed_43/scoring_complete.json
  SCORE START biobert_base seed=44 checkpoint=/lus/lfs1aip2/projects/b5ac/project_1/data/10_recipe_sweep_and_training/matrix/checkpoints/biobert_base/seed_44/best
  SCORE DONE biobert_base seed=44: gd_combined=0.622 gdis=0.769 KB gd=0.699 gdis=0.670 marker=/lus/lfs1aip2/projects/b5ac/project_1/data/11_round1_analysis/scores/biobert_base/seed_44/scoring_complete.json
  SCORE START biobert_base seed=45 checkpoint=/lus/lfs1aip2/projects/b5ac/project_1/data/10_recipe_sweep_and_training/matrix/checkpoints/biobert_base/seed_45/best
  SCORE DONE biobert_base seed=45: gd_combined=0.664 gdis=0.784 KB gd=0.675 gdis=0.588 marker=/lus/lfs1aip2/projects/b5ac/project_1/data/11_round1_analysis/scores/biobert_base/seed_45/scoring_complete.json
  SCORE START biobert_base seed=46 checkpoint=/lus/lfs1aip2/projects/b5ac/project_1/data/10_recipe_sweep_and_training/matrix/checkpoints/biobert_base/seed_46/best
  SCORE DONE biobert_base seed=46: gd_combined=0.640 gdis=0.781 KB gd=0.678 gdis=0.597 marker=/lus/lfs1aip2/projects/b5ac/project_1/data/11_round1_analysis/scores/biobert_base/seed_46/scoring_complete.json
  SCORE START biobert_base seed=47 checkpoint=/lus/lfs1aip2/projects/b5ac/project_1/data/10_recipe_sweep_and_training/matrix/checkpoints/biobert_base/seed_47/best
  SCORE DONE biobert_base seed=47: gd_combined=0.648 gdis=0.766 KB gd=0.704 gdis=0.682 marker=/lus/lfs1aip2/projects/b5ac/project_1/data/11_round1_analysis/scores/biobert_base/seed_47/scoring_complete.json
  SCORE START biobert_base seed=48 checkpoint=/lus/lfs1aip2/projects/b5ac/project_1/data/10_recipe_sweep_and_training/matrix/checkpoints/biobert_base/seed_48/best
  SCORE DONE biobert_base seed=48: gd_combined=0.643 gdis=0.767 KB gd=0.638 gdis=0.579 marker=/lus/lfs1aip2/projects/b5ac/project_1/data/11_round1_analysis/scores/biobert_base/seed_48/scoring_complete.json
  SCORE START biobert_base seed=49 checkpoint=/lus/lfs1aip2/projects/b5ac/project_1/data/10_recipe_sweep_and_training/matrix/checkpoints/biobert_base/seed_49/best
  SCORE DONE biobert_base seed=49: gd_combined=0.605 gdis=0.764 KB gd=0.678 gdis=0.581 marker=/lus/lfs1aip2/projects/b5ac/project_1/data/11_round1_analysis/scores/biobert_base/seed_49/scoring_complete.json

=== KB scoring complete (this job) ===
  Newly scored: 8, skipped (already done): 0, total markers on disk: 69/72

End: Mon Jun 29 11:09:57 UTC 2026
Scoring markers: 69/72
