=== Round 1 KB scoring (stage 1, GPU) ===
Host: nid011234
SLURM_JOB_ID=5419961
Start: Mon Jun 29 11:00:59 UTC 2026
REPO=/home/b5ac/freddieyu.b5ac/project_1
OUTPUT_ROOT=/home/b5ac/freddieyu.b5ac/project_1/../projects/project_1
STEP_ARGS=--model-id bert_base

=== Round 1 KB scoring ===
Encoders: ['bert_base']
Seeds: [42, 43, 44, 45, 46, 47, 48, 49]
Planned runs this job: 8
Already scored: 0

Frozen pool: 18911 candidates, 1047 abstracts
  SCORE START bert_base seed=42 checkpoint=/lus/lfs1aip2/projects/b5ac/project_1/data/10_recipe_sweep_and_training/matrix/checkpoints/bert_base/seed_42/best
  SCORE DONE bert_base seed=42: gd_combined=0.543 gdis=0.773 KB gd=0.667 gdis=0.647 marker=/lus/lfs1aip2/projects/b5ac/project_1/data/11_round1_analysis/scores/bert_base/seed_42/scoring_complete.json
  SCORE START bert_base seed=43 checkpoint=/lus/lfs1aip2/projects/b5ac/project_1/data/10_recipe_sweep_and_training/matrix/checkpoints/bert_base/seed_43/best
  SCORE DONE bert_base seed=43: gd_combined=0.632 gdis=0.772 KB gd=0.678 gdis=0.605 marker=/lus/lfs1aip2/projects/b5ac/project_1/data/11_round1_analysis/scores/bert_base/seed_43/scoring_complete.json
  SCORE START bert_base seed=44 checkpoint=/lus/lfs1aip2/projects/b5ac/project_1/data/10_recipe_sweep_and_training/matrix/checkpoints/bert_base/seed_44/best
  SCORE DONE bert_base seed=44: gd_combined=0.658 gdis=0.757 KB gd=0.710 gdis=0.717 marker=/lus/lfs1aip2/projects/b5ac/project_1/data/11_round1_analysis/scores/bert_base/seed_44/scoring_complete.json
  SCORE START bert_base seed=45 checkpoint=/lus/lfs1aip2/projects/b5ac/project_1/data/10_recipe_sweep_and_training/matrix/checkpoints/bert_base/seed_45/best
  SCORE DONE bert_base seed=45: gd_combined=0.597 gdis=0.774 KB gd=0.681 gdis=0.660 marker=/lus/lfs1aip2/projects/b5ac/project_1/data/11_round1_analysis/scores/bert_base/seed_45/scoring_complete.json
  SCORE START bert_base seed=46 checkpoint=/lus/lfs1aip2/projects/b5ac/project_1/data/10_recipe_sweep_and_training/matrix/checkpoints/bert_base/seed_46/best
  SCORE DONE bert_base seed=46: gd_combined=0.556 gdis=0.750 KB gd=0.661 gdis=0.641 marker=/lus/lfs1aip2/projects/b5ac/project_1/data/11_round1_analysis/scores/bert_base/seed_46/scoring_complete.json
  SCORE START bert_base seed=47 checkpoint=/lus/lfs1aip2/projects/b5ac/project_1/data/10_recipe_sweep_and_training/matrix/checkpoints/bert_base/seed_47/best
  SCORE DONE bert_base seed=47: gd_combined=0.645 gdis=0.772 KB gd=0.670 gdis=0.603 marker=/lus/lfs1aip2/projects/b5ac/project_1/data/11_round1_analysis/scores/bert_base/seed_47/scoring_complete.json
  SCORE START bert_base seed=48 checkpoint=/lus/lfs1aip2/projects/b5ac/project_1/data/10_recipe_sweep_and_training/matrix/checkpoints/bert_base/seed_48/best
  SCORE DONE bert_base seed=48: gd_combined=0.559 gdis=0.775 KB gd=0.669 gdis=0.666 marker=/lus/lfs1aip2/projects/b5ac/project_1/data/11_round1_analysis/scores/bert_base/seed_48/scoring_complete.json
  SCORE START bert_base seed=49 checkpoint=/lus/lfs1aip2/projects/b5ac/project_1/data/10_recipe_sweep_and_training/matrix/checkpoints/bert_base/seed_49/best
  SCORE DONE bert_base seed=49: gd_combined=0.645 gdis=0.774 KB gd=0.664 gdis=0.621 marker=/lus/lfs1aip2/projects/b5ac/project_1/data/11_round1_analysis/scores/bert_base/seed_49/scoring_complete.json

=== KB scoring complete (this job) ===
  Newly scored: 8, skipped (already done): 0, total markers on disk: 62/72

End: Mon Jun 29 11:08:30 UTC 2026
Scoring markers: 63/72
