TMPDIR=/home/b5ac/freddieyu.b5ac/project_1/../projects/project_1/runs/20_round2_diagnostic/tmp/5472718
=== Round 2 epoch-1 stratum cache (GPU) ===
STEP_DIR=/home/b5ac/freddieyu.b5ac/project_1/20_round2_diagnostic
OUTPUT_ROOT=/home/b5ac/freddieyu.b5ac/project_1/../projects/project_1
Traceback (most recent call last):
  File "/home/b5ac/freddieyu.b5ac/project_1/20_round2_diagnostic/run.py", line 195, in <module>
    main()
  File "/home/b5ac/freddieyu.b5ac/project_1/20_round2_diagnostic/run.py", line 180, in main
    run_stratum_epoch1_cache(model_ids=args.model_id)
  File "/home/b5ac/freddieyu.b5ac/project_1/20_round2_diagnostic/run.py", line 34, in run_stratum_epoch1_cache
    mundane = import_module("20_round2_diagnostic.mundane_explanations")
  File "/home/b5ac/freddieyu.b5ac/miniforge3/envs/hf-hpc/lib/python3.10/importlib/__init__.py", line 126, in import_module
    return _bootstrap._gcd_import(name[level:], package, level)
  File "<frozen importlib._bootstrap>", line 1050, in _gcd_import
  File "<frozen importlib._bootstrap>", line 1027, in _find_and_load
  File "<frozen importlib._bootstrap>", line 1006, in _find_and_load_unlocked
  File "<frozen importlib._bootstrap>", line 688, in _load_unlocked
  File "<frozen importlib._bootstrap_external>", line 883, in exec_module
  File "<frozen importlib._bootstrap>", line 241, in _call_with_frames_removed
  File "/home/b5ac/freddieyu.b5ac/project_1/20_round2_diagnostic/mundane_explanations.py", line 17, in <module>
    from .adjudication import WELL_DEF_VAL_F1, _bootstrap_ci, _well_epoch
  File "/home/b5ac/freddieyu.b5ac/project_1/20_round2_diagnostic/adjudication.py", line 24, in <module>
    from .epoch_scoring import load_all_epoch_scores
  File "/home/b5ac/freddieyu.b5ac/project_1/20_round2_diagnostic/epoch_scoring.py", line 16, in <module>
    from .pool_cache import load_enriched_pool
  File "/home/b5ac/freddieyu.b5ac/project_1/20_round2_diagnostic/pool_cache.py", line 9, in <module>
    from shared.distance_analysis import enrich_with_proximity
  File "/home/b5ac/freddieyu.b5ac/project_1/shared/distance_analysis.py", line 22, in <module>
    _dist = __import__(
ModuleNotFoundError: No module named '03_candidate_pool.distance_ranker'
