=== Round 2 epoch scoring (GPU) ===
TMPDIR=/home/b5ac/freddieyu.b5ac/project_1/../projects/project_1/runs/20_round2_diagnostic/tmp/5420005

=== Per-epoch scoring (5e-6/none matrix) ===
Encoders: ['roberta_base']
Seeds: [48, 49]
Expected epoch checkpoints: 80 (9 encoders x 8 seeds x 10 epochs = 720)
Already scored: 0

  Loaded enriched pool cache (enriched_primary_pool.parquet)
[benchmark] building BioRED test examples...
[benchmark] built 14395 BioRED test examples (leaked PMIDs excluded)
[benchmark] building DrugProt test examples...
[benchmark] DrugProt: no labeled public test split in BigBio (splits=['train', 'validation', 'test_background']; test_background is unlabeled). Skipping DrugProt holdout benchmark; gene-drug combined uses BioRED test only.
  SCORE RoBERTa-base seed=48 epoch=1
[benchmark] evaluating /lus/lfs1aip2/projects/b5ac/project_1/data/10_recipe_sweep_and_training/matrix/checkpoints/roberta_base/seed_48/epochs/epoch_01: BioRED=14395 DrugProt=0 gdis=9769 gd_combined=4626 (DrugProt holdout unavailable; combined=BioRED gene-drug only)
[benchmark] done gdis=0.7737 gd_combined=0.5750 gd_biored=0.5750 gd_drugprot=nan overall=0.7219
  SCORE RoBERTa-base seed=48 epoch=2
[benchmark] evaluating /lus/lfs1aip2/projects/b5ac/project_1/data/10_recipe_sweep_and_training/matrix/checkpoints/roberta_base/seed_48/epochs/epoch_02: BioRED=14395 DrugProt=0 gdis=9769 gd_combined=4626 (DrugProt holdout unavailable; combined=BioRED gene-drug only)
[benchmark] done gdis=0.7690 gd_combined=0.5150 gd_biored=0.5150 gd_drugprot=nan overall=0.7035
  SCORE RoBERTa-base seed=48 epoch=3
[benchmark] evaluating /lus/lfs1aip2/projects/b5ac/project_1/data/10_recipe_sweep_and_training/matrix/checkpoints/roberta_base/seed_48/epochs/epoch_03: BioRED=14395 DrugProt=0 gdis=9769 gd_combined=4626 (DrugProt holdout unavailable; combined=BioRED gene-drug only)
[benchmark] done gdis=0.7832 gd_combined=0.5684 gd_biored=0.5684 gd_drugprot=nan overall=0.7255
  SCORE RoBERTa-base seed=48 epoch=4
[benchmark] evaluating /lus/lfs1aip2/projects/b5ac/project_1/data/10_recipe_sweep_and_training/matrix/checkpoints/roberta_base/seed_48/epochs/epoch_04: BioRED=14395 DrugProt=0 gdis=9769 gd_combined=4626 (DrugProt holdout unavailable; combined=BioRED gene-drug only)
[benchmark] done gdis=0.7910 gd_combined=0.5770 gd_biored=0.5770 gd_drugprot=nan overall=0.7351
  SCORE RoBERTa-base seed=48 epoch=5
[benchmark] evaluating /lus/lfs1aip2/projects/b5ac/project_1/data/10_recipe_sweep_and_training/matrix/checkpoints/roberta_base/seed_48/epochs/epoch_05: BioRED=14395 DrugProt=0 gdis=9769 gd_combined=4626 (DrugProt holdout unavailable; combined=BioRED gene-drug only)
[benchmark] done gdis=0.7867 gd_combined=0.6213 gd_biored=0.6213 gd_drugprot=nan overall=0.7414
  SCORE RoBERTa-base seed=48 epoch=6
[benchmark] evaluating /lus/lfs1aip2/projects/b5ac/project_1/data/10_recipe_sweep_and_training/matrix/checkpoints/roberta_base/seed_48/epochs/epoch_06: BioRED=14395 DrugProt=0 gdis=9769 gd_combined=4626 (DrugProt holdout unavailable; combined=BioRED gene-drug only)
[benchmark] done gdis=0.7810 gd_combined=0.5273 gd_biored=0.5273 gd_drugprot=nan overall=0.7163
  SCORE RoBERTa-base seed=48 epoch=7
[benchmark] evaluating /lus/lfs1aip2/projects/b5ac/project_1/data/10_recipe_sweep_and_training/matrix/checkpoints/roberta_base/seed_48/epochs/epoch_07: BioRED=14395 DrugProt=0 gdis=9769 gd_combined=4626 (DrugProt holdout unavailable; combined=BioRED gene-drug only)
[benchmark] done gdis=0.7702 gd_combined=0.5479 gd_biored=0.5479 gd_drugprot=nan overall=0.7135
  SCORE RoBERTa-base seed=48 epoch=8
[benchmark] evaluating /lus/lfs1aip2/projects/b5ac/project_1/data/10_recipe_sweep_and_training/matrix/checkpoints/roberta_base/seed_48/epochs/epoch_08: BioRED=14395 DrugProt=0 gdis=9769 gd_combined=4626 (DrugProt holdout unavailable; combined=BioRED gene-drug only)
[benchmark] done gdis=0.7804 gd_combined=0.5359 gd_biored=0.5359 gd_drugprot=nan overall=0.7162
  SCORE RoBERTa-base seed=48 epoch=9
[benchmark] evaluating /lus/lfs1aip2/projects/b5ac/project_1/data/10_recipe_sweep_and_training/matrix/checkpoints/roberta_base/seed_48/epochs/epoch_09: BioRED=14395 DrugProt=0 gdis=9769 gd_combined=4626 (DrugProt holdout unavailable; combined=BioRED gene-drug only)
[benchmark] done gdis=0.7387 gd_combined=0.3905 gd_biored=0.3905 gd_drugprot=nan overall=0.6531
  SCORE RoBERTa-base seed=48 epoch=10
[benchmark] evaluating /lus/lfs1aip2/projects/b5ac/project_1/data/10_recipe_sweep_and_training/matrix/checkpoints/roberta_base/seed_48/epochs/epoch_10: BioRED=14395 DrugProt=0 gdis=9769 gd_combined=4626 (DrugProt holdout unavailable; combined=BioRED gene-drug only)
[benchmark] done gdis=0.7836 gd_combined=0.5015 gd_biored=0.5015 gd_drugprot=nan overall=0.7133
  SCORE RoBERTa-base seed=49 epoch=1
[benchmark] evaluating /lus/lfs1aip2/projects/b5ac/project_1/data/10_recipe_sweep_and_training/matrix/checkpoints/roberta_base/seed_49/epochs/epoch_01: BioRED=14395 DrugProt=0 gdis=9769 gd_combined=4626 (DrugProt holdout unavailable; combined=BioRED gene-drug only)
[benchmark] done gdis=0.7237 gd_combined=0.5287 gd_biored=0.5287 gd_drugprot=nan overall=0.6713
  SCORE RoBERTa-base seed=49 epoch=2
[benchmark] evaluating /lus/lfs1aip2/projects/b5ac/project_1/data/10_recipe_sweep_and_training/matrix/checkpoints/roberta_base/seed_49/epochs/epoch_02: BioRED=14395 DrugProt=0 gdis=9769 gd_combined=4626 (DrugProt holdout unavailable; combined=BioRED gene-drug only)
[benchmark] done gdis=0.7566 gd_combined=0.5027 gd_biored=0.5027 gd_drugprot=nan overall=0.6923
  SCORE RoBERTa-base seed=49 epoch=3
[benchmark] evaluating /lus/lfs1aip2/projects/b5ac/project_1/data/10_recipe_sweep_and_training/matrix/checkpoints/roberta_base/seed_49/epochs/epoch_03: BioRED=14395 DrugProt=0 gdis=9769 gd_combined=4626 (DrugProt holdout unavailable; combined=BioRED gene-drug only)
[benchmark] done gdis=0.7792 gd_combined=0.5835 gd_biored=0.5835 gd_drugprot=nan overall=0.7287
  SCORE RoBERTa-base seed=49 epoch=4
[benchmark] evaluating /lus/lfs1aip2/projects/b5ac/project_1/data/10_recipe_sweep_and_training/matrix/checkpoints/roberta_base/seed_49/epochs/epoch_04: BioRED=14395 DrugProt=0 gdis=9769 gd_combined=4626 (DrugProt holdout unavailable; combined=BioRED gene-drug only)
[benchmark] done gdis=0.7312 gd_combined=0.4521 gd_biored=0.4521 gd_drugprot=nan overall=0.6605
  SCORE RoBERTa-base seed=49 epoch=5
[benchmark] evaluating /lus/lfs1aip2/projects/b5ac/project_1/data/10_recipe_sweep_and_training/matrix/checkpoints/roberta_base/seed_49/epochs/epoch_05: BioRED=14395 DrugProt=0 gdis=9769 gd_combined=4626 (DrugProt holdout unavailable; combined=BioRED gene-drug only)
[benchmark] done gdis=0.7680 gd_combined=0.5416 gd_biored=0.5416 gd_drugprot=nan overall=0.7099
  SCORE RoBERTa-base seed=49 epoch=6
[benchmark] evaluating /lus/lfs1aip2/projects/b5ac/project_1/data/10_recipe_sweep_and_training/matrix/checkpoints/roberta_base/seed_49/epochs/epoch_06: BioRED=14395 DrugProt=0 gdis=9769 gd_combined=4626 (DrugProt holdout unavailable; combined=BioRED gene-drug only)
[benchmark] done gdis=0.7710 gd_combined=0.5073 gd_biored=0.5073 gd_drugprot=nan overall=0.7062
  SCORE RoBERTa-base seed=49 epoch=7
[benchmark] evaluating /lus/lfs1aip2/projects/b5ac/project_1/data/10_recipe_sweep_and_training/matrix/checkpoints/roberta_base/seed_49/epochs/epoch_07: BioRED=14395 DrugProt=0 gdis=9769 gd_combined=4626 (DrugProt holdout unavailable; combined=BioRED gene-drug only)
[benchmark] done gdis=0.7829 gd_combined=0.5710 gd_biored=0.5710 gd_drugprot=nan overall=0.7271
  SCORE RoBERTa-base seed=49 epoch=8
[benchmark] evaluating /lus/lfs1aip2/projects/b5ac/project_1/data/10_recipe_sweep_and_training/matrix/checkpoints/roberta_base/seed_49/epochs/epoch_08: BioRED=14395 DrugProt=0 gdis=9769 gd_combined=4626 (DrugProt holdout unavailable; combined=BioRED gene-drug only)
[benchmark] done gdis=0.7774 gd_combined=0.4936 gd_biored=0.4936 gd_drugprot=nan overall=0.7040
  SCORE RoBERTa-base seed=49 epoch=9
[benchmark] evaluating /lus/lfs1aip2/projects/b5ac/project_1/data/10_recipe_sweep_and_training/matrix/checkpoints/roberta_base/seed_49/epochs/epoch_09: BioRED=14395 DrugProt=0 gdis=9769 gd_combined=4626 (DrugProt holdout unavailable; combined=BioRED gene-drug only)
[benchmark] done gdis=0.7846 gd_combined=0.5170 gd_biored=0.5170 gd_drugprot=nan overall=0.7180
  SCORE RoBERTa-base seed=49 epoch=10
[benchmark] evaluating /lus/lfs1aip2/projects/b5ac/project_1/data/10_recipe_sweep_and_training/matrix/checkpoints/roberta_base/seed_49/epochs/epoch_10: BioRED=14395 DrugProt=0 gdis=9769 gd_combined=4626 (DrugProt holdout unavailable; combined=BioRED gene-drug only)
[benchmark] done gdis=0.7840 gd_combined=0.5504 gd_biored=0.5504 gd_drugprot=nan overall=0.7231

=== Epoch scoring batch done ===
  Newly scored: 20, skipped: 0, on disk: 80/80

End: Mon Jun 29 11:59:27 UTC 2026
{'expected_epoch_checkpoints': 80, 'scored_epochs': 80, 'complete': True, 'completed_at': '2026-06-29T11:59:25.836529+00:00', 'encoders': ['roberta_base']}
Epoch score files: 0
