=== Round 1 KB scoring (stage 1, GPU) ===
Host: nid011234
SLURM_JOB_ID=5419962
Start: Mon Jun 29 11:01:00 UTC 2026
REPO=/home/b5ac/freddieyu.b5ac/project_1
OUTPUT_ROOT=/home/b5ac/freddieyu.b5ac/project_1/../projects/project_1
STEP_ARGS=--model-id distilbert_base

=== Round 1 KB scoring ===
Encoders: ['distilbert_base']
Seeds: [42, 43, 44, 45, 46, 47, 48, 49]
Planned runs this job: 8
Already scored: 0

Frozen pool: 18911 candidates, 1047 abstracts
  SCORE START distilbert_base seed=42 checkpoint=/lus/lfs1aip2/projects/b5ac/project_1/data/10_recipe_sweep_and_training/matrix/checkpoints/distilbert_base/seed_42/best
  SCORE DONE distilbert_base seed=42: gd_combined=0.617 gdis=0.775 KB gd=0.682 gdis=0.571 marker=/lus/lfs1aip2/projects/b5ac/project_1/data/11_round1_analysis/scores/distilbert_base/seed_42/scoring_complete.json
  SCORE START distilbert_base seed=43 checkpoint=/lus/lfs1aip2/projects/b5ac/project_1/data/10_recipe_sweep_and_training/matrix/checkpoints/distilbert_base/seed_43/best
  SCORE DONE distilbert_base seed=43: gd_combined=0.594 gdis=0.750 KB gd=0.685 gdis=0.610 marker=/lus/lfs1aip2/projects/b5ac/project_1/data/11_round1_analysis/scores/distilbert_base/seed_43/scoring_complete.json
  SCORE START distilbert_base seed=44 checkpoint=/lus/lfs1aip2/projects/b5ac/project_1/data/10_recipe_sweep_and_training/matrix/checkpoints/distilbert_base/seed_44/best
  SCORE DONE distilbert_base seed=44: gd_combined=0.591 gdis=0.779 KB gd=0.651 gdis=0.583 marker=/lus/lfs1aip2/projects/b5ac/project_1/data/11_round1_analysis/scores/distilbert_base/seed_44/scoring_complete.json
  SCORE START distilbert_base seed=45 checkpoint=/lus/lfs1aip2/projects/b5ac/project_1/data/10_recipe_sweep_and_training/matrix/checkpoints/distilbert_base/seed_45/best
  SCORE DONE distilbert_base seed=45: gd_combined=0.650 gdis=0.768 KB gd=0.653 gdis=0.545 marker=/lus/lfs1aip2/projects/b5ac/project_1/data/11_round1_analysis/scores/distilbert_base/seed_45/scoring_complete.json
  SCORE START distilbert_base seed=46 checkpoint=/lus/lfs1aip2/projects/b5ac/project_1/data/10_recipe_sweep_and_training/matrix/checkpoints/distilbert_base/seed_46/best
  SCORE DONE distilbert_base seed=46: gd_combined=0.607 gdis=0.773 KB gd=0.661 gdis=0.530 marker=/lus/lfs1aip2/projects/b5ac/project_1/data/11_round1_analysis/scores/distilbert_base/seed_46/scoring_complete.json
  SCORE START distilbert_base seed=47 checkpoint=/lus/lfs1aip2/projects/b5ac/project_1/data/10_recipe_sweep_and_training/matrix/checkpoints/distilbert_base/seed_47/best
  SCORE DONE distilbert_base seed=47: gd_combined=0.605 gdis=0.769 KB gd=0.646 gdis=0.565 marker=/lus/lfs1aip2/projects/b5ac/project_1/data/11_round1_analysis/scores/distilbert_base/seed_47/scoring_complete.json
  SCORE START distilbert_base seed=48 checkpoint=/lus/lfs1aip2/projects/b5ac/project_1/data/10_recipe_sweep_and_training/matrix/checkpoints/distilbert_base/seed_48/best
  SCORE DONE distilbert_base seed=48: gd_combined=0.610 gdis=0.744 KB gd=0.684 gdis=0.651 marker=/lus/lfs1aip2/projects/b5ac/project_1/data/11_round1_analysis/scores/distilbert_base/seed_48/scoring_complete.json
  SCORE START distilbert_base seed=49 checkpoint=/lus/lfs1aip2/projects/b5ac/project_1/data/10_recipe_sweep_and_training/matrix/checkpoints/distilbert_base/seed_49/best
  SCORE DONE distilbert_base seed=49: gd_combined=0.570 gdis=0.761 KB gd=0.660 gdis=0.519 marker=/lus/lfs1aip2/projects/b5ac/project_1/data/11_round1_analysis/scores/distilbert_base/seed_49/scoring_complete.json

=== KB scoring complete (this job) ===
  Newly scored: 8, skipped (already done): 0, total markers on disk: 41/72

End: Mon Jun 29 11:06:29 UTC 2026
Scoring markers: 42/72
