=== Round 1 KB scoring (stage 1, GPU) ===
Host: nid010129
SLURM_JOB_ID=5420046
Start: Mon Jun 29 11:02:45 UTC 2026
REPO=/home/b5ac/freddieyu.b5ac/project_1
OUTPUT_ROOT=/home/b5ac/freddieyu.b5ac/project_1/../projects/project_1
STEP_ARGS=--model-id deberta_base
TMPDIR=/home/b5ac/freddieyu.b5ac/project_1/../projects/project_1/runs/11_round1_analysis/tmp/5420046

=== Round 1 KB scoring ===
Encoders: ['deberta_base']
Seeds: [42, 43, 44, 45, 46, 47, 48, 49]
Planned runs this job: 8
Already scored: 0

Frozen pool: 18911 candidates, 1047 abstracts
  SCORE START deberta_base seed=42 checkpoint=/lus/lfs1aip2/projects/b5ac/project_1/data/10_recipe_sweep_and_training/matrix/checkpoints/deberta_base/seed_42/best
  SCORE DONE deberta_base seed=42: gd_combined=0.625 gdis=0.774 KB gd=0.719 gdis=0.769 marker=/lus/lfs1aip2/projects/b5ac/project_1/data/11_round1_analysis/scores/deberta_base/seed_42/scoring_complete.json
  SCORE START deberta_base seed=43 checkpoint=/lus/lfs1aip2/projects/b5ac/project_1/data/10_recipe_sweep_and_training/matrix/checkpoints/deberta_base/seed_43/best
  SCORE DONE deberta_base seed=43: gd_combined=0.623 gdis=0.776 KB gd=0.709 gdis=0.706 marker=/lus/lfs1aip2/projects/b5ac/project_1/data/11_round1_analysis/scores/deberta_base/seed_43/scoring_complete.json
  SCORE START deberta_base seed=44 checkpoint=/lus/lfs1aip2/projects/b5ac/project_1/data/10_recipe_sweep_and_training/matrix/checkpoints/deberta_base/seed_44/best
  SCORE DONE deberta_base seed=44: gd_combined=0.666 gdis=0.785 KB gd=0.671 gdis=0.466 marker=/lus/lfs1aip2/projects/b5ac/project_1/data/11_round1_analysis/scores/deberta_base/seed_44/scoring_complete.json
  SCORE START deberta_base seed=45 checkpoint=/lus/lfs1aip2/projects/b5ac/project_1/data/10_recipe_sweep_and_training/matrix/checkpoints/deberta_base/seed_45/best
  SCORE DONE deberta_base seed=45: gd_combined=0.650 gdis=0.795 KB gd=0.688 gdis=0.656 marker=/lus/lfs1aip2/projects/b5ac/project_1/data/11_round1_analysis/scores/deberta_base/seed_45/scoring_complete.json
  SCORE START deberta_base seed=46 checkpoint=/lus/lfs1aip2/projects/b5ac/project_1/data/10_recipe_sweep_and_training/matrix/checkpoints/deberta_base/seed_46/best
  SCORE DONE deberta_base seed=46: gd_combined=0.593 gdis=0.782 KB gd=0.670 gdis=0.662 marker=/lus/lfs1aip2/projects/b5ac/project_1/data/11_round1_analysis/scores/deberta_base/seed_46/scoring_complete.json
  SCORE START deberta_base seed=47 checkpoint=/lus/lfs1aip2/projects/b5ac/project_1/data/10_recipe_sweep_and_training/matrix/checkpoints/deberta_base/seed_47/best
  SCORE DONE deberta_base seed=47: gd_combined=0.678 gdis=0.782 KB gd=0.694 gdis=0.685 marker=/lus/lfs1aip2/projects/b5ac/project_1/data/11_round1_analysis/scores/deberta_base/seed_47/scoring_complete.json
  SCORE START deberta_base seed=48 checkpoint=/lus/lfs1aip2/projects/b5ac/project_1/data/10_recipe_sweep_and_training/matrix/checkpoints/deberta_base/seed_48/best
  SCORE DONE deberta_base seed=48: gd_combined=0.608 gdis=0.786 KB gd=0.653 gdis=0.600 marker=/lus/lfs1aip2/projects/b5ac/project_1/data/11_round1_analysis/scores/deberta_base/seed_48/scoring_complete.json
  SCORE START deberta_base seed=49 checkpoint=/lus/lfs1aip2/projects/b5ac/project_1/data/10_recipe_sweep_and_training/matrix/checkpoints/deberta_base/seed_49/best
  SCORE DONE deberta_base seed=49: gd_combined=0.634 gdis=0.789 KB gd=0.682 gdis=0.605 marker=/lus/lfs1aip2/projects/b5ac/project_1/data/11_round1_analysis/scores/deberta_base/seed_49/scoring_complete.json

=== KB scoring complete (this job) ===
  Newly scored: 8, skipped (already done): 0, total markers on disk: 72/72

End: Mon Jun 29 11:11:24 UTC 2026
Scoring markers: 72/72
