=== Round 2 epoch scoring (GPU) ===
TMPDIR=/home/b5ac/freddieyu.b5ac/project_1/../projects/project_1/runs/20_round2_diagnostic/tmp/5419974

=== Per-epoch scoring (5e-6/none matrix) ===
Encoders: ['bluebert_base']
Seeds: [42, 43]
Expected epoch checkpoints: 80 (9 encoders x 8 seeds x 10 epochs = 720)
Already scored: 0

  Loaded enriched pool cache (enriched_primary_pool.parquet)
[benchmark] building BioRED test examples...
[benchmark] built 14395 BioRED test examples (leaked PMIDs excluded)
[benchmark] building DrugProt test examples...
[benchmark] DrugProt: no labeled public test split in BigBio (splits=['train', 'validation', 'test_background']; test_background is unlabeled). Skipping DrugProt holdout benchmark; gene-drug combined uses BioRED test only.
  SCORE BlueBERT-base seed=42 epoch=1
[benchmark] evaluating /lus/lfs1aip2/projects/b5ac/project_1/data/10_recipe_sweep_and_training/matrix/checkpoints/bluebert_base/seed_42/epochs/epoch_01: BioRED=14395 DrugProt=0 gdis=9769 gd_combined=4626 (DrugProt holdout unavailable; combined=BioRED gene-drug only)
[benchmark] done gdis=0.7633 gd_combined=0.6178 gd_biored=0.6178 gd_drugprot=nan overall=0.7255
  SCORE BlueBERT-base seed=42 epoch=2
[benchmark] evaluating /lus/lfs1aip2/projects/b5ac/project_1/data/10_recipe_sweep_and_training/matrix/checkpoints/bluebert_base/seed_42/epochs/epoch_02: BioRED=14395 DrugProt=0 gdis=9769 gd_combined=4626 (DrugProt holdout unavailable; combined=BioRED gene-drug only)
[benchmark] done gdis=0.7431 gd_combined=0.5832 gd_biored=0.5832 gd_drugprot=nan overall=0.7010
  SCORE BlueBERT-base seed=42 epoch=3
[benchmark] evaluating /lus/lfs1aip2/projects/b5ac/project_1/data/10_recipe_sweep_and_training/matrix/checkpoints/bluebert_base/seed_42/epochs/epoch_03: BioRED=14395 DrugProt=0 gdis=9769 gd_combined=4626 (DrugProt holdout unavailable; combined=BioRED gene-drug only)
[benchmark] done gdis=0.7480 gd_combined=0.5553 gd_biored=0.5553 gd_drugprot=nan overall=0.6981
  SCORE BlueBERT-base seed=42 epoch=4
[benchmark] evaluating /lus/lfs1aip2/projects/b5ac/project_1/data/10_recipe_sweep_and_training/matrix/checkpoints/bluebert_base/seed_42/epochs/epoch_04: BioRED=14395 DrugProt=0 gdis=9769 gd_combined=4626 (DrugProt holdout unavailable; combined=BioRED gene-drug only)
[benchmark] done gdis=0.7379 gd_combined=0.5762 gd_biored=0.5762 gd_drugprot=nan overall=0.6946
  SCORE BlueBERT-base seed=42 epoch=5
[benchmark] evaluating /lus/lfs1aip2/projects/b5ac/project_1/data/10_recipe_sweep_and_training/matrix/checkpoints/bluebert_base/seed_42/epochs/epoch_05: BioRED=14395 DrugProt=0 gdis=9769 gd_combined=4626 (DrugProt holdout unavailable; combined=BioRED gene-drug only)
[benchmark] done gdis=0.7097 gd_combined=0.5537 gd_biored=0.5537 gd_drugprot=nan overall=0.6672
  SCORE BlueBERT-base seed=42 epoch=6
[benchmark] evaluating /lus/lfs1aip2/projects/b5ac/project_1/data/10_recipe_sweep_and_training/matrix/checkpoints/bluebert_base/seed_42/epochs/epoch_06: BioRED=14395 DrugProt=0 gdis=9769 gd_combined=4626 (DrugProt holdout unavailable; combined=BioRED gene-drug only)
[benchmark] done gdis=0.6972 gd_combined=0.5556 gd_biored=0.5556 gd_drugprot=nan overall=0.6585
  SCORE BlueBERT-base seed=42 epoch=7
[benchmark] evaluating /lus/lfs1aip2/projects/b5ac/project_1/data/10_recipe_sweep_and_training/matrix/checkpoints/bluebert_base/seed_42/epochs/epoch_07: BioRED=14395 DrugProt=0 gdis=9769 gd_combined=4626 (DrugProt holdout unavailable; combined=BioRED gene-drug only)
[benchmark] done gdis=0.7257 gd_combined=0.5679 gd_biored=0.5679 gd_drugprot=nan overall=0.6830
  SCORE BlueBERT-base seed=42 epoch=8
[benchmark] evaluating /lus/lfs1aip2/projects/b5ac/project_1/data/10_recipe_sweep_and_training/matrix/checkpoints/bluebert_base/seed_42/epochs/epoch_08: BioRED=14395 DrugProt=0 gdis=9769 gd_combined=4626 (DrugProt holdout unavailable; combined=BioRED gene-drug only)
[benchmark] done gdis=0.7266 gd_combined=0.5724 gd_biored=0.5724 gd_drugprot=nan overall=0.6847
  SCORE BlueBERT-base seed=42 epoch=9
[benchmark] evaluating /lus/lfs1aip2/projects/b5ac/project_1/data/10_recipe_sweep_and_training/matrix/checkpoints/bluebert_base/seed_42/epochs/epoch_09: BioRED=14395 DrugProt=0 gdis=9769 gd_combined=4626 (DrugProt holdout unavailable; combined=BioRED gene-drug only)
[benchmark] done gdis=0.7110 gd_combined=0.5469 gd_biored=0.5469 gd_drugprot=nan overall=0.6667
  SCORE BlueBERT-base seed=42 epoch=10
[benchmark] evaluating /lus/lfs1aip2/projects/b5ac/project_1/data/10_recipe_sweep_and_training/matrix/checkpoints/bluebert_base/seed_42/epochs/epoch_10: BioRED=14395 DrugProt=0 gdis=9769 gd_combined=4626 (DrugProt holdout unavailable; combined=BioRED gene-drug only)
[benchmark] done gdis=0.7286 gd_combined=0.5740 gd_biored=0.5740 gd_drugprot=nan overall=0.6864
  SCORE BlueBERT-base seed=43 epoch=1
[benchmark] evaluating /lus/lfs1aip2/projects/b5ac/project_1/data/10_recipe_sweep_and_training/matrix/checkpoints/bluebert_base/seed_43/epochs/epoch_01: BioRED=14395 DrugProt=0 gdis=9769 gd_combined=4626 (DrugProt holdout unavailable; combined=BioRED gene-drug only)
[benchmark] done gdis=0.7499 gd_combined=0.5543 gd_biored=0.5543 gd_drugprot=nan overall=0.7008
  SCORE BlueBERT-base seed=43 epoch=2
[benchmark] evaluating /lus/lfs1aip2/projects/b5ac/project_1/data/10_recipe_sweep_and_training/matrix/checkpoints/bluebert_base/seed_43/epochs/epoch_02: BioRED=14395 DrugProt=0 gdis=9769 gd_combined=4626 (DrugProt holdout unavailable; combined=BioRED gene-drug only)
[benchmark] done gdis=0.6990 gd_combined=0.4901 gd_biored=0.4901 gd_drugprot=nan overall=0.6450
  SCORE BlueBERT-base seed=43 epoch=3
[benchmark] evaluating /lus/lfs1aip2/projects/b5ac/project_1/data/10_recipe_sweep_and_training/matrix/checkpoints/bluebert_base/seed_43/epochs/epoch_03: BioRED=14395 DrugProt=0 gdis=9769 gd_combined=4626 (DrugProt holdout unavailable; combined=BioRED gene-drug only)
[benchmark] done gdis=0.7222 gd_combined=0.5615 gd_biored=0.5615 gd_drugprot=nan overall=0.6783
  SCORE BlueBERT-base seed=43 epoch=4
[benchmark] evaluating /lus/lfs1aip2/projects/b5ac/project_1/data/10_recipe_sweep_and_training/matrix/checkpoints/bluebert_base/seed_43/epochs/epoch_04: BioRED=14395 DrugProt=0 gdis=9769 gd_combined=4626 (DrugProt holdout unavailable; combined=BioRED gene-drug only)
[benchmark] done gdis=0.7455 gd_combined=0.5416 gd_biored=0.5416 gd_drugprot=nan overall=0.6935
  SCORE BlueBERT-base seed=43 epoch=5
[benchmark] evaluating /lus/lfs1aip2/projects/b5ac/project_1/data/10_recipe_sweep_and_training/matrix/checkpoints/bluebert_base/seed_43/epochs/epoch_05: BioRED=14395 DrugProt=0 gdis=9769 gd_combined=4626 (DrugProt holdout unavailable; combined=BioRED gene-drug only)
[benchmark] done gdis=0.6826 gd_combined=0.5088 gd_biored=0.5088 gd_drugprot=nan overall=0.6356
  SCORE BlueBERT-base seed=43 epoch=6
[benchmark] evaluating /lus/lfs1aip2/projects/b5ac/project_1/data/10_recipe_sweep_and_training/matrix/checkpoints/bluebert_base/seed_43/epochs/epoch_06: BioRED=14395 DrugProt=0 gdis=9769 gd_combined=4626 (DrugProt holdout unavailable; combined=BioRED gene-drug only)
[benchmark] done gdis=0.7549 gd_combined=0.6109 gd_biored=0.6109 gd_drugprot=nan overall=0.7155
  SCORE BlueBERT-base seed=43 epoch=7
[benchmark] evaluating /lus/lfs1aip2/projects/b5ac/project_1/data/10_recipe_sweep_and_training/matrix/checkpoints/bluebert_base/seed_43/epochs/epoch_07: BioRED=14395 DrugProt=0 gdis=9769 gd_combined=4626 (DrugProt holdout unavailable; combined=BioRED gene-drug only)
[benchmark] done gdis=0.7144 gd_combined=0.5316 gd_biored=0.5316 gd_drugprot=nan overall=0.6652
  SCORE BlueBERT-base seed=43 epoch=8
[benchmark] evaluating /lus/lfs1aip2/projects/b5ac/project_1/data/10_recipe_sweep_and_training/matrix/checkpoints/bluebert_base/seed_43/epochs/epoch_08: BioRED=14395 DrugProt=0 gdis=9769 gd_combined=4626 (DrugProt holdout unavailable; combined=BioRED gene-drug only)
[benchmark] done gdis=0.7047 gd_combined=0.5062 gd_biored=0.5062 gd_drugprot=nan overall=0.6515
  SCORE BlueBERT-base seed=43 epoch=9
[benchmark] evaluating /lus/lfs1aip2/projects/b5ac/project_1/data/10_recipe_sweep_and_training/matrix/checkpoints/bluebert_base/seed_43/epochs/epoch_09: BioRED=14395 DrugProt=0 gdis=9769 gd_combined=4626 (DrugProt holdout unavailable; combined=BioRED gene-drug only)
[benchmark] done gdis=0.7607 gd_combined=0.6194 gd_biored=0.6194 gd_drugprot=nan overall=0.7224
  SCORE BlueBERT-base seed=43 epoch=10
[benchmark] evaluating /lus/lfs1aip2/projects/b5ac/project_1/data/10_recipe_sweep_and_training/matrix/checkpoints/bluebert_base/seed_43/epochs/epoch_10: BioRED=14395 DrugProt=0 gdis=9769 gd_combined=4626 (DrugProt holdout unavailable; combined=BioRED gene-drug only)
[benchmark] done gdis=0.7568 gd_combined=0.5766 gd_biored=0.5766 gd_drugprot=nan overall=0.7086

=== Epoch scoring batch done ===
  Newly scored: 20, skipped: 0, on disk: 74/80

End: Mon Jun 29 11:59:45 UTC 2026
{'expected_epoch_checkpoints': 80, 'scored_epochs': 74, 'complete': False, 'completed_at': '2026-06-29T11:59:43.294896+00:00', 'encoders': ['bluebert_base']}
Epoch score files: 0
