=== Round 1 analysis (stage 2, CPU) ===
Host: nid010446
SLURM_JOB_ID=5420048
Start: Mon Jun 29 11:27:55 UTC 2026
REPO=/home/b5ac/freddieyu.b5ac/project_1
OUTPUT_ROOT=/home/b5ac/freddieyu.b5ac/project_1/../projects/project_1
Per-run summary: 72 scored runs (72/72 markers)
Untrained-floor baselines: 9/9 encoders

=== DeBERTa per-seed KB MRR (stored results, all 8 seeds) ===
  seed 42 [PRIMARY]  benchmark_f1=0.7343  kb_gene_drug=0.7186  kb_gene_disease=0.7685  ece=0.5186
  seed 43 [PRIMARY]  benchmark_f1=0.7349  kb_gene_drug=0.7091  kb_gene_disease=0.7056  ece=0.5315
  seed 44 [PRIMARY]  benchmark_f1=0.7524  kb_gene_drug=0.6710  kb_gene_disease=0.4656  ece=0.3711
  seed 45 [PRIMARY]  benchmark_f1=0.7535  kb_gene_drug=0.6883  kb_gene_disease=0.6557  ece=0.3335
  seed 46 [PRIMARY]  benchmark_f1=0.7307  kb_gene_drug=0.6695  kb_gene_disease=0.6621  ece=0.2773
  seed 47 [PRIMARY]  benchmark_f1=0.7539  kb_gene_drug=0.6943  kb_gene_disease=0.6850  ece=0.4386
  seed 48 [PRIMARY]  benchmark_f1=0.7382  kb_gene_drug=0.6528  kb_gene_disease=0.5996  ece=0.3100
  seed 49 [PRIMARY]  benchmark_f1=0.7480  kb_gene_drug=0.6816  kb_gene_disease=0.6047  ece=0.4675

=== DeBERTa clean-seed means (dynamically filtered) ===
  kb_gene_drug=0.6856  kb_gene_disease=0.6433  benchmark_f1=0.7432  ece=0.4060
  benchmark_f1 if all seeds averaged (sensitivity)=0.7432
Degenerate runs flagged: 0/72
Benchmark F1 encoder-mean range: 0.711 to 0.746 (spread 0.035)

=== Benchmark discriminative-power / saturation diagnostic ===
  Benchmark F1 (in-distribution): between-encoder 53%, within-encoder (seed) 47%
  KB MRR gene-drug (out-of-distribution): between-encoder 36%, within-encoder (seed) 64% [encoder share 95% CI 15% to 50%]
  KB MRR gene-disease (out-of-distribution): between-encoder 49%, within-encoder (seed) 51% [encoder share 95% CI 21% to 71%]

=== Fine-tuning lift (fine-tuned minus untrained floor) ===
Encoder           Δ bench  Δ KB gd  Δ KB gdis  FT bench  UT bench
DeBERTa-base        0.635    0.080      0.107     0.635     0.000
DistilBERT-base     0.606    0.076      0.086     0.606     0.000
BioLinkBERT-base    0.522    0.167      0.215     0.631     0.110
BERT-base           0.195    0.123      0.228     0.604     0.409
PubMedBERT-base     0.138    0.120      0.138     0.642     0.504
SciBERT            -0.070    0.138      0.204     0.653     0.723
BioBERT-base       -0.110    0.111      0.165     0.634     0.744
BlueBERT-base      -0.144    0.145      0.236     0.598     0.741
RoBERTa-base       -0.161    0.132      0.131     0.588     0.749
  Mean lift: benchmark 0.179, KB gene-drug 0.121, KB gene-disease 0.168

=== Absolute KB levels (encoder means) ===
  Random baseline MRR: 0.322
  Distance ranker MRR: 0.489
  Fine-tuned mean KB MRR gene-drug: 0.670
  Fine-tuned mean KB MRR gene-disease: 0.614
Seed-level benchmark–KB Spearman (gene-drug): 0.018 [-0.232, 0.289]
Seed-level benchmark–KB Spearman (gene-disease): -0.440 [-0.660, -0.089]
Easy/hard hard: distance MRR=0.369, encoders beating distance=8/9
Easy/hard easy: distance MRR=0.692, encoders beating distance=9/9
Pool-size vs MRR (gene-drug): mean Spearman across runs -0.400 (median -0.401)
Pool-size vs MRR (gene-disease): mean Spearman across runs -0.473 (median -0.467)
Figures -> /lus/lfs1aip2/projects/b5ac/project_1/figures/11_round1_analysis
Report -> /lus/lfs1aip2/projects/b5ac/project_1/reports/11_round1_analysis/report.md
README -> /lus/lfs1aip2/projects/b5ac/project_1/reports/11_round1_analysis/README.md

=== Round 1 analysis complete ===
End: Mon Jun 29 11:44:32 UTC 2026
