=== Round 2 epoch scoring (GPU) ===
TMPDIR=/home/b5ac/freddieyu.b5ac/project_1/../projects/project_1/runs/20_round2_diagnostic/tmp/5419970

=== Per-epoch scoring (5e-6/none matrix) ===
Encoders: ['pubmedbert_base']
Seeds: [48, 49]
Expected epoch checkpoints: 80 (9 encoders x 8 seeds x 10 epochs = 720)
Already scored: 0

  Loaded enriched pool cache (enriched_primary_pool.parquet)
[benchmark] building BioRED test examples...
[benchmark] built 14395 BioRED test examples (leaked PMIDs excluded)
[benchmark] building DrugProt test examples...
[benchmark] DrugProt: no labeled public test split in BigBio (splits=['train', 'validation', 'test_background']; test_background is unlabeled). Skipping DrugProt holdout benchmark; gene-drug combined uses BioRED test only.
  SCORE PubMedBERT-base seed=48 epoch=1
[benchmark] evaluating /lus/lfs1aip2/projects/b5ac/project_1/data/10_recipe_sweep_and_training/matrix/checkpoints/pubmedbert_base/seed_48/epochs/epoch_01: BioRED=14395 DrugProt=0 gdis=9769 gd_combined=4626 (DrugProt holdout unavailable; combined=BioRED gene-drug only)
[benchmark] done gdis=0.7797 gd_combined=0.5973 gd_biored=0.5973 gd_drugprot=nan overall=0.7331
  SCORE PubMedBERT-base seed=48 epoch=2
[benchmark] evaluating /lus/lfs1aip2/projects/b5ac/project_1/data/10_recipe_sweep_and_training/matrix/checkpoints/pubmedbert_base/seed_48/epochs/epoch_02: BioRED=14395 DrugProt=0 gdis=9769 gd_combined=4626 (DrugProt holdout unavailable; combined=BioRED gene-drug only)
[benchmark] done gdis=0.7817 gd_combined=0.5405 gd_biored=0.5405 gd_drugprot=nan overall=0.7205
  SCORE PubMedBERT-base seed=48 epoch=3
[benchmark] evaluating /lus/lfs1aip2/projects/b5ac/project_1/data/10_recipe_sweep_and_training/matrix/checkpoints/pubmedbert_base/seed_48/epochs/epoch_03: BioRED=14395 DrugProt=0 gdis=9769 gd_combined=4626 (DrugProt holdout unavailable; combined=BioRED gene-drug only)
[benchmark] done gdis=0.7748 gd_combined=0.5807 gd_biored=0.5807 gd_drugprot=nan overall=0.7253
  SCORE PubMedBERT-base seed=48 epoch=4
[benchmark] evaluating /lus/lfs1aip2/projects/b5ac/project_1/data/10_recipe_sweep_and_training/matrix/checkpoints/pubmedbert_base/seed_48/epochs/epoch_04: BioRED=14395 DrugProt=0 gdis=9769 gd_combined=4626 (DrugProt holdout unavailable; combined=BioRED gene-drug only)
[benchmark] done gdis=0.7725 gd_combined=0.6257 gd_biored=0.6257 gd_drugprot=nan overall=0.7336
  SCORE PubMedBERT-base seed=48 epoch=5
[benchmark] evaluating /lus/lfs1aip2/projects/b5ac/project_1/data/10_recipe_sweep_and_training/matrix/checkpoints/pubmedbert_base/seed_48/epochs/epoch_05: BioRED=14395 DrugProt=0 gdis=9769 gd_combined=4626 (DrugProt holdout unavailable; combined=BioRED gene-drug only)
[benchmark] done gdis=0.7879 gd_combined=0.6079 gd_biored=0.6079 gd_drugprot=nan overall=0.7412
  SCORE PubMedBERT-base seed=48 epoch=6
[benchmark] evaluating /lus/lfs1aip2/projects/b5ac/project_1/data/10_recipe_sweep_and_training/matrix/checkpoints/pubmedbert_base/seed_48/epochs/epoch_06: BioRED=14395 DrugProt=0 gdis=9769 gd_combined=4626 (DrugProt holdout unavailable; combined=BioRED gene-drug only)
[benchmark] done gdis=0.7715 gd_combined=0.5960 gd_biored=0.5960 gd_drugprot=nan overall=0.7262
  SCORE PubMedBERT-base seed=48 epoch=7
[benchmark] evaluating /lus/lfs1aip2/projects/b5ac/project_1/data/10_recipe_sweep_and_training/matrix/checkpoints/pubmedbert_base/seed_48/epochs/epoch_07: BioRED=14395 DrugProt=0 gdis=9769 gd_combined=4626 (DrugProt holdout unavailable; combined=BioRED gene-drug only)
[benchmark] done gdis=0.7799 gd_combined=0.6529 gd_biored=0.6529 gd_drugprot=nan overall=0.7456
  SCORE PubMedBERT-base seed=48 epoch=8
[benchmark] evaluating /lus/lfs1aip2/projects/b5ac/project_1/data/10_recipe_sweep_and_training/matrix/checkpoints/pubmedbert_base/seed_48/epochs/epoch_08: BioRED=14395 DrugProt=0 gdis=9769 gd_combined=4626 (DrugProt holdout unavailable; combined=BioRED gene-drug only)
[benchmark] done gdis=0.7675 gd_combined=0.6183 gd_biored=0.6183 gd_drugprot=nan overall=0.7276
  SCORE PubMedBERT-base seed=48 epoch=9
[benchmark] evaluating /lus/lfs1aip2/projects/b5ac/project_1/data/10_recipe_sweep_and_training/matrix/checkpoints/pubmedbert_base/seed_48/epochs/epoch_09: BioRED=14395 DrugProt=0 gdis=9769 gd_combined=4626 (DrugProt holdout unavailable; combined=BioRED gene-drug only)
[benchmark] done gdis=0.7867 gd_combined=0.6116 gd_biored=0.6116 gd_drugprot=nan overall=0.7413
  SCORE PubMedBERT-base seed=48 epoch=10
[benchmark] evaluating /lus/lfs1aip2/projects/b5ac/project_1/data/10_recipe_sweep_and_training/matrix/checkpoints/pubmedbert_base/seed_48/epochs/epoch_10: BioRED=14395 DrugProt=0 gdis=9769 gd_combined=4626 (DrugProt holdout unavailable; combined=BioRED gene-drug only)
[benchmark] done gdis=0.7784 gd_combined=0.6196 gd_biored=0.6196 gd_drugprot=nan overall=0.7363
  SCORE PubMedBERT-base seed=49 epoch=1
[benchmark] evaluating /lus/lfs1aip2/projects/b5ac/project_1/data/10_recipe_sweep_and_training/matrix/checkpoints/pubmedbert_base/seed_49/epochs/epoch_01: BioRED=14395 DrugProt=0 gdis=9769 gd_combined=4626 (DrugProt holdout unavailable; combined=BioRED gene-drug only)
[benchmark] done gdis=0.7688 gd_combined=0.6738 gd_biored=0.6738 gd_drugprot=nan overall=0.7427
  SCORE PubMedBERT-base seed=49 epoch=2
[benchmark] evaluating /lus/lfs1aip2/projects/b5ac/project_1/data/10_recipe_sweep_and_training/matrix/checkpoints/pubmedbert_base/seed_49/epochs/epoch_02: BioRED=14395 DrugProt=0 gdis=9769 gd_combined=4626 (DrugProt holdout unavailable; combined=BioRED gene-drug only)
[benchmark] done gdis=0.7695 gd_combined=0.5861 gd_biored=0.5861 gd_drugprot=nan overall=0.7227
  SCORE PubMedBERT-base seed=49 epoch=3
[benchmark] evaluating /lus/lfs1aip2/projects/b5ac/project_1/data/10_recipe_sweep_and_training/matrix/checkpoints/pubmedbert_base/seed_49/epochs/epoch_03: BioRED=14395 DrugProt=0 gdis=9769 gd_combined=4626 (DrugProt holdout unavailable; combined=BioRED gene-drug only)
[benchmark] done gdis=0.7400 gd_combined=0.5570 gd_biored=0.5570 gd_drugprot=nan overall=0.6904
  SCORE PubMedBERT-base seed=49 epoch=4
[benchmark] evaluating /lus/lfs1aip2/projects/b5ac/project_1/data/10_recipe_sweep_and_training/matrix/checkpoints/pubmedbert_base/seed_49/epochs/epoch_04: BioRED=14395 DrugProt=0 gdis=9769 gd_combined=4626 (DrugProt holdout unavailable; combined=BioRED gene-drug only)
[benchmark] done gdis=0.7526 gd_combined=0.5399 gd_biored=0.5399 gd_drugprot=nan overall=0.6965
  SCORE PubMedBERT-base seed=49 epoch=5
[benchmark] evaluating /lus/lfs1aip2/projects/b5ac/project_1/data/10_recipe_sweep_and_training/matrix/checkpoints/pubmedbert_base/seed_49/epochs/epoch_05: BioRED=14395 DrugProt=0 gdis=9769 gd_combined=4626 (DrugProt holdout unavailable; combined=BioRED gene-drug only)
[benchmark] done gdis=0.7907 gd_combined=0.6238 gd_biored=0.6238 gd_drugprot=nan overall=0.7475
  SCORE PubMedBERT-base seed=49 epoch=6
[benchmark] evaluating /lus/lfs1aip2/projects/b5ac/project_1/data/10_recipe_sweep_and_training/matrix/checkpoints/pubmedbert_base/seed_49/epochs/epoch_06: BioRED=14395 DrugProt=0 gdis=9769 gd_combined=4626 (DrugProt holdout unavailable; combined=BioRED gene-drug only)
[benchmark] done gdis=0.7770 gd_combined=0.6565 gd_biored=0.6565 gd_drugprot=nan overall=0.7445
  SCORE PubMedBERT-base seed=49 epoch=7
[benchmark] evaluating /lus/lfs1aip2/projects/b5ac/project_1/data/10_recipe_sweep_and_training/matrix/checkpoints/pubmedbert_base/seed_49/epochs/epoch_07: BioRED=14395 DrugProt=0 gdis=9769 gd_combined=4626 (DrugProt holdout unavailable; combined=BioRED gene-drug only)
[benchmark] done gdis=0.7716 gd_combined=0.6401 gd_biored=0.6401 gd_drugprot=nan overall=0.7364
  SCORE PubMedBERT-base seed=49 epoch=8
[benchmark] evaluating /lus/lfs1aip2/projects/b5ac/project_1/data/10_recipe_sweep_and_training/matrix/checkpoints/pubmedbert_base/seed_49/epochs/epoch_08: BioRED=14395 DrugProt=0 gdis=9769 gd_combined=4626 (DrugProt holdout unavailable; combined=BioRED gene-drug only)
[benchmark] done gdis=0.7767 gd_combined=0.6034 gd_biored=0.6034 gd_drugprot=nan overall=0.7318
  SCORE PubMedBERT-base seed=49 epoch=9
[benchmark] evaluating /lus/lfs1aip2/projects/b5ac/project_1/data/10_recipe_sweep_and_training/matrix/checkpoints/pubmedbert_base/seed_49/epochs/epoch_09: BioRED=14395 DrugProt=0 gdis=9769 gd_combined=4626 (DrugProt holdout unavailable; combined=BioRED gene-drug only)
[benchmark] done gdis=0.7796 gd_combined=0.6469 gd_biored=0.6469 gd_drugprot=nan overall=0.7444
  SCORE PubMedBERT-base seed=49 epoch=10
[benchmark] evaluating /lus/lfs1aip2/projects/b5ac/project_1/data/10_recipe_sweep_and_training/matrix/checkpoints/pubmedbert_base/seed_49/epochs/epoch_10: BioRED=14395 DrugProt=0 gdis=9769 gd_combined=4626 (DrugProt holdout unavailable; combined=BioRED gene-drug only)
[benchmark] done gdis=0.7684 gd_combined=0.5928 gd_biored=0.5928 gd_drugprot=nan overall=0.7221

=== Epoch scoring batch done ===
  Newly scored: 20, skipped: 0, on disk: 77/80

End: Mon Jun 29 11:59:10 UTC 2026
{'expected_epoch_checkpoints': 80, 'scored_epochs': 77, 'complete': False, 'completed_at': '2026-06-29T11:59:08.866008+00:00', 'encoders': ['pubmedbert_base']}
Epoch score files: 0
