=== Round 1 KB scoring (stage 1, GPU) ===
Host: nid010391
SLURM_JOB_ID=5419956
Start: Mon Jun 29 11:00:59 UTC 2026
REPO=/home/b5ac/freddieyu.b5ac/project_1
OUTPUT_ROOT=/home/b5ac/freddieyu.b5ac/project_1/../projects/project_1
STEP_ARGS=--model-id bluebert_base

=== Round 1 KB scoring ===
Encoders: ['bluebert_base']
Seeds: [42, 43, 44, 45, 46, 47, 48, 49]
Planned runs this job: 8
Already scored: 0

Frozen pool: 18911 candidates, 1047 abstracts
  SCORE START bluebert_base seed=42 checkpoint=/lus/lfs1aip2/projects/b5ac/project_1/data/10_recipe_sweep_and_training/matrix/checkpoints/bluebert_base/seed_42/best
  SCORE DONE bluebert_base seed=42: gd_combined=0.547 gdis=0.711 KB gd=0.673 gdis=0.636 marker=/lus/lfs1aip2/projects/b5ac/project_1/data/11_round1_analysis/scores/bluebert_base/seed_42/scoring_complete.json
  SCORE START bluebert_base seed=43 checkpoint=/lus/lfs1aip2/projects/b5ac/project_1/data/10_recipe_sweep_and_training/matrix/checkpoints/bluebert_base/seed_43/best
  SCORE DONE bluebert_base seed=43: gd_combined=0.611 gdis=0.755 KB gd=0.687 gdis=0.693 marker=/lus/lfs1aip2/projects/b5ac/project_1/data/11_round1_analysis/scores/bluebert_base/seed_43/scoring_complete.json
  SCORE START bluebert_base seed=44 checkpoint=/lus/lfs1aip2/projects/b5ac/project_1/data/10_recipe_sweep_and_training/matrix/checkpoints/bluebert_base/seed_44/best
  SCORE DONE bluebert_base seed=44: gd_combined=0.560 gdis=0.741 KB gd=0.711 gdis=0.662 marker=/lus/lfs1aip2/projects/b5ac/project_1/data/11_round1_analysis/scores/bluebert_base/seed_44/scoring_complete.json
  SCORE START bluebert_base seed=45 checkpoint=/lus/lfs1aip2/projects/b5ac/project_1/data/10_recipe_sweep_and_training/matrix/checkpoints/bluebert_base/seed_45/best
  SCORE DONE bluebert_base seed=45: gd_combined=0.579 gdis=0.756 KB gd=0.677 gdis=0.726 marker=/lus/lfs1aip2/projects/b5ac/project_1/data/11_round1_analysis/scores/bluebert_base/seed_45/scoring_complete.json
  SCORE START bluebert_base seed=46 checkpoint=/lus/lfs1aip2/projects/b5ac/project_1/data/10_recipe_sweep_and_training/matrix/checkpoints/bluebert_base/seed_46/best
  SCORE DONE bluebert_base seed=46: gd_combined=0.586 gdis=0.757 KB gd=0.690 gdis=0.703 marker=/lus/lfs1aip2/projects/b5ac/project_1/data/11_round1_analysis/scores/bluebert_base/seed_46/scoring_complete.json
  SCORE START bluebert_base seed=47 checkpoint=/lus/lfs1aip2/projects/b5ac/project_1/data/10_recipe_sweep_and_training/matrix/checkpoints/bluebert_base/seed_47/best
  SCORE DONE bluebert_base seed=47: gd_combined=0.619 gdis=0.758 KB gd=0.673 gdis=0.663 marker=/lus/lfs1aip2/projects/b5ac/project_1/data/11_round1_analysis/scores/bluebert_base/seed_47/scoring_complete.json
  SCORE START bluebert_base seed=48 checkpoint=/lus/lfs1aip2/projects/b5ac/project_1/data/10_recipe_sweep_and_training/matrix/checkpoints/bluebert_base/seed_48/best
  SCORE DONE bluebert_base seed=48: gd_combined=0.617 gdis=0.769 KB gd=0.679 gdis=0.707 marker=/lus/lfs1aip2/projects/b5ac/project_1/data/11_round1_analysis/scores/bluebert_base/seed_48/scoring_complete.json
  SCORE START bluebert_base seed=49 checkpoint=/lus/lfs1aip2/projects/b5ac/project_1/data/10_recipe_sweep_and_training/matrix/checkpoints/bluebert_base/seed_49/best
  SCORE DONE bluebert_base seed=49: gd_combined=0.661 gdis=0.765 KB gd=0.697 gdis=0.735 marker=/lus/lfs1aip2/projects/b5ac/project_1/data/11_round1_analysis/scores/bluebert_base/seed_49/scoring_complete.json

=== KB scoring complete (this job) ===
  Newly scored: 8, skipped (already done): 0, total markers on disk: 58/72

End: Mon Jun 29 11:08:20 UTC 2026
Scoring markers: 60/72
