=== Round 1 KB scoring (stage 1, GPU) ===
Host: nid010391
SLURM_JOB_ID=5419955
Start: Mon Jun 29 11:01:00 UTC 2026
REPO=/home/b5ac/freddieyu.b5ac/project_1
OUTPUT_ROOT=/home/b5ac/freddieyu.b5ac/project_1/../projects/project_1
STEP_ARGS=--model-id pubmedbert_base

=== Round 1 KB scoring ===
Encoders: ['pubmedbert_base']
Seeds: [42, 43, 44, 45, 46, 47, 48, 49]
Planned runs this job: 8
Already scored: 0

Frozen pool: 18911 candidates, 1047 abstracts
  SCORE START pubmedbert_base seed=42 checkpoint=/lus/lfs1aip2/projects/b5ac/project_1/data/10_recipe_sweep_and_training/matrix/checkpoints/pubmedbert_base/seed_42/best
  SCORE DONE pubmedbert_base seed=42: gd_combined=0.641 gdis=0.793 KB gd=0.639 gdis=0.578 marker=/lus/lfs1aip2/projects/b5ac/project_1/data/11_round1_analysis/scores/pubmedbert_base/seed_42/scoring_complete.json
  SCORE START pubmedbert_base seed=43 checkpoint=/lus/lfs1aip2/projects/b5ac/project_1/data/10_recipe_sweep_and_training/matrix/checkpoints/pubmedbert_base/seed_43/best
  SCORE DONE pubmedbert_base seed=43: gd_combined=0.601 gdis=0.784 KB gd=0.664 gdis=0.540 marker=/lus/lfs1aip2/projects/b5ac/project_1/data/11_round1_analysis/scores/pubmedbert_base/seed_43/scoring_complete.json
  SCORE START pubmedbert_base seed=44 checkpoint=/lus/lfs1aip2/projects/b5ac/project_1/data/10_recipe_sweep_and_training/matrix/checkpoints/pubmedbert_base/seed_44/best
  SCORE DONE pubmedbert_base seed=44: gd_combined=0.674 gdis=0.788 KB gd=0.643 gdis=0.529 marker=/lus/lfs1aip2/projects/b5ac/project_1/data/11_round1_analysis/scores/pubmedbert_base/seed_44/scoring_complete.json
  SCORE START pubmedbert_base seed=45 checkpoint=/lus/lfs1aip2/projects/b5ac/project_1/data/10_recipe_sweep_and_training/matrix/checkpoints/pubmedbert_base/seed_45/best
  SCORE DONE pubmedbert_base seed=45: gd_combined=0.633 gdis=0.792 KB gd=0.642 gdis=0.585 marker=/lus/lfs1aip2/projects/b5ac/project_1/data/11_round1_analysis/scores/pubmedbert_base/seed_45/scoring_complete.json
  SCORE START pubmedbert_base seed=46 checkpoint=/lus/lfs1aip2/projects/b5ac/project_1/data/10_recipe_sweep_and_training/matrix/checkpoints/pubmedbert_base/seed_46/best
  SCORE DONE pubmedbert_base seed=46: gd_combined=0.627 gdis=0.780 KB gd=0.661 gdis=0.568 marker=/lus/lfs1aip2/projects/b5ac/project_1/data/11_round1_analysis/scores/pubmedbert_base/seed_46/scoring_complete.json
  SCORE START pubmedbert_base seed=47 checkpoint=/lus/lfs1aip2/projects/b5ac/project_1/data/10_recipe_sweep_and_training/matrix/checkpoints/pubmedbert_base/seed_47/best
  SCORE DONE pubmedbert_base seed=47: gd_combined=0.665 gdis=0.777 KB gd=0.670 gdis=0.600 marker=/lus/lfs1aip2/projects/b5ac/project_1/data/11_round1_analysis/scores/pubmedbert_base/seed_47/scoring_complete.json
  SCORE START pubmedbert_base seed=48 checkpoint=/lus/lfs1aip2/projects/b5ac/project_1/data/10_recipe_sweep_and_training/matrix/checkpoints/pubmedbert_base/seed_48/best
  SCORE DONE pubmedbert_base seed=48: gd_combined=0.653 gdis=0.780 KB gd=0.649 gdis=0.553 marker=/lus/lfs1aip2/projects/b5ac/project_1/data/11_round1_analysis/scores/pubmedbert_base/seed_48/scoring_complete.json
  SCORE START pubmedbert_base seed=49 checkpoint=/lus/lfs1aip2/projects/b5ac/project_1/data/10_recipe_sweep_and_training/matrix/checkpoints/pubmedbert_base/seed_49/best
  SCORE DONE pubmedbert_base seed=49: gd_combined=0.640 gdis=0.772 KB gd=0.641 gdis=0.553 marker=/lus/lfs1aip2/projects/b5ac/project_1/data/11_round1_analysis/scores/pubmedbert_base/seed_49/scoring_complete.json

=== KB scoring complete (this job) ===
  Newly scored: 8, skipped (already done): 0, total markers on disk: 61/72

End: Mon Jun 29 11:08:22 UTC 2026
Scoring markers: 61/72
