=== Round 2 cross-metric supplement (GPU) ===
  Loaded enriched pool cache (enriched_primary_pool.parquet)

=== Supplement pair×subset cross metrics ===
Encoders: ['roberta_base']
Seeds: [42, 43, 44, 45, 46, 47, 48, 49]

  SUPPLEMENT roberta_base seed=42 epoch=1
  SUPPLEMENT roberta_base seed=42 epoch=2
  SUPPLEMENT roberta_base seed=42 epoch=3
  SUPPLEMENT roberta_base seed=42 epoch=4
  SUPPLEMENT roberta_base seed=42 epoch=5
  SUPPLEMENT roberta_base seed=43 epoch=1
  SUPPLEMENT roberta_base seed=43 epoch=2
  SUPPLEMENT roberta_base seed=43 epoch=3
  SUPPLEMENT roberta_base seed=43 epoch=4
  SUPPLEMENT roberta_base seed=43 epoch=5
  SUPPLEMENT roberta_base seed=43 epoch=6
  SUPPLEMENT roberta_base seed=44 epoch=1
  SUPPLEMENT roberta_base seed=44 epoch=2
  SUPPLEMENT roberta_base seed=44 epoch=3
  SUPPLEMENT roberta_base seed=44 epoch=4
  SUPPLEMENT roberta_base seed=44 epoch=5
  SUPPLEMENT roberta_base seed=45 epoch=1
  SUPPLEMENT roberta_base seed=45 epoch=2
  SUPPLEMENT roberta_base seed=45 epoch=3
  SUPPLEMENT roberta_base seed=45 epoch=4
  SUPPLEMENT roberta_base seed=45 epoch=5
  SUPPLEMENT roberta_base seed=46 epoch=1
  SUPPLEMENT roberta_base seed=46 epoch=2
  SUPPLEMENT roberta_base seed=46 epoch=3
  SUPPLEMENT roberta_base seed=46 epoch=4
  SUPPLEMENT roberta_base seed=47 epoch=1
  SUPPLEMENT roberta_base seed=47 epoch=2
  SUPPLEMENT roberta_base seed=47 epoch=3
  SUPPLEMENT roberta_base seed=47 epoch=4
  SUPPLEMENT roberta_base seed=47 epoch=5
  SUPPLEMENT roberta_base seed=48 epoch=1
  SUPPLEMENT roberta_base seed=48 epoch=2
  SUPPLEMENT roberta_base seed=48 epoch=3
  SUPPLEMENT roberta_base seed=48 epoch=4
  SUPPLEMENT roberta_base seed=48 epoch=5
  SUPPLEMENT roberta_base seed=48 epoch=6
  SUPPLEMENT roberta_base seed=48 epoch=7
  SUPPLEMENT roberta_base seed=49 epoch=1
  SUPPLEMENT roberta_base seed=49 epoch=2
  SUPPLEMENT roberta_base seed=49 epoch=3
  SUPPLEMENT roberta_base seed=49 epoch=4
  SUPPLEMENT roberta_base seed=49 epoch=5
  SUPPLEMENT roberta_base seed=49 epoch=6

=== Cross-metric supplement done ===
  Total epoch JSON: 43, updated: 43, already complete: 0

End: Wed Jun 10 12:46:34 UTC 2026
