TMPDIR=/home/b5ac/freddieyu.b5ac/projects/project_1/runs/manuscript_regenerate/tmp/5473443
=== Manuscript regeneration (CPU) ===
REPO=/home/b5ac/freddieyu.b5ac/project_1
OUTPUT_ROOT=/home/b5ac/freddieyu.b5ac/projects/project_1
/home/b5ac/freddieyu.b5ac/miniforge3/envs/hf-hpc/lib/python3.10/runpy.py:126: RuntimeWarning: 'manuscript_regenerate.run_all' found in sys.modules after import of package 'manuscript_regenerate', but prior to execution of 'manuscript_regenerate.run_all'; this may result in unpredictable behaviour
  warn(RuntimeWarning(msg))
=== Manuscript source regeneration ===
Shared vocabulary: in-distribution benchmark (self-measured BioRED presence F1); out-of-distribution knowledge-base ranking (CIViC); evaluation-validity question
Shared style module: /home/b5ac/freddieyu.b5ac/project_1/shared/plot_style.py OK
  Palette: Okabe-Ito (8 colours)
  Semantic roles: benchmark=#0072B2, kb=#D55E00, gene-drug=#009E73, gene-disease=#CC79A7, baseline=#999999, deberta=#E69F00
  DPI=300, sans-serif, no top/right spines, light gridlines

=== Pre-flight: source artifacts ===
  step 00: OK (3 artifacts)
  step 01: OK (5 artifacts)
  step 02: OK (1 artifacts)
  step 03: OK (3 artifacts)
  step 04: OK (2 artifacts)
  step 05: OK (2 artifacts)
  step 10: OK (3 artifacts)
  step 11: OK (7 artifacts)
  step 20: OK (5 artifacts)

=== Regenerating figures ===
Traceback (most recent call last):
  File "/home/b5ac/freddieyu.b5ac/miniforge3/envs/hf-hpc/lib/python3.10/runpy.py", line 196, in _run_module_as_main
    return _run_code(code, main_globals, None,
  File "/home/b5ac/freddieyu.b5ac/miniforge3/envs/hf-hpc/lib/python3.10/runpy.py", line 86, in _run_code
    exec(code, run_globals)
  File "/home/b5ac/freddieyu.b5ac/project_1/manuscript_regenerate/run_all.py", line 171, in <module>
    main()
  File "/home/b5ac/freddieyu.b5ac/project_1/manuscript_regenerate/run_all.py", line 145, in main
    figures = regenerate_figures()
  File "/home/b5ac/freddieyu.b5ac/project_1/manuscript_regenerate/run_all.py", line 58, in regenerate_figures
    out[key] = REGENERATORS[key]()
  File "/home/b5ac/freddieyu.b5ac/project_1/manuscript_regenerate/figures.py", line 458, in regenerate_step11
    ax.set_yticklabels([_short_name(MODEL_BY_ID[m].short_name) for m in edf["model_id"]], fontsize=8)
  File "/home/b5ac/freddieyu.b5ac/project_1/manuscript_regenerate/figures.py", line 458, in <listcomp>
    ax.set_yticklabels([_short_name(MODEL_BY_ID[m].short_name) for m in edf["model_id"]], fontsize=8)
KeyError: 'bluebert_base'
