=== Round 2 cross-metric supplement (GPU) ===
  Loaded enriched pool cache (enriched_primary_pool.parquet)

=== Supplement pair×subset cross metrics ===
Encoders: ['scibert_base']
Seeds: [42, 43, 44, 45, 46, 47, 48, 49]

  SUPPLEMENT scibert_base seed=42 epoch=1
  SUPPLEMENT scibert_base seed=42 epoch=2
  SUPPLEMENT scibert_base seed=42 epoch=3
  SUPPLEMENT scibert_base seed=42 epoch=4
  SUPPLEMENT scibert_base seed=42 epoch=5
  SUPPLEMENT scibert_base seed=42 epoch=6
  SUPPLEMENT scibert_base seed=42 epoch=7
  SUPPLEMENT scibert_base seed=43 epoch=1
  SUPPLEMENT scibert_base seed=43 epoch=2
  SUPPLEMENT scibert_base seed=43 epoch=3
  SUPPLEMENT scibert_base seed=43 epoch=4
  SUPPLEMENT scibert_base seed=43 epoch=5
  SUPPLEMENT scibert_base seed=44 epoch=1
  SUPPLEMENT scibert_base seed=44 epoch=2
  SUPPLEMENT scibert_base seed=44 epoch=3
  SUPPLEMENT scibert_base seed=44 epoch=4
  SUPPLEMENT scibert_base seed=45 epoch=1
  SUPPLEMENT scibert_base seed=45 epoch=2
  SUPPLEMENT scibert_base seed=45 epoch=3
  SUPPLEMENT scibert_base seed=45 epoch=4
  SUPPLEMENT scibert_base seed=45 epoch=5
  SUPPLEMENT scibert_base seed=45 epoch=6
  SUPPLEMENT scibert_base seed=45 epoch=7
  SUPPLEMENT scibert_base seed=46 epoch=1
  SUPPLEMENT scibert_base seed=46 epoch=2
  SUPPLEMENT scibert_base seed=46 epoch=3
  SUPPLEMENT scibert_base seed=46 epoch=4
  SUPPLEMENT scibert_base seed=47 epoch=1
  SUPPLEMENT scibert_base seed=47 epoch=2
  SUPPLEMENT scibert_base seed=47 epoch=3
  SUPPLEMENT scibert_base seed=47 epoch=4
  SUPPLEMENT scibert_base seed=47 epoch=5
  SUPPLEMENT scibert_base seed=47 epoch=6
  SUPPLEMENT scibert_base seed=48 epoch=1
  SUPPLEMENT scibert_base seed=48 epoch=2
  SUPPLEMENT scibert_base seed=48 epoch=3
  SUPPLEMENT scibert_base seed=48 epoch=4
  SUPPLEMENT scibert_base seed=48 epoch=5
  SUPPLEMENT scibert_base seed=48 epoch=6
  SUPPLEMENT scibert_base seed=48 epoch=7
  SUPPLEMENT scibert_base seed=48 epoch=8
  SUPPLEMENT scibert_base seed=49 epoch=1
  SUPPLEMENT scibert_base seed=49 epoch=2
  SUPPLEMENT scibert_base seed=49 epoch=3
  SUPPLEMENT scibert_base seed=49 epoch=4
  SUPPLEMENT scibert_base seed=49 epoch=5
  SUPPLEMENT scibert_base seed=49 epoch=6
  SUPPLEMENT scibert_base seed=49 epoch=7
  SUPPLEMENT scibert_base seed=49 epoch=8

=== Cross-metric supplement done ===
  Total epoch JSON: 49, updated: 49, already complete: 0

End: Wed Jun 10 12:46:28 UTC 2026
