=== Round 2 epoch scoring (GPU) ===

=== Per-epoch scoring (5e-6/none matrix) ===
Encoders: ['biobert_base']
Seeds: [42, 43, 44, 45, 46, 47, 48, 49]
Expected epoch checkpoints: 57
Already scored: 0

  Loaded enriched pool cache (enriched_primary_pool.parquet)
[benchmark] building BioRED test examples...
[benchmark] built 14395 test examples (leaked PMIDs excluded)
  SCORE BioBERT-base seed=42 epoch=1
[benchmark] evaluating /lus/lfs1aip2/projects/b5ac/project_1/data/10_recipe_sweep_and_training/matrix/checkpoints/biobert_base/seed_42/epochs/epoch_01 on 14395 BioRED test examples
[benchmark] batch 1/450 examples=32/14395
[benchmark] batch 45/450 examples=1440/14395
[benchmark] batch 90/450 examples=2880/14395
[benchmark] batch 135/450 examples=4320/14395
[benchmark] batch 180/450 examples=5760/14395
[benchmark] batch 225/450 examples=7200/14395
[benchmark] batch 270/450 examples=8640/14395
[benchmark] batch 315/450 examples=10080/14395
[benchmark] batch 360/450 examples=11520/14395
[benchmark] batch 405/450 examples=12960/14395
[benchmark] batch 450/450 examples=14395/14395
[benchmark] done f1=0.7200 precision=0.6465 recall=0.8123 n_positives=8875
  SCORE BioBERT-base seed=42 epoch=2
[benchmark] evaluating /lus/lfs1aip2/projects/b5ac/project_1/data/10_recipe_sweep_and_training/matrix/checkpoints/biobert_base/seed_42/epochs/epoch_02 on 14395 BioRED test examples
[benchmark] batch 1/450 examples=32/14395
[benchmark] batch 45/450 examples=1440/14395
[benchmark] batch 90/450 examples=2880/14395
[benchmark] batch 135/450 examples=4320/14395
[benchmark] batch 180/450 examples=5760/14395
[benchmark] batch 225/450 examples=7200/14395
[benchmark] batch 270/450 examples=8640/14395
[benchmark] batch 315/450 examples=10080/14395
[benchmark] batch 360/450 examples=11520/14395
[benchmark] batch 405/450 examples=12960/14395
[benchmark] batch 450/450 examples=14395/14395
[benchmark] done f1=0.6682 precision=0.7293 recall=0.6166 n_positives=8875
  SCORE BioBERT-base seed=42 epoch=3
[benchmark] evaluating /lus/lfs1aip2/projects/b5ac/project_1/data/10_recipe_sweep_and_training/matrix/checkpoints/biobert_base/seed_42/epochs/epoch_03 on 14395 BioRED test examples
[benchmark] batch 1/450 examples=32/14395
[benchmark] batch 45/450 examples=1440/14395
[benchmark] batch 90/450 examples=2880/14395
[benchmark] batch 135/450 examples=4320/14395
[benchmark] batch 180/450 examples=5760/14395
[benchmark] batch 225/450 examples=7200/14395
[benchmark] batch 270/450 examples=8640/14395
[benchmark] batch 315/450 examples=10080/14395
[benchmark] batch 360/450 examples=11520/14395
[benchmark] batch 405/450 examples=12960/14395
[benchmark] batch 450/450 examples=14395/14395
[benchmark] done f1=0.6886 precision=0.7299 recall=0.6518 n_positives=8875
  SCORE BioBERT-base seed=42 epoch=4
[benchmark] evaluating /lus/lfs1aip2/projects/b5ac/project_1/data/10_recipe_sweep_and_training/matrix/checkpoints/biobert_base/seed_42/epochs/epoch_04 on 14395 BioRED test examples
[benchmark] batch 1/450 examples=32/14395
[benchmark] batch 45/450 examples=1440/14395
[benchmark] batch 90/450 examples=2880/14395
[benchmark] batch 135/450 examples=4320/14395
[benchmark] batch 180/450 examples=5760/14395
[benchmark] batch 225/450 examples=7200/14395
[benchmark] batch 270/450 examples=8640/14395
[benchmark] batch 315/450 examples=10080/14395
[benchmark] batch 360/450 examples=11520/14395
[benchmark] batch 405/450 examples=12960/14395
[benchmark] batch 450/450 examples=14395/14395
[benchmark] done f1=0.7180 precision=0.6927 recall=0.7454 n_positives=8875
  SCORE BioBERT-base seed=42 epoch=5
[benchmark] evaluating /lus/lfs1aip2/projects/b5ac/project_1/data/10_recipe_sweep_and_training/matrix/checkpoints/biobert_base/seed_42/epochs/epoch_05 on 14395 BioRED test examples
[benchmark] batch 1/450 examples=32/14395
[benchmark] batch 45/450 examples=1440/14395
[benchmark] batch 90/450 examples=2880/14395
[benchmark] batch 135/450 examples=4320/14395
[benchmark] batch 180/450 examples=5760/14395
[benchmark] batch 225/450 examples=7200/14395
[benchmark] batch 270/450 examples=8640/14395
[benchmark] batch 315/450 examples=10080/14395
[benchmark] batch 360/450 examples=11520/14395
[benchmark] batch 405/450 examples=12960/14395
[benchmark] batch 450/450 examples=14395/14395
[benchmark] done f1=0.7257 precision=0.7205 recall=0.7309 n_positives=8875
  SCORE BioBERT-base seed=42 epoch=6
[benchmark] evaluating /lus/lfs1aip2/projects/b5ac/project_1/data/10_recipe_sweep_and_training/matrix/checkpoints/biobert_base/seed_42/epochs/epoch_06 on 14395 BioRED test examples
[benchmark] batch 1/450 examples=32/14395
[benchmark] batch 45/450 examples=1440/14395
[benchmark] batch 90/450 examples=2880/14395
[benchmark] batch 135/450 examples=4320/14395
[benchmark] batch 180/450 examples=5760/14395
[benchmark] batch 225/450 examples=7200/14395
[benchmark] batch 270/450 examples=8640/14395
[benchmark] batch 315/450 examples=10080/14395
[benchmark] batch 360/450 examples=11520/14395
[benchmark] batch 405/450 examples=12960/14395
[benchmark] batch 450/450 examples=14395/14395
[benchmark] done f1=0.7031 precision=0.7242 recall=0.6832 n_positives=8875
  SCORE BioBERT-base seed=42 epoch=7
[benchmark] evaluating /lus/lfs1aip2/projects/b5ac/project_1/data/10_recipe_sweep_and_training/matrix/checkpoints/biobert_base/seed_42/epochs/epoch_07 on 14395 BioRED test examples
[benchmark] batch 1/450 examples=32/14395
[benchmark] batch 45/450 examples=1440/14395
[benchmark] batch 90/450 examples=2880/14395
[benchmark] batch 135/450 examples=4320/14395
[benchmark] batch 180/450 examples=5760/14395
[benchmark] batch 225/450 examples=7200/14395
[benchmark] batch 270/450 examples=8640/14395
[benchmark] batch 315/450 examples=10080/14395
[benchmark] batch 360/450 examples=11520/14395
[benchmark] batch 405/450 examples=12960/14395
[benchmark] batch 450/450 examples=14395/14395
[benchmark] done f1=0.6825 precision=0.7336 recall=0.6380 n_positives=8875
  SCORE BioBERT-base seed=43 epoch=1
[benchmark] evaluating /lus/lfs1aip2/projects/b5ac/project_1/data/10_recipe_sweep_and_training/matrix/checkpoints/biobert_base/seed_43/epochs/epoch_01 on 14395 BioRED test examples
[benchmark] batch 1/450 examples=32/14395
[benchmark] batch 45/450 examples=1440/14395
[benchmark] batch 90/450 examples=2880/14395
[benchmark] batch 135/450 examples=4320/14395
[benchmark] batch 180/450 examples=5760/14395
[benchmark] batch 225/450 examples=7200/14395
[benchmark] batch 270/450 examples=8640/14395
[benchmark] batch 315/450 examples=10080/14395
[benchmark] batch 360/450 examples=11520/14395
[benchmark] batch 405/450 examples=12960/14395
[benchmark] batch 450/450 examples=14395/14395
[benchmark] done f1=0.7087 precision=0.6531 recall=0.7748 n_positives=8875
  SCORE BioBERT-base seed=43 epoch=2
[benchmark] evaluating /lus/lfs1aip2/projects/b5ac/project_1/data/10_recipe_sweep_and_training/matrix/checkpoints/biobert_base/seed_43/epochs/epoch_02 on 14395 BioRED test examples
[benchmark] batch 1/450 examples=32/14395
[benchmark] batch 45/450 examples=1440/14395
[benchmark] batch 90/450 examples=2880/14395
[benchmark] batch 135/450 examples=4320/14395
[benchmark] batch 180/450 examples=5760/14395
[benchmark] batch 225/450 examples=7200/14395
[benchmark] batch 270/450 examples=8640/14395
[benchmark] batch 315/450 examples=10080/14395
[benchmark] batch 360/450 examples=11520/14395
[benchmark] batch 405/450 examples=12960/14395
[benchmark] batch 450/450 examples=14395/14395
[benchmark] done f1=0.6735 precision=0.7044 recall=0.6452 n_positives=8875
  SCORE BioBERT-base seed=43 epoch=3
[benchmark] evaluating /lus/lfs1aip2/projects/b5ac/project_1/data/10_recipe_sweep_and_training/matrix/checkpoints/biobert_base/seed_43/epochs/epoch_03 on 14395 BioRED test examples
[benchmark] batch 1/450 examples=32/14395
[benchmark] batch 45/450 examples=1440/14395
[benchmark] batch 90/450 examples=2880/14395
[benchmark] batch 135/450 examples=4320/14395
[benchmark] batch 180/450 examples=5760/14395
[benchmark] batch 225/450 examples=7200/14395
[benchmark] batch 270/450 examples=8640/14395
[benchmark] batch 315/450 examples=10080/14395
[benchmark] batch 360/450 examples=11520/14395
[benchmark] batch 405/450 examples=12960/14395
[benchmark] batch 450/450 examples=14395/14395
[benchmark] done f1=0.7039 precision=0.7246 recall=0.6843 n_positives=8875
  SCORE BioBERT-base seed=43 epoch=4
[benchmark] evaluating /lus/lfs1aip2/projects/b5ac/project_1/data/10_recipe_sweep_and_training/matrix/checkpoints/biobert_base/seed_43/epochs/epoch_04 on 14395 BioRED test examples
[benchmark] batch 1/450 examples=32/14395
[benchmark] batch 45/450 examples=1440/14395
[benchmark] batch 90/450 examples=2880/14395
[benchmark] batch 135/450 examples=4320/14395
[benchmark] batch 180/450 examples=5760/14395
[benchmark] batch 225/450 examples=7200/14395
[benchmark] batch 270/450 examples=8640/14395
[benchmark] batch 315/450 examples=10080/14395
[benchmark] batch 360/450 examples=11520/14395
[benchmark] batch 405/450 examples=12960/14395
[benchmark] batch 450/450 examples=14395/14395
[benchmark] done f1=0.7176 precision=0.7280 recall=0.7075 n_positives=8875
  SCORE BioBERT-base seed=43 epoch=5
[benchmark] evaluating /lus/lfs1aip2/projects/b5ac/project_1/data/10_recipe_sweep_and_training/matrix/checkpoints/biobert_base/seed_43/epochs/epoch_05 on 14395 BioRED test examples
[benchmark] batch 1/450 examples=32/14395
[benchmark] batch 45/450 examples=1440/14395
[benchmark] batch 90/450 examples=2880/14395
[benchmark] batch 135/450 examples=4320/14395
[benchmark] batch 180/450 examples=5760/14395
[benchmark] batch 225/450 examples=7200/14395
[benchmark] batch 270/450 examples=8640/14395
[benchmark] batch 315/450 examples=10080/14395
[benchmark] batch 360/450 examples=11520/14395
[benchmark] batch 405/450 examples=12960/14395
[benchmark] batch 450/450 examples=14395/14395
[benchmark] done f1=0.6488 precision=0.7420 recall=0.5765 n_positives=8875
  SCORE BioBERT-base seed=43 epoch=6
[benchmark] evaluating /lus/lfs1aip2/projects/b5ac/project_1/data/10_recipe_sweep_and_training/matrix/checkpoints/biobert_base/seed_43/epochs/epoch_06 on 14395 BioRED test examples
[benchmark] batch 1/450 examples=32/14395
[benchmark] batch 45/450 examples=1440/14395
[benchmark] batch 90/450 examples=2880/14395
[benchmark] batch 135/450 examples=4320/14395
[benchmark] batch 180/450 examples=5760/14395
[benchmark] batch 225/450 examples=7200/14395
[benchmark] batch 270/450 examples=8640/14395
[benchmark] batch 315/450 examples=10080/14395
[benchmark] batch 360/450 examples=11520/14395
[benchmark] batch 405/450 examples=12960/14395
[benchmark] batch 450/450 examples=14395/14395
[benchmark] done f1=0.7213 precision=0.7056 recall=0.7378 n_positives=8875
  SCORE BioBERT-base seed=43 epoch=7
[benchmark] evaluating /lus/lfs1aip2/projects/b5ac/project_1/data/10_recipe_sweep_and_training/matrix/checkpoints/biobert_base/seed_43/epochs/epoch_07 on 14395 BioRED test examples
[benchmark] batch 1/450 examples=32/14395
[benchmark] batch 45/450 examples=1440/14395
[benchmark] batch 90/450 examples=2880/14395
[benchmark] batch 135/450 examples=4320/14395
[benchmark] batch 180/450 examples=5760/14395
[benchmark] batch 225/450 examples=7200/14395
[benchmark] batch 270/450 examples=8640/14395
[benchmark] batch 315/450 examples=10080/14395
[benchmark] batch 360/450 examples=11520/14395
[benchmark] batch 405/450 examples=12960/14395
[benchmark] batch 450/450 examples=14395/14395
[benchmark] done f1=0.6522 precision=0.7544 recall=0.5744 n_positives=8875
  SCORE BioBERT-base seed=43 epoch=8
[benchmark] evaluating /lus/lfs1aip2/projects/b5ac/project_1/data/10_recipe_sweep_and_training/matrix/checkpoints/biobert_base/seed_43/epochs/epoch_08 on 14395 BioRED test examples
[benchmark] batch 1/450 examples=32/14395
[benchmark] batch 45/450 examples=1440/14395
[benchmark] batch 90/450 examples=2880/14395
[benchmark] batch 135/450 examples=4320/14395
[benchmark] batch 180/450 examples=5760/14395
[benchmark] batch 225/450 examples=7200/14395
[benchmark] batch 270/450 examples=8640/14395
[benchmark] batch 315/450 examples=10080/14395
[benchmark] batch 360/450 examples=11520/14395
[benchmark] batch 405/450 examples=12960/14395
[benchmark] batch 450/450 examples=14395/14395
[benchmark] done f1=0.6659 precision=0.7478 recall=0.6002 n_positives=8875
  SCORE BioBERT-base seed=43 epoch=9
[benchmark] evaluating /lus/lfs1aip2/projects/b5ac/project_1/data/10_recipe_sweep_and_training/matrix/checkpoints/biobert_base/seed_43/epochs/epoch_09 on 14395 BioRED test examples
[benchmark] batch 1/450 examples=32/14395
[benchmark] batch 45/450 examples=1440/14395
[benchmark] batch 90/450 examples=2880/14395
[benchmark] batch 135/450 examples=4320/14395
[benchmark] batch 180/450 examples=5760/14395
[benchmark] batch 225/450 examples=7200/14395
[benchmark] batch 270/450 examples=8640/14395
[benchmark] batch 315/450 examples=10080/14395
[benchmark] batch 360/450 examples=11520/14395
[benchmark] batch 405/450 examples=12960/14395
[benchmark] batch 450/450 examples=14395/14395
[benchmark] done f1=0.7261 precision=0.7183 recall=0.7341 n_positives=8875
  SCORE BioBERT-base seed=43 epoch=10
[benchmark] evaluating /lus/lfs1aip2/projects/b5ac/project_1/data/10_recipe_sweep_and_training/matrix/checkpoints/biobert_base/seed_43/epochs/epoch_10 on 14395 BioRED test examples
[benchmark] batch 1/450 examples=32/14395
[benchmark] batch 45/450 examples=1440/14395
[benchmark] batch 90/450 examples=2880/14395
[benchmark] batch 135/450 examples=4320/14395
[benchmark] batch 180/450 examples=5760/14395
[benchmark] batch 225/450 examples=7200/14395
[benchmark] batch 270/450 examples=8640/14395
[benchmark] batch 315/450 examples=10080/14395
[benchmark] batch 360/450 examples=11520/14395
[benchmark] batch 405/450 examples=12960/14395
[benchmark] batch 450/450 examples=14395/14395
[benchmark] done f1=0.6976 precision=0.7009 recall=0.6943 n_positives=8875
  SCORE BioBERT-base seed=44 epoch=1
[benchmark] evaluating /lus/lfs1aip2/projects/b5ac/project_1/data/10_recipe_sweep_and_training/matrix/checkpoints/biobert_base/seed_44/epochs/epoch_01 on 14395 BioRED test examples
[benchmark] batch 1/450 examples=32/14395
[benchmark] batch 45/450 examples=1440/14395
[benchmark] batch 90/450 examples=2880/14395
[benchmark] batch 135/450 examples=4320/14395
[benchmark] batch 180/450 examples=5760/14395
[benchmark] batch 225/450 examples=7200/14395
[benchmark] batch 270/450 examples=8640/14395
[benchmark] batch 315/450 examples=10080/14395
[benchmark] batch 360/450 examples=11520/14395
[benchmark] batch 405/450 examples=12960/14395
[benchmark] batch 450/450 examples=14395/14395
[benchmark] done f1=0.6900 precision=0.7111 recall=0.6702 n_positives=8875
  SCORE BioBERT-base seed=44 epoch=2
[benchmark] evaluating /lus/lfs1aip2/projects/b5ac/project_1/data/10_recipe_sweep_and_training/matrix/checkpoints/biobert_base/seed_44/epochs/epoch_02 on 14395 BioRED test examples
[benchmark] batch 1/450 examples=32/14395
[benchmark] batch 45/450 examples=1440/14395
[benchmark] batch 90/450 examples=2880/14395
[benchmark] batch 135/450 examples=4320/14395
[benchmark] batch 180/450 examples=5760/14395
[benchmark] batch 225/450 examples=7200/14395
[benchmark] batch 270/450 examples=8640/14395
[benchmark] batch 315/450 examples=10080/14395
[benchmark] batch 360/450 examples=11520/14395
[benchmark] batch 405/450 examples=12960/14395
[benchmark] batch 450/450 examples=14395/14395
[benchmark] done f1=0.7299 precision=0.7159 recall=0.7445 n_positives=8875
  SCORE BioBERT-base seed=44 epoch=3
[benchmark] evaluating /lus/lfs1aip2/projects/b5ac/project_1/data/10_recipe_sweep_and_training/matrix/checkpoints/biobert_base/seed_44/epochs/epoch_03 on 14395 BioRED test examples
[benchmark] batch 1/450 examples=32/14395
[benchmark] batch 45/450 examples=1440/14395
[benchmark] batch 90/450 examples=2880/14395
[benchmark] batch 135/450 examples=4320/14395
[benchmark] batch 180/450 examples=5760/14395
[benchmark] batch 225/450 examples=7200/14395
[benchmark] batch 270/450 examples=8640/14395
[benchmark] batch 315/450 examples=10080/14395
[benchmark] batch 360/450 examples=11520/14395
[benchmark] batch 405/450 examples=12960/14395
[benchmark] batch 450/450 examples=14395/14395
[benchmark] done f1=0.7262 precision=0.6909 recall=0.7652 n_positives=8875
  SCORE BioBERT-base seed=44 epoch=4
[benchmark] evaluating /lus/lfs1aip2/projects/b5ac/project_1/data/10_recipe_sweep_and_training/matrix/checkpoints/biobert_base/seed_44/epochs/epoch_04 on 14395 BioRED test examples
[benchmark] batch 1/450 examples=32/14395
[benchmark] batch 45/450 examples=1440/14395
[benchmark] batch 90/450 examples=2880/14395
[benchmark] batch 135/450 examples=4320/14395
[benchmark] batch 180/450 examples=5760/14395
[benchmark] batch 225/450 examples=7200/14395
[benchmark] batch 270/450 examples=8640/14395
[benchmark] batch 315/450 examples=10080/14395
[benchmark] batch 360/450 examples=11520/14395
[benchmark] batch 405/450 examples=12960/14395
[benchmark] batch 450/450 examples=14395/14395
[benchmark] done f1=0.6979 precision=0.7321 recall=0.6668 n_positives=8875
  SCORE BioBERT-base seed=44 epoch=5
[benchmark] evaluating /lus/lfs1aip2/projects/b5ac/project_1/data/10_recipe_sweep_and_training/matrix/checkpoints/biobert_base/seed_44/epochs/epoch_05 on 14395 BioRED test examples
[benchmark] batch 1/450 examples=32/14395
[benchmark] batch 45/450 examples=1440/14395
[benchmark] batch 90/450 examples=2880/14395
[benchmark] batch 135/450 examples=4320/14395
[benchmark] batch 180/450 examples=5760/14395
[benchmark] batch 225/450 examples=7200/14395
[benchmark] batch 270/450 examples=8640/14395
[benchmark] batch 315/450 examples=10080/14395
[benchmark] batch 360/450 examples=11520/14395
[benchmark] batch 405/450 examples=12960/14395
[benchmark] batch 450/450 examples=14395/14395
[benchmark] done f1=0.6916 precision=0.7362 recall=0.6522 n_positives=8875
  SCORE BioBERT-base seed=44 epoch=6
[benchmark] evaluating /lus/lfs1aip2/projects/b5ac/project_1/data/10_recipe_sweep_and_training/matrix/checkpoints/biobert_base/seed_44/epochs/epoch_06 on 14395 BioRED test examples
[benchmark] batch 1/450 examples=32/14395
[benchmark] batch 45/450 examples=1440/14395
[benchmark] batch 90/450 examples=2880/14395
[benchmark] batch 135/450 examples=4320/14395
[benchmark] batch 180/450 examples=5760/14395
[benchmark] batch 225/450 examples=7200/14395
[benchmark] batch 270/450 examples=8640/14395
[benchmark] batch 315/450 examples=10080/14395
[benchmark] batch 360/450 examples=11520/14395
[benchmark] batch 405/450 examples=12960/14395
[benchmark] batch 450/450 examples=14395/14395
[benchmark] done f1=0.7437 precision=0.6995 recall=0.7938 n_positives=8875
  SCORE BioBERT-base seed=44 epoch=7
[benchmark] evaluating /lus/lfs1aip2/projects/b5ac/project_1/data/10_recipe_sweep_and_training/matrix/checkpoints/biobert_base/seed_44/epochs/epoch_07 on 14395 BioRED test examples
[benchmark] batch 1/450 examples=32/14395
[benchmark] batch 45/450 examples=1440/14395
[benchmark] batch 90/450 examples=2880/14395
[benchmark] batch 135/450 examples=4320/14395
[benchmark] batch 180/450 examples=5760/14395
[benchmark] batch 225/450 examples=7200/14395
[benchmark] batch 270/450 examples=8640/14395
[benchmark] batch 315/450 examples=10080/14395
[benchmark] batch 360/450 examples=11520/14395
[benchmark] batch 405/450 examples=12960/14395
[benchmark] batch 450/450 examples=14395/14395
[benchmark] done f1=0.6993 precision=0.7207 recall=0.6792 n_positives=8875
  SCORE BioBERT-base seed=44 epoch=8
[benchmark] evaluating /lus/lfs1aip2/projects/b5ac/project_1/data/10_recipe_sweep_and_training/matrix/checkpoints/biobert_base/seed_44/epochs/epoch_08 on 14395 BioRED test examples
[benchmark] batch 1/450 examples=32/14395
[benchmark] batch 45/450 examples=1440/14395
[benchmark] batch 90/450 examples=2880/14395
[benchmark] batch 135/450 examples=4320/14395
[benchmark] batch 180/450 examples=5760/14395
[benchmark] batch 225/450 examples=7200/14395
[benchmark] batch 270/450 examples=8640/14395
[benchmark] batch 315/450 examples=10080/14395
[benchmark] batch 360/450 examples=11520/14395
[benchmark] batch 405/450 examples=12960/14395
[benchmark] batch 450/450 examples=14395/14395
[benchmark] done f1=0.7005 precision=0.7366 recall=0.6678 n_positives=8875
  SCORE BioBERT-base seed=44 epoch=9
[benchmark] evaluating /lus/lfs1aip2/projects/b5ac/project_1/data/10_recipe_sweep_and_training/matrix/checkpoints/biobert_base/seed_44/epochs/epoch_09 on 14395 BioRED test examples
[benchmark] batch 1/450 examples=32/14395
[benchmark] batch 45/450 examples=1440/14395
[benchmark] batch 90/450 examples=2880/14395
[benchmark] batch 135/450 examples=4320/14395
[benchmark] batch 180/450 examples=5760/14395
[benchmark] batch 225/450 examples=7200/14395
[benchmark] batch 270/450 examples=8640/14395
[benchmark] batch 315/450 examples=10080/14395
[benchmark] batch 360/450 examples=11520/14395
[benchmark] batch 405/450 examples=12960/14395
[benchmark] batch 450/450 examples=14395/14395
[benchmark] done f1=0.7461 precision=0.7265 recall=0.7666 n_positives=8875
  SCORE BioBERT-base seed=45 epoch=1
[benchmark] evaluating /lus/lfs1aip2/projects/b5ac/project_1/data/10_recipe_sweep_and_training/matrix/checkpoints/biobert_base/seed_45/epochs/epoch_01 on 14395 BioRED test examples
[benchmark] batch 1/450 examples=32/14395
[benchmark] batch 45/450 examples=1440/14395
[benchmark] batch 90/450 examples=2880/14395
[benchmark] batch 135/450 examples=4320/14395
[benchmark] batch 180/450 examples=5760/14395
[benchmark] batch 225/450 examples=7200/14395
[benchmark] batch 270/450 examples=8640/14395
[benchmark] batch 315/450 examples=10080/14395
[benchmark] batch 360/450 examples=11520/14395
[benchmark] batch 405/450 examples=12960/14395
[benchmark] batch 450/450 examples=14395/14395
[benchmark] done f1=0.7047 precision=0.6520 recall=0.7668 n_positives=8875
  SCORE BioBERT-base seed=45 epoch=2
[benchmark] evaluating /lus/lfs1aip2/projects/b5ac/project_1/data/10_recipe_sweep_and_training/matrix/checkpoints/biobert_base/seed_45/epochs/epoch_02 on 14395 BioRED test examples
[benchmark] batch 1/450 examples=32/14395
[benchmark] batch 45/450 examples=1440/14395
[benchmark] batch 90/450 examples=2880/14395
[benchmark] batch 135/450 examples=4320/14395
[benchmark] batch 180/450 examples=5760/14395
[benchmark] batch 225/450 examples=7200/14395
[benchmark] batch 270/450 examples=8640/14395
[benchmark] batch 315/450 examples=10080/14395
[benchmark] batch 360/450 examples=11520/14395
[benchmark] batch 405/450 examples=12960/14395
[benchmark] batch 450/450 examples=14395/14395
[benchmark] done f1=0.7274 precision=0.6549 recall=0.8180 n_positives=8875
  SCORE BioBERT-base seed=45 epoch=3
[benchmark] evaluating /lus/lfs1aip2/projects/b5ac/project_1/data/10_recipe_sweep_and_training/matrix/checkpoints/biobert_base/seed_45/epochs/epoch_03 on 14395 BioRED test examples
[benchmark] batch 1/450 examples=32/14395
[benchmark] batch 45/450 examples=1440/14395
[benchmark] batch 90/450 examples=2880/14395
[benchmark] batch 135/450 examples=4320/14395
[benchmark] batch 180/450 examples=5760/14395
[benchmark] batch 225/450 examples=7200/14395
[benchmark] batch 270/450 examples=8640/14395
[benchmark] batch 315/450 examples=10080/14395
[benchmark] batch 360/450 examples=11520/14395
[benchmark] batch 405/450 examples=12960/14395
[benchmark] batch 450/450 examples=14395/14395
[benchmark] done f1=0.7324 precision=0.6787 recall=0.7954 n_positives=8875
  SCORE BioBERT-base seed=45 epoch=4
[benchmark] evaluating /lus/lfs1aip2/projects/b5ac/project_1/data/10_recipe_sweep_and_training/matrix/checkpoints/biobert_base/seed_45/epochs/epoch_04 on 14395 BioRED test examples
[benchmark] batch 1/450 examples=32/14395
[benchmark] batch 45/450 examples=1440/14395
[benchmark] batch 90/450 examples=2880/14395
[benchmark] batch 135/450 examples=4320/14395
[benchmark] batch 180/450 examples=5760/14395
[benchmark] batch 225/450 examples=7200/14395
[benchmark] batch 270/450 examples=8640/14395
[benchmark] batch 315/450 examples=10080/14395
[benchmark] batch 360/450 examples=11520/14395
[benchmark] batch 405/450 examples=12960/14395
[benchmark] batch 450/450 examples=14395/14395
[benchmark] done f1=0.7478 precision=0.6652 recall=0.8539 n_positives=8875
  SCORE BioBERT-base seed=45 epoch=5
[benchmark] evaluating /lus/lfs1aip2/projects/b5ac/project_1/data/10_recipe_sweep_and_training/matrix/checkpoints/biobert_base/seed_45/epochs/epoch_05 on 14395 BioRED test examples
[benchmark] batch 1/450 examples=32/14395
[benchmark] batch 45/450 examples=1440/14395
[benchmark] batch 90/450 examples=2880/14395
[benchmark] batch 135/450 examples=4320/14395
[benchmark] batch 180/450 examples=5760/14395
[benchmark] batch 225/450 examples=7200/14395
[benchmark] batch 270/450 examples=8640/14395
[benchmark] batch 315/450 examples=10080/14395
[benchmark] batch 360/450 examples=11520/14395
[benchmark] batch 405/450 examples=12960/14395
[benchmark] batch 450/450 examples=14395/14395
[benchmark] done f1=0.7344 precision=0.6808 recall=0.7972 n_positives=8875
  SCORE BioBERT-base seed=45 epoch=6
[benchmark] evaluating /lus/lfs1aip2/projects/b5ac/project_1/data/10_recipe_sweep_and_training/matrix/checkpoints/biobert_base/seed_45/epochs/epoch_06 on 14395 BioRED test examples
[benchmark] batch 1/450 examples=32/14395
[benchmark] batch 45/450 examples=1440/14395
[benchmark] batch 90/450 examples=2880/14395
[benchmark] batch 135/450 examples=4320/14395
[benchmark] batch 180/450 examples=5760/14395
[benchmark] batch 225/450 examples=7200/14395
[benchmark] batch 270/450 examples=8640/14395
[benchmark] batch 315/450 examples=10080/14395
[benchmark] batch 360/450 examples=11520/14395
[benchmark] batch 405/450 examples=12960/14395
[benchmark] batch 450/450 examples=14395/14395
[benchmark] done f1=0.7134 precision=0.6933 recall=0.7348 n_positives=8875
  SCORE BioBERT-base seed=45 epoch=7
[benchmark] evaluating /lus/lfs1aip2/projects/b5ac/project_1/data/10_recipe_sweep_and_training/matrix/checkpoints/biobert_base/seed_45/epochs/epoch_07 on 14395 BioRED test examples
[benchmark] batch 1/450 examples=32/14395
[benchmark] batch 45/450 examples=1440/14395
[benchmark] batch 90/450 examples=2880/14395
[benchmark] batch 135/450 examples=4320/14395
[benchmark] batch 180/450 examples=5760/14395
[benchmark] batch 225/450 examples=7200/14395
[benchmark] batch 270/450 examples=8640/14395
[benchmark] batch 315/450 examples=10080/14395
[benchmark] batch 360/450 examples=11520/14395
[benchmark] batch 405/450 examples=12960/14395
[benchmark] batch 450/450 examples=14395/14395
[benchmark] done f1=0.7171 precision=0.6846 recall=0.7529 n_positives=8875
  SCORE BioBERT-base seed=46 epoch=1
[benchmark] evaluating /lus/lfs1aip2/projects/b5ac/project_1/data/10_recipe_sweep_and_training/matrix/checkpoints/biobert_base/seed_46/epochs/epoch_01 on 14395 BioRED test examples
[benchmark] batch 1/450 examples=32/14395
[benchmark] batch 45/450 examples=1440/14395
[benchmark] batch 90/450 examples=2880/14395
[benchmark] batch 135/450 examples=4320/14395
[benchmark] batch 180/450 examples=5760/14395
[benchmark] batch 225/450 examples=7200/14395
[benchmark] batch 270/450 examples=8640/14395
[benchmark] batch 315/450 examples=10080/14395
[benchmark] batch 360/450 examples=11520/14395
[benchmark] batch 405/450 examples=12960/14395
[benchmark] batch 450/450 examples=14395/14395
[benchmark] done f1=0.7102 precision=0.6770 recall=0.7469 n_positives=8875
  SCORE BioBERT-base seed=46 epoch=2
[benchmark] evaluating /lus/lfs1aip2/projects/b5ac/project_1/data/10_recipe_sweep_and_training/matrix/checkpoints/biobert_base/seed_46/epochs/epoch_02 on 14395 BioRED test examples
[benchmark] batch 1/450 examples=32/14395
[benchmark] batch 45/450 examples=1440/14395
[benchmark] batch 90/450 examples=2880/14395
[benchmark] batch 135/450 examples=4320/14395
[benchmark] batch 180/450 examples=5760/14395
[benchmark] batch 225/450 examples=7200/14395
[benchmark] batch 270/450 examples=8640/14395
[benchmark] batch 315/450 examples=10080/14395
[benchmark] batch 360/450 examples=11520/14395
[benchmark] batch 405/450 examples=12960/14395
[benchmark] batch 450/450 examples=14395/14395
[benchmark] done f1=0.7228 precision=0.6897 recall=0.7592 n_positives=8875
  SCORE BioBERT-base seed=46 epoch=3
[benchmark] evaluating /lus/lfs1aip2/projects/b5ac/project_1/data/10_recipe_sweep_and_training/matrix/checkpoints/biobert_base/seed_46/epochs/epoch_03 on 14395 BioRED test examples
[benchmark] batch 1/450 examples=32/14395
[benchmark] batch 45/450 examples=1440/14395
[benchmark] batch 90/450 examples=2880/14395
[benchmark] batch 135/450 examples=4320/14395
[benchmark] batch 180/450 examples=5760/14395
[benchmark] batch 225/450 examples=7200/14395
[benchmark] batch 270/450 examples=8640/14395
[benchmark] batch 315/450 examples=10080/14395
[benchmark] batch 360/450 examples=11520/14395
[benchmark] batch 405/450 examples=12960/14395
[benchmark] batch 450/450 examples=14395/14395
[benchmark] done f1=0.7417 precision=0.6922 recall=0.7989 n_positives=8875
  SCORE BioBERT-base seed=46 epoch=4
[benchmark] evaluating /lus/lfs1aip2/projects/b5ac/project_1/data/10_recipe_sweep_and_training/matrix/checkpoints/biobert_base/seed_46/epochs/epoch_04 on 14395 BioRED test examples
[benchmark] batch 1/450 examples=32/14395
[benchmark] batch 45/450 examples=1440/14395
[benchmark] batch 90/450 examples=2880/14395
[benchmark] batch 135/450 examples=4320/14395
[benchmark] batch 180/450 examples=5760/14395
[benchmark] batch 225/450 examples=7200/14395
[benchmark] batch 270/450 examples=8640/14395
[benchmark] batch 315/450 examples=10080/14395
[benchmark] batch 360/450 examples=11520/14395
[benchmark] batch 405/450 examples=12960/14395
[benchmark] batch 450/450 examples=14395/14395
[benchmark] done f1=0.7088 precision=0.7233 recall=0.6950 n_positives=8875
  SCORE BioBERT-base seed=46 epoch=5
[benchmark] evaluating /lus/lfs1aip2/projects/b5ac/project_1/data/10_recipe_sweep_and_training/matrix/checkpoints/biobert_base/seed_46/epochs/epoch_05 on 14395 BioRED test examples
[benchmark] batch 1/450 examples=32/14395
[benchmark] batch 45/450 examples=1440/14395
[benchmark] batch 90/450 examples=2880/14395
[benchmark] batch 135/450 examples=4320/14395
[benchmark] batch 180/450 examples=5760/14395
[benchmark] batch 225/450 examples=7200/14395
[benchmark] batch 270/450 examples=8640/14395
[benchmark] batch 315/450 examples=10080/14395
[benchmark] batch 360/450 examples=11520/14395
[benchmark] batch 405/450 examples=12960/14395
[benchmark] batch 450/450 examples=14395/14395
[benchmark] done f1=0.7272 precision=0.7111 recall=0.7440 n_positives=8875
  SCORE BioBERT-base seed=46 epoch=6
[benchmark] evaluating /lus/lfs1aip2/projects/b5ac/project_1/data/10_recipe_sweep_and_training/matrix/checkpoints/biobert_base/seed_46/epochs/epoch_06 on 14395 BioRED test examples
[benchmark] batch 1/450 examples=32/14395
[benchmark] batch 45/450 examples=1440/14395
[benchmark] batch 90/450 examples=2880/14395
[benchmark] batch 135/450 examples=4320/14395
[benchmark] batch 180/450 examples=5760/14395
[benchmark] batch 225/450 examples=7200/14395
[benchmark] batch 270/450 examples=8640/14395
[benchmark] batch 315/450 examples=10080/14395
[benchmark] batch 360/450 examples=11520/14395
[benchmark] batch 405/450 examples=12960/14395
[benchmark] batch 450/450 examples=14395/14395
[benchmark] done f1=0.7069 precision=0.7417 recall=0.6752 n_positives=8875
  SCORE BioBERT-base seed=47 epoch=1
[benchmark] evaluating /lus/lfs1aip2/projects/b5ac/project_1/data/10_recipe_sweep_and_training/matrix/checkpoints/biobert_base/seed_47/epochs/epoch_01 on 14395 BioRED test examples
[benchmark] batch 1/450 examples=32/14395
[benchmark] batch 45/450 examples=1440/14395
[benchmark] batch 90/450 examples=2880/14395
[benchmark] batch 135/450 examples=4320/14395
[benchmark] batch 180/450 examples=5760/14395
[benchmark] batch 225/450 examples=7200/14395
[benchmark] batch 270/450 examples=8640/14395
[benchmark] batch 315/450 examples=10080/14395
[benchmark] batch 360/450 examples=11520/14395
[benchmark] batch 405/450 examples=12960/14395
[benchmark] batch 450/450 examples=14395/14395
[benchmark] done f1=0.6935 precision=0.6529 recall=0.7396 n_positives=8875
  SCORE BioBERT-base seed=47 epoch=2
[benchmark] evaluating /lus/lfs1aip2/projects/b5ac/project_1/data/10_recipe_sweep_and_training/matrix/checkpoints/biobert_base/seed_47/epochs/epoch_02 on 14395 BioRED test examples
[benchmark] batch 1/450 examples=32/14395
[benchmark] batch 45/450 examples=1440/14395
[benchmark] batch 90/450 examples=2880/14395
[benchmark] batch 135/450 examples=4320/14395
[benchmark] batch 180/450 examples=5760/14395
[benchmark] batch 225/450 examples=7200/14395
[benchmark] batch 270/450 examples=8640/14395
[benchmark] batch 315/450 examples=10080/14395
[benchmark] batch 360/450 examples=11520/14395
[benchmark] batch 405/450 examples=12960/14395
[benchmark] batch 450/450 examples=14395/14395
[benchmark] done f1=0.6704 precision=0.7023 recall=0.6414 n_positives=8875
  SCORE BioBERT-base seed=47 epoch=3
[benchmark] evaluating /lus/lfs1aip2/projects/b5ac/project_1/data/10_recipe_sweep_and_training/matrix/checkpoints/biobert_base/seed_47/epochs/epoch_03 on 14395 BioRED test examples
[benchmark] batch 1/450 examples=32/14395
[benchmark] batch 45/450 examples=1440/14395
[benchmark] batch 90/450 examples=2880/14395
[benchmark] batch 135/450 examples=4320/14395
[benchmark] batch 180/450 examples=5760/14395
[benchmark] batch 225/450 examples=7200/14395
[benchmark] batch 270/450 examples=8640/14395
[benchmark] batch 315/450 examples=10080/14395
[benchmark] batch 360/450 examples=11520/14395
[benchmark] batch 405/450 examples=12960/14395
[benchmark] batch 450/450 examples=14395/14395
[benchmark] done f1=0.7304 precision=0.6792 recall=0.7899 n_positives=8875
  SCORE BioBERT-base seed=47 epoch=4
[benchmark] evaluating /lus/lfs1aip2/projects/b5ac/project_1/data/10_recipe_sweep_and_training/matrix/checkpoints/biobert_base/seed_47/epochs/epoch_04 on 14395 BioRED test examples
[benchmark] batch 1/450 examples=32/14395
[benchmark] batch 45/450 examples=1440/14395
[benchmark] batch 90/450 examples=2880/14395
[benchmark] batch 135/450 examples=4320/14395
[benchmark] batch 180/450 examples=5760/14395
[benchmark] batch 225/450 examples=7200/14395
[benchmark] batch 270/450 examples=8640/14395
[benchmark] batch 315/450 examples=10080/14395
[benchmark] batch 360/450 examples=11520/14395
[benchmark] batch 405/450 examples=12960/14395
[benchmark] batch 450/450 examples=14395/14395
[benchmark] done f1=0.7248 precision=0.6840 recall=0.7708 n_positives=8875
  SCORE BioBERT-base seed=47 epoch=5
[benchmark] evaluating /lus/lfs1aip2/projects/b5ac/project_1/data/10_recipe_sweep_and_training/matrix/checkpoints/biobert_base/seed_47/epochs/epoch_05 on 14395 BioRED test examples
[benchmark] batch 1/450 examples=32/14395
[benchmark] batch 45/450 examples=1440/14395
[benchmark] batch 90/450 examples=2880/14395
[benchmark] batch 135/450 examples=4320/14395
[benchmark] batch 180/450 examples=5760/14395
[benchmark] batch 225/450 examples=7200/14395
[benchmark] batch 270/450 examples=8640/14395
[benchmark] batch 315/450 examples=10080/14395
[benchmark] batch 360/450 examples=11520/14395
[benchmark] batch 405/450 examples=12960/14395
[benchmark] batch 450/450 examples=14395/14395
[benchmark] done f1=0.7107 precision=0.6820 recall=0.7419 n_positives=8875
  SCORE BioBERT-base seed=47 epoch=6
[benchmark] evaluating /lus/lfs1aip2/projects/b5ac/project_1/data/10_recipe_sweep_and_training/matrix/checkpoints/biobert_base/seed_47/epochs/epoch_06 on 14395 BioRED test examples
[benchmark] batch 1/450 examples=32/14395
[benchmark] batch 45/450 examples=1440/14395
[benchmark] batch 90/450 examples=2880/14395
[benchmark] batch 135/450 examples=4320/14395
[benchmark] batch 180/450 examples=5760/14395
[benchmark] batch 225/450 examples=7200/14395
[benchmark] batch 270/450 examples=8640/14395
[benchmark] batch 315/450 examples=10080/14395
[benchmark] batch 360/450 examples=11520/14395
[benchmark] batch 405/450 examples=12960/14395
[benchmark] batch 450/450 examples=14395/14395
[benchmark] done f1=0.6912 precision=0.7101 recall=0.6734 n_positives=8875
  SCORE BioBERT-base seed=48 epoch=1
[benchmark] evaluating /lus/lfs1aip2/projects/b5ac/project_1/data/10_recipe_sweep_and_training/matrix/checkpoints/biobert_base/seed_48/epochs/epoch_01 on 14395 BioRED test examples
[benchmark] batch 1/450 examples=32/14395
[benchmark] batch 45/450 examples=1440/14395
[benchmark] batch 90/450 examples=2880/14395
[benchmark] batch 135/450 examples=4320/14395
[benchmark] batch 180/450 examples=5760/14395
[benchmark] batch 225/450 examples=7200/14395
[benchmark] batch 270/450 examples=8640/14395
[benchmark] batch 315/450 examples=10080/14395
[benchmark] batch 360/450 examples=11520/14395
[benchmark] batch 405/450 examples=12960/14395
[benchmark] batch 450/450 examples=14395/14395
[benchmark] done f1=0.6591 precision=0.6601 recall=0.6581 n_positives=8875
  SCORE BioBERT-base seed=48 epoch=2
[benchmark] evaluating /lus/lfs1aip2/projects/b5ac/project_1/data/10_recipe_sweep_and_training/matrix/checkpoints/biobert_base/seed_48/epochs/epoch_02 on 14395 BioRED test examples
[benchmark] batch 1/450 examples=32/14395
[benchmark] batch 45/450 examples=1440/14395
[benchmark] batch 90/450 examples=2880/14395
[benchmark] batch 135/450 examples=4320/14395
[benchmark] batch 180/450 examples=5760/14395
[benchmark] batch 225/450 examples=7200/14395
[benchmark] batch 270/450 examples=8640/14395
[benchmark] batch 315/450 examples=10080/14395
[benchmark] batch 360/450 examples=11520/14395
[benchmark] batch 405/450 examples=12960/14395
[benchmark] batch 450/450 examples=14395/14395
[benchmark] done f1=0.7131 precision=0.6708 recall=0.7611 n_positives=8875
  SCORE BioBERT-base seed=48 epoch=3
[benchmark] evaluating /lus/lfs1aip2/projects/b5ac/project_1/data/10_recipe_sweep_and_training/matrix/checkpoints/biobert_base/seed_48/epochs/epoch_03 on 14395 BioRED test examples
[benchmark] batch 1/450 examples=32/14395
[benchmark] batch 45/450 examples=1440/14395
[benchmark] batch 90/450 examples=2880/14395
[benchmark] batch 135/450 examples=4320/14395
[benchmark] batch 180/450 examples=5760/14395
[benchmark] batch 225/450 examples=7200/14395
[benchmark] batch 270/450 examples=8640/14395
[benchmark] batch 315/450 examples=10080/14395
[benchmark] batch 360/450 examples=11520/14395
[benchmark] batch 405/450 examples=12960/14395
[benchmark] batch 450/450 examples=14395/14395
[benchmark] done f1=0.7288 precision=0.6812 recall=0.7837 n_positives=8875
  SCORE BioBERT-base seed=48 epoch=4
[benchmark] evaluating /lus/lfs1aip2/projects/b5ac/project_1/data/10_recipe_sweep_and_training/matrix/checkpoints/biobert_base/seed_48/epochs/epoch_04 on 14395 BioRED test examples
[benchmark] batch 1/450 examples=32/14395
[benchmark] batch 45/450 examples=1440/14395
[benchmark] batch 90/450 examples=2880/14395
[benchmark] batch 135/450 examples=4320/14395
[benchmark] batch 180/450 examples=5760/14395
[benchmark] batch 225/450 examples=7200/14395
[benchmark] batch 270/450 examples=8640/14395
[benchmark] batch 315/450 examples=10080/14395
[benchmark] batch 360/450 examples=11520/14395
[benchmark] batch 405/450 examples=12960/14395
[benchmark] batch 450/450 examples=14395/14395
[benchmark] done f1=0.7234 precision=0.6936 recall=0.7559 n_positives=8875
  SCORE BioBERT-base seed=48 epoch=5
[benchmark] evaluating /lus/lfs1aip2/projects/b5ac/project_1/data/10_recipe_sweep_and_training/matrix/checkpoints/biobert_base/seed_48/epochs/epoch_05 on 14395 BioRED test examples
[benchmark] batch 1/450 examples=32/14395
[benchmark] batch 45/450 examples=1440/14395
[benchmark] batch 90/450 examples=2880/14395
[benchmark] batch 135/450 examples=4320/14395
[benchmark] batch 180/450 examples=5760/14395
[benchmark] batch 225/450 examples=7200/14395
[benchmark] batch 270/450 examples=8640/14395
[benchmark] batch 315/450 examples=10080/14395
[benchmark] batch 360/450 examples=11520/14395
[benchmark] batch 405/450 examples=12960/14395
[benchmark] batch 450/450 examples=14395/14395
[benchmark] done f1=0.7383 precision=0.6948 recall=0.7876 n_positives=8875
  SCORE BioBERT-base seed=48 epoch=6
[benchmark] evaluating /lus/lfs1aip2/projects/b5ac/project_1/data/10_recipe_sweep_and_training/matrix/checkpoints/biobert_base/seed_48/epochs/epoch_06 on 14395 BioRED test examples
[benchmark] batch 1/450 examples=32/14395
[benchmark] batch 45/450 examples=1440/14395
[benchmark] batch 90/450 examples=2880/14395
[benchmark] batch 135/450 examples=4320/14395
[benchmark] batch 180/450 examples=5760/14395
[benchmark] batch 225/450 examples=7200/14395
[benchmark] batch 270/450 examples=8640/14395
[benchmark] batch 315/450 examples=10080/14395
[benchmark] batch 360/450 examples=11520/14395
[benchmark] batch 405/450 examples=12960/14395
[benchmark] batch 450/450 examples=14395/14395
[benchmark] done f1=0.7005 precision=0.7371 recall=0.6673 n_positives=8875
  SCORE BioBERT-base seed=48 epoch=7
[benchmark] evaluating /lus/lfs1aip2/projects/b5ac/project_1/data/10_recipe_sweep_and_training/matrix/checkpoints/biobert_base/seed_48/epochs/epoch_07 on 14395 BioRED test examples
[benchmark] batch 1/450 examples=32/14395
[benchmark] batch 45/450 examples=1440/14395
[benchmark] batch 90/450 examples=2880/14395
[benchmark] batch 135/450 examples=4320/14395
[benchmark] batch 180/450 examples=5760/14395
[benchmark] batch 225/450 examples=7200/14395
[benchmark] batch 270/450 examples=8640/14395
[benchmark] batch 315/450 examples=10080/14395
[benchmark] batch 360/450 examples=11520/14395
[benchmark] batch 405/450 examples=12960/14395
[benchmark] batch 450/450 examples=14395/14395
[benchmark] done f1=0.7071 precision=0.6982 recall=0.7162 n_positives=8875
  SCORE BioBERT-base seed=48 epoch=8
[benchmark] evaluating /lus/lfs1aip2/projects/b5ac/project_1/data/10_recipe_sweep_and_training/matrix/checkpoints/biobert_base/seed_48/epochs/epoch_08 on 14395 BioRED test examples
[benchmark] batch 1/450 examples=32/14395
[benchmark] batch 45/450 examples=1440/14395
[benchmark] batch 90/450 examples=2880/14395
[benchmark] batch 135/450 examples=4320/14395
[benchmark] batch 180/450 examples=5760/14395
[benchmark] batch 225/450 examples=7200/14395
[benchmark] batch 270/450 examples=8640/14395
[benchmark] batch 315/450 examples=10080/14395
[benchmark] batch 360/450 examples=11520/14395
[benchmark] batch 405/450 examples=12960/14395
[benchmark] batch 450/450 examples=14395/14395
[benchmark] done f1=0.6624 precision=0.7301 recall=0.6061 n_positives=8875
  SCORE BioBERT-base seed=49 epoch=1
[benchmark] evaluating /lus/lfs1aip2/projects/b5ac/project_1/data/10_recipe_sweep_and_training/matrix/checkpoints/biobert_base/seed_49/epochs/epoch_01 on 14395 BioRED test examples
[benchmark] batch 1/450 examples=32/14395
[benchmark] batch 45/450 examples=1440/14395
[benchmark] batch 90/450 examples=2880/14395
[benchmark] batch 135/450 examples=4320/14395
[benchmark] batch 180/450 examples=5760/14395
[benchmark] batch 225/450 examples=7200/14395
[benchmark] batch 270/450 examples=8640/14395
[benchmark] batch 315/450 examples=10080/14395
[benchmark] batch 360/450 examples=11520/14395
[benchmark] batch 405/450 examples=12960/14395
[benchmark] batch 450/450 examples=14395/14395
[benchmark] done f1=0.7060 precision=0.6788 recall=0.7355 n_positives=8875
  SCORE BioBERT-base seed=49 epoch=2
[benchmark] evaluating /lus/lfs1aip2/projects/b5ac/project_1/data/10_recipe_sweep_and_training/matrix/checkpoints/biobert_base/seed_49/epochs/epoch_02 on 14395 BioRED test examples
[benchmark] batch 1/450 examples=32/14395
[benchmark] batch 45/450 examples=1440/14395
[benchmark] batch 90/450 examples=2880/14395
[benchmark] batch 135/450 examples=4320/14395
[benchmark] batch 180/450 examples=5760/14395
[benchmark] batch 225/450 examples=7200/14395
[benchmark] batch 270/450 examples=8640/14395
[benchmark] batch 315/450 examples=10080/14395
[benchmark] batch 360/450 examples=11520/14395
[benchmark] batch 405/450 examples=12960/14395
[benchmark] batch 450/450 examples=14395/14395
[benchmark] done f1=0.7013 precision=0.6969 recall=0.7058 n_positives=8875
  SCORE BioBERT-base seed=49 epoch=3
[benchmark] evaluating /lus/lfs1aip2/projects/b5ac/project_1/data/10_recipe_sweep_and_training/matrix/checkpoints/biobert_base/seed_49/epochs/epoch_03 on 14395 BioRED test examples
[benchmark] batch 1/450 examples=32/14395
[benchmark] batch 45/450 examples=1440/14395
[benchmark] batch 90/450 examples=2880/14395
[benchmark] batch 135/450 examples=4320/14395
[benchmark] batch 180/450 examples=5760/14395
[benchmark] batch 225/450 examples=7200/14395
[benchmark] batch 270/450 examples=8640/14395
[benchmark] batch 315/450 examples=10080/14395
[benchmark] batch 360/450 examples=11520/14395
[benchmark] batch 405/450 examples=12960/14395
[benchmark] batch 450/450 examples=14395/14395
[benchmark] done f1=0.6965 precision=0.7215 recall=0.6732 n_positives=8875
  SCORE BioBERT-base seed=49 epoch=4
[benchmark] evaluating /lus/lfs1aip2/projects/b5ac/project_1/data/10_recipe_sweep_and_training/matrix/checkpoints/biobert_base/seed_49/epochs/epoch_04 on 14395 BioRED test examples
[benchmark] batch 1/450 examples=32/14395
[benchmark] batch 45/450 examples=1440/14395
[benchmark] batch 90/450 examples=2880/14395
[benchmark] batch 135/450 examples=4320/14395
[benchmark] batch 180/450 examples=5760/14395
[benchmark] batch 225/450 examples=7200/14395
[benchmark] batch 270/450 examples=8640/14395
[benchmark] batch 315/450 examples=10080/14395
[benchmark] batch 360/450 examples=11520/14395
[benchmark] batch 405/450 examples=12960/14395
[benchmark] batch 450/450 examples=14395/14395
[benchmark] done f1=0.6928 precision=0.7121 recall=0.6746 n_positives=8875

=== Epoch scoring batch done ===
  Newly scored: 57, skipped: 0, on disk: 57/57

End: Wed 10 Jun 00:16:38 UTC 2026
{'expected_epoch_checkpoints': 57, 'scored_epochs': 57, 'complete': True, 'completed_at': '2026-06-10T00:16:36.044265+00:00', 'encoders': ['biobert_base']}
Epoch score files: 0
