=== Round 1 KB scoring (stage 1, GPU) ===
Host: nid010517
SLURM_JOB_ID=5069009
Start: Sat Jun  6 08:15:31 UTC 2026
REPO=/home/b5ac/freddieyu.b5ac/project_1
OUTPUT_ROOT=/home/b5ac/freddieyu.b5ac/project_1/../projects/project_1
STEP_ARGS=--model-id deberta_base

=== Round 1 KB scoring ===
Encoders: ['deberta_base']
Seeds: [42, 43, 44, 45, 46, 47, 48, 49]
Planned runs this job: 8
Already scored: 0

Frozen pool: 18911 candidates, 1047 abstracts
  SCORE START deberta_base seed=42 checkpoint=/lus/lfs1aip2/projects/b5ac/project_1/data/10_recipe_sweep_and_training/matrix/checkpoints/deberta_base/seed_42/best
  SCORE DONE deberta_base seed=42: bench=0.774 KB gd=0.637 gdis=0.561 marker=/lus/lfs1aip2/projects/b5ac/project_1/data/11_round1_analysis/scores/deberta_base/seed_42/scoring_complete.json
  SCORE START deberta_base seed=43 checkpoint=/lus/lfs1aip2/projects/b5ac/project_1/data/10_recipe_sweep_and_training/matrix/checkpoints/deberta_base/seed_43/best
  SCORE DONE deberta_base seed=43: bench=0.779 KB gd=0.696 gdis=0.674 marker=/lus/lfs1aip2/projects/b5ac/project_1/data/11_round1_analysis/scores/deberta_base/seed_43/scoring_complete.json
  SCORE START deberta_base seed=44 checkpoint=/lus/lfs1aip2/projects/b5ac/project_1/data/10_recipe_sweep_and_training/matrix/checkpoints/deberta_base/seed_44/best
  SCORE DONE deberta_base seed=44: bench=0.756 KB gd=0.618 gdis=0.634 marker=/lus/lfs1aip2/projects/b5ac/project_1/data/11_round1_analysis/scores/deberta_base/seed_44/scoring_complete.json
  SCORE START deberta_base seed=45 checkpoint=/lus/lfs1aip2/projects/b5ac/project_1/data/10_recipe_sweep_and_training/matrix/checkpoints/deberta_base/seed_45/best
  SCORE DONE deberta_base seed=45: bench=0.749 KB gd=0.619 gdis=0.573 marker=/lus/lfs1aip2/projects/b5ac/project_1/data/11_round1_analysis/scores/deberta_base/seed_45/scoring_complete.json
  SCORE START deberta_base seed=46 checkpoint=/lus/lfs1aip2/projects/b5ac/project_1/data/10_recipe_sweep_and_training/matrix/checkpoints/deberta_base/seed_46/best
  SCORE DONE deberta_base seed=46: bench=0.764 KB gd=0.633 gdis=0.589 marker=/lus/lfs1aip2/projects/b5ac/project_1/data/11_round1_analysis/scores/deberta_base/seed_46/scoring_complete.json
  SCORE START deberta_base seed=47 checkpoint=/lus/lfs1aip2/projects/b5ac/project_1/data/10_recipe_sweep_and_training/matrix/checkpoints/deberta_base/seed_47/best
  SCORE DONE deberta_base seed=47: bench=0.755 KB gd=0.621 gdis=0.591 marker=/lus/lfs1aip2/projects/b5ac/project_1/data/11_round1_analysis/scores/deberta_base/seed_47/scoring_complete.json
  SCORE START deberta_base seed=48 checkpoint=/lus/lfs1aip2/projects/b5ac/project_1/data/10_recipe_sweep_and_training/matrix/checkpoints/deberta_base/seed_48/best
  SCORE DONE deberta_base seed=48: bench=0.759 KB gd=0.611 gdis=0.585 marker=/lus/lfs1aip2/projects/b5ac/project_1/data/11_round1_analysis/scores/deberta_base/seed_48/scoring_complete.json
  SCORE START deberta_base seed=49 checkpoint=/lus/lfs1aip2/projects/b5ac/project_1/data/10_recipe_sweep_and_training/matrix/checkpoints/deberta_base/seed_49/best
  SCORE DONE deberta_base seed=49: bench=0.724 KB gd=0.745 gdis=0.809 marker=/lus/lfs1aip2/projects/b5ac/project_1/data/11_round1_analysis/scores/deberta_base/seed_49/scoring_complete.json

=== KB scoring complete (this job) ===
  Newly scored: 8, skipped (already done): 0, total markers on disk: 72/72

End: Sat Jun  6 08:24:38 UTC 2026
Scoring markers: 72/72
