=== Round 1 KB scoring (stage 1, GPU) ===
Host: nid010510
SLURM_JOB_ID=5069001
Start: Sat Jun  6 08:15:31 UTC 2026
REPO=/home/b5ac/freddieyu.b5ac/project_1
OUTPUT_ROOT=/home/b5ac/freddieyu.b5ac/project_1/../projects/project_1
STEP_ARGS=--model-id pubmedbert_base

=== Round 1 KB scoring ===
Encoders: ['pubmedbert_base']
Seeds: [42, 43, 44, 45, 46, 47, 48, 49]
Planned runs this job: 8
Already scored: 0

Frozen pool: 18911 candidates, 1047 abstracts
  SCORE START pubmedbert_base seed=42 checkpoint=/lus/lfs1aip2/projects/b5ac/project_1/data/10_recipe_sweep_and_training/matrix/checkpoints/pubmedbert_base/seed_42/best
  SCORE DONE pubmedbert_base seed=42: bench=0.773 KB gd=0.621 gdis=0.535 marker=/lus/lfs1aip2/projects/b5ac/project_1/data/11_round1_analysis/scores/pubmedbert_base/seed_42/scoring_complete.json
  SCORE START pubmedbert_base seed=43 checkpoint=/lus/lfs1aip2/projects/b5ac/project_1/data/10_recipe_sweep_and_training/matrix/checkpoints/pubmedbert_base/seed_43/best
  SCORE DONE pubmedbert_base seed=43: bench=0.760 KB gd=0.642 gdis=0.587 marker=/lus/lfs1aip2/projects/b5ac/project_1/data/11_round1_analysis/scores/pubmedbert_base/seed_43/scoring_complete.json
  SCORE START pubmedbert_base seed=44 checkpoint=/lus/lfs1aip2/projects/b5ac/project_1/data/10_recipe_sweep_and_training/matrix/checkpoints/pubmedbert_base/seed_44/best
  SCORE DONE pubmedbert_base seed=44: bench=0.742 KB gd=0.645 gdis=0.616 marker=/lus/lfs1aip2/projects/b5ac/project_1/data/11_round1_analysis/scores/pubmedbert_base/seed_44/scoring_complete.json
  SCORE START pubmedbert_base seed=45 checkpoint=/lus/lfs1aip2/projects/b5ac/project_1/data/10_recipe_sweep_and_training/matrix/checkpoints/pubmedbert_base/seed_45/best
  SCORE DONE pubmedbert_base seed=45: bench=0.773 KB gd=0.647 gdis=0.565 marker=/lus/lfs1aip2/projects/b5ac/project_1/data/11_round1_analysis/scores/pubmedbert_base/seed_45/scoring_complete.json
  SCORE START pubmedbert_base seed=46 checkpoint=/lus/lfs1aip2/projects/b5ac/project_1/data/10_recipe_sweep_and_training/matrix/checkpoints/pubmedbert_base/seed_46/best
  SCORE DONE pubmedbert_base seed=46: bench=0.762 KB gd=0.627 gdis=0.589 marker=/lus/lfs1aip2/projects/b5ac/project_1/data/11_round1_analysis/scores/pubmedbert_base/seed_46/scoring_complete.json
  SCORE START pubmedbert_base seed=47 checkpoint=/lus/lfs1aip2/projects/b5ac/project_1/data/10_recipe_sweep_and_training/matrix/checkpoints/pubmedbert_base/seed_47/best
  SCORE DONE pubmedbert_base seed=47: bench=0.749 KB gd=0.629 gdis=0.555 marker=/lus/lfs1aip2/projects/b5ac/project_1/data/11_round1_analysis/scores/pubmedbert_base/seed_47/scoring_complete.json
  SCORE START pubmedbert_base seed=48 checkpoint=/lus/lfs1aip2/projects/b5ac/project_1/data/10_recipe_sweep_and_training/matrix/checkpoints/pubmedbert_base/seed_48/best
  SCORE DONE pubmedbert_base seed=48: bench=0.757 KB gd=0.641 gdis=0.570 marker=/lus/lfs1aip2/projects/b5ac/project_1/data/11_round1_analysis/scores/pubmedbert_base/seed_48/scoring_complete.json
  SCORE START pubmedbert_base seed=49 checkpoint=/lus/lfs1aip2/projects/b5ac/project_1/data/10_recipe_sweep_and_training/matrix/checkpoints/pubmedbert_base/seed_49/best
  SCORE DONE pubmedbert_base seed=49: bench=0.794 KB gd=0.657 gdis=0.581 marker=/lus/lfs1aip2/projects/b5ac/project_1/data/11_round1_analysis/scores/pubmedbert_base/seed_49/scoring_complete.json

=== KB scoring complete (this job) ===
  Newly scored: 8, skipped (already done): 0, total markers on disk: 64/72

End: Sat Jun  6 08:22:26 UTC 2026
Scoring markers: 66/72
