=== Round 1 KB scoring (stage 1, GPU) ===
Host: nid010417
SLURM_JOB_ID=5116365
Start: Tue  9 Jun 21:23:48 UTC 2026
REPO=/home/b5ac/freddieyu.b5ac/project_1
OUTPUT_ROOT=/home/b5ac/freddieyu.b5ac/project_1/../projects/project_1
STEP_ARGS=--model-id biobert_base

=== Round 1 KB scoring ===
Encoders: ['biobert_base']
Seeds: [42, 43, 44, 45, 46, 47, 48, 49]
Planned runs this job: 8
Already scored: 0

Frozen pool: 18911 candidates, 1047 abstracts
  SCORE START biobert_base seed=42 checkpoint=/lus/lfs1aip2/projects/b5ac/project_1/data/10_recipe_sweep_and_training/matrix/checkpoints/biobert_base/seed_42/best
  SCORE DONE biobert_base seed=42: bench=0.718 KB gd=0.670 gdis=0.580 marker=/lus/lfs1aip2/projects/b5ac/project_1/data/11_round1_analysis/scores/biobert_base/seed_42/scoring_complete.json
  SCORE START biobert_base seed=43 checkpoint=/lus/lfs1aip2/projects/b5ac/project_1/data/10_recipe_sweep_and_training/matrix/checkpoints/biobert_base/seed_43/best
  SCORE DONE biobert_base seed=43: bench=0.726 KB gd=0.688 gdis=0.669 marker=/lus/lfs1aip2/projects/b5ac/project_1/data/11_round1_analysis/scores/biobert_base/seed_43/scoring_complete.json
  SCORE START biobert_base seed=44 checkpoint=/lus/lfs1aip2/projects/b5ac/project_1/data/10_recipe_sweep_and_training/matrix/checkpoints/biobert_base/seed_44/best
  SCORE DONE biobert_base seed=44: bench=0.744 KB gd=0.669 gdis=0.606 marker=/lus/lfs1aip2/projects/b5ac/project_1/data/11_round1_analysis/scores/biobert_base/seed_44/scoring_complete.json
  SCORE START biobert_base seed=45 checkpoint=/lus/lfs1aip2/projects/b5ac/project_1/data/10_recipe_sweep_and_training/matrix/checkpoints/biobert_base/seed_45/best
  SCORE DONE biobert_base seed=45: bench=0.748 KB gd=0.689 gdis=0.639 marker=/lus/lfs1aip2/projects/b5ac/project_1/data/11_round1_analysis/scores/biobert_base/seed_45/scoring_complete.json
  SCORE START biobert_base seed=46 checkpoint=/lus/lfs1aip2/projects/b5ac/project_1/data/10_recipe_sweep_and_training/matrix/checkpoints/biobert_base/seed_46/best
  SCORE DONE biobert_base seed=46: bench=0.742 KB gd=0.696 gdis=0.637 marker=/lus/lfs1aip2/projects/b5ac/project_1/data/11_round1_analysis/scores/biobert_base/seed_46/scoring_complete.json
  SCORE START biobert_base seed=47 checkpoint=/lus/lfs1aip2/projects/b5ac/project_1/data/10_recipe_sweep_and_training/matrix/checkpoints/biobert_base/seed_47/best
  SCORE DONE biobert_base seed=47: bench=0.730 KB gd=0.685 gdis=0.576 marker=/lus/lfs1aip2/projects/b5ac/project_1/data/11_round1_analysis/scores/biobert_base/seed_47/scoring_complete.json
  SCORE START biobert_base seed=48 checkpoint=/lus/lfs1aip2/projects/b5ac/project_1/data/10_recipe_sweep_and_training/matrix/checkpoints/biobert_base/seed_48/best
  SCORE DONE biobert_base seed=48: bench=0.738 KB gd=0.662 gdis=0.566 marker=/lus/lfs1aip2/projects/b5ac/project_1/data/11_round1_analysis/scores/biobert_base/seed_48/scoring_complete.json
  SCORE START biobert_base seed=49 checkpoint=/lus/lfs1aip2/projects/b5ac/project_1/data/10_recipe_sweep_and_training/matrix/checkpoints/biobert_base/seed_49/best
  SCORE DONE biobert_base seed=49: bench=0.706 KB gd=0.706 gdis=0.737 marker=/lus/lfs1aip2/projects/b5ac/project_1/data/11_round1_analysis/scores/biobert_base/seed_49/scoring_complete.json

=== KB scoring complete (this job) ===
  Newly scored: 8, skipped (already done): 0, total markers on disk: 69/72

End: Tue  9 Jun 21:31:11 UTC 2026
Scoring markers: 69/72
