=== Round 1 KB scoring (stage 1, GPU) ===
Host: nid010419
SLURM_JOB_ID=5116366
Start: Tue  9 Jun 21:23:46 UTC 2026
REPO=/home/b5ac/freddieyu.b5ac/project_1
OUTPUT_ROOT=/home/b5ac/freddieyu.b5ac/project_1/../projects/project_1
STEP_ARGS=--model-id scibert_base

=== Round 1 KB scoring ===
Encoders: ['scibert_base']
Seeds: [42, 43, 44, 45, 46, 47, 48, 49]
Planned runs this job: 8
Already scored: 0

Frozen pool: 18911 candidates, 1047 abstracts
  SCORE START scibert_base seed=42 checkpoint=/lus/lfs1aip2/projects/b5ac/project_1/data/10_recipe_sweep_and_training/matrix/checkpoints/scibert_base/seed_42/best
  SCORE DONE scibert_base seed=42: bench=0.743 KB gd=0.673 gdis=0.634 marker=/lus/lfs1aip2/projects/b5ac/project_1/data/11_round1_analysis/scores/scibert_base/seed_42/scoring_complete.json
  SCORE START scibert_base seed=43 checkpoint=/lus/lfs1aip2/projects/b5ac/project_1/data/10_recipe_sweep_and_training/matrix/checkpoints/scibert_base/seed_43/best
  SCORE DONE scibert_base seed=43: bench=0.705 KB gd=0.693 gdis=0.705 marker=/lus/lfs1aip2/projects/b5ac/project_1/data/11_round1_analysis/scores/scibert_base/seed_43/scoring_complete.json
  SCORE START scibert_base seed=44 checkpoint=/lus/lfs1aip2/projects/b5ac/project_1/data/10_recipe_sweep_and_training/matrix/checkpoints/scibert_base/seed_44/best
  SCORE DONE scibert_base seed=44: bench=0.739 KB gd=0.695 gdis=0.749 marker=/lus/lfs1aip2/projects/b5ac/project_1/data/11_round1_analysis/scores/scibert_base/seed_44/scoring_complete.json
  SCORE START scibert_base seed=45 checkpoint=/lus/lfs1aip2/projects/b5ac/project_1/data/10_recipe_sweep_and_training/matrix/checkpoints/scibert_base/seed_45/best
  SCORE DONE scibert_base seed=45: bench=0.762 KB gd=0.676 gdis=0.619 marker=/lus/lfs1aip2/projects/b5ac/project_1/data/11_round1_analysis/scores/scibert_base/seed_45/scoring_complete.json
  SCORE START scibert_base seed=46 checkpoint=/lus/lfs1aip2/projects/b5ac/project_1/data/10_recipe_sweep_and_training/matrix/checkpoints/scibert_base/seed_46/best
  SCORE DONE scibert_base seed=46: bench=0.723 KB gd=0.687 gdis=0.754 marker=/lus/lfs1aip2/projects/b5ac/project_1/data/11_round1_analysis/scores/scibert_base/seed_46/scoring_complete.json
  SCORE START scibert_base seed=47 checkpoint=/lus/lfs1aip2/projects/b5ac/project_1/data/10_recipe_sweep_and_training/matrix/checkpoints/scibert_base/seed_47/best
  SCORE DONE scibert_base seed=47: bench=0.735 KB gd=0.692 gdis=0.684 marker=/lus/lfs1aip2/projects/b5ac/project_1/data/11_round1_analysis/scores/scibert_base/seed_47/scoring_complete.json
  SCORE START scibert_base seed=48 checkpoint=/lus/lfs1aip2/projects/b5ac/project_1/data/10_recipe_sweep_and_training/matrix/checkpoints/scibert_base/seed_48/best
  SCORE DONE scibert_base seed=48: bench=0.743 KB gd=0.648 gdis=0.582 marker=/lus/lfs1aip2/projects/b5ac/project_1/data/11_round1_analysis/scores/scibert_base/seed_48/scoring_complete.json
  SCORE START scibert_base seed=49 checkpoint=/lus/lfs1aip2/projects/b5ac/project_1/data/10_recipe_sweep_and_training/matrix/checkpoints/scibert_base/seed_49/best
  SCORE DONE scibert_base seed=49: bench=0.754 KB gd=0.664 gdis=0.607 marker=/lus/lfs1aip2/projects/b5ac/project_1/data/11_round1_analysis/scores/scibert_base/seed_49/scoring_complete.json

=== KB scoring complete (this job) ===
  Newly scored: 8, skipped (already done): 0, total markers on disk: 68/72

End: Tue  9 Jun 21:31:10 UTC 2026
Scoring markers: 69/72
