=== Round 1 KB scoring (stage 1, GPU) ===
Host: nid010514
SLURM_JOB_ID=5069002
Start: Sat Jun  6 08:15:31 UTC 2026
REPO=/home/b5ac/freddieyu.b5ac/project_1
OUTPUT_ROOT=/home/b5ac/freddieyu.b5ac/project_1/../projects/project_1
STEP_ARGS=--model-id biomedbert_base

=== Round 1 KB scoring ===
Encoders: ['biomedbert_base']
Seeds: [42, 43, 44, 45, 46, 47, 48, 49]
Planned runs this job: 8
Already scored: 0

Frozen pool: 18911 candidates, 1047 abstracts
  SCORE START biomedbert_base seed=42 checkpoint=/lus/lfs1aip2/projects/b5ac/project_1/data/10_recipe_sweep_and_training/matrix/checkpoints/biomedbert_base/seed_42/best
  SCORE DONE biomedbert_base seed=42: bench=0.758 KB gd=0.647 gdis=0.589 marker=/lus/lfs1aip2/projects/b5ac/project_1/data/11_round1_analysis/scores/biomedbert_base/seed_42/scoring_complete.json
  SCORE START biomedbert_base seed=43 checkpoint=/lus/lfs1aip2/projects/b5ac/project_1/data/10_recipe_sweep_and_training/matrix/checkpoints/biomedbert_base/seed_43/best
  SCORE DONE biomedbert_base seed=43: bench=0.748 KB gd=0.647 gdis=0.556 marker=/lus/lfs1aip2/projects/b5ac/project_1/data/11_round1_analysis/scores/biomedbert_base/seed_43/scoring_complete.json
  SCORE START biomedbert_base seed=44 checkpoint=/lus/lfs1aip2/projects/b5ac/project_1/data/10_recipe_sweep_and_training/matrix/checkpoints/biomedbert_base/seed_44/best
  SCORE DONE biomedbert_base seed=44: bench=0.777 KB gd=0.623 gdis=0.560 marker=/lus/lfs1aip2/projects/b5ac/project_1/data/11_round1_analysis/scores/biomedbert_base/seed_44/scoring_complete.json
  SCORE START biomedbert_base seed=45 checkpoint=/lus/lfs1aip2/projects/b5ac/project_1/data/10_recipe_sweep_and_training/matrix/checkpoints/biomedbert_base/seed_45/best
  SCORE DONE biomedbert_base seed=45: bench=0.759 KB gd=0.639 gdis=0.587 marker=/lus/lfs1aip2/projects/b5ac/project_1/data/11_round1_analysis/scores/biomedbert_base/seed_45/scoring_complete.json
  SCORE START biomedbert_base seed=46 checkpoint=/lus/lfs1aip2/projects/b5ac/project_1/data/10_recipe_sweep_and_training/matrix/checkpoints/biomedbert_base/seed_46/best
  SCORE DONE biomedbert_base seed=46: bench=0.770 KB gd=0.612 gdis=0.586 marker=/lus/lfs1aip2/projects/b5ac/project_1/data/11_round1_analysis/scores/biomedbert_base/seed_46/scoring_complete.json
  SCORE START biomedbert_base seed=47 checkpoint=/lus/lfs1aip2/projects/b5ac/project_1/data/10_recipe_sweep_and_training/matrix/checkpoints/biomedbert_base/seed_47/best
  SCORE DONE biomedbert_base seed=47: bench=0.764 KB gd=0.625 gdis=0.582 marker=/lus/lfs1aip2/projects/b5ac/project_1/data/11_round1_analysis/scores/biomedbert_base/seed_47/scoring_complete.json
  SCORE START biomedbert_base seed=48 checkpoint=/lus/lfs1aip2/projects/b5ac/project_1/data/10_recipe_sweep_and_training/matrix/checkpoints/biomedbert_base/seed_48/best
  SCORE DONE biomedbert_base seed=48: bench=0.764 KB gd=0.632 gdis=0.586 marker=/lus/lfs1aip2/projects/b5ac/project_1/data/11_round1_analysis/scores/biomedbert_base/seed_48/scoring_complete.json
  SCORE START biomedbert_base seed=49 checkpoint=/lus/lfs1aip2/projects/b5ac/project_1/data/10_recipe_sweep_and_training/matrix/checkpoints/biomedbert_base/seed_49/best
  SCORE DONE biomedbert_base seed=49: bench=0.771 KB gd=0.634 gdis=0.541 marker=/lus/lfs1aip2/projects/b5ac/project_1/data/11_round1_analysis/scores/biomedbert_base/seed_49/scoring_complete.json

=== KB scoring complete (this job) ===
  Newly scored: 8, skipped (already done): 0, total markers on disk: 66/72

End: Sat Jun  6 08:22:27 UTC 2026
Scoring markers: 66/72
