=== Round 1 KB scoring (stage 1, GPU) ===
Host: nid010514
SLURM_JOB_ID=5069003
Start: Sat Jun  6 08:15:31 UTC 2026
REPO=/home/b5ac/freddieyu.b5ac/project_1
OUTPUT_ROOT=/home/b5ac/freddieyu.b5ac/project_1/../projects/project_1
STEP_ARGS=--model-id biolinkbert_base

=== Round 1 KB scoring ===
Encoders: ['biolinkbert_base']
Seeds: [42, 43, 44, 45, 46, 47, 48, 49]
Planned runs this job: 8
Already scored: 0

Frozen pool: 18911 candidates, 1047 abstracts
  SCORE START biolinkbert_base seed=42 checkpoint=/lus/lfs1aip2/projects/b5ac/project_1/data/10_recipe_sweep_and_training/matrix/checkpoints/biolinkbert_base/seed_42/best
  SCORE DONE biolinkbert_base seed=42: bench=0.801 KB gd=0.631 gdis=0.579 marker=/lus/lfs1aip2/projects/b5ac/project_1/data/11_round1_analysis/scores/biolinkbert_base/seed_42/scoring_complete.json
  SCORE START biolinkbert_base seed=43 checkpoint=/lus/lfs1aip2/projects/b5ac/project_1/data/10_recipe_sweep_and_training/matrix/checkpoints/biolinkbert_base/seed_43/best
  SCORE DONE biolinkbert_base seed=43: bench=0.781 KB gd=0.631 gdis=0.612 marker=/lus/lfs1aip2/projects/b5ac/project_1/data/11_round1_analysis/scores/biolinkbert_base/seed_43/scoring_complete.json
  SCORE START biolinkbert_base seed=44 checkpoint=/lus/lfs1aip2/projects/b5ac/project_1/data/10_recipe_sweep_and_training/matrix/checkpoints/biolinkbert_base/seed_44/best
  SCORE DONE biolinkbert_base seed=44: bench=0.808 KB gd=0.625 gdis=0.604 marker=/lus/lfs1aip2/projects/b5ac/project_1/data/11_round1_analysis/scores/biolinkbert_base/seed_44/scoring_complete.json
  SCORE START biolinkbert_base seed=45 checkpoint=/lus/lfs1aip2/projects/b5ac/project_1/data/10_recipe_sweep_and_training/matrix/checkpoints/biolinkbert_base/seed_45/best
  SCORE DONE biolinkbert_base seed=45: bench=0.766 KB gd=0.606 gdis=0.510 marker=/lus/lfs1aip2/projects/b5ac/project_1/data/11_round1_analysis/scores/biolinkbert_base/seed_45/scoring_complete.json
  SCORE START biolinkbert_base seed=46 checkpoint=/lus/lfs1aip2/projects/b5ac/project_1/data/10_recipe_sweep_and_training/matrix/checkpoints/biolinkbert_base/seed_46/best
  SCORE DONE biolinkbert_base seed=46: bench=0.789 KB gd=0.634 gdis=0.594 marker=/lus/lfs1aip2/projects/b5ac/project_1/data/11_round1_analysis/scores/biolinkbert_base/seed_46/scoring_complete.json
  SCORE START biolinkbert_base seed=47 checkpoint=/lus/lfs1aip2/projects/b5ac/project_1/data/10_recipe_sweep_and_training/matrix/checkpoints/biolinkbert_base/seed_47/best
  SCORE DONE biolinkbert_base seed=47: bench=0.744 KB gd=0.603 gdis=0.531 marker=/lus/lfs1aip2/projects/b5ac/project_1/data/11_round1_analysis/scores/biolinkbert_base/seed_47/scoring_complete.json
  SCORE START biolinkbert_base seed=48 checkpoint=/lus/lfs1aip2/projects/b5ac/project_1/data/10_recipe_sweep_and_training/matrix/checkpoints/biolinkbert_base/seed_48/best
  SCORE DONE biolinkbert_base seed=48: bench=0.774 KB gd=0.597 gdis=0.547 marker=/lus/lfs1aip2/projects/b5ac/project_1/data/11_round1_analysis/scores/biolinkbert_base/seed_48/scoring_complete.json
  SCORE START biolinkbert_base seed=49 checkpoint=/lus/lfs1aip2/projects/b5ac/project_1/data/10_recipe_sweep_and_training/matrix/checkpoints/biolinkbert_base/seed_49/best
  SCORE DONE biolinkbert_base seed=49: bench=0.802 KB gd=0.624 gdis=0.571 marker=/lus/lfs1aip2/projects/b5ac/project_1/data/11_round1_analysis/scores/biolinkbert_base/seed_49/scoring_complete.json

=== KB scoring complete (this job) ===
  Newly scored: 8, skipped (already done): 0, total markers on disk: 67/72

End: Sat Jun  6 08:22:28 UTC 2026
Scoring markers: 68/72
