=== Round 1 KB scoring (stage 1, GPU) ===
Host: nid010425
SLURM_JOB_ID=5116370
Start: Tue  9 Jun 21:23:48 UTC 2026
REPO=/home/b5ac/freddieyu.b5ac/project_1
OUTPUT_ROOT=/home/b5ac/freddieyu.b5ac/project_1/../projects/project_1
STEP_ARGS=--model-id deberta_base

=== Round 1 KB scoring ===
Encoders: ['deberta_base']
Seeds: [42, 43, 44, 45, 46, 47, 48, 49]
Planned runs this job: 8
Already scored: 0

Frozen pool: 18911 candidates, 1047 abstracts
  SCORE START deberta_base seed=42 checkpoint=/lus/lfs1aip2/projects/b5ac/project_1/data/10_recipe_sweep_and_training/matrix/checkpoints/deberta_base/seed_42/best
  SCORE DONE deberta_base seed=42: bench=0.734 KB gd=0.719 gdis=0.769 marker=/lus/lfs1aip2/projects/b5ac/project_1/data/11_round1_analysis/scores/deberta_base/seed_42/scoring_complete.json
  SCORE START deberta_base seed=43 checkpoint=/lus/lfs1aip2/projects/b5ac/project_1/data/10_recipe_sweep_and_training/matrix/checkpoints/deberta_base/seed_43/best
  SCORE DONE deberta_base seed=43: bench=0.735 KB gd=0.709 gdis=0.706 marker=/lus/lfs1aip2/projects/b5ac/project_1/data/11_round1_analysis/scores/deberta_base/seed_43/scoring_complete.json
  SCORE START deberta_base seed=44 checkpoint=/lus/lfs1aip2/projects/b5ac/project_1/data/10_recipe_sweep_and_training/matrix/checkpoints/deberta_base/seed_44/best
  SCORE DONE deberta_base seed=44: bench=0.752 KB gd=0.671 gdis=0.466 marker=/lus/lfs1aip2/projects/b5ac/project_1/data/11_round1_analysis/scores/deberta_base/seed_44/scoring_complete.json
  SCORE START deberta_base seed=45 checkpoint=/lus/lfs1aip2/projects/b5ac/project_1/data/10_recipe_sweep_and_training/matrix/checkpoints/deberta_base/seed_45/best
  SCORE DONE deberta_base seed=45: bench=0.760 KB gd=0.673 gdis=0.520 marker=/lus/lfs1aip2/projects/b5ac/project_1/data/11_round1_analysis/scores/deberta_base/seed_45/scoring_complete.json
  SCORE START deberta_base seed=46 checkpoint=/lus/lfs1aip2/projects/b5ac/project_1/data/10_recipe_sweep_and_training/matrix/checkpoints/deberta_base/seed_46/best
  SCORE DONE deberta_base seed=46: bench=0.744 KB gd=0.702 gdis=0.734 marker=/lus/lfs1aip2/projects/b5ac/project_1/data/11_round1_analysis/scores/deberta_base/seed_46/scoring_complete.json
  SCORE START deberta_base seed=47 checkpoint=/lus/lfs1aip2/projects/b5ac/project_1/data/10_recipe_sweep_and_training/matrix/checkpoints/deberta_base/seed_47/best
  SCORE DONE deberta_base seed=47: bench=0.754 KB gd=0.694 gdis=0.685 marker=/lus/lfs1aip2/projects/b5ac/project_1/data/11_round1_analysis/scores/deberta_base/seed_47/scoring_complete.json
  SCORE START deberta_base seed=48 checkpoint=/lus/lfs1aip2/projects/b5ac/project_1/data/10_recipe_sweep_and_training/matrix/checkpoints/deberta_base/seed_48/best
  SCORE DONE deberta_base seed=48: bench=0.738 KB gd=0.653 gdis=0.600 marker=/lus/lfs1aip2/projects/b5ac/project_1/data/11_round1_analysis/scores/deberta_base/seed_48/scoring_complete.json
  SCORE START deberta_base seed=49 checkpoint=/lus/lfs1aip2/projects/b5ac/project_1/data/10_recipe_sweep_and_training/matrix/checkpoints/deberta_base/seed_49/best
  SCORE DONE deberta_base seed=49: bench=0.748 KB gd=0.682 gdis=0.605 marker=/lus/lfs1aip2/projects/b5ac/project_1/data/11_round1_analysis/scores/deberta_base/seed_49/scoring_complete.json

=== KB scoring complete (this job) ===
  Newly scored: 8, skipped (already done): 0, total markers on disk: 72/72

End: Tue  9 Jun 21:33:13 UTC 2026
Scoring markers: 72/72
