=== Round 1 KB scoring (stage 1, GPU) ===
Host: nid010423
SLURM_JOB_ID=5116368
Start: Tue  9 Jun 21:23:48 UTC 2026
REPO=/home/b5ac/freddieyu.b5ac/project_1
OUTPUT_ROOT=/home/b5ac/freddieyu.b5ac/project_1/../projects/project_1
STEP_ARGS=--model-id bert_base

=== Round 1 KB scoring ===
Encoders: ['bert_base']
Seeds: [42, 43, 44, 45, 46, 47, 48, 49]
Planned runs this job: 8
Already scored: 0

Frozen pool: 18911 candidates, 1047 abstracts
  SCORE START bert_base seed=42 checkpoint=/lus/lfs1aip2/projects/b5ac/project_1/data/10_recipe_sweep_and_training/matrix/checkpoints/bert_base/seed_42/best
  SCORE DONE bert_base seed=42: bench=0.719 KB gd=0.674 gdis=0.628 marker=/lus/lfs1aip2/projects/b5ac/project_1/data/11_round1_analysis/scores/bert_base/seed_42/scoring_complete.json
  SCORE START bert_base seed=43 checkpoint=/lus/lfs1aip2/projects/b5ac/project_1/data/10_recipe_sweep_and_training/matrix/checkpoints/bert_base/seed_43/best
  SCORE DONE bert_base seed=43: bench=0.725 KB gd=0.676 gdis=0.646 marker=/lus/lfs1aip2/projects/b5ac/project_1/data/11_round1_analysis/scores/bert_base/seed_43/scoring_complete.json
  SCORE START bert_base seed=44 checkpoint=/lus/lfs1aip2/projects/b5ac/project_1/data/10_recipe_sweep_and_training/matrix/checkpoints/bert_base/seed_44/best
  SCORE DONE bert_base seed=44: bench=0.726 KB gd=0.687 gdis=0.699 marker=/lus/lfs1aip2/projects/b5ac/project_1/data/11_round1_analysis/scores/bert_base/seed_44/scoring_complete.json
  SCORE START bert_base seed=45 checkpoint=/lus/lfs1aip2/projects/b5ac/project_1/data/10_recipe_sweep_and_training/matrix/checkpoints/bert_base/seed_45/best
  SCORE DONE bert_base seed=45: bench=0.720 KB gd=0.688 gdis=0.660 marker=/lus/lfs1aip2/projects/b5ac/project_1/data/11_round1_analysis/scores/bert_base/seed_45/scoring_complete.json
  SCORE START bert_base seed=46 checkpoint=/lus/lfs1aip2/projects/b5ac/project_1/data/10_recipe_sweep_and_training/matrix/checkpoints/bert_base/seed_46/best
  SCORE DONE bert_base seed=46: bench=0.721 KB gd=0.667 gdis=0.670 marker=/lus/lfs1aip2/projects/b5ac/project_1/data/11_round1_analysis/scores/bert_base/seed_46/scoring_complete.json
  SCORE START bert_base seed=47 checkpoint=/lus/lfs1aip2/projects/b5ac/project_1/data/10_recipe_sweep_and_training/matrix/checkpoints/bert_base/seed_47/best
  SCORE DONE bert_base seed=47: bench=0.726 KB gd=0.669 gdis=0.686 marker=/lus/lfs1aip2/projects/b5ac/project_1/data/11_round1_analysis/scores/bert_base/seed_47/scoring_complete.json
  SCORE START bert_base seed=48 checkpoint=/lus/lfs1aip2/projects/b5ac/project_1/data/10_recipe_sweep_and_training/matrix/checkpoints/bert_base/seed_48/best
  SCORE DONE bert_base seed=48: bench=0.709 KB gd=0.672 gdis=0.651 marker=/lus/lfs1aip2/projects/b5ac/project_1/data/11_round1_analysis/scores/bert_base/seed_48/scoring_complete.json
  SCORE START bert_base seed=49 checkpoint=/lus/lfs1aip2/projects/b5ac/project_1/data/10_recipe_sweep_and_training/matrix/checkpoints/bert_base/seed_49/best
  SCORE DONE bert_base seed=49: bench=0.742 KB gd=0.674 gdis=0.634 marker=/lus/lfs1aip2/projects/b5ac/project_1/data/11_round1_analysis/scores/bert_base/seed_49/scoring_complete.json

=== KB scoring complete (this job) ===
  Newly scored: 8, skipped (already done): 0, total markers on disk: 70/72

End: Tue  9 Jun 21:31:31 UTC 2026
Scoring markers: 70/72
