=== Round 1 analysis (stage 2, CPU) ===
Host: nid010116
SLURM_JOB_ID=5069010
Start: Sat Jun  6 08:25:53 UTC 2026
REPO=/home/b5ac/freddieyu.b5ac/project_1
OUTPUT_ROOT=/home/b5ac/freddieyu.b5ac/project_1/../projects/project_1
Per-run summary: 72 scored runs (72/72 markers)

=== DeBERTa per-seed KB MRR (stored results, all 8 seeds) ===
  seed 42 [PRIMARY]  benchmark_f1=0.7737  kb_gene_drug=0.6368  kb_gene_disease=0.5611  ece=0.2644
  seed 43 [PRIMARY]  benchmark_f1=0.7794  kb_gene_drug=0.6962  kb_gene_disease=0.6744  ece=0.3972
  seed 44 [PRIMARY]  benchmark_f1=0.7562  kb_gene_drug=0.6180  kb_gene_disease=0.6337  ece=0.2994
  seed 45 [PRIMARY]  benchmark_f1=0.7491  kb_gene_drug=0.6185  kb_gene_disease=0.5728  ece=0.2299
  seed 46 [PRIMARY]  benchmark_f1=0.7637  kb_gene_drug=0.6328  kb_gene_disease=0.5892  ece=0.2101
  seed 47 [PRIMARY]  benchmark_f1=0.7549  kb_gene_drug=0.6207  kb_gene_disease=0.5906  ece=0.1847
  seed 48 [PRIMARY]  benchmark_f1=0.7590  kb_gene_drug=0.6114  kb_gene_disease=0.5846  ece=0.2472
  seed 49 [PRIMARY]  benchmark_f1=0.7237  kb_gene_drug=0.7453  kb_gene_disease=0.8085  ece=0.5358

=== DeBERTa clean-seed means (dynamically filtered) ===
  kb_gene_drug=0.6475  kb_gene_disease=0.6269  benchmark_f1=0.7575  ece=0.2961
  benchmark_f1 if all seeds averaged (sensitivity)=0.7575
Degenerate runs flagged: 0/72
Benchmark F1 encoder-mean range: 0.736 to 0.783 (spread 0.048)
Variance benchmark_f1: encoder 41%, seed 59%, ICC 0.421
Variance kb_mrr_gene_drug: encoder 12%, seed 88%, ICC 0.149
Variance kb_mrr_gene_disease: encoder 30%, seed 70%, ICC 0.331
Variance ece: encoder 14%, seed 86%, ICC 0.146
Easy/hard hard: distance MRR=0.369, encoders beating distance=9/9
Easy/hard easy: distance MRR=0.692, encoders beating distance=9/9
Pool-size vs MRR (gene-drug): mean Spearman across runs -0.422 (median -0.431)
Pool-size vs MRR (gene-disease): mean Spearman across runs -0.469 (median -0.475)
Figures -> /lus/lfs1aip2/projects/b5ac/project_1/figures/11_round1_analysis
Report -> /lus/lfs1aip2/projects/b5ac/project_1/reports/11_round1_analysis/report.md
README -> /lus/lfs1aip2/projects/b5ac/project_1/reports/11_round1_analysis/README.md

=== Round 1 analysis complete ===
End: Sat Jun  6 08:40:52 UTC 2026
