=== Round 1 KB scoring (stage 1, GPU) ===
Host: nid010515
SLURM_JOB_ID=5069007
Start: Sat Jun  6 08:15:32 UTC 2026
REPO=/home/b5ac/freddieyu.b5ac/project_1
OUTPUT_ROOT=/home/b5ac/freddieyu.b5ac/project_1/../projects/project_1
STEP_ARGS=--model-id bert_base

=== Round 1 KB scoring ===
Encoders: ['bert_base']
Seeds: [42, 43, 44, 45, 46, 47, 48, 49]
Planned runs this job: 8
Already scored: 0

Frozen pool: 18911 candidates, 1047 abstracts
  SCORE START bert_base seed=42 checkpoint=/lus/lfs1aip2/projects/b5ac/project_1/data/10_recipe_sweep_and_training/matrix/checkpoints/bert_base/seed_42/best
  SCORE DONE bert_base seed=42: bench=0.747 KB gd=0.702 gdis=0.708 marker=/lus/lfs1aip2/projects/b5ac/project_1/data/11_round1_analysis/scores/bert_base/seed_42/scoring_complete.json
  SCORE START bert_base seed=43 checkpoint=/lus/lfs1aip2/projects/b5ac/project_1/data/10_recipe_sweep_and_training/matrix/checkpoints/bert_base/seed_43/best
  SCORE DONE bert_base seed=43: bench=0.722 KB gd=0.680 gdis=0.629 marker=/lus/lfs1aip2/projects/b5ac/project_1/data/11_round1_analysis/scores/bert_base/seed_43/scoring_complete.json
  SCORE START bert_base seed=44 checkpoint=/lus/lfs1aip2/projects/b5ac/project_1/data/10_recipe_sweep_and_training/matrix/checkpoints/bert_base/seed_44/best
  SCORE DONE bert_base seed=44: bench=0.745 KB gd=0.611 gdis=0.630 marker=/lus/lfs1aip2/projects/b5ac/project_1/data/11_round1_analysis/scores/bert_base/seed_44/scoring_complete.json
  SCORE START bert_base seed=45 checkpoint=/lus/lfs1aip2/projects/b5ac/project_1/data/10_recipe_sweep_and_training/matrix/checkpoints/bert_base/seed_45/best
  SCORE DONE bert_base seed=45: bench=0.746 KB gd=0.591 gdis=0.530 marker=/lus/lfs1aip2/projects/b5ac/project_1/data/11_round1_analysis/scores/bert_base/seed_45/scoring_complete.json
  SCORE START bert_base seed=46 checkpoint=/lus/lfs1aip2/projects/b5ac/project_1/data/10_recipe_sweep_and_training/matrix/checkpoints/bert_base/seed_46/best
  SCORE DONE bert_base seed=46: bench=0.757 KB gd=0.655 gdis=0.688 marker=/lus/lfs1aip2/projects/b5ac/project_1/data/11_round1_analysis/scores/bert_base/seed_46/scoring_complete.json
  SCORE START bert_base seed=47 checkpoint=/lus/lfs1aip2/projects/b5ac/project_1/data/10_recipe_sweep_and_training/matrix/checkpoints/bert_base/seed_47/best
  SCORE DONE bert_base seed=47: bench=0.756 KB gd=0.605 gdis=0.605 marker=/lus/lfs1aip2/projects/b5ac/project_1/data/11_round1_analysis/scores/bert_base/seed_47/scoring_complete.json
  SCORE START bert_base seed=48 checkpoint=/lus/lfs1aip2/projects/b5ac/project_1/data/10_recipe_sweep_and_training/matrix/checkpoints/bert_base/seed_48/best
  SCORE DONE bert_base seed=48: bench=0.741 KB gd=0.629 gdis=0.635 marker=/lus/lfs1aip2/projects/b5ac/project_1/data/11_round1_analysis/scores/bert_base/seed_48/scoring_complete.json
  SCORE START bert_base seed=49 checkpoint=/lus/lfs1aip2/projects/b5ac/project_1/data/10_recipe_sweep_and_training/matrix/checkpoints/bert_base/seed_49/best
  SCORE DONE bert_base seed=49: bench=0.771 KB gd=0.610 gdis=0.566 marker=/lus/lfs1aip2/projects/b5ac/project_1/data/11_round1_analysis/scores/bert_base/seed_49/scoring_complete.json

=== KB scoring complete (this job) ===
  Newly scored: 8, skipped (already done): 0, total markers on disk: 65/72

End: Sat Jun  6 08:22:25 UTC 2026
Scoring markers: 65/72
