=== Step 2: full-matrix training ===
Host: nid011226
SLURM_JOB_ID=5104031
SLURM_JOB_NAME=step2_train
Start: Tue  9 Jun 13:31:39 UTC 2026
REPO=/home/b5ac/freddieyu.b5ac/project_1
OUTPUT_ROOT=/home/b5ac/freddieyu.b5ac/project_1/../projects/project_1
STEP_ARGS=--models scibert_base
Log: /home/b5ac/freddieyu.b5ac/project_1/../projects/project_1/runs/10_recipe_sweep_and_training/train_5104031.out
Ensure CHOSEN_RECIPE is set in config.py (not None) before submitting.
TMPDIR=/home/b5ac/freddieyu.b5ac/project_1/../projects/project_1/runs/10_recipe_sweep_and_training/tmp_5104031
=== Recipe sweep and training 2026-06-09T13:31:41.947108 ===
[run] mode=train-only (step 2)
[run] model filter: ['scibert_base']

=== Step-2 matrix training ===
Recipe: lr=5e-06, warmup=none (checkpoint criterion=val_f1)
Encoders (1): ['scibert_base']
Seeds (8): [42, 43, 44, 45, 46, 47, 48, 49]
Planned runs this job: 8


=== Estimated checkpoint footprint (rough) ===
  Runs: 1 encoders x 8 seeds = 8
  Assumed ~7 epochs/run; epoch ckpt ~220 MiB (fp16); best ckpt ~440 MiB (fp32)
  Per run ~1980 MiB; total ~15.5 GiB
  MAX_EPOCH_CHECKPOINTS_TO_KEEP=None (None = keep all epoch checkpoints)

[benchmark] building BioRED test examples...
[benchmark] built 14395 test examples (leaked PMIDs excluded)
  RUN START SciBERT (scibert_base) seed=42 [1/8 in this job]
[train] start scibert_base seed=42 lr=5e-06 warmup=none train=24000 val=25311 -> /lus/lfs1aip2/projects/b5ac/project_1/data/10_recipe_sweep_and_training/matrix/checkpoints/scibert_base/seed_42
[train] device=cuda batch_size=16 max_epochs=10
Some weights of BertForSequenceClassification were not initialized from the model checkpoint at allenai/scibert_scivocab_uncased and are newly initialized: ['classifier.bias', 'classifier.weight']
You should probably TRAIN this model on a down-stream task to be able to use it for predictions and inference.
[train] epoch 1/10 train_loss=0.5620 val_loss=0.5138 val_f1=0.7698 patience=0/3
[train] new best val_f1=0.7698 at epoch 1 -> /lus/lfs1aip2/projects/b5ac/project_1/data/10_recipe_sweep_and_training/matrix/checkpoints/scibert_base/seed_42/best
[train] epoch 2/10 train_loss=0.3982 val_loss=0.6249 val_f1=0.6533 patience=0/3
[train] epoch 3/10 train_loss=0.3320 val_loss=0.6604 val_f1=0.7265 patience=1/3
[train] epoch 4/10 train_loss=0.2899 val_loss=0.6130 val_f1=0.7754 patience=2/3
[train] new best val_f1=0.7754 at epoch 4 -> /lus/lfs1aip2/projects/b5ac/project_1/data/10_recipe_sweep_and_training/matrix/checkpoints/scibert_base/seed_42/best
[train] epoch 5/10 train_loss=0.2541 val_loss=0.7842 val_f1=0.7235 patience=0/3
[train] epoch 6/10 train_loss=0.2297 val_loss=0.7321 val_f1=0.7686 patience=1/3
[train] epoch 7/10 train_loss=0.2101 val_loss=0.7982 val_f1=0.7281 patience=2/3
[train] early stop at epoch 7 (no val_f1 improvement for 3 epochs)
[train] done scibert_base seed=42 best_val_f1=0.7754 best_epoch=4 epochs_run=7
[benchmark] evaluating /lus/lfs1aip2/projects/b5ac/project_1/data/10_recipe_sweep_and_training/matrix/checkpoints/scibert_base/seed_42/best on 14395 BioRED test examples
[benchmark] batch 1/450 examples=32/14395
[benchmark] batch 45/450 examples=1440/14395
[benchmark] batch 90/450 examples=2880/14395
[benchmark] batch 135/450 examples=4320/14395
[benchmark] batch 180/450 examples=5760/14395
[benchmark] batch 225/450 examples=7200/14395
[benchmark] batch 270/450 examples=8640/14395
[benchmark] batch 315/450 examples=10080/14395
[benchmark] batch 360/450 examples=11520/14395
[benchmark] batch 405/450 examples=12960/14395
[benchmark] batch 450/450 examples=14395/14395
[benchmark] done f1=0.7431 precision=0.7249 recall=0.7624 n_positives=8875
  COMPLETE SciBERT (scibert_base) seed=42: benchmark_f1=0.743 best_epoch=4 marker=/lus/lfs1aip2/projects/b5ac/project_1/data/10_recipe_sweep_and_training/matrix/results/scibert_base/seed_42/matrix_complete.json
  RUN START SciBERT (scibert_base) seed=43 [2/8 in this job]
[train] start scibert_base seed=43 lr=5e-06 warmup=none train=24000 val=25311 -> /lus/lfs1aip2/projects/b5ac/project_1/data/10_recipe_sweep_and_training/matrix/checkpoints/scibert_base/seed_43
[train] device=cuda batch_size=16 max_epochs=10
Some weights of BertForSequenceClassification were not initialized from the model checkpoint at allenai/scibert_scivocab_uncased and are newly initialized: ['classifier.bias', 'classifier.weight']
You should probably TRAIN this model on a down-stream task to be able to use it for predictions and inference.
[train] epoch 1/10 train_loss=0.5497 val_loss=0.5369 val_f1=0.7309 patience=0/3
[train] new best val_f1=0.7309 at epoch 1 -> /lus/lfs1aip2/projects/b5ac/project_1/data/10_recipe_sweep_and_training/matrix/checkpoints/scibert_base/seed_43/best
[train] epoch 2/10 train_loss=0.3999 val_loss=0.6076 val_f1=0.7449 patience=0/3
[train] new best val_f1=0.7449 at epoch 2 -> /lus/lfs1aip2/projects/b5ac/project_1/data/10_recipe_sweep_and_training/matrix/checkpoints/scibert_base/seed_43/best
[train] epoch 3/10 train_loss=0.3385 val_loss=0.8191 val_f1=0.7130 patience=0/3
[train] epoch 4/10 train_loss=0.2910 val_loss=0.7200 val_f1=0.7174 patience=1/3
[train] epoch 5/10 train_loss=0.2596 val_loss=0.8105 val_f1=0.6615 patience=2/3
[train] early stop at epoch 5 (no val_f1 improvement for 3 epochs)
[train] done scibert_base seed=43 best_val_f1=0.7449 best_epoch=2 epochs_run=5
[benchmark] evaluating /lus/lfs1aip2/projects/b5ac/project_1/data/10_recipe_sweep_and_training/matrix/checkpoints/scibert_base/seed_43/best on 14395 BioRED test examples
[benchmark] batch 1/450 examples=32/14395
[benchmark] batch 45/450 examples=1440/14395
[benchmark] batch 90/450 examples=2880/14395
[benchmark] batch 135/450 examples=4320/14395
[benchmark] batch 180/450 examples=5760/14395
[benchmark] batch 225/450 examples=7200/14395
[benchmark] batch 270/450 examples=8640/14395
[benchmark] batch 315/450 examples=10080/14395
[benchmark] batch 360/450 examples=11520/14395
[benchmark] batch 405/450 examples=12960/14395
[benchmark] batch 450/450 examples=14395/14395
[benchmark] done f1=0.7047 precision=0.7269 recall=0.6838 n_positives=8875
  COMPLETE SciBERT (scibert_base) seed=43: benchmark_f1=0.705 best_epoch=2 marker=/lus/lfs1aip2/projects/b5ac/project_1/data/10_recipe_sweep_and_training/matrix/results/scibert_base/seed_43/matrix_complete.json
  RUN START SciBERT (scibert_base) seed=44 [3/8 in this job]
[train] start scibert_base seed=44 lr=5e-06 warmup=none train=24000 val=25311 -> /lus/lfs1aip2/projects/b5ac/project_1/data/10_recipe_sweep_and_training/matrix/checkpoints/scibert_base/seed_44
[train] device=cuda batch_size=16 max_epochs=10
Some weights of BertForSequenceClassification were not initialized from the model checkpoint at allenai/scibert_scivocab_uncased and are newly initialized: ['classifier.bias', 'classifier.weight']
You should probably TRAIN this model on a down-stream task to be able to use it for predictions and inference.
[train] epoch 1/10 train_loss=0.5447 val_loss=0.5379 val_f1=0.7660 patience=0/3
[train] new best val_f1=0.7660 at epoch 1 -> /lus/lfs1aip2/projects/b5ac/project_1/data/10_recipe_sweep_and_training/matrix/checkpoints/scibert_base/seed_44/best
[train] epoch 2/10 train_loss=0.3999 val_loss=0.5754 val_f1=0.7439 patience=0/3
[train] epoch 3/10 train_loss=0.3314 val_loss=0.6684 val_f1=0.7538 patience=1/3
[train] epoch 4/10 train_loss=0.2889 val_loss=0.7009 val_f1=0.7398 patience=2/3
[train] early stop at epoch 4 (no val_f1 improvement for 3 epochs)
[train] done scibert_base seed=44 best_val_f1=0.7660 best_epoch=1 epochs_run=4
[benchmark] evaluating /lus/lfs1aip2/projects/b5ac/project_1/data/10_recipe_sweep_and_training/matrix/checkpoints/scibert_base/seed_44/best on 14395 BioRED test examples
[benchmark] batch 1/450 examples=32/14395
[benchmark] batch 45/450 examples=1440/14395
[benchmark] batch 90/450 examples=2880/14395
[benchmark] batch 135/450 examples=4320/14395
[benchmark] batch 180/450 examples=5760/14395
[benchmark] batch 225/450 examples=7200/14395
[benchmark] batch 270/450 examples=8640/14395
[benchmark] batch 315/450 examples=10080/14395
[benchmark] batch 360/450 examples=11520/14395
[benchmark] batch 405/450 examples=12960/14395
[benchmark] batch 450/450 examples=14395/14395
[benchmark] done f1=0.7387 precision=0.6705 recall=0.8223 n_positives=8875
  COMPLETE SciBERT (scibert_base) seed=44: benchmark_f1=0.739 best_epoch=1 marker=/lus/lfs1aip2/projects/b5ac/project_1/data/10_recipe_sweep_and_training/matrix/results/scibert_base/seed_44/matrix_complete.json
  RUN START SciBERT (scibert_base) seed=45 [4/8 in this job]
[train] start scibert_base seed=45 lr=5e-06 warmup=none train=24000 val=25311 -> /lus/lfs1aip2/projects/b5ac/project_1/data/10_recipe_sweep_and_training/matrix/checkpoints/scibert_base/seed_45
[train] device=cuda batch_size=16 max_epochs=10
Some weights of BertForSequenceClassification were not initialized from the model checkpoint at allenai/scibert_scivocab_uncased and are newly initialized: ['classifier.bias', 'classifier.weight']
You should probably TRAIN this model on a down-stream task to be able to use it for predictions and inference.
[train] epoch 1/10 train_loss=0.5514 val_loss=0.5178 val_f1=0.7556 patience=0/3
[train] new best val_f1=0.7556 at epoch 1 -> /lus/lfs1aip2/projects/b5ac/project_1/data/10_recipe_sweep_and_training/matrix/checkpoints/scibert_base/seed_45/best
[train] epoch 2/10 train_loss=0.3994 val_loss=0.5789 val_f1=0.7611 patience=0/3
[train] new best val_f1=0.7611 at epoch 2 -> /lus/lfs1aip2/projects/b5ac/project_1/data/10_recipe_sweep_and_training/matrix/checkpoints/scibert_base/seed_45/best
[train] epoch 3/10 train_loss=0.3349 val_loss=0.6315 val_f1=0.7550 patience=0/3
[train] epoch 4/10 train_loss=0.2909 val_loss=0.6402 val_f1=0.7788 patience=1/3
[train] new best val_f1=0.7788 at epoch 4 -> /lus/lfs1aip2/projects/b5ac/project_1/data/10_recipe_sweep_and_training/matrix/checkpoints/scibert_base/seed_45/best
[train] epoch 5/10 train_loss=0.2612 val_loss=0.6985 val_f1=0.7590 patience=0/3
[train] epoch 6/10 train_loss=0.2324 val_loss=0.8939 val_f1=0.7226 patience=1/3
[train] epoch 7/10 train_loss=0.2141 val_loss=0.8769 val_f1=0.7419 patience=2/3
[train] early stop at epoch 7 (no val_f1 improvement for 3 epochs)
[train] done scibert_base seed=45 best_val_f1=0.7788 best_epoch=4 epochs_run=7
[benchmark] evaluating /lus/lfs1aip2/projects/b5ac/project_1/data/10_recipe_sweep_and_training/matrix/checkpoints/scibert_base/seed_45/best on 14395 BioRED test examples
[benchmark] batch 1/450 examples=32/14395
[benchmark] batch 45/450 examples=1440/14395
[benchmark] batch 90/450 examples=2880/14395
[benchmark] batch 135/450 examples=4320/14395
[benchmark] batch 180/450 examples=5760/14395
[benchmark] batch 225/450 examples=7200/14395
[benchmark] batch 270/450 examples=8640/14395
[benchmark] batch 315/450 examples=10080/14395
[benchmark] batch 360/450 examples=11520/14395
[benchmark] batch 405/450 examples=12960/14395
[benchmark] batch 450/450 examples=14395/14395
[benchmark] done f1=0.7624 precision=0.7055 recall=0.8294 n_positives=8875
  COMPLETE SciBERT (scibert_base) seed=45: benchmark_f1=0.762 best_epoch=4 marker=/lus/lfs1aip2/projects/b5ac/project_1/data/10_recipe_sweep_and_training/matrix/results/scibert_base/seed_45/matrix_complete.json
  RUN START SciBERT (scibert_base) seed=46 [5/8 in this job]
[train] start scibert_base seed=46 lr=5e-06 warmup=none train=24000 val=25311 -> /lus/lfs1aip2/projects/b5ac/project_1/data/10_recipe_sweep_and_training/matrix/checkpoints/scibert_base/seed_46
[train] device=cuda batch_size=16 max_epochs=10
Some weights of BertForSequenceClassification were not initialized from the model checkpoint at allenai/scibert_scivocab_uncased and are newly initialized: ['classifier.bias', 'classifier.weight']
You should probably TRAIN this model on a down-stream task to be able to use it for predictions and inference.
[train] epoch 1/10 train_loss=0.5609 val_loss=0.5293 val_f1=0.7546 patience=0/3
[train] new best val_f1=0.7546 at epoch 1 -> /lus/lfs1aip2/projects/b5ac/project_1/data/10_recipe_sweep_and_training/matrix/checkpoints/scibert_base/seed_46/best
[train] epoch 2/10 train_loss=0.4000 val_loss=0.5719 val_f1=0.7295 patience=0/3
[train] epoch 3/10 train_loss=0.3352 val_loss=0.6234 val_f1=0.7461 patience=1/3
[train] epoch 4/10 train_loss=0.2851 val_loss=0.7058 val_f1=0.7331 patience=2/3
[train] early stop at epoch 4 (no val_f1 improvement for 3 epochs)
[train] done scibert_base seed=46 best_val_f1=0.7546 best_epoch=1 epochs_run=4
[benchmark] evaluating /lus/lfs1aip2/projects/b5ac/project_1/data/10_recipe_sweep_and_training/matrix/checkpoints/scibert_base/seed_46/best on 14395 BioRED test examples
[benchmark] batch 1/450 examples=32/14395
[benchmark] batch 45/450 examples=1440/14395
[benchmark] batch 90/450 examples=2880/14395
[benchmark] batch 135/450 examples=4320/14395
[benchmark] batch 180/450 examples=5760/14395
[benchmark] batch 225/450 examples=7200/14395
[benchmark] batch 270/450 examples=8640/14395
[benchmark] batch 315/450 examples=10080/14395
[benchmark] batch 360/450 examples=11520/14395
[benchmark] batch 405/450 examples=12960/14395
[benchmark] batch 450/450 examples=14395/14395
[benchmark] done f1=0.7227 precision=0.6678 recall=0.7874 n_positives=8875
  COMPLETE SciBERT (scibert_base) seed=46: benchmark_f1=0.723 best_epoch=1 marker=/lus/lfs1aip2/projects/b5ac/project_1/data/10_recipe_sweep_and_training/matrix/results/scibert_base/seed_46/matrix_complete.json
  RUN START SciBERT (scibert_base) seed=47 [6/8 in this job]
[train] start scibert_base seed=47 lr=5e-06 warmup=none train=24000 val=25311 -> /lus/lfs1aip2/projects/b5ac/project_1/data/10_recipe_sweep_and_training/matrix/checkpoints/scibert_base/seed_47
[train] device=cuda batch_size=16 max_epochs=10
Some weights of BertForSequenceClassification were not initialized from the model checkpoint at allenai/scibert_scivocab_uncased and are newly initialized: ['classifier.bias', 'classifier.weight']
You should probably TRAIN this model on a down-stream task to be able to use it for predictions and inference.
[train] epoch 1/10 train_loss=0.5579 val_loss=0.5420 val_f1=0.7270 patience=0/3
[train] new best val_f1=0.7270 at epoch 1 -> /lus/lfs1aip2/projects/b5ac/project_1/data/10_recipe_sweep_and_training/matrix/checkpoints/scibert_base/seed_47/best
[train] epoch 2/10 train_loss=0.4042 val_loss=0.5932 val_f1=0.7019 patience=0/3
[train] epoch 3/10 train_loss=0.3379 val_loss=0.5985 val_f1=0.7623 patience=1/3
[train] new best val_f1=0.7623 at epoch 3 -> /lus/lfs1aip2/projects/b5ac/project_1/data/10_recipe_sweep_and_training/matrix/checkpoints/scibert_base/seed_47/best
[train] epoch 4/10 train_loss=0.2930 val_loss=0.6667 val_f1=0.7539 patience=0/3
[train] epoch 5/10 train_loss=0.2590 val_loss=0.7141 val_f1=0.7488 patience=1/3
[train] epoch 6/10 train_loss=0.2335 val_loss=0.7366 val_f1=0.7325 patience=2/3
[train] early stop at epoch 6 (no val_f1 improvement for 3 epochs)
[train] done scibert_base seed=47 best_val_f1=0.7623 best_epoch=3 epochs_run=6
[benchmark] evaluating /lus/lfs1aip2/projects/b5ac/project_1/data/10_recipe_sweep_and_training/matrix/checkpoints/scibert_base/seed_47/best on 14395 BioRED test examples
[benchmark] batch 1/450 examples=32/14395
[benchmark] batch 45/450 examples=1440/14395
[benchmark] batch 90/450 examples=2880/14395
[benchmark] batch 135/450 examples=4320/14395
[benchmark] batch 180/450 examples=5760/14395
[benchmark] batch 225/450 examples=7200/14395
[benchmark] batch 270/450 examples=8640/14395
[benchmark] batch 315/450 examples=10080/14395
[benchmark] batch 360/450 examples=11520/14395
[benchmark] batch 405/450 examples=12960/14395
[benchmark] batch 450/450 examples=14395/14395
[benchmark] done f1=0.7350 precision=0.7024 recall=0.7708 n_positives=8875
  COMPLETE SciBERT (scibert_base) seed=47: benchmark_f1=0.735 best_epoch=3 marker=/lus/lfs1aip2/projects/b5ac/project_1/data/10_recipe_sweep_and_training/matrix/results/scibert_base/seed_47/matrix_complete.json
  RUN START SciBERT (scibert_base) seed=48 [7/8 in this job]
[train] start scibert_base seed=48 lr=5e-06 warmup=none train=24000 val=25311 -> /lus/lfs1aip2/projects/b5ac/project_1/data/10_recipe_sweep_and_training/matrix/checkpoints/scibert_base/seed_48
[train] device=cuda batch_size=16 max_epochs=10
Some weights of BertForSequenceClassification were not initialized from the model checkpoint at allenai/scibert_scivocab_uncased and are newly initialized: ['classifier.bias', 'classifier.weight']
You should probably TRAIN this model on a down-stream task to be able to use it for predictions and inference.
[train] epoch 1/10 train_loss=0.5512 val_loss=0.5680 val_f1=0.7265 patience=0/3
[train] new best val_f1=0.7265 at epoch 1 -> /lus/lfs1aip2/projects/b5ac/project_1/data/10_recipe_sweep_and_training/matrix/checkpoints/scibert_base/seed_48/best
[train] epoch 2/10 train_loss=0.3914 val_loss=0.5653 val_f1=0.7390 patience=0/3
[train] new best val_f1=0.7390 at epoch 2 -> /lus/lfs1aip2/projects/b5ac/project_1/data/10_recipe_sweep_and_training/matrix/checkpoints/scibert_base/seed_48/best
[train] epoch 3/10 train_loss=0.3254 val_loss=0.5838 val_f1=0.7506 patience=0/3
[train] new best val_f1=0.7506 at epoch 3 -> /lus/lfs1aip2/projects/b5ac/project_1/data/10_recipe_sweep_and_training/matrix/checkpoints/scibert_base/seed_48/best
[train] epoch 4/10 train_loss=0.2772 val_loss=0.6846 val_f1=0.7387 patience=0/3
[train] epoch 5/10 train_loss=0.2446 val_loss=0.7522 val_f1=0.7619 patience=1/3
[train] new best val_f1=0.7619 at epoch 5 -> /lus/lfs1aip2/projects/b5ac/project_1/data/10_recipe_sweep_and_training/matrix/checkpoints/scibert_base/seed_48/best
[train] epoch 6/10 train_loss=0.2228 val_loss=0.8668 val_f1=0.7340 patience=0/3
[train] epoch 7/10 train_loss=0.2030 val_loss=0.8246 val_f1=0.7512 patience=1/3
[train] epoch 8/10 train_loss=0.1911 val_loss=0.8963 val_f1=0.7201 patience=2/3
[train] early stop at epoch 8 (no val_f1 improvement for 3 epochs)
[train] done scibert_base seed=48 best_val_f1=0.7619 best_epoch=5 epochs_run=8
[benchmark] evaluating /lus/lfs1aip2/projects/b5ac/project_1/data/10_recipe_sweep_and_training/matrix/checkpoints/scibert_base/seed_48/best on 14395 BioRED test examples
[benchmark] batch 1/450 examples=32/14395
[benchmark] batch 45/450 examples=1440/14395
[benchmark] batch 90/450 examples=2880/14395
[benchmark] batch 135/450 examples=4320/14395
[benchmark] batch 180/450 examples=5760/14395
[benchmark] batch 225/450 examples=7200/14395
[benchmark] batch 270/450 examples=8640/14395
[benchmark] batch 315/450 examples=10080/14395
[benchmark] batch 360/450 examples=11520/14395
[benchmark] batch 405/450 examples=12960/14395
[benchmark] batch 450/450 examples=14395/14395
[benchmark] done f1=0.7430 precision=0.6950 recall=0.7981 n_positives=8875
  COMPLETE SciBERT (scibert_base) seed=48: benchmark_f1=0.743 best_epoch=5 marker=/lus/lfs1aip2/projects/b5ac/project_1/data/10_recipe_sweep_and_training/matrix/results/scibert_base/seed_48/matrix_complete.json
  RUN START SciBERT (scibert_base) seed=49 [8/8 in this job]
[train] start scibert_base seed=49 lr=5e-06 warmup=none train=24000 val=25311 -> /lus/lfs1aip2/projects/b5ac/project_1/data/10_recipe_sweep_and_training/matrix/checkpoints/scibert_base/seed_49
[train] device=cuda batch_size=16 max_epochs=10
Some weights of BertForSequenceClassification were not initialized from the model checkpoint at allenai/scibert_scivocab_uncased and are newly initialized: ['classifier.bias', 'classifier.weight']
You should probably TRAIN this model on a down-stream task to be able to use it for predictions and inference.
[train] epoch 1/10 train_loss=0.5652 val_loss=0.5198 val_f1=0.7600 patience=0/3
[train] new best val_f1=0.7600 at epoch 1 -> /lus/lfs1aip2/projects/b5ac/project_1/data/10_recipe_sweep_and_training/matrix/checkpoints/scibert_base/seed_49/best
[train] epoch 2/10 train_loss=0.3955 val_loss=0.5446 val_f1=0.7774 patience=0/3
[train] new best val_f1=0.7774 at epoch 2 -> /lus/lfs1aip2/projects/b5ac/project_1/data/10_recipe_sweep_and_training/matrix/checkpoints/scibert_base/seed_49/best
[train] epoch 3/10 train_loss=0.3282 val_loss=0.5883 val_f1=0.7847 patience=0/3
[train] new best val_f1=0.7847 at epoch 3 -> /lus/lfs1aip2/projects/b5ac/project_1/data/10_recipe_sweep_and_training/matrix/checkpoints/scibert_base/seed_49/best
[train] epoch 4/10 train_loss=0.2822 val_loss=0.6916 val_f1=0.7063 patience=0/3
[train] epoch 5/10 train_loss=0.2523 val_loss=0.7177 val_f1=0.7847 patience=1/3
[train] new best val_f1=0.7847 at epoch 5 -> /lus/lfs1aip2/projects/b5ac/project_1/data/10_recipe_sweep_and_training/matrix/checkpoints/scibert_base/seed_49/best
[train] epoch 6/10 train_loss=0.2278 val_loss=0.7923 val_f1=0.7508 patience=0/3
[train] epoch 7/10 train_loss=0.2096 val_loss=0.7694 val_f1=0.7769 patience=1/3
[train] epoch 8/10 train_loss=0.1971 val_loss=0.8954 val_f1=0.7558 patience=2/3
[train] early stop at epoch 8 (no val_f1 improvement for 3 epochs)
[train] done scibert_base seed=49 best_val_f1=0.7847 best_epoch=5 epochs_run=8
[benchmark] evaluating /lus/lfs1aip2/projects/b5ac/project_1/data/10_recipe_sweep_and_training/matrix/checkpoints/scibert_base/seed_49/best on 14395 BioRED test examples
[benchmark] batch 1/450 examples=32/14395
[benchmark] batch 45/450 examples=1440/14395
[benchmark] batch 90/450 examples=2880/14395
[benchmark] batch 135/450 examples=4320/14395
[benchmark] batch 180/450 examples=5760/14395
[benchmark] batch 225/450 examples=7200/14395
[benchmark] batch 270/450 examples=8640/14395
[benchmark] batch 315/450 examples=10080/14395
[benchmark] batch 360/450 examples=11520/14395
[benchmark] batch 405/450 examples=12960/14395
[benchmark] batch 450/450 examples=14395/14395
[benchmark] done f1=0.7543 precision=0.7035 recall=0.8130 n_positives=8875
  COMPLETE SciBERT (scibert_base) seed=49: benchmark_f1=0.754 best_epoch=5 marker=/lus/lfs1aip2/projects/b5ac/project_1/data/10_recipe_sweep_and_training/matrix/results/scibert_base/seed_49/matrix_complete.json

=== Step-2 matrix training complete (this job) ===
  Trained: 8, skipped (already done): 0, planned: 8

=== Done ===
End: Tue  9 Jun 16:02:58 UTC 2026
