=== Step 2: full-matrix training ===
Host: nid011191
SLURM_JOB_ID=5104029
SLURM_JOB_NAME=step2_train
Start: Tue  9 Jun 13:31:38 UTC 2026
REPO=/home/b5ac/freddieyu.b5ac/project_1
OUTPUT_ROOT=/home/b5ac/freddieyu.b5ac/project_1/../projects/project_1
STEP_ARGS=--models biolinkbert_base
Log: /home/b5ac/freddieyu.b5ac/project_1/../projects/project_1/runs/10_recipe_sweep_and_training/train_5104029.out
Ensure CHOSEN_RECIPE is set in config.py (not None) before submitting.
TMPDIR=/home/b5ac/freddieyu.b5ac/project_1/../projects/project_1/runs/10_recipe_sweep_and_training/tmp_5104029
=== Recipe sweep and training 2026-06-09T13:31:41.391885 ===
[run] mode=train-only (step 2)
[run] model filter: ['biolinkbert_base']

=== Step-2 matrix training ===
Recipe: lr=5e-06, warmup=none (checkpoint criterion=val_f1)
Encoders (1): ['biolinkbert_base']
Seeds (8): [42, 43, 44, 45, 46, 47, 48, 49]
Planned runs this job: 8


=== Estimated checkpoint footprint (rough) ===
  Runs: 1 encoders x 8 seeds = 8
  Assumed ~7 epochs/run; epoch ckpt ~220 MiB (fp16); best ckpt ~440 MiB (fp32)
  Per run ~1980 MiB; total ~15.5 GiB
  MAX_EPOCH_CHECKPOINTS_TO_KEEP=None (None = keep all epoch checkpoints)

[benchmark] building BioRED test examples...
[benchmark] built 14395 test examples (leaked PMIDs excluded)
  RUN START BioLinkBERT-base (biolinkbert_base) seed=42 [1/8 in this job]
[train] start biolinkbert_base seed=42 lr=5e-06 warmup=none train=24000 val=25311 -> /lus/lfs1aip2/projects/b5ac/project_1/data/10_recipe_sweep_and_training/matrix/checkpoints/biolinkbert_base/seed_42
[train] device=cuda batch_size=16 max_epochs=10
Some weights of BertForSequenceClassification were not initialized from the model checkpoint at michiyasunaga/BioLinkBERT-base and are newly initialized: ['classifier.bias', 'classifier.weight']
You should probably TRAIN this model on a down-stream task to be able to use it for predictions and inference.
[train] epoch 1/10 train_loss=0.5665 val_loss=0.5241 val_f1=0.7716 patience=0/3
[train] new best val_f1=0.7716 at epoch 1 -> /lus/lfs1aip2/projects/b5ac/project_1/data/10_recipe_sweep_and_training/matrix/checkpoints/biolinkbert_base/seed_42/best
[train] epoch 2/10 train_loss=0.3964 val_loss=0.5800 val_f1=0.7363 patience=0/3
[train] epoch 3/10 train_loss=0.3235 val_loss=0.5592 val_f1=0.7794 patience=1/3
[train] new best val_f1=0.7794 at epoch 3 -> /lus/lfs1aip2/projects/b5ac/project_1/data/10_recipe_sweep_and_training/matrix/checkpoints/biolinkbert_base/seed_42/best
