=== Step 2: full-matrix training ===
Host: nid010434
SLURM_JOB_ID=5060064
SLURM_JOB_NAME=step2_scibert_base
Start: Fri Jun  5 21:37:21 UTC 2026
REPO=/home/b5ac/freddieyu.b5ac/project_1
OUTPUT_ROOT=/home/b5ac/freddieyu.b5ac/project_1/../projects/project_1
STEP_ARGS=--models scibert_base
Log: /home/b5ac/freddieyu.b5ac/project_1/../projects/project_1/runs/10_recipe_sweep_and_training/train_5060064.out
Ensure CHOSEN_RECIPE is set in config.py (not None) before submitting.
=== Recipe sweep and training 2026-06-05T21:37:24.753463 ===
[run] mode=train-only (step 2)
[run] model filter: ['scibert_base']

=== Step-2 matrix training ===
Recipe: lr=1e-05, warmup=none (checkpoint criterion=val_f1)
Encoders (1): ['scibert_base']
Seeds (8): [42, 43, 44, 45, 46, 47, 48, 49]
Planned runs this job: 8


=== Estimated checkpoint footprint (rough) ===
  Runs: 1 encoders x 8 seeds = 8
  Assumed ~7 epochs/run; epoch ckpt ~220 MiB (fp16); best ckpt ~440 MiB (fp32)
  Per run ~1980 MiB; total ~15.5 GiB
  MAX_EPOCH_CHECKPOINTS_TO_KEEP=None (None = keep all epoch checkpoints)

[benchmark] building BioRED test examples...
[benchmark] built 14395 test examples (leaked PMIDs excluded)
  RUN START SciBERT (scibert_base) seed=42 [1/8 in this job]
[train] start scibert_base seed=42 lr=1e-05 warmup=none train=24000 val=25311 -> /lus/lfs1aip2/projects/b5ac/project_1/data/10_recipe_sweep_and_training/matrix/checkpoints/scibert_base/seed_42
[train] device=cuda batch_size=16 max_epochs=10
Some weights of BertForSequenceClassification were not initialized from the model checkpoint at allenai/scibert_scivocab_uncased and are newly initialized: ['classifier.bias', 'classifier.weight']
You should probably TRAIN this model on a down-stream task to be able to use it for predictions and inference.
[train] epoch 1/10 train_loss=0.5963 val_loss=0.6473 val_f1=0.6516 patience=0/3
[train] new best val_f1=0.6516 at epoch 1 -> /lus/lfs1aip2/projects/b5ac/project_1/data/10_recipe_sweep_and_training/matrix/checkpoints/scibert_base/seed_42/best
[train] epoch 2/10 train_loss=0.4763 val_loss=0.6600 val_f1=0.5592 patience=0/3
[train] epoch 3/10 train_loss=0.4064 val_loss=0.6709 val_f1=0.6352 patience=1/3
[train] epoch 4/10 train_loss=0.3574 val_loss=0.7579 val_f1=0.6639 patience=2/3
[train] new best val_f1=0.6639 at epoch 4 -> /lus/lfs1aip2/projects/b5ac/project_1/data/10_recipe_sweep_and_training/matrix/checkpoints/scibert_base/seed_42/best
[train] epoch 5/10 train_loss=0.3202 val_loss=0.8343 val_f1=0.6564 patience=0/3
[train] epoch 6/10 train_loss=0.2868 val_loss=0.8273 val_f1=0.6208 patience=1/3
[train] epoch 7/10 train_loss=0.2571 val_loss=1.0083 val_f1=0.6406 patience=2/3
[train] early stop at epoch 7 (no val_f1 improvement for 3 epochs)
[train] done scibert_base seed=42 best_val_f1=0.6639 best_epoch=4 epochs_run=7
[benchmark] evaluating /lus/lfs1aip2/projects/b5ac/project_1/data/10_recipe_sweep_and_training/matrix/checkpoints/scibert_base/seed_42/best on 14395 BioRED test examples
[benchmark] batch 1/450 examples=32/14395
[benchmark] batch 45/450 examples=1440/14395
[benchmark] batch 90/450 examples=2880/14395
[benchmark] batch 135/450 examples=4320/14395
[benchmark] batch 180/450 examples=5760/14395
[benchmark] batch 225/450 examples=7200/14395
[benchmark] batch 270/450 examples=8640/14395
[benchmark] batch 315/450 examples=10080/14395
[benchmark] batch 360/450 examples=11520/14395
[benchmark] batch 405/450 examples=12960/14395
[benchmark] batch 450/450 examples=14395/14395
[benchmark] done f1=0.7535 precision=0.7861 recall=0.7235 n_positives=8875
  COMPLETE SciBERT (scibert_base) seed=42: benchmark_f1=0.754 best_epoch=4 marker=/lus/lfs1aip2/projects/b5ac/project_1/data/10_recipe_sweep_and_training/matrix/results/scibert_base/seed_42/matrix_complete.json
  RUN START SciBERT (scibert_base) seed=43 [2/8 in this job]
[train] start scibert_base seed=43 lr=1e-05 warmup=none train=24000 val=25311 -> /lus/lfs1aip2/projects/b5ac/project_1/data/10_recipe_sweep_and_training/matrix/checkpoints/scibert_base/seed_43
[train] device=cuda batch_size=16 max_epochs=10
Some weights of BertForSequenceClassification were not initialized from the model checkpoint at allenai/scibert_scivocab_uncased and are newly initialized: ['classifier.bias', 'classifier.weight']
You should probably TRAIN this model on a down-stream task to be able to use it for predictions and inference.
[train] epoch 1/10 train_loss=0.5845 val_loss=0.6198 val_f1=0.6001 patience=0/3
[train] new best val_f1=0.6001 at epoch 1 -> /lus/lfs1aip2/projects/b5ac/project_1/data/10_recipe_sweep_and_training/matrix/checkpoints/scibert_base/seed_43/best
[train] epoch 2/10 train_loss=0.4695 val_loss=0.6660 val_f1=0.6343 patience=0/3
[train] new best val_f1=0.6343 at epoch 2 -> /lus/lfs1aip2/projects/b5ac/project_1/data/10_recipe_sweep_and_training/matrix/checkpoints/scibert_base/seed_43/best
[train] epoch 3/10 train_loss=0.4035 val_loss=0.6958 val_f1=0.5071 patience=0/3
[train] epoch 4/10 train_loss=0.3579 val_loss=0.7216 val_f1=0.6655 patience=1/3
[train] new best val_f1=0.6655 at epoch 4 -> /lus/lfs1aip2/projects/b5ac/project_1/data/10_recipe_sweep_and_training/matrix/checkpoints/scibert_base/seed_43/best
[train] epoch 5/10 train_loss=0.3204 val_loss=0.9110 val_f1=0.6031 patience=0/3
[train] epoch 6/10 train_loss=0.2875 val_loss=0.8828 val_f1=0.6438 patience=1/3
[train] epoch 7/10 train_loss=0.2616 val_loss=0.8739 val_f1=0.5864 patience=2/3
[train] early stop at epoch 7 (no val_f1 improvement for 3 epochs)
[train] done scibert_base seed=43 best_val_f1=0.6655 best_epoch=4 epochs_run=7
[benchmark] evaluating /lus/lfs1aip2/projects/b5ac/project_1/data/10_recipe_sweep_and_training/matrix/checkpoints/scibert_base/seed_43/best on 14395 BioRED test examples
[benchmark] batch 1/450 examples=32/14395
[benchmark] batch 45/450 examples=1440/14395
[benchmark] batch 90/450 examples=2880/14395
[benchmark] batch 135/450 examples=4320/14395
[benchmark] batch 180/450 examples=5760/14395
[benchmark] batch 225/450 examples=7200/14395
[benchmark] batch 270/450 examples=8640/14395
[benchmark] batch 315/450 examples=10080/14395
[benchmark] batch 360/450 examples=11520/14395
[benchmark] batch 405/450 examples=12960/14395
[benchmark] batch 450/450 examples=14395/14395
[benchmark] done f1=0.7630 precision=0.7355 recall=0.7926 n_positives=8875
  COMPLETE SciBERT (scibert_base) seed=43: benchmark_f1=0.763 best_epoch=4 marker=/lus/lfs1aip2/projects/b5ac/project_1/data/10_recipe_sweep_and_training/matrix/results/scibert_base/seed_43/matrix_complete.json
  RUN START SciBERT (scibert_base) seed=44 [3/8 in this job]
[train] start scibert_base seed=44 lr=1e-05 warmup=none train=24000 val=25311 -> /lus/lfs1aip2/projects/b5ac/project_1/data/10_recipe_sweep_and_training/matrix/checkpoints/scibert_base/seed_44
[train] device=cuda batch_size=16 max_epochs=10
Some weights of BertForSequenceClassification were not initialized from the model checkpoint at allenai/scibert_scivocab_uncased and are newly initialized: ['classifier.bias', 'classifier.weight']
You should probably TRAIN this model on a down-stream task to be able to use it for predictions and inference.
[train] epoch 1/10 train_loss=0.5904 val_loss=0.6261 val_f1=0.5347 patience=0/3
[train] new best val_f1=0.5347 at epoch 1 -> /lus/lfs1aip2/projects/b5ac/project_1/data/10_recipe_sweep_and_training/matrix/checkpoints/scibert_base/seed_44/best
[train] epoch 2/10 train_loss=0.4657 val_loss=0.6725 val_f1=0.6468 patience=0/3
[train] new best val_f1=0.6468 at epoch 2 -> /lus/lfs1aip2/projects/b5ac/project_1/data/10_recipe_sweep_and_training/matrix/checkpoints/scibert_base/seed_44/best
[train] epoch 3/10 train_loss=0.3968 val_loss=0.6865 val_f1=0.6576 patience=0/3
[train] new best val_f1=0.6576 at epoch 3 -> /lus/lfs1aip2/projects/b5ac/project_1/data/10_recipe_sweep_and_training/matrix/checkpoints/scibert_base/seed_44/best
[train] epoch 4/10 train_loss=0.3490 val_loss=0.7460 val_f1=0.6271 patience=0/3
[train] epoch 5/10 train_loss=0.3129 val_loss=0.7421 val_f1=0.6409 patience=1/3
[train] epoch 6/10 train_loss=0.2847 val_loss=0.8775 val_f1=0.6790 patience=2/3
[train] new best val_f1=0.6790 at epoch 6 -> /lus/lfs1aip2/projects/b5ac/project_1/data/10_recipe_sweep_and_training/matrix/checkpoints/scibert_base/seed_44/best
[train] epoch 7/10 train_loss=0.2600 val_loss=0.9549 val_f1=0.6505 patience=0/3
[train] epoch 8/10 train_loss=0.2343 val_loss=0.9637 val_f1=0.6515 patience=1/3
[train] epoch 9/10 train_loss=0.2199 val_loss=0.9365 val_f1=0.6541 patience=2/3
[train] early stop at epoch 9 (no val_f1 improvement for 3 epochs)
[train] done scibert_base seed=44 best_val_f1=0.6790 best_epoch=6 epochs_run=9
[benchmark] evaluating /lus/lfs1aip2/projects/b5ac/project_1/data/10_recipe_sweep_and_training/matrix/checkpoints/scibert_base/seed_44/best on 14395 BioRED test examples
[benchmark] batch 1/450 examples=32/14395
[benchmark] batch 45/450 examples=1440/14395
[benchmark] batch 90/450 examples=2880/14395
[benchmark] batch 135/450 examples=4320/14395
[benchmark] batch 180/450 examples=5760/14395
[benchmark] batch 225/450 examples=7200/14395
[benchmark] batch 270/450 examples=8640/14395
[benchmark] batch 315/450 examples=10080/14395
[benchmark] batch 360/450 examples=11520/14395
[benchmark] batch 405/450 examples=12960/14395
[benchmark] batch 450/450 examples=14395/14395
[benchmark] done f1=0.7436 precision=0.7610 recall=0.7271 n_positives=8875
  COMPLETE SciBERT (scibert_base) seed=44: benchmark_f1=0.744 best_epoch=6 marker=/lus/lfs1aip2/projects/b5ac/project_1/data/10_recipe_sweep_and_training/matrix/results/scibert_base/seed_44/matrix_complete.json
  RUN START SciBERT (scibert_base) seed=45 [4/8 in this job]
[train] start scibert_base seed=45 lr=1e-05 warmup=none train=24000 val=25311 -> /lus/lfs1aip2/projects/b5ac/project_1/data/10_recipe_sweep_and_training/matrix/checkpoints/scibert_base/seed_45
[train] device=cuda batch_size=16 max_epochs=10
Some weights of BertForSequenceClassification were not initialized from the model checkpoint at allenai/scibert_scivocab_uncased and are newly initialized: ['classifier.bias', 'classifier.weight']
You should probably TRAIN this model on a down-stream task to be able to use it for predictions and inference.
[train] epoch 1/10 train_loss=0.5917 val_loss=0.6103 val_f1=0.5664 patience=0/3
[train] new best val_f1=0.5664 at epoch 1 -> /lus/lfs1aip2/projects/b5ac/project_1/data/10_recipe_sweep_and_training/matrix/checkpoints/scibert_base/seed_45/best
[train] epoch 2/10 train_loss=0.4754 val_loss=0.6721 val_f1=0.6485 patience=0/3
[train] new best val_f1=0.6485 at epoch 2 -> /lus/lfs1aip2/projects/b5ac/project_1/data/10_recipe_sweep_and_training/matrix/checkpoints/scibert_base/seed_45/best
[train] epoch 3/10 train_loss=0.4052 val_loss=0.6666 val_f1=0.6154 patience=0/3
[train] epoch 4/10 train_loss=0.3535 val_loss=0.7402 val_f1=0.6578 patience=1/3
[train] new best val_f1=0.6578 at epoch 4 -> /lus/lfs1aip2/projects/b5ac/project_1/data/10_recipe_sweep_and_training/matrix/checkpoints/scibert_base/seed_45/best
[train] epoch 5/10 train_loss=0.3111 val_loss=0.8859 val_f1=0.6418 patience=0/3
[train] epoch 6/10 train_loss=0.2791 val_loss=0.7717 val_f1=0.6775 patience=1/3
[train] new best val_f1=0.6775 at epoch 6 -> /lus/lfs1aip2/projects/b5ac/project_1/data/10_recipe_sweep_and_training/matrix/checkpoints/scibert_base/seed_45/best
[train] epoch 7/10 train_loss=0.2543 val_loss=0.8998 val_f1=0.6524 patience=0/3
[train] epoch 8/10 train_loss=0.2304 val_loss=0.8892 val_f1=0.6367 patience=1/3
[train] epoch 9/10 train_loss=0.2129 val_loss=1.1022 val_f1=0.6179 patience=2/3
[train] early stop at epoch 9 (no val_f1 improvement for 3 epochs)
[train] done scibert_base seed=45 best_val_f1=0.6775 best_epoch=6 epochs_run=9
[benchmark] evaluating /lus/lfs1aip2/projects/b5ac/project_1/data/10_recipe_sweep_and_training/matrix/checkpoints/scibert_base/seed_45/best on 14395 BioRED test examples
[benchmark] batch 1/450 examples=32/14395
[benchmark] batch 45/450 examples=1440/14395
[benchmark] batch 90/450 examples=2880/14395
[benchmark] batch 135/450 examples=4320/14395
[benchmark] batch 180/450 examples=5760/14395
[benchmark] batch 225/450 examples=7200/14395
[benchmark] batch 270/450 examples=8640/14395
[benchmark] batch 315/450 examples=10080/14395
[benchmark] batch 360/450 examples=11520/14395
[benchmark] batch 405/450 examples=12960/14395
[benchmark] batch 450/450 examples=14395/14395
[benchmark] done f1=0.7387 precision=0.7506 recall=0.7272 n_positives=8875
  COMPLETE SciBERT (scibert_base) seed=45: benchmark_f1=0.739 best_epoch=6 marker=/lus/lfs1aip2/projects/b5ac/project_1/data/10_recipe_sweep_and_training/matrix/results/scibert_base/seed_45/matrix_complete.json
  RUN START SciBERT (scibert_base) seed=46 [5/8 in this job]
[train] start scibert_base seed=46 lr=1e-05 warmup=none train=24000 val=25311 -> /lus/lfs1aip2/projects/b5ac/project_1/data/10_recipe_sweep_and_training/matrix/checkpoints/scibert_base/seed_46
[train] device=cuda batch_size=16 max_epochs=10
Some weights of BertForSequenceClassification were not initialized from the model checkpoint at allenai/scibert_scivocab_uncased and are newly initialized: ['classifier.bias', 'classifier.weight']
You should probably TRAIN this model on a down-stream task to be able to use it for predictions and inference.
[train] epoch 1/10 train_loss=0.5859 val_loss=0.6452 val_f1=0.6189 patience=0/3
[train] new best val_f1=0.6189 at epoch 1 -> /lus/lfs1aip2/projects/b5ac/project_1/data/10_recipe_sweep_and_training/matrix/checkpoints/scibert_base/seed_46/best
[train] epoch 2/10 train_loss=0.4564 val_loss=0.6780 val_f1=0.6024 patience=0/3
[train] epoch 3/10 train_loss=0.3809 val_loss=0.7359 val_f1=0.6006 patience=1/3
[train] epoch 4/10 train_loss=0.3288 val_loss=0.7771 val_f1=0.6270 patience=2/3
[train] new best val_f1=0.6270 at epoch 4 -> /lus/lfs1aip2/projects/b5ac/project_1/data/10_recipe_sweep_and_training/matrix/checkpoints/scibert_base/seed_46/best
[train] epoch 5/10 train_loss=0.2898 val_loss=0.8027 val_f1=0.6674 patience=0/3
[train] new best val_f1=0.6674 at epoch 5 -> /lus/lfs1aip2/projects/b5ac/project_1/data/10_recipe_sweep_and_training/matrix/checkpoints/scibert_base/seed_46/best
[train] epoch 6/10 train_loss=0.2623 val_loss=0.9352 val_f1=0.6160 patience=0/3
[train] epoch 7/10 train_loss=0.2386 val_loss=0.8759 val_f1=0.6705 patience=1/3
[train] new best val_f1=0.6705 at epoch 7 -> /lus/lfs1aip2/projects/b5ac/project_1/data/10_recipe_sweep_and_training/matrix/checkpoints/scibert_base/seed_46/best
[train] epoch 8/10 train_loss=0.2179 val_loss=1.1125 val_f1=0.6071 patience=0/3
[train] epoch 9/10 train_loss=0.1954 val_loss=1.0553 val_f1=0.6395 patience=1/3
[train] epoch 10/10 train_loss=0.1886 val_loss=1.1119 val_f1=0.6421 patience=2/3
[train] early stop at epoch 10 (no val_f1 improvement for 3 epochs)
[train] done scibert_base seed=46 best_val_f1=0.6705 best_epoch=7 epochs_run=10
[benchmark] evaluating /lus/lfs1aip2/projects/b5ac/project_1/data/10_recipe_sweep_and_training/matrix/checkpoints/scibert_base/seed_46/best on 14395 BioRED test examples
[benchmark] batch 1/450 examples=32/14395
[benchmark] batch 45/450 examples=1440/14395
[benchmark] batch 90/450 examples=2880/14395
[benchmark] batch 135/450 examples=4320/14395
[benchmark] batch 180/450 examples=5760/14395
[benchmark] batch 225/450 examples=7200/14395
[benchmark] batch 270/450 examples=8640/14395
[benchmark] batch 315/450 examples=10080/14395
[benchmark] batch 360/450 examples=11520/14395
[benchmark] batch 405/450 examples=12960/14395
[benchmark] batch 450/450 examples=14395/14395
[benchmark] done f1=0.7496 precision=0.7604 recall=0.7390 n_positives=8875
  COMPLETE SciBERT (scibert_base) seed=46: benchmark_f1=0.750 best_epoch=7 marker=/lus/lfs1aip2/projects/b5ac/project_1/data/10_recipe_sweep_and_training/matrix/results/scibert_base/seed_46/matrix_complete.json
  RUN START SciBERT (scibert_base) seed=47 [6/8 in this job]
[train] start scibert_base seed=47 lr=1e-05 warmup=none train=24000 val=25311 -> /lus/lfs1aip2/projects/b5ac/project_1/data/10_recipe_sweep_and_training/matrix/checkpoints/scibert_base/seed_47
[train] device=cuda batch_size=16 max_epochs=10
Some weights of BertForSequenceClassification were not initialized from the model checkpoint at allenai/scibert_scivocab_uncased and are newly initialized: ['classifier.bias', 'classifier.weight']
You should probably TRAIN this model on a down-stream task to be able to use it for predictions and inference.
[train] epoch 1/10 train_loss=0.5850 val_loss=0.6535 val_f1=0.6154 patience=0/3
[train] new best val_f1=0.6154 at epoch 1 -> /lus/lfs1aip2/projects/b5ac/project_1/data/10_recipe_sweep_and_training/matrix/checkpoints/scibert_base/seed_47/best
[train] epoch 2/10 train_loss=0.4667 val_loss=0.6500 val_f1=0.6241 patience=0/3
[train] new best val_f1=0.6241 at epoch 2 -> /lus/lfs1aip2/projects/b5ac/project_1/data/10_recipe_sweep_and_training/matrix/checkpoints/scibert_base/seed_47/best
[train] epoch 3/10 train_loss=0.3987 val_loss=0.6805 val_f1=0.6327 patience=0/3
[train] new best val_f1=0.6327 at epoch 3 -> /lus/lfs1aip2/projects/b5ac/project_1/data/10_recipe_sweep_and_training/matrix/checkpoints/scibert_base/seed_47/best
[train] epoch 4/10 train_loss=0.3528 val_loss=0.8174 val_f1=0.6620 patience=0/3
[train] new best val_f1=0.6620 at epoch 4 -> /lus/lfs1aip2/projects/b5ac/project_1/data/10_recipe_sweep_and_training/matrix/checkpoints/scibert_base/seed_47/best
[train] epoch 5/10 train_loss=0.3179 val_loss=0.7428 val_f1=0.6534 patience=0/3
[train] epoch 6/10 train_loss=0.2855 val_loss=0.7754 val_f1=0.6525 patience=1/3
[train] epoch 7/10 train_loss=0.2591 val_loss=0.8553 val_f1=0.6897 patience=2/3
[train] new best val_f1=0.6897 at epoch 7 -> /lus/lfs1aip2/projects/b5ac/project_1/data/10_recipe_sweep_and_training/matrix/checkpoints/scibert_base/seed_47/best
[train] epoch 8/10 train_loss=0.2373 val_loss=0.9138 val_f1=0.6265 patience=0/3
[train] epoch 9/10 train_loss=0.2181 val_loss=0.8812 val_f1=0.6544 patience=1/3
[train] epoch 10/10 train_loss=0.2024 val_loss=0.9783 val_f1=0.6550 patience=2/3
[train] early stop at epoch 10 (no val_f1 improvement for 3 epochs)
[train] done scibert_base seed=47 best_val_f1=0.6897 best_epoch=7 epochs_run=10
[benchmark] evaluating /lus/lfs1aip2/projects/b5ac/project_1/data/10_recipe_sweep_and_training/matrix/checkpoints/scibert_base/seed_47/best on 14395 BioRED test examples
[benchmark] batch 1/450 examples=32/14395
[benchmark] batch 45/450 examples=1440/14395
[benchmark] batch 90/450 examples=2880/14395
[benchmark] batch 135/450 examples=4320/14395
[benchmark] batch 180/450 examples=5760/14395
[benchmark] batch 225/450 examples=7200/14395
[benchmark] batch 270/450 examples=8640/14395
[benchmark] batch 315/450 examples=10080/14395
[benchmark] batch 360/450 examples=11520/14395
[benchmark] batch 405/450 examples=12960/14395
[benchmark] batch 450/450 examples=14395/14395
[benchmark] done f1=0.7579 precision=0.7707 recall=0.7456 n_positives=8875
  COMPLETE SciBERT (scibert_base) seed=47: benchmark_f1=0.758 best_epoch=7 marker=/lus/lfs1aip2/projects/b5ac/project_1/data/10_recipe_sweep_and_training/matrix/results/scibert_base/seed_47/matrix_complete.json
  RUN START SciBERT (scibert_base) seed=48 [7/8 in this job]
[train] start scibert_base seed=48 lr=1e-05 warmup=none train=24000 val=25311 -> /lus/lfs1aip2/projects/b5ac/project_1/data/10_recipe_sweep_and_training/matrix/checkpoints/scibert_base/seed_48
[train] device=cuda batch_size=16 max_epochs=10
Some weights of BertForSequenceClassification were not initialized from the model checkpoint at allenai/scibert_scivocab_uncased and are newly initialized: ['classifier.bias', 'classifier.weight']
You should probably TRAIN this model on a down-stream task to be able to use it for predictions and inference.
[train] epoch 1/10 train_loss=0.5815 val_loss=0.6304 val_f1=0.5722 patience=0/3
[train] new best val_f1=0.5722 at epoch 1 -> /lus/lfs1aip2/projects/b5ac/project_1/data/10_recipe_sweep_and_training/matrix/checkpoints/scibert_base/seed_48/best
[train] epoch 2/10 train_loss=0.4644 val_loss=0.6762 val_f1=0.6382 patience=0/3
[train] new best val_f1=0.6382 at epoch 2 -> /lus/lfs1aip2/projects/b5ac/project_1/data/10_recipe_sweep_and_training/matrix/checkpoints/scibert_base/seed_48/best
[train] epoch 3/10 train_loss=0.3951 val_loss=0.6895 val_f1=0.6114 patience=0/3
[train] epoch 4/10 train_loss=0.3493 val_loss=0.7721 val_f1=0.5999 patience=1/3
[train] epoch 5/10 train_loss=0.3092 val_loss=0.8874 val_f1=0.6362 patience=2/3
[train] early stop at epoch 5 (no val_f1 improvement for 3 epochs)
[train] done scibert_base seed=48 best_val_f1=0.6382 best_epoch=2 epochs_run=5
[benchmark] evaluating /lus/lfs1aip2/projects/b5ac/project_1/data/10_recipe_sweep_and_training/matrix/checkpoints/scibert_base/seed_48/best on 14395 BioRED test examples
[benchmark] batch 1/450 examples=32/14395
[benchmark] batch 45/450 examples=1440/14395
[benchmark] batch 90/450 examples=2880/14395
[benchmark] batch 135/450 examples=4320/14395
[benchmark] batch 180/450 examples=5760/14395
[benchmark] batch 225/450 examples=7200/14395
[benchmark] batch 270/450 examples=8640/14395
[benchmark] batch 315/450 examples=10080/14395
[benchmark] batch 360/450 examples=11520/14395
[benchmark] batch 405/450 examples=12960/14395
[benchmark] batch 450/450 examples=14395/14395
[benchmark] done f1=0.7417 precision=0.7470 recall=0.7365 n_positives=8875
  COMPLETE SciBERT (scibert_base) seed=48: benchmark_f1=0.742 best_epoch=2 marker=/lus/lfs1aip2/projects/b5ac/project_1/data/10_recipe_sweep_and_training/matrix/results/scibert_base/seed_48/matrix_complete.json
  RUN START SciBERT (scibert_base) seed=49 [8/8 in this job]
[train] start scibert_base seed=49 lr=1e-05 warmup=none train=24000 val=25311 -> /lus/lfs1aip2/projects/b5ac/project_1/data/10_recipe_sweep_and_training/matrix/checkpoints/scibert_base/seed_49
[train] device=cuda batch_size=16 max_epochs=10
Some weights of BertForSequenceClassification were not initialized from the model checkpoint at allenai/scibert_scivocab_uncased and are newly initialized: ['classifier.bias', 'classifier.weight']
You should probably TRAIN this model on a down-stream task to be able to use it for predictions and inference.
[train] epoch 1/10 train_loss=0.5840 val_loss=0.6424 val_f1=0.5742 patience=0/3
[train] new best val_f1=0.5742 at epoch 1 -> /lus/lfs1aip2/projects/b5ac/project_1/data/10_recipe_sweep_and_training/matrix/checkpoints/scibert_base/seed_49/best
[train] epoch 2/10 train_loss=0.4660 val_loss=0.7626 val_f1=0.5823 patience=0/3
[train] new best val_f1=0.5823 at epoch 2 -> /lus/lfs1aip2/projects/b5ac/project_1/data/10_recipe_sweep_and_training/matrix/checkpoints/scibert_base/seed_49/best
[train] epoch 3/10 train_loss=0.3994 val_loss=0.7512 val_f1=0.5657 patience=0/3
[train] epoch 4/10 train_loss=0.3543 val_loss=0.7735 val_f1=0.6285 patience=1/3
[train] new best val_f1=0.6285 at epoch 4 -> /lus/lfs1aip2/projects/b5ac/project_1/data/10_recipe_sweep_and_training/matrix/checkpoints/scibert_base/seed_49/best
[train] epoch 5/10 train_loss=0.3171 val_loss=0.9285 val_f1=0.6568 patience=0/3
[train] new best val_f1=0.6568 at epoch 5 -> /lus/lfs1aip2/projects/b5ac/project_1/data/10_recipe_sweep_and_training/matrix/checkpoints/scibert_base/seed_49/best
[train] epoch 6/10 train_loss=0.2891 val_loss=0.9068 val_f1=0.6780 patience=0/3
[train] new best val_f1=0.6780 at epoch 6 -> /lus/lfs1aip2/projects/b5ac/project_1/data/10_recipe_sweep_and_training/matrix/checkpoints/scibert_base/seed_49/best
[train] epoch 7/10 train_loss=0.2610 val_loss=0.9548 val_f1=0.6818 patience=0/3
[train] new best val_f1=0.6818 at epoch 7 -> /lus/lfs1aip2/projects/b5ac/project_1/data/10_recipe_sweep_and_training/matrix/checkpoints/scibert_base/seed_49/best
[train] epoch 8/10 train_loss=0.2383 val_loss=0.9101 val_f1=0.6671 patience=0/3
[train] epoch 9/10 train_loss=0.2194 val_loss=0.9935 val_f1=0.6388 patience=1/3
[train] epoch 10/10 train_loss=0.2012 val_loss=1.0651 val_f1=0.7018 patience=2/3
[train] new best val_f1=0.7018 at epoch 10 -> /lus/lfs1aip2/projects/b5ac/project_1/data/10_recipe_sweep_and_training/matrix/checkpoints/scibert_base/seed_49/best
[train] done scibert_base seed=49 best_val_f1=0.7018 best_epoch=10 epochs_run=10
[benchmark] evaluating /lus/lfs1aip2/projects/b5ac/project_1/data/10_recipe_sweep_and_training/matrix/checkpoints/scibert_base/seed_49/best on 14395 BioRED test examples
[benchmark] batch 1/450 examples=32/14395
[benchmark] batch 45/450 examples=1440/14395
[benchmark] batch 90/450 examples=2880/14395
[benchmark] batch 135/450 examples=4320/14395
[benchmark] batch 180/450 examples=5760/14395
[benchmark] batch 225/450 examples=7200/14395
[benchmark] batch 270/450 examples=8640/14395
[benchmark] batch 315/450 examples=10080/14395
[benchmark] batch 360/450 examples=11520/14395
[benchmark] batch 405/450 examples=12960/14395
[benchmark] batch 450/450 examples=14395/14395
[benchmark] done f1=0.7634 precision=0.7143 recall=0.8198 n_positives=8875
  COMPLETE SciBERT (scibert_base) seed=49: benchmark_f1=0.763 best_epoch=10 marker=/lus/lfs1aip2/projects/b5ac/project_1/data/10_recipe_sweep_and_training/matrix/results/scibert_base/seed_49/matrix_complete.json

=== Step-2 matrix training complete (this job) ===
  Trained: 8, skipped (already done): 0, planned: 8

=== Done ===
End: Sat Jun  6 01:00:47 UTC 2026
