=== Step 2: full-matrix training ===
Host: nid011117
SLURM_JOB_ID=5060067
SLURM_JOB_NAME=step2_distilbert_base
Start: Fri Jun  5 21:37:21 UTC 2026
REPO=/home/b5ac/freddieyu.b5ac/project_1
OUTPUT_ROOT=/home/b5ac/freddieyu.b5ac/project_1/../projects/project_1
STEP_ARGS=--models distilbert_base
Log: /home/b5ac/freddieyu.b5ac/project_1/../projects/project_1/runs/10_recipe_sweep_and_training/train_5060067.out
Ensure CHOSEN_RECIPE is set in config.py (not None) before submitting.
=== Recipe sweep and training 2026-06-05T21:37:25.127650 ===
[run] mode=train-only (step 2)
[run] model filter: ['distilbert_base']

=== Step-2 matrix training ===
Recipe: lr=1e-05, warmup=none (checkpoint criterion=val_f1)
Encoders (1): ['distilbert_base']
Seeds (8): [42, 43, 44, 45, 46, 47, 48, 49]
Planned runs this job: 8


=== Estimated checkpoint footprint (rough) ===
  Runs: 1 encoders x 8 seeds = 8
  Assumed ~7 epochs/run; epoch ckpt ~220 MiB (fp16); best ckpt ~440 MiB (fp32)
  Per run ~1980 MiB; total ~15.5 GiB
  MAX_EPOCH_CHECKPOINTS_TO_KEEP=None (None = keep all epoch checkpoints)

[benchmark] building BioRED test examples...
[benchmark] built 14395 test examples (leaked PMIDs excluded)
  RUN START DistilBERT-base (distilbert_base) seed=42 [1/8 in this job]
[train] start distilbert_base seed=42 lr=1e-05 warmup=none train=24000 val=25311 -> /lus/lfs1aip2/projects/b5ac/project_1/data/10_recipe_sweep_and_training/matrix/checkpoints/distilbert_base/seed_42
[train] device=cuda batch_size=16 max_epochs=10
Some weights of DistilBertForSequenceClassification were not initialized from the model checkpoint at distilbert-base-uncased and are newly initialized: ['classifier.bias', 'classifier.weight', 'pre_classifier.bias', 'pre_classifier.weight']
You should probably TRAIN this model on a down-stream task to be able to use it for predictions and inference.
[train] epoch 1/10 train_loss=0.6173 val_loss=0.6431 val_f1=0.5352 patience=0/3
[train] new best val_f1=0.5352 at epoch 1 -> /lus/lfs1aip2/projects/b5ac/project_1/data/10_recipe_sweep_and_training/matrix/checkpoints/distilbert_base/seed_42/best
[train] epoch 2/10 train_loss=0.5295 val_loss=0.6652 val_f1=0.5677 patience=0/3
[train] new best val_f1=0.5677 at epoch 2 -> /lus/lfs1aip2/projects/b5ac/project_1/data/10_recipe_sweep_and_training/matrix/checkpoints/distilbert_base/seed_42/best
[train] epoch 3/10 train_loss=0.4719 val_loss=0.6502 val_f1=0.5685 patience=0/3
[train] new best val_f1=0.5685 at epoch 3 -> /lus/lfs1aip2/projects/b5ac/project_1/data/10_recipe_sweep_and_training/matrix/checkpoints/distilbert_base/seed_42/best
[train] epoch 4/10 train_loss=0.4328 val_loss=0.7573 val_f1=0.5365 patience=0/3
[train] epoch 5/10 train_loss=0.4007 val_loss=0.7636 val_f1=0.6205 patience=1/3
[train] new best val_f1=0.6205 at epoch 5 -> /lus/lfs1aip2/projects/b5ac/project_1/data/10_recipe_sweep_and_training/matrix/checkpoints/distilbert_base/seed_42/best
[train] epoch 6/10 train_loss=0.3721 val_loss=0.7537 val_f1=0.5876 patience=0/3
[train] epoch 7/10 train_loss=0.3469 val_loss=0.8468 val_f1=0.5782 patience=1/3
[train] epoch 8/10 train_loss=0.3235 val_loss=0.8236 val_f1=0.6280 patience=2/3
[train] new best val_f1=0.6280 at epoch 8 -> /lus/lfs1aip2/projects/b5ac/project_1/data/10_recipe_sweep_and_training/matrix/checkpoints/distilbert_base/seed_42/best
[train] epoch 9/10 train_loss=0.2990 val_loss=0.9530 val_f1=0.5604 patience=0/3
[train] epoch 10/10 train_loss=0.2825 val_loss=0.9232 val_f1=0.6011 patience=1/3
[train] done distilbert_base seed=42 best_val_f1=0.6280 best_epoch=8 epochs_run=10
[benchmark] evaluating /lus/lfs1aip2/projects/b5ac/project_1/data/10_recipe_sweep_and_training/matrix/checkpoints/distilbert_base/seed_42/best on 14395 BioRED test examples
[benchmark] batch 1/450 examples=32/14395
[benchmark] batch 45/450 examples=1440/14395
[benchmark] batch 90/450 examples=2880/14395
[benchmark] batch 135/450 examples=4320/14395
[benchmark] batch 180/450 examples=5760/14395
[benchmark] batch 225/450 examples=7200/14395
[benchmark] batch 270/450 examples=8640/14395
[benchmark] batch 315/450 examples=10080/14395
[benchmark] batch 360/450 examples=11520/14395
[benchmark] batch 405/450 examples=12960/14395
[benchmark] batch 450/450 examples=14395/14395
[benchmark] done f1=0.7157 precision=0.7530 recall=0.6819 n_positives=8875
  COMPLETE DistilBERT-base (distilbert_base) seed=42: benchmark_f1=0.716 best_epoch=8 marker=/lus/lfs1aip2/projects/b5ac/project_1/data/10_recipe_sweep_and_training/matrix/results/distilbert_base/seed_42/matrix_complete.json
  RUN START DistilBERT-base (distilbert_base) seed=43 [2/8 in this job]
[train] start distilbert_base seed=43 lr=1e-05 warmup=none train=24000 val=25311 -> /lus/lfs1aip2/projects/b5ac/project_1/data/10_recipe_sweep_and_training/matrix/checkpoints/distilbert_base/seed_43
[train] device=cuda batch_size=16 max_epochs=10
Some weights of DistilBertForSequenceClassification were not initialized from the model checkpoint at distilbert-base-uncased and are newly initialized: ['classifier.bias', 'classifier.weight', 'pre_classifier.bias', 'pre_classifier.weight']
You should probably TRAIN this model on a down-stream task to be able to use it for predictions and inference.
[train] epoch 1/10 train_loss=0.6181 val_loss=0.6433 val_f1=0.5688 patience=0/3
[train] new best val_f1=0.5688 at epoch 1 -> /lus/lfs1aip2/projects/b5ac/project_1/data/10_recipe_sweep_and_training/matrix/checkpoints/distilbert_base/seed_43/best
[train] epoch 2/10 train_loss=0.5323 val_loss=0.6747 val_f1=0.5249 patience=0/3
[train] epoch 3/10 train_loss=0.4748 val_loss=0.7111 val_f1=0.5397 patience=1/3
[train] epoch 4/10 train_loss=0.4328 val_loss=0.7215 val_f1=0.5754 patience=2/3
[train] new best val_f1=0.5754 at epoch 4 -> /lus/lfs1aip2/projects/b5ac/project_1/data/10_recipe_sweep_and_training/matrix/checkpoints/distilbert_base/seed_43/best
[train] epoch 5/10 train_loss=0.3947 val_loss=0.7350 val_f1=0.5054 patience=0/3
[train] epoch 6/10 train_loss=0.3616 val_loss=0.8585 val_f1=0.6324 patience=1/3
[train] new best val_f1=0.6324 at epoch 6 -> /lus/lfs1aip2/projects/b5ac/project_1/data/10_recipe_sweep_and_training/matrix/checkpoints/distilbert_base/seed_43/best
[train] epoch 7/10 train_loss=0.3352 val_loss=0.8311 val_f1=0.5918 patience=0/3
[train] epoch 8/10 train_loss=0.3093 val_loss=0.8170 val_f1=0.5823 patience=1/3
[train] epoch 9/10 train_loss=0.2873 val_loss=0.9547 val_f1=0.5961 patience=2/3
[train] early stop at epoch 9 (no val_f1 improvement for 3 epochs)
[train] done distilbert_base seed=43 best_val_f1=0.6324 best_epoch=6 epochs_run=9
[benchmark] evaluating /lus/lfs1aip2/projects/b5ac/project_1/data/10_recipe_sweep_and_training/matrix/checkpoints/distilbert_base/seed_43/best on 14395 BioRED test examples
[benchmark] batch 1/450 examples=32/14395
[benchmark] batch 45/450 examples=1440/14395
[benchmark] batch 90/450 examples=2880/14395
[benchmark] batch 135/450 examples=4320/14395
[benchmark] batch 180/450 examples=5760/14395
[benchmark] batch 225/450 examples=7200/14395
[benchmark] batch 270/450 examples=8640/14395
[benchmark] batch 315/450 examples=10080/14395
[benchmark] batch 360/450 examples=11520/14395
[benchmark] batch 405/450 examples=12960/14395
[benchmark] batch 450/450 examples=14395/14395
[benchmark] done f1=0.7498 precision=0.7225 recall=0.7792 n_positives=8875
  COMPLETE DistilBERT-base (distilbert_base) seed=43: benchmark_f1=0.750 best_epoch=6 marker=/lus/lfs1aip2/projects/b5ac/project_1/data/10_recipe_sweep_and_training/matrix/results/distilbert_base/seed_43/matrix_complete.json
  RUN START DistilBERT-base (distilbert_base) seed=44 [3/8 in this job]
[train] start distilbert_base seed=44 lr=1e-05 warmup=none train=24000 val=25311 -> /lus/lfs1aip2/projects/b5ac/project_1/data/10_recipe_sweep_and_training/matrix/checkpoints/distilbert_base/seed_44
[train] device=cuda batch_size=16 max_epochs=10
Some weights of DistilBertForSequenceClassification were not initialized from the model checkpoint at distilbert-base-uncased and are newly initialized: ['classifier.bias', 'classifier.weight', 'pre_classifier.bias', 'pre_classifier.weight']
You should probably TRAIN this model on a down-stream task to be able to use it for predictions and inference.
[train] epoch 1/10 train_loss=0.6135 val_loss=0.6362 val_f1=0.5578 patience=0/3
[train] new best val_f1=0.5578 at epoch 1 -> /lus/lfs1aip2/projects/b5ac/project_1/data/10_recipe_sweep_and_training/matrix/checkpoints/distilbert_base/seed_44/best
[train] epoch 2/10 train_loss=0.5240 val_loss=0.6553 val_f1=0.5355 patience=0/3
[train] epoch 3/10 train_loss=0.4669 val_loss=0.6968 val_f1=0.6231 patience=1/3
[train] new best val_f1=0.6231 at epoch 3 -> /lus/lfs1aip2/projects/b5ac/project_1/data/10_recipe_sweep_and_training/matrix/checkpoints/distilbert_base/seed_44/best
[train] epoch 4/10 train_loss=0.4256 val_loss=0.6687 val_f1=0.5954 patience=0/3
[train] epoch 5/10 train_loss=0.3892 val_loss=0.7206 val_f1=0.5866 patience=1/3
[train] epoch 6/10 train_loss=0.3599 val_loss=0.8060 val_f1=0.6028 patience=2/3
[train] early stop at epoch 6 (no val_f1 improvement for 3 epochs)
[train] done distilbert_base seed=44 best_val_f1=0.6231 best_epoch=3 epochs_run=6
[benchmark] evaluating /lus/lfs1aip2/projects/b5ac/project_1/data/10_recipe_sweep_and_training/matrix/checkpoints/distilbert_base/seed_44/best on 14395 BioRED test examples
[benchmark] batch 1/450 examples=32/14395
[benchmark] batch 45/450 examples=1440/14395
[benchmark] batch 90/450 examples=2880/14395
[benchmark] batch 135/450 examples=4320/14395
[benchmark] batch 180/450 examples=5760/14395
[benchmark] batch 225/450 examples=7200/14395
[benchmark] batch 270/450 examples=8640/14395
[benchmark] batch 315/450 examples=10080/14395
[benchmark] batch 360/450 examples=11520/14395
[benchmark] batch 405/450 examples=12960/14395
[benchmark] batch 450/450 examples=14395/14395
[benchmark] done f1=0.7399 precision=0.7732 recall=0.7093 n_positives=8875
  COMPLETE DistilBERT-base (distilbert_base) seed=44: benchmark_f1=0.740 best_epoch=3 marker=/lus/lfs1aip2/projects/b5ac/project_1/data/10_recipe_sweep_and_training/matrix/results/distilbert_base/seed_44/matrix_complete.json
  RUN START DistilBERT-base (distilbert_base) seed=45 [4/8 in this job]
[train] start distilbert_base seed=45 lr=1e-05 warmup=none train=24000 val=25311 -> /lus/lfs1aip2/projects/b5ac/project_1/data/10_recipe_sweep_and_training/matrix/checkpoints/distilbert_base/seed_45
[train] device=cuda batch_size=16 max_epochs=10
Some weights of DistilBertForSequenceClassification were not initialized from the model checkpoint at distilbert-base-uncased and are newly initialized: ['classifier.bias', 'classifier.weight', 'pre_classifier.bias', 'pre_classifier.weight']
You should probably TRAIN this model on a down-stream task to be able to use it for predictions and inference.
[train] epoch 1/10 train_loss=0.6246 val_loss=0.6966 val_f1=0.5961 patience=0/3
[train] new best val_f1=0.5961 at epoch 1 -> /lus/lfs1aip2/projects/b5ac/project_1/data/10_recipe_sweep_and_training/matrix/checkpoints/distilbert_base/seed_45/best
[train] epoch 2/10 train_loss=0.5448 val_loss=0.6660 val_f1=0.5910 patience=0/3
[train] epoch 3/10 train_loss=0.4894 val_loss=0.6549 val_f1=0.5161 patience=1/3
[train] epoch 4/10 train_loss=0.4472 val_loss=0.7127 val_f1=0.5465 patience=2/3
[train] early stop at epoch 4 (no val_f1 improvement for 3 epochs)
[train] done distilbert_base seed=45 best_val_f1=0.5961 best_epoch=1 epochs_run=4
[benchmark] evaluating /lus/lfs1aip2/projects/b5ac/project_1/data/10_recipe_sweep_and_training/matrix/checkpoints/distilbert_base/seed_45/best on 14395 BioRED test examples
[benchmark] batch 1/450 examples=32/14395
[benchmark] batch 45/450 examples=1440/14395
[benchmark] batch 90/450 examples=2880/14395
[benchmark] batch 135/450 examples=4320/14395
[benchmark] batch 180/450 examples=5760/14395
[benchmark] batch 225/450 examples=7200/14395
[benchmark] batch 270/450 examples=8640/14395
[benchmark] batch 315/450 examples=10080/14395
[benchmark] batch 360/450 examples=11520/14395
[benchmark] batch 405/450 examples=12960/14395
[benchmark] batch 450/450 examples=14395/14395
[benchmark] done f1=0.7468 precision=0.6827 recall=0.8243 n_positives=8875
  COMPLETE DistilBERT-base (distilbert_base) seed=45: benchmark_f1=0.747 best_epoch=1 marker=/lus/lfs1aip2/projects/b5ac/project_1/data/10_recipe_sweep_and_training/matrix/results/distilbert_base/seed_45/matrix_complete.json
  RUN START DistilBERT-base (distilbert_base) seed=46 [5/8 in this job]
[train] start distilbert_base seed=46 lr=1e-05 warmup=none train=24000 val=25311 -> /lus/lfs1aip2/projects/b5ac/project_1/data/10_recipe_sweep_and_training/matrix/checkpoints/distilbert_base/seed_46
[train] device=cuda batch_size=16 max_epochs=10
Some weights of DistilBertForSequenceClassification were not initialized from the model checkpoint at distilbert-base-uncased and are newly initialized: ['classifier.bias', 'classifier.weight', 'pre_classifier.bias', 'pre_classifier.weight']
You should probably TRAIN this model on a down-stream task to be able to use it for predictions and inference.
[train] epoch 1/10 train_loss=0.6109 val_loss=0.6967 val_f1=0.6030 patience=0/3
[train] new best val_f1=0.6030 at epoch 1 -> /lus/lfs1aip2/projects/b5ac/project_1/data/10_recipe_sweep_and_training/matrix/checkpoints/distilbert_base/seed_46/best
[train] epoch 2/10 train_loss=0.5230 val_loss=0.6558 val_f1=0.4861 patience=0/3
[train] epoch 3/10 train_loss=0.4750 val_loss=0.6665 val_f1=0.5729 patience=1/3
[train] epoch 4/10 train_loss=0.4340 val_loss=0.6884 val_f1=0.5809 patience=2/3
[train] early stop at epoch 4 (no val_f1 improvement for 3 epochs)
[train] done distilbert_base seed=46 best_val_f1=0.6030 best_epoch=1 epochs_run=4
[benchmark] evaluating /lus/lfs1aip2/projects/b5ac/project_1/data/10_recipe_sweep_and_training/matrix/checkpoints/distilbert_base/seed_46/best on 14395 BioRED test examples
[benchmark] batch 1/450 examples=32/14395
[benchmark] batch 45/450 examples=1440/14395
[benchmark] batch 90/450 examples=2880/14395
[benchmark] batch 135/450 examples=4320/14395
[benchmark] batch 180/450 examples=5760/14395
[benchmark] batch 225/450 examples=7200/14395
[benchmark] batch 270/450 examples=8640/14395
[benchmark] batch 315/450 examples=10080/14395
[benchmark] batch 360/450 examples=11520/14395
[benchmark] batch 405/450 examples=12960/14395
[benchmark] batch 450/450 examples=14395/14395
[benchmark] done f1=0.7577 precision=0.7279 recall=0.7901 n_positives=8875
  COMPLETE DistilBERT-base (distilbert_base) seed=46: benchmark_f1=0.758 best_epoch=1 marker=/lus/lfs1aip2/projects/b5ac/project_1/data/10_recipe_sweep_and_training/matrix/results/distilbert_base/seed_46/matrix_complete.json
  RUN START DistilBERT-base (distilbert_base) seed=47 [6/8 in this job]
[train] start distilbert_base seed=47 lr=1e-05 warmup=none train=24000 val=25311 -> /lus/lfs1aip2/projects/b5ac/project_1/data/10_recipe_sweep_and_training/matrix/checkpoints/distilbert_base/seed_47
[train] device=cuda batch_size=16 max_epochs=10
Some weights of DistilBertForSequenceClassification were not initialized from the model checkpoint at distilbert-base-uncased and are newly initialized: ['classifier.bias', 'classifier.weight', 'pre_classifier.bias', 'pre_classifier.weight']
You should probably TRAIN this model on a down-stream task to be able to use it for predictions and inference.
[train] epoch 1/10 train_loss=0.6285 val_loss=0.6570 val_f1=0.4529 patience=0/3
[train] new best val_f1=0.4529 at epoch 1 -> /lus/lfs1aip2/projects/b5ac/project_1/data/10_recipe_sweep_and_training/matrix/checkpoints/distilbert_base/seed_47/best
[train] epoch 2/10 train_loss=0.5473 val_loss=0.6576 val_f1=0.5495 patience=0/3
[train] new best val_f1=0.5495 at epoch 2 -> /lus/lfs1aip2/projects/b5ac/project_1/data/10_recipe_sweep_and_training/matrix/checkpoints/distilbert_base/seed_47/best
[train] epoch 3/10 train_loss=0.4859 val_loss=0.7024 val_f1=0.5619 patience=0/3
[train] new best val_f1=0.5619 at epoch 3 -> /lus/lfs1aip2/projects/b5ac/project_1/data/10_recipe_sweep_and_training/matrix/checkpoints/distilbert_base/seed_47/best
[train] epoch 4/10 train_loss=0.4391 val_loss=0.7330 val_f1=0.5464 patience=0/3
[train] epoch 5/10 train_loss=0.4019 val_loss=0.7720 val_f1=0.5866 patience=1/3
[train] new best val_f1=0.5866 at epoch 5 -> /lus/lfs1aip2/projects/b5ac/project_1/data/10_recipe_sweep_and_training/matrix/checkpoints/distilbert_base/seed_47/best
[train] epoch 6/10 train_loss=0.3708 val_loss=0.8001 val_f1=0.6220 patience=0/3
[train] new best val_f1=0.6220 at epoch 6 -> /lus/lfs1aip2/projects/b5ac/project_1/data/10_recipe_sweep_and_training/matrix/checkpoints/distilbert_base/seed_47/best
[train] epoch 7/10 train_loss=0.3449 val_loss=0.9804 val_f1=0.5798 patience=0/3
[train] epoch 8/10 train_loss=0.3211 val_loss=0.8736 val_f1=0.6055 patience=1/3
[train] epoch 9/10 train_loss=0.2993 val_loss=0.9437 val_f1=0.6269 patience=2/3
[train] new best val_f1=0.6269 at epoch 9 -> /lus/lfs1aip2/projects/b5ac/project_1/data/10_recipe_sweep_and_training/matrix/checkpoints/distilbert_base/seed_47/best
[train] epoch 10/10 train_loss=0.2783 val_loss=1.0047 val_f1=0.6437 patience=0/3
[train] new best val_f1=0.6437 at epoch 10 -> /lus/lfs1aip2/projects/b5ac/project_1/data/10_recipe_sweep_and_training/matrix/checkpoints/distilbert_base/seed_47/best
[train] done distilbert_base seed=47 best_val_f1=0.6437 best_epoch=10 epochs_run=10
[benchmark] evaluating /lus/lfs1aip2/projects/b5ac/project_1/data/10_recipe_sweep_and_training/matrix/checkpoints/distilbert_base/seed_47/best on 14395 BioRED test examples
[benchmark] batch 1/450 examples=32/14395
[benchmark] batch 45/450 examples=1440/14395
[benchmark] batch 90/450 examples=2880/14395
[benchmark] batch 135/450 examples=4320/14395
[benchmark] batch 180/450 examples=5760/14395
[benchmark] batch 225/450 examples=7200/14395
[benchmark] batch 270/450 examples=8640/14395
[benchmark] batch 315/450 examples=10080/14395
[benchmark] batch 360/450 examples=11520/14395
[benchmark] batch 405/450 examples=12960/14395
[benchmark] batch 450/450 examples=14395/14395
[benchmark] done f1=0.7532 precision=0.7363 recall=0.7709 n_positives=8875
  COMPLETE DistilBERT-base (distilbert_base) seed=47: benchmark_f1=0.753 best_epoch=10 marker=/lus/lfs1aip2/projects/b5ac/project_1/data/10_recipe_sweep_and_training/matrix/results/distilbert_base/seed_47/matrix_complete.json
  RUN START DistilBERT-base (distilbert_base) seed=48 [7/8 in this job]
[train] start distilbert_base seed=48 lr=1e-05 warmup=none train=24000 val=25311 -> /lus/lfs1aip2/projects/b5ac/project_1/data/10_recipe_sweep_and_training/matrix/checkpoints/distilbert_base/seed_48
[train] device=cuda batch_size=16 max_epochs=10
Some weights of DistilBertForSequenceClassification were not initialized from the model checkpoint at distilbert-base-uncased and are newly initialized: ['classifier.bias', 'classifier.weight', 'pre_classifier.bias', 'pre_classifier.weight']
You should probably TRAIN this model on a down-stream task to be able to use it for predictions and inference.
[train] epoch 1/10 train_loss=0.6249 val_loss=0.6380 val_f1=0.4780 patience=0/3
[train] new best val_f1=0.4780 at epoch 1 -> /lus/lfs1aip2/projects/b5ac/project_1/data/10_recipe_sweep_and_training/matrix/checkpoints/distilbert_base/seed_48/best
[train] epoch 2/10 train_loss=0.5441 val_loss=0.6555 val_f1=0.4617 patience=0/3
[train] epoch 3/10 train_loss=0.4868 val_loss=0.6888 val_f1=0.5596 patience=1/3
[train] new best val_f1=0.5596 at epoch 3 -> /lus/lfs1aip2/projects/b5ac/project_1/data/10_recipe_sweep_and_training/matrix/checkpoints/distilbert_base/seed_48/best
[train] epoch 4/10 train_loss=0.4433 val_loss=0.7270 val_f1=0.6172 patience=0/3
[train] new best val_f1=0.6172 at epoch 4 -> /lus/lfs1aip2/projects/b5ac/project_1/data/10_recipe_sweep_and_training/matrix/checkpoints/distilbert_base/seed_48/best
[train] epoch 5/10 train_loss=0.4067 val_loss=0.7345 val_f1=0.6094 patience=0/3
[train] epoch 6/10 train_loss=0.3693 val_loss=0.7541 val_f1=0.6100 patience=1/3
[train] epoch 7/10 train_loss=0.3429 val_loss=0.7930 val_f1=0.6172 patience=2/3
[train] new best val_f1=0.6172 at epoch 7 -> /lus/lfs1aip2/projects/b5ac/project_1/data/10_recipe_sweep_and_training/matrix/checkpoints/distilbert_base/seed_48/best
[train] epoch 8/10 train_loss=0.3170 val_loss=0.8769 val_f1=0.5816 patience=0/3
[train] epoch 9/10 train_loss=0.2926 val_loss=0.9769 val_f1=0.6161 patience=1/3
[train] epoch 10/10 train_loss=0.2721 val_loss=1.0548 val_f1=0.6223 patience=2/3
[train] new best val_f1=0.6223 at epoch 10 -> /lus/lfs1aip2/projects/b5ac/project_1/data/10_recipe_sweep_and_training/matrix/checkpoints/distilbert_base/seed_48/best
[train] done distilbert_base seed=48 best_val_f1=0.6223 best_epoch=10 epochs_run=10
[benchmark] evaluating /lus/lfs1aip2/projects/b5ac/project_1/data/10_recipe_sweep_and_training/matrix/checkpoints/distilbert_base/seed_48/best on 14395 BioRED test examples
[benchmark] batch 1/450 examples=32/14395
[benchmark] batch 45/450 examples=1440/14395
[benchmark] batch 90/450 examples=2880/14395
[benchmark] batch 135/450 examples=4320/14395
[benchmark] batch 180/450 examples=5760/14395
[benchmark] batch 225/450 examples=7200/14395
[benchmark] batch 270/450 examples=8640/14395
[benchmark] batch 315/450 examples=10080/14395
[benchmark] batch 360/450 examples=11520/14395
[benchmark] batch 405/450 examples=12960/14395
[benchmark] batch 450/450 examples=14395/14395
[benchmark] done f1=0.7059 precision=0.7201 recall=0.6923 n_positives=8875
  COMPLETE DistilBERT-base (distilbert_base) seed=48: benchmark_f1=0.706 best_epoch=10 marker=/lus/lfs1aip2/projects/b5ac/project_1/data/10_recipe_sweep_and_training/matrix/results/distilbert_base/seed_48/matrix_complete.json
  RUN START DistilBERT-base (distilbert_base) seed=49 [8/8 in this job]
[train] start distilbert_base seed=49 lr=1e-05 warmup=none train=24000 val=25311 -> /lus/lfs1aip2/projects/b5ac/project_1/data/10_recipe_sweep_and_training/matrix/checkpoints/distilbert_base/seed_49
[train] device=cuda batch_size=16 max_epochs=10
Some weights of DistilBertForSequenceClassification were not initialized from the model checkpoint at distilbert-base-uncased and are newly initialized: ['classifier.bias', 'classifier.weight', 'pre_classifier.bias', 'pre_classifier.weight']
You should probably TRAIN this model on a down-stream task to be able to use it for predictions and inference.
[train] epoch 1/10 train_loss=0.6200 val_loss=0.6389 val_f1=0.5817 patience=0/3
[train] new best val_f1=0.5817 at epoch 1 -> /lus/lfs1aip2/projects/b5ac/project_1/data/10_recipe_sweep_and_training/matrix/checkpoints/distilbert_base/seed_49/best
[train] epoch 2/10 train_loss=0.5266 val_loss=0.6868 val_f1=0.4779 patience=0/3
[train] epoch 3/10 train_loss=0.4697 val_loss=0.6761 val_f1=0.5855 patience=1/3
[train] new best val_f1=0.5855 at epoch 3 -> /lus/lfs1aip2/projects/b5ac/project_1/data/10_recipe_sweep_and_training/matrix/checkpoints/distilbert_base/seed_49/best
[train] epoch 4/10 train_loss=0.4274 val_loss=0.7301 val_f1=0.5494 patience=0/3
[train] epoch 5/10 train_loss=0.3961 val_loss=0.7657 val_f1=0.5779 patience=1/3
[train] epoch 6/10 train_loss=0.3665 val_loss=0.7170 val_f1=0.6057 patience=2/3
[train] new best val_f1=0.6057 at epoch 6 -> /lus/lfs1aip2/projects/b5ac/project_1/data/10_recipe_sweep_and_training/matrix/checkpoints/distilbert_base/seed_49/best
[train] epoch 7/10 train_loss=0.3382 val_loss=0.8525 val_f1=0.6287 patience=0/3
[train] new best val_f1=0.6287 at epoch 7 -> /lus/lfs1aip2/projects/b5ac/project_1/data/10_recipe_sweep_and_training/matrix/checkpoints/distilbert_base/seed_49/best
[train] epoch 8/10 train_loss=0.3158 val_loss=0.9327 val_f1=0.6052 patience=0/3
[train] epoch 9/10 train_loss=0.2953 val_loss=0.9651 val_f1=0.6130 patience=1/3
[train] epoch 10/10 train_loss=0.2730 val_loss=0.9324 val_f1=0.5951 patience=2/3
[train] early stop at epoch 10 (no val_f1 improvement for 3 epochs)
[train] done distilbert_base seed=49 best_val_f1=0.6287 best_epoch=7 epochs_run=10
[benchmark] evaluating /lus/lfs1aip2/projects/b5ac/project_1/data/10_recipe_sweep_and_training/matrix/checkpoints/distilbert_base/seed_49/best on 14395 BioRED test examples
[benchmark] batch 1/450 examples=32/14395
[benchmark] batch 45/450 examples=1440/14395
[benchmark] batch 90/450 examples=2880/14395
[benchmark] batch 135/450 examples=4320/14395
[benchmark] batch 180/450 examples=5760/14395
[benchmark] batch 225/450 examples=7200/14395
[benchmark] batch 270/450 examples=8640/14395
[benchmark] batch 315/450 examples=10080/14395
[benchmark] batch 360/450 examples=11520/14395
[benchmark] batch 405/450 examples=12960/14395
[benchmark] batch 450/450 examples=14395/14395
[benchmark] done f1=0.7154 precision=0.7190 recall=0.7119 n_positives=8875
  COMPLETE DistilBERT-base (distilbert_base) seed=49: benchmark_f1=0.715 best_epoch=7 marker=/lus/lfs1aip2/projects/b5ac/project_1/data/10_recipe_sweep_and_training/matrix/results/distilbert_base/seed_49/matrix_complete.json

=== Step-2 matrix training complete (this job) ===
  Trained: 8, skipped (already done): 0, planned: 8

=== Done ===
End: Fri Jun  5 23:42:59 UTC 2026
