=== Step 2: full-matrix training ===
Host: nid011121
SLURM_JOB_ID=5060068
SLURM_JOB_NAME=step2_deberta_base
Start: Fri Jun  5 21:37:21 UTC 2026
REPO=/home/b5ac/freddieyu.b5ac/project_1
OUTPUT_ROOT=/home/b5ac/freddieyu.b5ac/project_1/../projects/project_1
STEP_ARGS=--models deberta_base
Log: /home/b5ac/freddieyu.b5ac/project_1/../projects/project_1/runs/10_recipe_sweep_and_training/train_5060068.out
Ensure CHOSEN_RECIPE is set in config.py (not None) before submitting.
=== Recipe sweep and training 2026-06-05T21:37:25.277853 ===
[run] mode=train-only (step 2)
[run] model filter: ['deberta_base']

=== Step-2 matrix training ===
Recipe: lr=1e-05, warmup=none (checkpoint criterion=val_f1)
Encoders (1): ['deberta_base']
Seeds (8): [42, 43, 44, 45, 46, 47, 48, 49]
Planned runs this job: 8


=== Estimated checkpoint footprint (rough) ===
  Runs: 1 encoders x 8 seeds = 8
  Assumed ~7 epochs/run; epoch ckpt ~220 MiB (fp16); best ckpt ~440 MiB (fp32)
  Per run ~1980 MiB; total ~15.5 GiB
  MAX_EPOCH_CHECKPOINTS_TO_KEEP=None (None = keep all epoch checkpoints)

[benchmark] building BioRED test examples...
[benchmark] built 14395 test examples (leaked PMIDs excluded)
  RUN START DeBERTa-base (deberta_base) seed=42 [1/8 in this job]
[train] start deberta_base seed=42 lr=1e-05 warmup=none train=24000 val=25311 -> /lus/lfs1aip2/projects/b5ac/project_1/data/10_recipe_sweep_and_training/matrix/checkpoints/deberta_base/seed_42
[train] device=cuda batch_size=16 max_epochs=10
Some weights of DebertaForSequenceClassification were not initialized from the model checkpoint at microsoft/deberta-base and are newly initialized: ['classifier.bias', 'classifier.weight', 'pooler.dense.bias', 'pooler.dense.weight']
You should probably TRAIN this model on a down-stream task to be able to use it for predictions and inference.
[train] epoch 1/10 train_loss=0.6518 val_loss=0.6618 val_f1=0.4599 patience=0/3
[train] new best val_f1=0.4599 at epoch 1 -> /lus/lfs1aip2/projects/b5ac/project_1/data/10_recipe_sweep_and_training/matrix/checkpoints/deberta_base/seed_42/best
[train] epoch 2/10 train_loss=0.5332 val_loss=0.6224 val_f1=0.5767 patience=0/3
[train] new best val_f1=0.5767 at epoch 2 -> /lus/lfs1aip2/projects/b5ac/project_1/data/10_recipe_sweep_and_training/matrix/checkpoints/deberta_base/seed_42/best
[train] epoch 3/10 train_loss=0.4677 val_loss=0.6725 val_f1=0.5383 patience=0/3
[train] epoch 4/10 train_loss=0.4220 val_loss=0.7601 val_f1=0.6421 patience=1/3
[train] new best val_f1=0.6421 at epoch 4 -> /lus/lfs1aip2/projects/b5ac/project_1/data/10_recipe_sweep_and_training/matrix/checkpoints/deberta_base/seed_42/best
[train] epoch 5/10 train_loss=0.3876 val_loss=0.7926 val_f1=0.6692 patience=0/3
[train] new best val_f1=0.6692 at epoch 5 -> /lus/lfs1aip2/projects/b5ac/project_1/data/10_recipe_sweep_and_training/matrix/checkpoints/deberta_base/seed_42/best
[train] epoch 6/10 train_loss=0.3617 val_loss=0.7394 val_f1=0.6077 patience=0/3
[train] epoch 7/10 train_loss=0.3422 val_loss=0.8201 val_f1=0.6493 patience=1/3
[train] epoch 8/10 train_loss=0.3174 val_loss=0.7826 val_f1=0.6374 patience=2/3
[train] early stop at epoch 8 (no val_f1 improvement for 3 epochs)
[train] done deberta_base seed=42 best_val_f1=0.6692 best_epoch=5 epochs_run=8
[benchmark] evaluating /lus/lfs1aip2/projects/b5ac/project_1/data/10_recipe_sweep_and_training/matrix/checkpoints/deberta_base/seed_42/best on 14395 BioRED test examples
[benchmark] batch 1/450 examples=32/14395
[benchmark] batch 45/450 examples=1440/14395
[benchmark] batch 90/450 examples=2880/14395
[benchmark] batch 135/450 examples=4320/14395
[benchmark] batch 180/450 examples=5760/14395
[benchmark] batch 225/450 examples=7200/14395
[benchmark] batch 270/450 examples=8640/14395
[benchmark] batch 315/450 examples=10080/14395
[benchmark] batch 360/450 examples=11520/14395
[benchmark] batch 405/450 examples=12960/14395
[benchmark] batch 450/450 examples=14395/14395
[benchmark] done f1=0.7737 precision=0.7734 recall=0.7741 n_positives=8875
  COMPLETE DeBERTa-base (deberta_base) seed=42: benchmark_f1=0.774 best_epoch=5 marker=/lus/lfs1aip2/projects/b5ac/project_1/data/10_recipe_sweep_and_training/matrix/results/deberta_base/seed_42/matrix_complete.json
  RUN START DeBERTa-base (deberta_base) seed=43 [2/8 in this job]
[train] start deberta_base seed=43 lr=1e-05 warmup=none train=24000 val=25311 -> /lus/lfs1aip2/projects/b5ac/project_1/data/10_recipe_sweep_and_training/matrix/checkpoints/deberta_base/seed_43
[train] device=cuda batch_size=16 max_epochs=10
Some weights of DebertaForSequenceClassification were not initialized from the model checkpoint at microsoft/deberta-base and are newly initialized: ['classifier.bias', 'classifier.weight', 'pooler.dense.bias', 'pooler.dense.weight']
You should probably TRAIN this model on a down-stream task to be able to use it for predictions and inference.
[train] epoch 1/10 train_loss=0.6389 val_loss=0.6296 val_f1=0.6436 patience=0/3
[train] new best val_f1=0.6436 at epoch 1 -> /lus/lfs1aip2/projects/b5ac/project_1/data/10_recipe_sweep_and_training/matrix/checkpoints/deberta_base/seed_43/best
[train] epoch 2/10 train_loss=0.5251 val_loss=0.6691 val_f1=0.5633 patience=0/3
[train] epoch 3/10 train_loss=0.4593 val_loss=0.6964 val_f1=0.5724 patience=1/3
[train] epoch 4/10 train_loss=0.4182 val_loss=0.7288 val_f1=0.6355 patience=2/3
[train] early stop at epoch 4 (no val_f1 improvement for 3 epochs)
[train] done deberta_base seed=43 best_val_f1=0.6436 best_epoch=1 epochs_run=4
[benchmark] evaluating /lus/lfs1aip2/projects/b5ac/project_1/data/10_recipe_sweep_and_training/matrix/checkpoints/deberta_base/seed_43/best on 14395 BioRED test examples
[benchmark] batch 1/450 examples=32/14395
[benchmark] batch 45/450 examples=1440/14395
[benchmark] batch 90/450 examples=2880/14395
[benchmark] batch 135/450 examples=4320/14395
[benchmark] batch 180/450 examples=5760/14395
[benchmark] batch 225/450 examples=7200/14395
[benchmark] batch 270/450 examples=8640/14395
[benchmark] batch 315/450 examples=10080/14395
[benchmark] batch 360/450 examples=11520/14395
[benchmark] batch 405/450 examples=12960/14395
[benchmark] batch 450/450 examples=14395/14395
[benchmark] done f1=0.7794 precision=0.7743 recall=0.7846 n_positives=8875
  COMPLETE DeBERTa-base (deberta_base) seed=43: benchmark_f1=0.779 best_epoch=1 marker=/lus/lfs1aip2/projects/b5ac/project_1/data/10_recipe_sweep_and_training/matrix/results/deberta_base/seed_43/matrix_complete.json
  RUN START DeBERTa-base (deberta_base) seed=44 [3/8 in this job]
[train] start deberta_base seed=44 lr=1e-05 warmup=none train=24000 val=25311 -> /lus/lfs1aip2/projects/b5ac/project_1/data/10_recipe_sweep_and_training/matrix/checkpoints/deberta_base/seed_44
[train] device=cuda batch_size=16 max_epochs=10
Some weights of DebertaForSequenceClassification were not initialized from the model checkpoint at microsoft/deberta-base and are newly initialized: ['classifier.bias', 'classifier.weight', 'pooler.dense.bias', 'pooler.dense.weight']
You should probably TRAIN this model on a down-stream task to be able to use it for predictions and inference.
[train] epoch 1/10 train_loss=0.6257 val_loss=0.6697 val_f1=0.5102 patience=0/3
[train] new best val_f1=0.5102 at epoch 1 -> /lus/lfs1aip2/projects/b5ac/project_1/data/10_recipe_sweep_and_training/matrix/checkpoints/deberta_base/seed_44/best
[train] epoch 2/10 train_loss=0.5337 val_loss=0.6342 val_f1=0.5750 patience=0/3
[train] new best val_f1=0.5750 at epoch 2 -> /lus/lfs1aip2/projects/b5ac/project_1/data/10_recipe_sweep_and_training/matrix/checkpoints/deberta_base/seed_44/best
[train] epoch 3/10 train_loss=0.4629 val_loss=0.6769 val_f1=0.6099 patience=0/3
[train] new best val_f1=0.6099 at epoch 3 -> /lus/lfs1aip2/projects/b5ac/project_1/data/10_recipe_sweep_and_training/matrix/checkpoints/deberta_base/seed_44/best
[train] epoch 4/10 train_loss=0.4132 val_loss=0.7030 val_f1=0.5704 patience=0/3
[train] epoch 5/10 train_loss=0.3737 val_loss=0.7316 val_f1=0.6222 patience=1/3
[train] new best val_f1=0.6222 at epoch 5 -> /lus/lfs1aip2/projects/b5ac/project_1/data/10_recipe_sweep_and_training/matrix/checkpoints/deberta_base/seed_44/best
[train] epoch 6/10 train_loss=0.3434 val_loss=0.7844 val_f1=0.6340 patience=0/3
[train] new best val_f1=0.6340 at epoch 6 -> /lus/lfs1aip2/projects/b5ac/project_1/data/10_recipe_sweep_and_training/matrix/checkpoints/deberta_base/seed_44/best
[train] epoch 7/10 train_loss=0.3189 val_loss=0.8118 val_f1=0.6229 patience=0/3
[train] epoch 8/10 train_loss=0.2942 val_loss=0.8935 val_f1=0.6207 patience=1/3
[train] epoch 9/10 train_loss=0.2749 val_loss=0.8887 val_f1=0.6206 patience=2/3
[train] early stop at epoch 9 (no val_f1 improvement for 3 epochs)
[train] done deberta_base seed=44 best_val_f1=0.6340 best_epoch=6 epochs_run=9
[benchmark] evaluating /lus/lfs1aip2/projects/b5ac/project_1/data/10_recipe_sweep_and_training/matrix/checkpoints/deberta_base/seed_44/best on 14395 BioRED test examples
[benchmark] batch 1/450 examples=32/14395
[benchmark] batch 45/450 examples=1440/14395
[benchmark] batch 90/450 examples=2880/14395
[benchmark] batch 135/450 examples=4320/14395
[benchmark] batch 180/450 examples=5760/14395
[benchmark] batch 225/450 examples=7200/14395
[benchmark] batch 270/450 examples=8640/14395
[benchmark] batch 315/450 examples=10080/14395
[benchmark] batch 360/450 examples=11520/14395
[benchmark] batch 405/450 examples=12960/14395
[benchmark] batch 450/450 examples=14395/14395
[benchmark] done f1=0.7562 precision=0.7688 recall=0.7439 n_positives=8875
  COMPLETE DeBERTa-base (deberta_base) seed=44: benchmark_f1=0.756 best_epoch=6 marker=/lus/lfs1aip2/projects/b5ac/project_1/data/10_recipe_sweep_and_training/matrix/results/deberta_base/seed_44/matrix_complete.json
  RUN START DeBERTa-base (deberta_base) seed=45 [4/8 in this job]
[train] start deberta_base seed=45 lr=1e-05 warmup=none train=24000 val=25311 -> /lus/lfs1aip2/projects/b5ac/project_1/data/10_recipe_sweep_and_training/matrix/checkpoints/deberta_base/seed_45
[train] device=cuda batch_size=16 max_epochs=10
Some weights of DebertaForSequenceClassification were not initialized from the model checkpoint at microsoft/deberta-base and are newly initialized: ['classifier.bias', 'classifier.weight', 'pooler.dense.bias', 'pooler.dense.weight']
You should probably TRAIN this model on a down-stream task to be able to use it for predictions and inference.
[train] epoch 1/10 train_loss=0.6057 val_loss=0.6538 val_f1=0.5650 patience=0/3
[train] new best val_f1=0.5650 at epoch 1 -> /lus/lfs1aip2/projects/b5ac/project_1/data/10_recipe_sweep_and_training/matrix/checkpoints/deberta_base/seed_45/best
[train] epoch 2/10 train_loss=0.5189 val_loss=0.6906 val_f1=0.6049 patience=0/3
[train] new best val_f1=0.6049 at epoch 2 -> /lus/lfs1aip2/projects/b5ac/project_1/data/10_recipe_sweep_and_training/matrix/checkpoints/deberta_base/seed_45/best
[train] epoch 3/10 train_loss=0.4590 val_loss=0.6628 val_f1=0.6239 patience=0/3
[train] new best val_f1=0.6239 at epoch 3 -> /lus/lfs1aip2/projects/b5ac/project_1/data/10_recipe_sweep_and_training/matrix/checkpoints/deberta_base/seed_45/best
[train] epoch 4/10 train_loss=0.4184 val_loss=0.7107 val_f1=0.6302 patience=0/3
[train] new best val_f1=0.6302 at epoch 4 -> /lus/lfs1aip2/projects/b5ac/project_1/data/10_recipe_sweep_and_training/matrix/checkpoints/deberta_base/seed_45/best
[train] epoch 5/10 train_loss=0.3821 val_loss=0.7644 val_f1=0.6306 patience=0/3
[train] new best val_f1=0.6306 at epoch 5 -> /lus/lfs1aip2/projects/b5ac/project_1/data/10_recipe_sweep_and_training/matrix/checkpoints/deberta_base/seed_45/best
[train] epoch 6/10 train_loss=0.3494 val_loss=0.7909 val_f1=0.6465 patience=0/3
[train] new best val_f1=0.6465 at epoch 6 -> /lus/lfs1aip2/projects/b5ac/project_1/data/10_recipe_sweep_and_training/matrix/checkpoints/deberta_base/seed_45/best
[train] epoch 7/10 train_loss=0.3211 val_loss=0.8465 val_f1=0.5946 patience=0/3
[train] epoch 8/10 train_loss=0.2947 val_loss=0.7913 val_f1=0.6460 patience=1/3
[train] epoch 9/10 train_loss=0.2720 val_loss=0.9224 val_f1=0.6478 patience=2/3
[train] new best val_f1=0.6478 at epoch 9 -> /lus/lfs1aip2/projects/b5ac/project_1/data/10_recipe_sweep_and_training/matrix/checkpoints/deberta_base/seed_45/best
[train] epoch 10/10 train_loss=0.2502 val_loss=1.0198 val_f1=0.6515 patience=0/3
[train] new best val_f1=0.6515 at epoch 10 -> /lus/lfs1aip2/projects/b5ac/project_1/data/10_recipe_sweep_and_training/matrix/checkpoints/deberta_base/seed_45/best
[train] done deberta_base seed=45 best_val_f1=0.6515 best_epoch=10 epochs_run=10
[benchmark] evaluating /lus/lfs1aip2/projects/b5ac/project_1/data/10_recipe_sweep_and_training/matrix/checkpoints/deberta_base/seed_45/best on 14395 BioRED test examples
[benchmark] batch 1/450 examples=32/14395
[benchmark] batch 45/450 examples=1440/14395
[benchmark] batch 90/450 examples=2880/14395
[benchmark] batch 135/450 examples=4320/14395
[benchmark] batch 180/450 examples=5760/14395
[benchmark] batch 225/450 examples=7200/14395
[benchmark] batch 270/450 examples=8640/14395
[benchmark] batch 315/450 examples=10080/14395
[benchmark] batch 360/450 examples=11520/14395
[benchmark] batch 405/450 examples=12960/14395
[benchmark] batch 450/450 examples=14395/14395
[benchmark] done f1=0.7491 precision=0.7588 recall=0.7397 n_positives=8875
  COMPLETE DeBERTa-base (deberta_base) seed=45: benchmark_f1=0.749 best_epoch=10 marker=/lus/lfs1aip2/projects/b5ac/project_1/data/10_recipe_sweep_and_training/matrix/results/deberta_base/seed_45/matrix_complete.json
  RUN START DeBERTa-base (deberta_base) seed=46 [5/8 in this job]
[train] start deberta_base seed=46 lr=1e-05 warmup=none train=24000 val=25311 -> /lus/lfs1aip2/projects/b5ac/project_1/data/10_recipe_sweep_and_training/matrix/checkpoints/deberta_base/seed_46
[train] device=cuda batch_size=16 max_epochs=10
Some weights of DebertaForSequenceClassification were not initialized from the model checkpoint at microsoft/deberta-base and are newly initialized: ['classifier.bias', 'classifier.weight', 'pooler.dense.bias', 'pooler.dense.weight']
You should probably TRAIN this model on a down-stream task to be able to use it for predictions and inference.
[train] epoch 1/10 train_loss=0.6184 val_loss=0.6740 val_f1=0.6140 patience=0/3
[train] new best val_f1=0.6140 at epoch 1 -> /lus/lfs1aip2/projects/b5ac/project_1/data/10_recipe_sweep_and_training/matrix/checkpoints/deberta_base/seed_46/best
[train] epoch 2/10 train_loss=0.5218 val_loss=0.6417 val_f1=0.5699 patience=0/3
[train] epoch 3/10 train_loss=0.4574 val_loss=0.6776 val_f1=0.6636 patience=1/3
[train] new best val_f1=0.6636 at epoch 3 -> /lus/lfs1aip2/projects/b5ac/project_1/data/10_recipe_sweep_and_training/matrix/checkpoints/deberta_base/seed_46/best
[train] epoch 4/10 train_loss=0.4105 val_loss=0.6452 val_f1=0.6377 patience=0/3
[train] epoch 5/10 train_loss=0.3730 val_loss=0.6866 val_f1=0.6536 patience=1/3
[train] epoch 6/10 train_loss=0.3413 val_loss=0.8737 val_f1=0.5665 patience=2/3
[train] early stop at epoch 6 (no val_f1 improvement for 3 epochs)
[train] done deberta_base seed=46 best_val_f1=0.6636 best_epoch=3 epochs_run=6
[benchmark] evaluating /lus/lfs1aip2/projects/b5ac/project_1/data/10_recipe_sweep_and_training/matrix/checkpoints/deberta_base/seed_46/best on 14395 BioRED test examples
[benchmark] batch 1/450 examples=32/14395
[benchmark] batch 45/450 examples=1440/14395
[benchmark] batch 90/450 examples=2880/14395
[benchmark] batch 135/450 examples=4320/14395
[benchmark] batch 180/450 examples=5760/14395
[benchmark] batch 225/450 examples=7200/14395
[benchmark] batch 270/450 examples=8640/14395
[benchmark] batch 315/450 examples=10080/14395
[benchmark] batch 360/450 examples=11520/14395
[benchmark] batch 405/450 examples=12960/14395
[benchmark] batch 450/450 examples=14395/14395
[benchmark] done f1=0.7637 precision=0.7599 recall=0.7677 n_positives=8875
  COMPLETE DeBERTa-base (deberta_base) seed=46: benchmark_f1=0.764 best_epoch=3 marker=/lus/lfs1aip2/projects/b5ac/project_1/data/10_recipe_sweep_and_training/matrix/results/deberta_base/seed_46/matrix_complete.json
  RUN START DeBERTa-base (deberta_base) seed=47 [6/8 in this job]
[train] start deberta_base seed=47 lr=1e-05 warmup=none train=24000 val=25311 -> /lus/lfs1aip2/projects/b5ac/project_1/data/10_recipe_sweep_and_training/matrix/checkpoints/deberta_base/seed_47
[train] device=cuda batch_size=16 max_epochs=10
Some weights of DebertaForSequenceClassification were not initialized from the model checkpoint at microsoft/deberta-base and are newly initialized: ['classifier.bias', 'classifier.weight', 'pooler.dense.bias', 'pooler.dense.weight']
You should probably TRAIN this model on a down-stream task to be able to use it for predictions and inference.
[train] epoch 1/10 train_loss=0.6741 val_loss=0.6288 val_f1=0.5373 patience=0/3
[train] new best val_f1=0.5373 at epoch 1 -> /lus/lfs1aip2/projects/b5ac/project_1/data/10_recipe_sweep_and_training/matrix/checkpoints/deberta_base/seed_47/best
[train] epoch 2/10 train_loss=0.5662 val_loss=0.6351 val_f1=0.6102 patience=0/3
[train] new best val_f1=0.6102 at epoch 2 -> /lus/lfs1aip2/projects/b5ac/project_1/data/10_recipe_sweep_and_training/matrix/checkpoints/deberta_base/seed_47/best
[train] epoch 3/10 train_loss=0.4941 val_loss=0.6534 val_f1=0.5624 patience=0/3
[train] epoch 4/10 train_loss=0.4415 val_loss=0.6961 val_f1=0.4814 patience=1/3
[train] epoch 5/10 train_loss=0.4027 val_loss=0.7315 val_f1=0.6133 patience=2/3
[train] new best val_f1=0.6133 at epoch 5 -> /lus/lfs1aip2/projects/b5ac/project_1/data/10_recipe_sweep_and_training/matrix/checkpoints/deberta_base/seed_47/best
[train] epoch 6/10 train_loss=0.3673 val_loss=0.7713 val_f1=0.6226 patience=0/3
[train] new best val_f1=0.6226 at epoch 6 -> /lus/lfs1aip2/projects/b5ac/project_1/data/10_recipe_sweep_and_training/matrix/checkpoints/deberta_base/seed_47/best
[train] epoch 7/10 train_loss=0.3395 val_loss=0.8446 val_f1=0.6350 patience=0/3
[train] new best val_f1=0.6350 at epoch 7 -> /lus/lfs1aip2/projects/b5ac/project_1/data/10_recipe_sweep_and_training/matrix/checkpoints/deberta_base/seed_47/best
[train] epoch 8/10 train_loss=0.3142 val_loss=0.8027 val_f1=0.6672 patience=0/3
[train] new best val_f1=0.6672 at epoch 8 -> /lus/lfs1aip2/projects/b5ac/project_1/data/10_recipe_sweep_and_training/matrix/checkpoints/deberta_base/seed_47/best
[train] epoch 9/10 train_loss=0.2932 val_loss=0.7926 val_f1=0.5917 patience=0/3
[train] epoch 10/10 train_loss=0.2701 val_loss=0.9731 val_f1=0.6466 patience=1/3
[train] done deberta_base seed=47 best_val_f1=0.6672 best_epoch=8 epochs_run=10
[benchmark] evaluating /lus/lfs1aip2/projects/b5ac/project_1/data/10_recipe_sweep_and_training/matrix/checkpoints/deberta_base/seed_47/best on 14395 BioRED test examples
[benchmark] batch 1/450 examples=32/14395
[benchmark] batch 45/450 examples=1440/14395
[benchmark] batch 90/450 examples=2880/14395
[benchmark] batch 135/450 examples=4320/14395
[benchmark] batch 180/450 examples=5760/14395
[benchmark] batch 225/450 examples=7200/14395
[benchmark] batch 270/450 examples=8640/14395
[benchmark] batch 315/450 examples=10080/14395
[benchmark] batch 360/450 examples=11520/14395
[benchmark] batch 405/450 examples=12960/14395
[benchmark] batch 450/450 examples=14395/14395
[benchmark] done f1=0.7549 precision=0.7622 recall=0.7478 n_positives=8875
  COMPLETE DeBERTa-base (deberta_base) seed=47: benchmark_f1=0.755 best_epoch=8 marker=/lus/lfs1aip2/projects/b5ac/project_1/data/10_recipe_sweep_and_training/matrix/results/deberta_base/seed_47/matrix_complete.json
  RUN START DeBERTa-base (deberta_base) seed=48 [7/8 in this job]
[train] start deberta_base seed=48 lr=1e-05 warmup=none train=24000 val=25311 -> /lus/lfs1aip2/projects/b5ac/project_1/data/10_recipe_sweep_and_training/matrix/checkpoints/deberta_base/seed_48
[train] device=cuda batch_size=16 max_epochs=10
Some weights of DebertaForSequenceClassification were not initialized from the model checkpoint at microsoft/deberta-base and are newly initialized: ['classifier.bias', 'classifier.weight', 'pooler.dense.bias', 'pooler.dense.weight']
You should probably TRAIN this model on a down-stream task to be able to use it for predictions and inference.
[train] epoch 1/10 train_loss=0.6429 val_loss=0.6561 val_f1=0.4361 patience=0/3
[train] new best val_f1=0.4361 at epoch 1 -> /lus/lfs1aip2/projects/b5ac/project_1/data/10_recipe_sweep_and_training/matrix/checkpoints/deberta_base/seed_48/best
[train] epoch 2/10 train_loss=0.5477 val_loss=0.7570 val_f1=0.3761 patience=0/3
[train] epoch 3/10 train_loss=0.4844 val_loss=0.6638 val_f1=0.6050 patience=1/3
[train] new best val_f1=0.6050 at epoch 3 -> /lus/lfs1aip2/projects/b5ac/project_1/data/10_recipe_sweep_and_training/matrix/checkpoints/deberta_base/seed_48/best
[train] epoch 4/10 train_loss=0.4368 val_loss=0.6910 val_f1=0.6373 patience=0/3
[train] new best val_f1=0.6373 at epoch 4 -> /lus/lfs1aip2/projects/b5ac/project_1/data/10_recipe_sweep_and_training/matrix/checkpoints/deberta_base/seed_48/best
[train] epoch 5/10 train_loss=0.3997 val_loss=0.6901 val_f1=0.6260 patience=0/3
[train] epoch 6/10 train_loss=0.3656 val_loss=0.7539 val_f1=0.5890 patience=1/3
[train] epoch 7/10 train_loss=0.3378 val_loss=0.7508 val_f1=0.6394 patience=2/3
[train] new best val_f1=0.6394 at epoch 7 -> /lus/lfs1aip2/projects/b5ac/project_1/data/10_recipe_sweep_and_training/matrix/checkpoints/deberta_base/seed_48/best
[train] epoch 8/10 train_loss=0.3152 val_loss=0.8957 val_f1=0.6361 patience=0/3
[train] epoch 9/10 train_loss=0.2901 val_loss=0.8369 val_f1=0.6110 patience=1/3
[train] epoch 10/10 train_loss=0.2728 val_loss=0.8717 val_f1=0.6429 patience=2/3
[train] new best val_f1=0.6429 at epoch 10 -> /lus/lfs1aip2/projects/b5ac/project_1/data/10_recipe_sweep_and_training/matrix/checkpoints/deberta_base/seed_48/best
[train] done deberta_base seed=48 best_val_f1=0.6429 best_epoch=10 epochs_run=10
[benchmark] evaluating /lus/lfs1aip2/projects/b5ac/project_1/data/10_recipe_sweep_and_training/matrix/checkpoints/deberta_base/seed_48/best on 14395 BioRED test examples
[benchmark] batch 1/450 examples=32/14395
[benchmark] batch 45/450 examples=1440/14395
[benchmark] batch 90/450 examples=2880/14395
[benchmark] batch 135/450 examples=4320/14395
[benchmark] batch 180/450 examples=5760/14395
[benchmark] batch 225/450 examples=7200/14395
[benchmark] batch 270/450 examples=8640/14395
[benchmark] batch 315/450 examples=10080/14395
[benchmark] batch 360/450 examples=11520/14395
[benchmark] batch 405/450 examples=12960/14395
[benchmark] batch 450/450 examples=14395/14395
[benchmark] done f1=0.7590 precision=0.7610 recall=0.7571 n_positives=8875
  COMPLETE DeBERTa-base (deberta_base) seed=48: benchmark_f1=0.759 best_epoch=10 marker=/lus/lfs1aip2/projects/b5ac/project_1/data/10_recipe_sweep_and_training/matrix/results/deberta_base/seed_48/matrix_complete.json
  RUN START DeBERTa-base (deberta_base) seed=49 [8/8 in this job]
[train] start deberta_base seed=49 lr=1e-05 warmup=none train=24000 val=25311 -> /lus/lfs1aip2/projects/b5ac/project_1/data/10_recipe_sweep_and_training/matrix/checkpoints/deberta_base/seed_49
[train] device=cuda batch_size=16 max_epochs=10
Some weights of DebertaForSequenceClassification were not initialized from the model checkpoint at microsoft/deberta-base and are newly initialized: ['classifier.bias', 'classifier.weight', 'pooler.dense.bias', 'pooler.dense.weight']
You should probably TRAIN this model on a down-stream task to be able to use it for predictions and inference.
[train] epoch 1/10 train_loss=0.6632 val_loss=0.6426 val_f1=0.6200 patience=0/3
[train] new best val_f1=0.6200 at epoch 1 -> /lus/lfs1aip2/projects/b5ac/project_1/data/10_recipe_sweep_and_training/matrix/checkpoints/deberta_base/seed_49/best
[train] epoch 2/10 train_loss=0.5896 val_loss=0.6695 val_f1=0.4765 patience=0/3
[train] epoch 3/10 train_loss=0.5312 val_loss=0.6788 val_f1=0.5906 patience=1/3
[train] epoch 4/10 train_loss=0.4829 val_loss=0.7536 val_f1=0.5036 patience=2/3
[train] early stop at epoch 4 (no val_f1 improvement for 3 epochs)
[train] done deberta_base seed=49 best_val_f1=0.6200 best_epoch=1 epochs_run=4
[benchmark] evaluating /lus/lfs1aip2/projects/b5ac/project_1/data/10_recipe_sweep_and_training/matrix/checkpoints/deberta_base/seed_49/best on 14395 BioRED test examples
[benchmark] batch 1/450 examples=32/14395
[benchmark] batch 45/450 examples=1440/14395
[benchmark] batch 90/450 examples=2880/14395
[benchmark] batch 135/450 examples=4320/14395
[benchmark] batch 180/450 examples=5760/14395
[benchmark] batch 225/450 examples=7200/14395
[benchmark] batch 270/450 examples=8640/14395
[benchmark] batch 315/450 examples=10080/14395
[benchmark] batch 360/450 examples=11520/14395
[benchmark] batch 405/450 examples=12960/14395
[benchmark] batch 450/450 examples=14395/14395
[benchmark] done f1=0.7237 precision=0.6474 recall=0.8205 n_positives=8875
  COMPLETE DeBERTa-base (deberta_base) seed=49: benchmark_f1=0.724 best_epoch=1 marker=/lus/lfs1aip2/projects/b5ac/project_1/data/10_recipe_sweep_and_training/matrix/results/deberta_base/seed_49/matrix_complete.json

=== Step-2 matrix training complete (this job) ===
  Trained: 8, skipped (already done): 0, planned: 8

=== Done ===
End: Sat Jun  6 01:53:06 UTC 2026
