=== Step 2: full-matrix training ===
Host: nid010189
SLURM_JOB_ID=5411783
SLURM_JOB_NAME=train_deberta_42-43-44-45
Start: Sun Jun 28 19:29:27 UTC 2026
REPO=/home/b5ac/freddieyu.b5ac/project_1
OUTPUT_ROOT=/home/b5ac/freddieyu.b5ac/project_1/../projects/project_1
STEP_ARGS=--force --models deberta_base --seeds 42 43 44 45
Log: /home/b5ac/freddieyu.b5ac/project_1/../projects/project_1/runs/10_recipe_sweep_and_training/train_5411783.out
Ensure CHOSEN_RECIPE is set in config.py (not None) before submitting.
TMPDIR=/home/b5ac/freddieyu.b5ac/project_1/../projects/project_1/runs/10_recipe_sweep_and_training/tmp_5411783
=== Recipe sweep and training 2026-06-28T19:29:30.927931 ===
[run] mode=train-only (step 2)
[run] model filter: ['deberta_base']
[run] seed filter: [42, 43, 44, 45]

=== Step-2 matrix training ===
Recipe: lr=5e-06, warmup=none (checkpoint criterion=pooled_val_f1_micro)
Encoders (1): ['deberta_base']
Seeds (4): [42, 43, 44, 45]
Planned runs this job: 4


=== Estimated checkpoint footprint (rough) ===
  Runs: 1 encoders x 4 seeds = 4
  Assumed ~10 epochs/run; epoch ckpt ~220 MiB (fp16); best ckpt ~440 MiB (fp32)
  Per run ~2640 MiB; total ~10.3 GiB
  MAX_EPOCH_CHECKPOINTS_TO_KEEP=None (None = keep all epoch checkpoints)

[benchmark] building BioRED test examples...
[benchmark] built 14395 BioRED test examples (leaked PMIDs excluded)
[benchmark] building DrugProt test examples...
[benchmark] DrugProt: no labeled public test split in BigBio (splits=['train', 'validation', 'test_background']; test_background is unlabeled). Skipping DrugProt holdout benchmark; gene-drug combined uses BioRED test only.
  RUN START DeBERTa-base (deberta_base) seed=42 [1/4 in this job]
[train] start deberta_base seed=42 lr=5e-06 warmup=none hf=microsoft/deberta-base train=24000 val=25311 (pooled BioRED+DrugProt) -> /lus/lfs1aip2/projects/b5ac/project_1/data/10_recipe_sweep_and_training/matrix/checkpoints/deberta_base/seed_42
[train] device=cuda batch_size=16 max_epochs=10
Some weights of DebertaForSequenceClassification were not initialized from the model checkpoint at microsoft/deberta-base and are newly initialized: ['classifier.bias', 'classifier.weight', 'pooler.dense.bias', 'pooler.dense.weight']
You should probably TRAIN this model on a down-stream task to be able to use it for predictions and inference.
[train] epoch 1/10 train_loss=0.6025 val_loss=0.5893 pooled_val_f1_micro=0.7342
[train] new best pooled_val_f1_micro=0.7342 at epoch 1 -> /lus/lfs1aip2/projects/b5ac/project_1/data/10_recipe_sweep_and_training/matrix/checkpoints/deberta_base/seed_42/best
[train] epoch 2/10 train_loss=0.4569 val_loss=0.6018 pooled_val_f1_micro=0.7437
[train] new best pooled_val_f1_micro=0.7437 at epoch 2 -> /lus/lfs1aip2/projects/b5ac/project_1/data/10_recipe_sweep_and_training/matrix/checkpoints/deberta_base/seed_42/best
[train] epoch 3/10 train_loss=0.4015 val_loss=0.7815 pooled_val_f1_micro=0.7222
[train] epoch 4/10 train_loss=0.3596 val_loss=0.7602 pooled_val_f1_micro=0.6924
[train] epoch 5/10 train_loss=0.3293 val_loss=0.7826 pooled_val_f1_micro=0.7245
[train] epoch 6/10 train_loss=0.3082 val_loss=0.8646 pooled_val_f1_micro=0.6960
[train] epoch 7/10 train_loss=0.2872 val_loss=0.8823 pooled_val_f1_micro=0.7160
[train] epoch 8/10 train_loss=0.2722 val_loss=0.8104 pooled_val_f1_micro=0.7090
[train] epoch 9/10 train_loss=0.2596 val_loss=1.0810 pooled_val_f1_micro=0.6678
[train] epoch 10/10 train_loss=0.2500 val_loss=0.9197 pooled_val_f1_micro=0.7168
[train] done deberta_base seed=42 best_val_f1=0.7437 best_epoch=2 epochs_run=10
[benchmark] evaluating /lus/lfs1aip2/projects/b5ac/project_1/data/10_recipe_sweep_and_training/matrix/checkpoints/deberta_base/seed_42/best: BioRED=14395 DrugProt=0 gdis=9769 gd_combined=4626 (DrugProt holdout unavailable; combined=BioRED gene-drug only)
[benchmark] done gdis=0.7738 gd_combined=0.6250 gd_biored=0.6250 gd_drugprot=nan overall=0.7343
  COMPLETE DeBERTa-base (deberta_base) seed=42: gd_combined=0.625 gdis=0.774 best_epoch=2 pooled_val_f1=0.744 marker=/lus/lfs1aip2/projects/b5ac/project_1/data/10_recipe_sweep_and_training/matrix/results/deberta_base/seed_42/matrix_complete.json
  RUN START DeBERTa-base (deberta_base) seed=43 [2/4 in this job]
[train] start deberta_base seed=43 lr=5e-06 warmup=none hf=microsoft/deberta-base train=24000 val=25311 (pooled BioRED+DrugProt) -> /lus/lfs1aip2/projects/b5ac/project_1/data/10_recipe_sweep_and_training/matrix/checkpoints/deberta_base/seed_43
[train] device=cuda batch_size=16 max_epochs=10
Some weights of DebertaForSequenceClassification were not initialized from the model checkpoint at microsoft/deberta-base and are newly initialized: ['classifier.bias', 'classifier.weight', 'pooler.dense.bias', 'pooler.dense.weight']
You should probably TRAIN this model on a down-stream task to be able to use it for predictions and inference.
[train] epoch 1/10 train_loss=0.6516 val_loss=0.5766 pooled_val_f1_micro=0.7522
[train] new best pooled_val_f1_micro=0.7522 at epoch 1 -> /lus/lfs1aip2/projects/b5ac/project_1/data/10_recipe_sweep_and_training/matrix/checkpoints/deberta_base/seed_43/best
[train] epoch 2/10 train_loss=0.4899 val_loss=0.6741 pooled_val_f1_micro=0.7181
[train] epoch 3/10 train_loss=0.4158 val_loss=0.6345 pooled_val_f1_micro=0.7608
[train] new best pooled_val_f1_micro=0.7608 at epoch 3 -> /lus/lfs1aip2/projects/b5ac/project_1/data/10_recipe_sweep_and_training/matrix/checkpoints/deberta_base/seed_43/best
[train] epoch 4/10 train_loss=0.3740 val_loss=0.6408 pooled_val_f1_micro=0.7565
[train] epoch 5/10 train_loss=0.3399 val_loss=0.8726 pooled_val_f1_micro=0.7201
[train] epoch 6/10 train_loss=0.3139 val_loss=0.9055 pooled_val_f1_micro=0.7221
[train] epoch 7/10 train_loss=0.2935 val_loss=0.8735 pooled_val_f1_micro=0.7344
[train] epoch 8/10 train_loss=0.2775 val_loss=0.8015 pooled_val_f1_micro=0.7070
[train] epoch 9/10 train_loss=0.2628 val_loss=0.9379 pooled_val_f1_micro=0.7226
[train] epoch 10/10 train_loss=0.2491 val_loss=0.9333 pooled_val_f1_micro=0.7364
[train] done deberta_base seed=43 best_val_f1=0.7608 best_epoch=3 epochs_run=10
[benchmark] evaluating /lus/lfs1aip2/projects/b5ac/project_1/data/10_recipe_sweep_and_training/matrix/checkpoints/deberta_base/seed_43/best: BioRED=14395 DrugProt=0 gdis=9769 gd_combined=4626 (DrugProt holdout unavailable; combined=BioRED gene-drug only)
[benchmark] done gdis=0.7759 gd_combined=0.6230 gd_biored=0.6230 gd_drugprot=nan overall=0.7349
  COMPLETE DeBERTa-base (deberta_base) seed=43: gd_combined=0.623 gdis=0.776 best_epoch=3 pooled_val_f1=0.761 marker=/lus/lfs1aip2/projects/b5ac/project_1/data/10_recipe_sweep_and_training/matrix/results/deberta_base/seed_43/matrix_complete.json
  RUN START DeBERTa-base (deberta_base) seed=44 [3/4 in this job]
[train] start deberta_base seed=44 lr=5e-06 warmup=none hf=microsoft/deberta-base train=24000 val=25311 (pooled BioRED+DrugProt) -> /lus/lfs1aip2/projects/b5ac/project_1/data/10_recipe_sweep_and_training/matrix/checkpoints/deberta_base/seed_44
[train] device=cuda batch_size=16 max_epochs=10
Some weights of DebertaForSequenceClassification were not initialized from the model checkpoint at microsoft/deberta-base and are newly initialized: ['classifier.bias', 'classifier.weight', 'pooler.dense.bias', 'pooler.dense.weight']
You should probably TRAIN this model on a down-stream task to be able to use it for predictions and inference.
[train] epoch 1/10 train_loss=0.6154 val_loss=0.5736 pooled_val_f1_micro=0.6599
[train] new best pooled_val_f1_micro=0.6599 at epoch 1 -> /lus/lfs1aip2/projects/b5ac/project_1/data/10_recipe_sweep_and_training/matrix/checkpoints/deberta_base/seed_44/best
[train] epoch 2/10 train_loss=0.4653 val_loss=0.6107 pooled_val_f1_micro=0.7397
[train] new best pooled_val_f1_micro=0.7397 at epoch 2 -> /lus/lfs1aip2/projects/b5ac/project_1/data/10_recipe_sweep_and_training/matrix/checkpoints/deberta_base/seed_44/best
[train] epoch 3/10 train_loss=0.4092 val_loss=0.5949 pooled_val_f1_micro=0.7724
[train] new best pooled_val_f1_micro=0.7724 at epoch 3 -> /lus/lfs1aip2/projects/b5ac/project_1/data/10_recipe_sweep_and_training/matrix/checkpoints/deberta_base/seed_44/best
[train] epoch 4/10 train_loss=0.3695 val_loss=0.7130 pooled_val_f1_micro=0.7161
[train] epoch 5/10 train_loss=0.3377 val_loss=0.7032 pooled_val_f1_micro=0.7221
[train] epoch 6/10 train_loss=0.3126 val_loss=0.7570 pooled_val_f1_micro=0.7479
[train] epoch 7/10 train_loss=0.2904 val_loss=0.7221 pooled_val_f1_micro=0.7493
[train] epoch 8/10 train_loss=0.2721 val_loss=0.7887 pooled_val_f1_micro=0.7643
[train] epoch 9/10 train_loss=0.2576 val_loss=0.8791 pooled_val_f1_micro=0.6678
[train] epoch 10/10 train_loss=0.2457 val_loss=0.8649 pooled_val_f1_micro=0.7368
[train] done deberta_base seed=44 best_val_f1=0.7724 best_epoch=3 epochs_run=10
[benchmark] evaluating /lus/lfs1aip2/projects/b5ac/project_1/data/10_recipe_sweep_and_training/matrix/checkpoints/deberta_base/seed_44/best: BioRED=14395 DrugProt=0 gdis=9769 gd_combined=4626 (DrugProt holdout unavailable; combined=BioRED gene-drug only)
[benchmark] done gdis=0.7851 gd_combined=0.6662 gd_biored=0.6662 gd_drugprot=nan overall=0.7524
  COMPLETE DeBERTa-base (deberta_base) seed=44: gd_combined=0.666 gdis=0.785 best_epoch=3 pooled_val_f1=0.772 marker=/lus/lfs1aip2/projects/b5ac/project_1/data/10_recipe_sweep_and_training/matrix/results/deberta_base/seed_44/matrix_complete.json
  RUN START DeBERTa-base (deberta_base) seed=45 [4/4 in this job]
[train] start deberta_base seed=45 lr=5e-06 warmup=none hf=microsoft/deberta-base train=24000 val=25311 (pooled BioRED+DrugProt) -> /lus/lfs1aip2/projects/b5ac/project_1/data/10_recipe_sweep_and_training/matrix/checkpoints/deberta_base/seed_45
[train] device=cuda batch_size=16 max_epochs=10
Some weights of DebertaForSequenceClassification were not initialized from the model checkpoint at microsoft/deberta-base and are newly initialized: ['classifier.bias', 'classifier.weight', 'pooler.dense.bias', 'pooler.dense.weight']
You should probably TRAIN this model on a down-stream task to be able to use it for predictions and inference.
[train] epoch 1/10 train_loss=0.6619 val_loss=0.6104 pooled_val_f1_micro=0.7368
[train] new best pooled_val_f1_micro=0.7368 at epoch 1 -> /lus/lfs1aip2/projects/b5ac/project_1/data/10_recipe_sweep_and_training/matrix/checkpoints/deberta_base/seed_45/best
[train] epoch 2/10 train_loss=0.5106 val_loss=0.6611 pooled_val_f1_micro=0.7153
[train] epoch 3/10 train_loss=0.4533 val_loss=0.5998 pooled_val_f1_micro=0.7327
[train] epoch 4/10 train_loss=0.4113 val_loss=0.6751 pooled_val_f1_micro=0.6894
[train] epoch 5/10 train_loss=0.3740 val_loss=0.6899 pooled_val_f1_micro=0.7445
[train] new best pooled_val_f1_micro=0.7445 at epoch 5 -> /lus/lfs1aip2/projects/b5ac/project_1/data/10_recipe_sweep_and_training/matrix/checkpoints/deberta_base/seed_45/best
[train] epoch 6/10 train_loss=0.3430 val_loss=0.7624 pooled_val_f1_micro=0.7332
[train] epoch 7/10 train_loss=0.3152 val_loss=0.8837 pooled_val_f1_micro=0.6729
[train] epoch 8/10 train_loss=0.2924 val_loss=0.9209 pooled_val_f1_micro=0.7239
[train] epoch 9/10 train_loss=0.2731 val_loss=0.8868 pooled_val_f1_micro=0.7354
[train] epoch 10/10 train_loss=0.2575 val_loss=0.8630 pooled_val_f1_micro=0.7331
[train] done deberta_base seed=45 best_val_f1=0.7445 best_epoch=5 epochs_run=10
[benchmark] evaluating /lus/lfs1aip2/projects/b5ac/project_1/data/10_recipe_sweep_and_training/matrix/checkpoints/deberta_base/seed_45/best: BioRED=14395 DrugProt=0 gdis=9769 gd_combined=4626 (DrugProt holdout unavailable; combined=BioRED gene-drug only)
[benchmark] done gdis=0.7946 gd_combined=0.6503 gd_biored=0.6503 gd_drugprot=nan overall=0.7535
  COMPLETE DeBERTa-base (deberta_base) seed=45: gd_combined=0.650 gdis=0.795 best_epoch=5 pooled_val_f1=0.744 marker=/lus/lfs1aip2/projects/b5ac/project_1/data/10_recipe_sweep_and_training/matrix/results/deberta_base/seed_45/matrix_complete.json

=== Step-2 matrix training complete (this job) ===
  Trained: 4, skipped (already done): 0, planned: 4

=== Done ===
End: Sun Jun 28 22:28:49 UTC 2026
