=== Step 2: full-matrix training ===
Host: nid010868
SLURM_JOB_ID=5098706
SLURM_JOB_NAME=step2_biomedbert_base
Start: Tue  9 Jun 09:33:22 UTC 2026
REPO=/home/b5ac/freddieyu.b5ac/project_1
OUTPUT_ROOT=/home/b5ac/freddieyu.b5ac/project_1/../projects/project_1
STEP_ARGS=--models biomedbert_base
Log: /home/b5ac/freddieyu.b5ac/project_1/../projects/project_1/runs/10_recipe_sweep_and_training/train_5098706.out
Ensure CHOSEN_RECIPE is set in config.py (not None) before submitting.
TMPDIR=/home/b5ac/freddieyu.b5ac/project_1/../projects/project_1/runs/10_recipe_sweep_and_training/tmp_5098706
=== Recipe sweep and training 2026-06-09T09:33:25.011022 ===
[run] mode=train-only (step 2)
[run] model filter: ['biomedbert_base']

=== Step-2 matrix training ===
Recipe: lr=3e-05, warmup=none (checkpoint criterion=val_f1)
Encoders (1): ['biomedbert_base']
Seeds (8): [42, 43, 44, 45, 46, 47, 48, 49]
Planned runs this job: 8


=== Estimated checkpoint footprint (rough) ===
  Runs: 1 encoders x 8 seeds = 8
  Assumed ~7 epochs/run; epoch ckpt ~220 MiB (fp16); best ckpt ~440 MiB (fp32)
  Per run ~1980 MiB; total ~15.5 GiB
  MAX_EPOCH_CHECKPOINTS_TO_KEEP=None (None = keep all epoch checkpoints)

[benchmark] building BioRED test examples...
[benchmark] built 14395 test examples (leaked PMIDs excluded)
  RUN START BioMedBERT-base (biomedbert_base) seed=42 [1/8 in this job]
[train] start biomedbert_base seed=42 lr=3e-05 warmup=none train=24000 val=25311 -> /lus/lfs1aip2/projects/b5ac/project_1/data/10_recipe_sweep_and_training/matrix/checkpoints/biomedbert_base/seed_42
[train] device=cuda batch_size=16 max_epochs=10
Some weights of BertForSequenceClassification were not initialized from the model checkpoint at microsoft/BiomedNLP-BiomedBERT-base-uncased-abstract and are newly initialized: ['classifier.bias', 'classifier.weight']
You should probably TRAIN this model on a down-stream task to be able to use it for predictions and inference.
[train] epoch 1/10 train_loss=0.5290 val_loss=0.5723 val_f1=0.7858 patience=0/3
[train] new best val_f1=0.7858 at epoch 1 -> /lus/lfs1aip2/projects/b5ac/project_1/data/10_recipe_sweep_and_training/matrix/checkpoints/biomedbert_base/seed_42/best
[train] epoch 2/10 train_loss=0.3397 val_loss=0.6884 val_f1=0.6683 patience=0/3
[train] epoch 3/10 train_loss=0.2737 val_loss=0.9844 val_f1=0.6106 patience=1/3
[train] epoch 4/10 train_loss=0.2411 val_loss=0.6960 val_f1=0.7759 patience=2/3
[train] early stop at epoch 4 (no val_f1 improvement for 3 epochs)
[train] done biomedbert_base seed=42 best_val_f1=0.7858 best_epoch=1 epochs_run=4
[benchmark] evaluating /lus/lfs1aip2/projects/b5ac/project_1/data/10_recipe_sweep_and_training/matrix/checkpoints/biomedbert_base/seed_42/best on 14395 BioRED test examples
[benchmark] batch 1/450 examples=32/14395
[benchmark] batch 45/450 examples=1440/14395
[benchmark] batch 90/450 examples=2880/14395
[benchmark] batch 135/450 examples=4320/14395
[benchmark] batch 180/450 examples=5760/14395
[benchmark] batch 225/450 examples=7200/14395
[benchmark] batch 270/450 examples=8640/14395
[benchmark] batch 315/450 examples=10080/14395
[benchmark] batch 360/450 examples=11520/14395
[benchmark] batch 405/450 examples=12960/14395
[benchmark] batch 450/450 examples=14395/14395
[benchmark] done f1=0.7350 precision=0.6898 recall=0.7866 n_positives=8875
  COMPLETE BioMedBERT-base (biomedbert_base) seed=42: benchmark_f1=0.735 best_epoch=1 marker=/lus/lfs1aip2/projects/b5ac/project_1/data/10_recipe_sweep_and_training/matrix/results/biomedbert_base/seed_42/matrix_complete.json
  RUN START BioMedBERT-base (biomedbert_base) seed=43 [2/8 in this job]
[train] start biomedbert_base seed=43 lr=3e-05 warmup=none train=24000 val=25311 -> /lus/lfs1aip2/projects/b5ac/project_1/data/10_recipe_sweep_and_training/matrix/checkpoints/biomedbert_base/seed_43
[train] device=cuda batch_size=16 max_epochs=10
Some weights of BertForSequenceClassification were not initialized from the model checkpoint at microsoft/BiomedNLP-BiomedBERT-base-uncased-abstract and are newly initialized: ['classifier.bias', 'classifier.weight']
You should probably TRAIN this model on a down-stream task to be able to use it for predictions and inference.
[train] epoch 1/10 train_loss=0.5084 val_loss=0.5369 val_f1=0.7333 patience=0/3
[train] new best val_f1=0.7333 at epoch 1 -> /lus/lfs1aip2/projects/b5ac/project_1/data/10_recipe_sweep_and_training/matrix/checkpoints/biomedbert_base/seed_43/best
[train] epoch 2/10 train_loss=0.3379 val_loss=0.6667 val_f1=0.7426 patience=0/3
[train] new best val_f1=0.7426 at epoch 2 -> /lus/lfs1aip2/projects/b5ac/project_1/data/10_recipe_sweep_and_training/matrix/checkpoints/biomedbert_base/seed_43/best
[train] epoch 3/10 train_loss=0.2677 val_loss=0.8202 val_f1=0.7386 patience=0/3
[train] epoch 4/10 train_loss=0.2354 val_loss=0.7562 val_f1=0.7281 patience=1/3
[train] epoch 5/10 train_loss=0.2112 val_loss=0.9165 val_f1=0.6742 patience=2/3
[train] early stop at epoch 5 (no val_f1 improvement for 3 epochs)
[train] done biomedbert_base seed=43 best_val_f1=0.7426 best_epoch=2 epochs_run=5
[benchmark] evaluating /lus/lfs1aip2/projects/b5ac/project_1/data/10_recipe_sweep_and_training/matrix/checkpoints/biomedbert_base/seed_43/best on 14395 BioRED test examples
[benchmark] batch 1/450 examples=32/14395
[benchmark] batch 45/450 examples=1440/14395
[benchmark] batch 90/450 examples=2880/14395
[benchmark] batch 135/450 examples=4320/14395
[benchmark] batch 180/450 examples=5760/14395
[benchmark] batch 225/450 examples=7200/14395
[benchmark] batch 270/450 examples=8640/14395
[benchmark] batch 315/450 examples=10080/14395
[benchmark] batch 360/450 examples=11520/14395
[benchmark] batch 405/450 examples=12960/14395
[benchmark] batch 450/450 examples=14395/14395
[benchmark] done f1=0.7198 precision=0.7418 recall=0.6990 n_positives=8875
  COMPLETE BioMedBERT-base (biomedbert_base) seed=43: benchmark_f1=0.720 best_epoch=2 marker=/lus/lfs1aip2/projects/b5ac/project_1/data/10_recipe_sweep_and_training/matrix/results/biomedbert_base/seed_43/matrix_complete.json
  RUN START BioMedBERT-base (biomedbert_base) seed=44 [3/8 in this job]
[train] start biomedbert_base seed=44 lr=3e-05 warmup=none train=24000 val=25311 -> /lus/lfs1aip2/projects/b5ac/project_1/data/10_recipe_sweep_and_training/matrix/checkpoints/biomedbert_base/seed_44
[train] device=cuda batch_size=16 max_epochs=10
Some weights of BertForSequenceClassification were not initialized from the model checkpoint at microsoft/BiomedNLP-BiomedBERT-base-uncased-abstract and are newly initialized: ['classifier.bias', 'classifier.weight']
You should probably TRAIN this model on a down-stream task to be able to use it for predictions and inference.
[train] epoch 1/10 train_loss=0.5146 val_loss=0.5534 val_f1=0.7714 patience=0/3
[train] new best val_f1=0.7714 at epoch 1 -> /lus/lfs1aip2/projects/b5ac/project_1/data/10_recipe_sweep_and_training/matrix/checkpoints/biomedbert_base/seed_44/best
[train] epoch 2/10 train_loss=0.3343 val_loss=0.6250 val_f1=0.7651 patience=0/3
[train] epoch 3/10 train_loss=0.2778 val_loss=0.7501 val_f1=0.7760 patience=1/3
[train] new best val_f1=0.7760 at epoch 3 -> /lus/lfs1aip2/projects/b5ac/project_1/data/10_recipe_sweep_and_training/matrix/checkpoints/biomedbert_base/seed_44/best
[train] epoch 4/10 train_loss=0.2531 val_loss=0.8161 val_f1=0.7673 patience=0/3
[train] epoch 5/10 train_loss=0.2244 val_loss=0.7820 val_f1=0.6973 patience=1/3
[train] epoch 6/10 train_loss=0.2105 val_loss=0.5896 val_f1=0.7866 patience=2/3
[train] new best val_f1=0.7866 at epoch 6 -> /lus/lfs1aip2/projects/b5ac/project_1/data/10_recipe_sweep_and_training/matrix/checkpoints/biomedbert_base/seed_44/best
[train] epoch 7/10 train_loss=0.1951 val_loss=0.9184 val_f1=0.7343 patience=0/3
[train] epoch 8/10 train_loss=0.1905 val_loss=0.8772 val_f1=0.7545 patience=1/3
[train] epoch 9/10 train_loss=0.1741 val_loss=1.0110 val_f1=0.7703 patience=2/3
[train] early stop at epoch 9 (no val_f1 improvement for 3 epochs)
[train] done biomedbert_base seed=44 best_val_f1=0.7866 best_epoch=6 epochs_run=9
[benchmark] evaluating /lus/lfs1aip2/projects/b5ac/project_1/data/10_recipe_sweep_and_training/matrix/checkpoints/biomedbert_base/seed_44/best on 14395 BioRED test examples
[benchmark] batch 1/450 examples=32/14395
[benchmark] batch 45/450 examples=1440/14395
[benchmark] batch 90/450 examples=2880/14395
[benchmark] batch 135/450 examples=4320/14395
[benchmark] batch 180/450 examples=5760/14395
[benchmark] batch 225/450 examples=7200/14395
[benchmark] batch 270/450 examples=8640/14395
[benchmark] batch 315/450 examples=10080/14395
[benchmark] batch 360/450 examples=11520/14395
[benchmark] batch 405/450 examples=12960/14395
[benchmark] batch 450/450 examples=14395/14395
[benchmark] done f1=0.7511 precision=0.7116 recall=0.7953 n_positives=8875
  COMPLETE BioMedBERT-base (biomedbert_base) seed=44: benchmark_f1=0.751 best_epoch=6 marker=/lus/lfs1aip2/projects/b5ac/project_1/data/10_recipe_sweep_and_training/matrix/results/biomedbert_base/seed_44/matrix_complete.json
  RUN START BioMedBERT-base (biomedbert_base) seed=45 [4/8 in this job]
[train] start biomedbert_base seed=45 lr=3e-05 warmup=none train=24000 val=25311 -> /lus/lfs1aip2/projects/b5ac/project_1/data/10_recipe_sweep_and_training/matrix/checkpoints/biomedbert_base/seed_45
[train] device=cuda batch_size=16 max_epochs=10
Some weights of BertForSequenceClassification were not initialized from the model checkpoint at microsoft/BiomedNLP-BiomedBERT-base-uncased-abstract and are newly initialized: ['classifier.bias', 'classifier.weight']
You should probably TRAIN this model on a down-stream task to be able to use it for predictions and inference.
[train] epoch 1/10 train_loss=0.4960 val_loss=0.5244 val_f1=0.7462 patience=0/3
[train] new best val_f1=0.7462 at epoch 1 -> /lus/lfs1aip2/projects/b5ac/project_1/data/10_recipe_sweep_and_training/matrix/checkpoints/biomedbert_base/seed_45/best
[train] epoch 2/10 train_loss=0.3307 val_loss=0.5006 val_f1=0.7679 patience=0/3
[train] new best val_f1=0.7679 at epoch 2 -> /lus/lfs1aip2/projects/b5ac/project_1/data/10_recipe_sweep_and_training/matrix/checkpoints/biomedbert_base/seed_45/best
[train] epoch 3/10 train_loss=0.2668 val_loss=0.8084 val_f1=0.7629 patience=0/3
[train] epoch 4/10 train_loss=0.2379 val_loss=0.7545 val_f1=0.7886 patience=1/3
[train] new best val_f1=0.7886 at epoch 4 -> /lus/lfs1aip2/projects/b5ac/project_1/data/10_recipe_sweep_and_training/matrix/checkpoints/biomedbert_base/seed_45/best
[train] epoch 5/10 train_loss=0.2151 val_loss=0.5396 val_f1=0.7647 patience=0/3
[train] epoch 6/10 train_loss=0.1955 val_loss=1.0051 val_f1=0.7689 patience=1/3
[train] epoch 7/10 train_loss=0.1849 val_loss=0.9168 val_f1=0.7849 patience=2/3
[train] early stop at epoch 7 (no val_f1 improvement for 3 epochs)
[train] done biomedbert_base seed=45 best_val_f1=0.7886 best_epoch=4 epochs_run=7
[benchmark] evaluating /lus/lfs1aip2/projects/b5ac/project_1/data/10_recipe_sweep_and_training/matrix/checkpoints/biomedbert_base/seed_45/best on 14395 BioRED test examples
[benchmark] batch 1/450 examples=32/14395
[benchmark] batch 45/450 examples=1440/14395
[benchmark] batch 90/450 examples=2880/14395
[benchmark] batch 135/450 examples=4320/14395
[benchmark] batch 180/450 examples=5760/14395
[benchmark] batch 225/450 examples=7200/14395
[benchmark] batch 270/450 examples=8640/14395
[benchmark] batch 315/450 examples=10080/14395
[benchmark] batch 360/450 examples=11520/14395
[benchmark] batch 405/450 examples=12960/14395
[benchmark] batch 450/450 examples=14395/14395
[benchmark] done f1=0.7384 precision=0.7085 recall=0.7709 n_positives=8875
  COMPLETE BioMedBERT-base (biomedbert_base) seed=45: benchmark_f1=0.738 best_epoch=4 marker=/lus/lfs1aip2/projects/b5ac/project_1/data/10_recipe_sweep_and_training/matrix/results/biomedbert_base/seed_45/matrix_complete.json
  RUN START BioMedBERT-base (biomedbert_base) seed=46 [5/8 in this job]
[train] start biomedbert_base seed=46 lr=3e-05 warmup=none train=24000 val=25311 -> /lus/lfs1aip2/projects/b5ac/project_1/data/10_recipe_sweep_and_training/matrix/checkpoints/biomedbert_base/seed_46
[train] device=cuda batch_size=16 max_epochs=10
Some weights of BertForSequenceClassification were not initialized from the model checkpoint at microsoft/BiomedNLP-BiomedBERT-base-uncased-abstract and are newly initialized: ['classifier.bias', 'classifier.weight']
You should probably TRAIN this model on a down-stream task to be able to use it for predictions and inference.
[train] epoch 1/10 train_loss=0.5429 val_loss=0.5805 val_f1=0.7461 patience=0/3
[train] new best val_f1=0.7461 at epoch 1 -> /lus/lfs1aip2/projects/b5ac/project_1/data/10_recipe_sweep_and_training/matrix/checkpoints/biomedbert_base/seed_46/best
[train] epoch 2/10 train_loss=0.3396 val_loss=0.6163 val_f1=0.7564 patience=0/3
[train] new best val_f1=0.7564 at epoch 2 -> /lus/lfs1aip2/projects/b5ac/project_1/data/10_recipe_sweep_and_training/matrix/checkpoints/biomedbert_base/seed_46/best
[train] epoch 3/10 train_loss=0.2709 val_loss=0.5992 val_f1=0.7621 patience=0/3
[train] new best val_f1=0.7621 at epoch 3 -> /lus/lfs1aip2/projects/b5ac/project_1/data/10_recipe_sweep_and_training/matrix/checkpoints/biomedbert_base/seed_46/best
[train] epoch 4/10 train_loss=0.2357 val_loss=0.7415 val_f1=0.7572 patience=0/3
[train] epoch 5/10 train_loss=0.2093 val_loss=0.8495 val_f1=0.7732 patience=1/3
[train] new best val_f1=0.7732 at epoch 5 -> /lus/lfs1aip2/projects/b5ac/project_1/data/10_recipe_sweep_and_training/matrix/checkpoints/biomedbert_base/seed_46/best
[train] epoch 6/10 train_loss=0.1927 val_loss=1.0137 val_f1=0.6164 patience=0/3
[train] epoch 7/10 train_loss=0.1803 val_loss=0.9335 val_f1=0.7637 patience=1/3
[train] epoch 8/10 train_loss=0.1742 val_loss=1.0491 val_f1=0.7717 patience=2/3
[train] early stop at epoch 8 (no val_f1 improvement for 3 epochs)
[train] done biomedbert_base seed=46 best_val_f1=0.7732 best_epoch=5 epochs_run=8
[benchmark] evaluating /lus/lfs1aip2/projects/b5ac/project_1/data/10_recipe_sweep_and_training/matrix/checkpoints/biomedbert_base/seed_46/best on 14395 BioRED test examples
[benchmark] batch 1/450 examples=32/14395
[benchmark] batch 45/450 examples=1440/14395
[benchmark] batch 90/450 examples=2880/14395
[benchmark] batch 135/450 examples=4320/14395
[benchmark] batch 180/450 examples=5760/14395
[benchmark] batch 225/450 examples=7200/14395
[benchmark] batch 270/450 examples=8640/14395
[benchmark] batch 315/450 examples=10080/14395
[benchmark] batch 360/450 examples=11520/14395
[benchmark] batch 405/450 examples=12960/14395
[benchmark] batch 450/450 examples=14395/14395
[benchmark] done f1=0.7401 precision=0.7085 recall=0.7746 n_positives=8875
  COMPLETE BioMedBERT-base (biomedbert_base) seed=46: benchmark_f1=0.740 best_epoch=5 marker=/lus/lfs1aip2/projects/b5ac/project_1/data/10_recipe_sweep_and_training/matrix/results/biomedbert_base/seed_46/matrix_complete.json
  RUN START BioMedBERT-base (biomedbert_base) seed=47 [6/8 in this job]
[train] start biomedbert_base seed=47 lr=3e-05 warmup=none train=24000 val=25311 -> /lus/lfs1aip2/projects/b5ac/project_1/data/10_recipe_sweep_and_training/matrix/checkpoints/biomedbert_base/seed_47
[train] device=cuda batch_size=16 max_epochs=10
Some weights of BertForSequenceClassification were not initialized from the model checkpoint at microsoft/BiomedNLP-BiomedBERT-base-uncased-abstract and are newly initialized: ['classifier.bias', 'classifier.weight']
You should probably TRAIN this model on a down-stream task to be able to use it for predictions and inference.
[train] epoch 1/10 train_loss=0.4905 val_loss=0.5222 val_f1=0.7555 patience=0/3
[train] new best val_f1=0.7555 at epoch 1 -> /lus/lfs1aip2/projects/b5ac/project_1/data/10_recipe_sweep_and_training/matrix/checkpoints/biomedbert_base/seed_47/best
[train] epoch 2/10 train_loss=0.3272 val_loss=0.6416 val_f1=0.7633 patience=0/3
[train] new best val_f1=0.7633 at epoch 2 -> /lus/lfs1aip2/projects/b5ac/project_1/data/10_recipe_sweep_and_training/matrix/checkpoints/biomedbert_base/seed_47/best
[train] epoch 3/10 train_loss=0.2660 val_loss=0.5607 val_f1=0.7907 patience=0/3
[train] new best val_f1=0.7907 at epoch 3 -> /lus/lfs1aip2/projects/b5ac/project_1/data/10_recipe_sweep_and_training/matrix/checkpoints/biomedbert_base/seed_47/best
[train] epoch 4/10 train_loss=0.2346 val_loss=0.5256 val_f1=0.7430 patience=0/3
[train] epoch 5/10 train_loss=0.2114 val_loss=0.7632 val_f1=0.7804 patience=1/3
[train] epoch 6/10 train_loss=0.1963 val_loss=0.7882 val_f1=0.7510 patience=2/3
[train] early stop at epoch 6 (no val_f1 improvement for 3 epochs)
[train] done biomedbert_base seed=47 best_val_f1=0.7907 best_epoch=3 epochs_run=6
[benchmark] evaluating /lus/lfs1aip2/projects/b5ac/project_1/data/10_recipe_sweep_and_training/matrix/checkpoints/biomedbert_base/seed_47/best on 14395 BioRED test examples
[benchmark] batch 1/450 examples=32/14395
[benchmark] batch 45/450 examples=1440/14395
[benchmark] batch 90/450 examples=2880/14395
[benchmark] batch 135/450 examples=4320/14395
[benchmark] batch 180/450 examples=5760/14395
[benchmark] batch 225/450 examples=7200/14395
[benchmark] batch 270/450 examples=8640/14395
[benchmark] batch 315/450 examples=10080/14395
[benchmark] batch 360/450 examples=11520/14395
[benchmark] batch 405/450 examples=12960/14395
[benchmark] batch 450/450 examples=14395/14395
[benchmark] done f1=0.7343 precision=0.7126 recall=0.7573 n_positives=8875
  COMPLETE BioMedBERT-base (biomedbert_base) seed=47: benchmark_f1=0.734 best_epoch=3 marker=/lus/lfs1aip2/projects/b5ac/project_1/data/10_recipe_sweep_and_training/matrix/results/biomedbert_base/seed_47/matrix_complete.json
  RUN START BioMedBERT-base (biomedbert_base) seed=48 [7/8 in this job]
[train] start biomedbert_base seed=48 lr=3e-05 warmup=none train=24000 val=25311 -> /lus/lfs1aip2/projects/b5ac/project_1/data/10_recipe_sweep_and_training/matrix/checkpoints/biomedbert_base/seed_48
[train] device=cuda batch_size=16 max_epochs=10
Some weights of BertForSequenceClassification were not initialized from the model checkpoint at microsoft/BiomedNLP-BiomedBERT-base-uncased-abstract and are newly initialized: ['classifier.bias', 'classifier.weight']
You should probably TRAIN this model on a down-stream task to be able to use it for predictions and inference.
[train] epoch 1/10 train_loss=0.5117 val_loss=0.5729 val_f1=0.7229 patience=0/3
[train] new best val_f1=0.7229 at epoch 1 -> /lus/lfs1aip2/projects/b5ac/project_1/data/10_recipe_sweep_and_training/matrix/checkpoints/biomedbert_base/seed_48/best
[train] epoch 2/10 train_loss=0.3358 val_loss=0.5925 val_f1=0.7805 patience=0/3
[train] new best val_f1=0.7805 at epoch 2 -> /lus/lfs1aip2/projects/b5ac/project_1/data/10_recipe_sweep_and_training/matrix/checkpoints/biomedbert_base/seed_48/best
[train] epoch 3/10 train_loss=0.2690 val_loss=0.6716 val_f1=0.7832 patience=0/3
[train] new best val_f1=0.7832 at epoch 3 -> /lus/lfs1aip2/projects/b5ac/project_1/data/10_recipe_sweep_and_training/matrix/checkpoints/biomedbert_base/seed_48/best
[train] epoch 4/10 train_loss=0.2388 val_loss=0.6468 val_f1=0.7815 patience=0/3
[train] epoch 5/10 train_loss=0.2097 val_loss=0.7830 val_f1=0.7682 patience=1/3
[train] epoch 6/10 train_loss=0.2000 val_loss=0.8516 val_f1=0.7460 patience=2/3
[train] early stop at epoch 6 (no val_f1 improvement for 3 epochs)
[train] done biomedbert_base seed=48 best_val_f1=0.7832 best_epoch=3 epochs_run=6
[benchmark] evaluating /lus/lfs1aip2/projects/b5ac/project_1/data/10_recipe_sweep_and_training/matrix/checkpoints/biomedbert_base/seed_48/best on 14395 BioRED test examples
[benchmark] batch 1/450 examples=32/14395
[benchmark] batch 45/450 examples=1440/14395
[benchmark] batch 90/450 examples=2880/14395
[benchmark] batch 135/450 examples=4320/14395
[benchmark] batch 180/450 examples=5760/14395
[benchmark] batch 225/450 examples=7200/14395
[benchmark] batch 270/450 examples=8640/14395
[benchmark] batch 315/450 examples=10080/14395
[benchmark] batch 360/450 examples=11520/14395
[benchmark] batch 405/450 examples=12960/14395
[benchmark] batch 450/450 examples=14395/14395
[benchmark] done f1=0.7475 precision=0.7238 recall=0.7728 n_positives=8875
  COMPLETE BioMedBERT-base (biomedbert_base) seed=48: benchmark_f1=0.747 best_epoch=3 marker=/lus/lfs1aip2/projects/b5ac/project_1/data/10_recipe_sweep_and_training/matrix/results/biomedbert_base/seed_48/matrix_complete.json
  RUN START BioMedBERT-base (biomedbert_base) seed=49 [8/8 in this job]
[train] start biomedbert_base seed=49 lr=3e-05 warmup=none train=24000 val=25311 -> /lus/lfs1aip2/projects/b5ac/project_1/data/10_recipe_sweep_and_training/matrix/checkpoints/biomedbert_base/seed_49
[train] device=cuda batch_size=16 max_epochs=10
Some weights of BertForSequenceClassification were not initialized from the model checkpoint at microsoft/BiomedNLP-BiomedBERT-base-uncased-abstract and are newly initialized: ['classifier.bias', 'classifier.weight']
You should probably TRAIN this model on a down-stream task to be able to use it for predictions and inference.
[train] epoch 1/10 train_loss=0.5164 val_loss=0.5566 val_f1=0.7499 patience=0/3
[train] new best val_f1=0.7499 at epoch 1 -> /lus/lfs1aip2/projects/b5ac/project_1/data/10_recipe_sweep_and_training/matrix/checkpoints/biomedbert_base/seed_49/best
[train] epoch 2/10 train_loss=0.3290 val_loss=0.6104 val_f1=0.7505 patience=0/3
[train] new best val_f1=0.7505 at epoch 2 -> /lus/lfs1aip2/projects/b5ac/project_1/data/10_recipe_sweep_and_training/matrix/checkpoints/biomedbert_base/seed_49/best
[train] epoch 3/10 train_loss=0.2647 val_loss=0.6658 val_f1=0.7738 patience=0/3
[train] new best val_f1=0.7738 at epoch 3 -> /lus/lfs1aip2/projects/b5ac/project_1/data/10_recipe_sweep_and_training/matrix/checkpoints/biomedbert_base/seed_49/best
[train] epoch 4/10 train_loss=0.2325 val_loss=0.7982 val_f1=0.7670 patience=0/3
[train] epoch 5/10 train_loss=0.2105 val_loss=0.8322 val_f1=0.7800 patience=1/3
[train] new best val_f1=0.7800 at epoch 5 -> /lus/lfs1aip2/projects/b5ac/project_1/data/10_recipe_sweep_and_training/matrix/checkpoints/biomedbert_base/seed_49/best
[train] epoch 6/10 train_loss=0.1971 val_loss=0.8193 val_f1=0.7643 patience=0/3
[train] epoch 7/10 train_loss=0.1880 val_loss=0.8018 val_f1=0.7826 patience=1/3
[train] new best val_f1=0.7826 at epoch 7 -> /lus/lfs1aip2/projects/b5ac/project_1/data/10_recipe_sweep_and_training/matrix/checkpoints/biomedbert_base/seed_49/best
[train] epoch 8/10 train_loss=0.1767 val_loss=0.9486 val_f1=0.7556 patience=0/3
[train] epoch 9/10 train_loss=0.1697 val_loss=0.9273 val_f1=0.7460 patience=1/3
[train] epoch 10/10 train_loss=0.1623 val_loss=1.0188 val_f1=0.7631 patience=2/3
[train] early stop at epoch 10 (no val_f1 improvement for 3 epochs)
[train] done biomedbert_base seed=49 best_val_f1=0.7826 best_epoch=7 epochs_run=10
[benchmark] evaluating /lus/lfs1aip2/projects/b5ac/project_1/data/10_recipe_sweep_and_training/matrix/checkpoints/biomedbert_base/seed_49/best on 14395 BioRED test examples
[benchmark] batch 1/450 examples=32/14395
[benchmark] batch 45/450 examples=1440/14395
[benchmark] batch 90/450 examples=2880/14395
[benchmark] batch 135/450 examples=4320/14395
[benchmark] batch 180/450 examples=5760/14395
[benchmark] batch 225/450 examples=7200/14395
[benchmark] batch 270/450 examples=8640/14395
[benchmark] batch 315/450 examples=10080/14395
[benchmark] batch 360/450 examples=11520/14395
[benchmark] batch 405/450 examples=12960/14395
[benchmark] batch 450/450 examples=14395/14395
[benchmark] done f1=0.7456 precision=0.7112 recall=0.7834 n_positives=8875
  COMPLETE BioMedBERT-base (biomedbert_base) seed=49: benchmark_f1=0.746 best_epoch=7 marker=/lus/lfs1aip2/projects/b5ac/project_1/data/10_recipe_sweep_and_training/matrix/results/biomedbert_base/seed_49/matrix_complete.json

=== Step-2 matrix training complete (this job) ===
  Trained: 8, skipped (already done): 0, planned: 8

=== Done ===
End: Tue  9 Jun 12:22:33 UTC 2026
