=== Step 2: full-matrix training ===
Host: nid010669
SLURM_JOB_ID=5098710
SLURM_JOB_NAME=step2_roberta_base
Start: Tue  9 Jun 09:33:22 UTC 2026
REPO=/home/b5ac/freddieyu.b5ac/project_1
OUTPUT_ROOT=/home/b5ac/freddieyu.b5ac/project_1/../projects/project_1
STEP_ARGS=--models roberta_base
Log: /home/b5ac/freddieyu.b5ac/project_1/../projects/project_1/runs/10_recipe_sweep_and_training/train_5098710.out
Ensure CHOSEN_RECIPE is set in config.py (not None) before submitting.
TMPDIR=/home/b5ac/freddieyu.b5ac/project_1/../projects/project_1/runs/10_recipe_sweep_and_training/tmp_5098710
=== Recipe sweep and training 2026-06-09T09:33:25.308533 ===
[run] mode=train-only (step 2)
[run] model filter: ['roberta_base']

=== Step-2 matrix training ===
Recipe: lr=3e-05, warmup=none (checkpoint criterion=val_f1)
Encoders (1): ['roberta_base']
Seeds (8): [42, 43, 44, 45, 46, 47, 48, 49]
Planned runs this job: 8


=== Estimated checkpoint footprint (rough) ===
  Runs: 1 encoders x 8 seeds = 8
  Assumed ~7 epochs/run; epoch ckpt ~220 MiB (fp16); best ckpt ~440 MiB (fp32)
  Per run ~1980 MiB; total ~15.5 GiB
  MAX_EPOCH_CHECKPOINTS_TO_KEEP=None (None = keep all epoch checkpoints)

[benchmark] building BioRED test examples...
[benchmark] built 14395 test examples (leaked PMIDs excluded)
  RUN START RoBERTa-base (roberta_base) seed=42 [1/8 in this job]
[train] start roberta_base seed=42 lr=3e-05 warmup=none train=24000 val=25311 -> /lus/lfs1aip2/projects/b5ac/project_1/data/10_recipe_sweep_and_training/matrix/checkpoints/roberta_base/seed_42
[train] device=cuda batch_size=16 max_epochs=10
Some weights of RobertaForSequenceClassification were not initialized from the model checkpoint at roberta-base and are newly initialized: ['classifier.dense.bias', 'classifier.dense.weight', 'classifier.out_proj.bias', 'classifier.out_proj.weight']
You should probably TRAIN this model on a down-stream task to be able to use it for predictions and inference.
[train] epoch 1/10 train_loss=0.6531 val_loss=0.6664 val_f1=0.4489 patience=0/3
[train] new best val_f1=0.4489 at epoch 1 -> /lus/lfs1aip2/projects/b5ac/project_1/data/10_recipe_sweep_and_training/matrix/checkpoints/roberta_base/seed_42/best
[train] epoch 2/10 train_loss=0.5526 val_loss=0.6113 val_f1=0.7012 patience=0/3
[train] new best val_f1=0.7012 at epoch 2 -> /lus/lfs1aip2/projects/b5ac/project_1/data/10_recipe_sweep_and_training/matrix/checkpoints/roberta_base/seed_42/best
[train] epoch 3/10 train_loss=0.4149 val_loss=0.6401 val_f1=0.7277 patience=0/3
[train] new best val_f1=0.7277 at epoch 3 -> /lus/lfs1aip2/projects/b5ac/project_1/data/10_recipe_sweep_and_training/matrix/checkpoints/roberta_base/seed_42/best
[train] epoch 4/10 train_loss=0.3665 val_loss=0.6601 val_f1=0.6425 patience=0/3
[train] epoch 5/10 train_loss=0.3382 val_loss=0.7582 val_f1=0.7318 patience=1/3
[train] new best val_f1=0.7318 at epoch 5 -> /lus/lfs1aip2/projects/b5ac/project_1/data/10_recipe_sweep_and_training/matrix/checkpoints/roberta_base/seed_42/best
[train] epoch 6/10 train_loss=0.3072 val_loss=0.8357 val_f1=0.7100 patience=0/3
[train] epoch 7/10 train_loss=0.2925 val_loss=0.8305 val_f1=0.7438 patience=1/3
[train] new best val_f1=0.7438 at epoch 7 -> /lus/lfs1aip2/projects/b5ac/project_1/data/10_recipe_sweep_and_training/matrix/checkpoints/roberta_base/seed_42/best
[train] epoch 8/10 train_loss=0.2787 val_loss=0.8684 val_f1=0.6660 patience=0/3
[train] epoch 9/10 train_loss=0.2682 val_loss=0.8835 val_f1=0.6568 patience=1/3
[train] epoch 10/10 train_loss=0.2581 val_loss=1.0034 val_f1=0.6983 patience=2/3
[train] early stop at epoch 10 (no val_f1 improvement for 3 epochs)
[train] done roberta_base seed=42 best_val_f1=0.7438 best_epoch=7 epochs_run=10
[benchmark] evaluating /lus/lfs1aip2/projects/b5ac/project_1/data/10_recipe_sweep_and_training/matrix/checkpoints/roberta_base/seed_42/best on 14395 BioRED test examples
[benchmark] batch 1/450 examples=32/14395
[benchmark] batch 45/450 examples=1440/14395
[benchmark] batch 90/450 examples=2880/14395
[benchmark] batch 135/450 examples=4320/14395
[benchmark] batch 180/450 examples=5760/14395
[benchmark] batch 225/450 examples=7200/14395
[benchmark] batch 270/450 examples=8640/14395
[benchmark] batch 315/450 examples=10080/14395
[benchmark] batch 360/450 examples=11520/14395
[benchmark] batch 405/450 examples=12960/14395
[benchmark] batch 450/450 examples=14395/14395
[benchmark] done f1=0.7327 precision=0.7223 recall=0.7433 n_positives=8875
  COMPLETE RoBERTa-base (roberta_base) seed=42: benchmark_f1=0.733 best_epoch=7 marker=/lus/lfs1aip2/projects/b5ac/project_1/data/10_recipe_sweep_and_training/matrix/results/roberta_base/seed_42/matrix_complete.json
  RUN START RoBERTa-base (roberta_base) seed=43 [2/8 in this job]
[train] start roberta_base seed=43 lr=3e-05 warmup=none train=24000 val=25311 -> /lus/lfs1aip2/projects/b5ac/project_1/data/10_recipe_sweep_and_training/matrix/checkpoints/roberta_base/seed_43
[train] device=cuda batch_size=16 max_epochs=10
Some weights of RobertaForSequenceClassification were not initialized from the model checkpoint at roberta-base and are newly initialized: ['classifier.dense.bias', 'classifier.dense.weight', 'classifier.out_proj.bias', 'classifier.out_proj.weight']
You should probably TRAIN this model on a down-stream task to be able to use it for predictions and inference.
[train] epoch 1/10 train_loss=0.6595 val_loss=0.6736 val_f1=0.5923 patience=0/3
[train] new best val_f1=0.5923 at epoch 1 -> /lus/lfs1aip2/projects/b5ac/project_1/data/10_recipe_sweep_and_training/matrix/checkpoints/roberta_base/seed_43/best
[train] epoch 2/10 train_loss=0.6108 val_loss=0.6318 val_f1=0.6454 patience=0/3
[train] new best val_f1=0.6454 at epoch 2 -> /lus/lfs1aip2/projects/b5ac/project_1/data/10_recipe_sweep_and_training/matrix/checkpoints/roberta_base/seed_43/best
[train] epoch 3/10 train_loss=0.4712 val_loss=0.6289 val_f1=0.7064 patience=0/3
[train] new best val_f1=0.7064 at epoch 3 -> /lus/lfs1aip2/projects/b5ac/project_1/data/10_recipe_sweep_and_training/matrix/checkpoints/roberta_base/seed_43/best
[train] epoch 4/10 train_loss=0.4087 val_loss=0.7130 val_f1=0.7137 patience=0/3
[train] new best val_f1=0.7137 at epoch 4 -> /lus/lfs1aip2/projects/b5ac/project_1/data/10_recipe_sweep_and_training/matrix/checkpoints/roberta_base/seed_43/best
[train] epoch 5/10 train_loss=0.3753 val_loss=0.6739 val_f1=0.7151 patience=0/3
[train] new best val_f1=0.7151 at epoch 5 -> /lus/lfs1aip2/projects/b5ac/project_1/data/10_recipe_sweep_and_training/matrix/checkpoints/roberta_base/seed_43/best
[train] epoch 6/10 train_loss=0.3457 val_loss=0.7309 val_f1=0.7275 patience=0/3
[train] new best val_f1=0.7275 at epoch 6 -> /lus/lfs1aip2/projects/b5ac/project_1/data/10_recipe_sweep_and_training/matrix/checkpoints/roberta_base/seed_43/best
[train] epoch 7/10 train_loss=0.3271 val_loss=0.8752 val_f1=0.7154 patience=0/3
[train] epoch 8/10 train_loss=0.3138 val_loss=0.8678 val_f1=0.6772 patience=1/3
[train] epoch 9/10 train_loss=0.2997 val_loss=0.8019 val_f1=0.7088 patience=2/3
[train] early stop at epoch 9 (no val_f1 improvement for 3 epochs)
[train] done roberta_base seed=43 best_val_f1=0.7275 best_epoch=6 epochs_run=9
[benchmark] evaluating /lus/lfs1aip2/projects/b5ac/project_1/data/10_recipe_sweep_and_training/matrix/checkpoints/roberta_base/seed_43/best on 14395 BioRED test examples
[benchmark] batch 1/450 examples=32/14395
[benchmark] batch 45/450 examples=1440/14395
[benchmark] batch 90/450 examples=2880/14395
[benchmark] batch 135/450 examples=4320/14395
[benchmark] batch 180/450 examples=5760/14395
[benchmark] batch 225/450 examples=7200/14395
[benchmark] batch 270/450 examples=8640/14395
[benchmark] batch 315/450 examples=10080/14395
[benchmark] batch 360/450 examples=11520/14395
[benchmark] batch 405/450 examples=12960/14395
[benchmark] batch 450/450 examples=14395/14395
[benchmark] done f1=0.6967 precision=0.6816 recall=0.7125 n_positives=8875
  COMPLETE RoBERTa-base (roberta_base) seed=43: benchmark_f1=0.697 best_epoch=6 marker=/lus/lfs1aip2/projects/b5ac/project_1/data/10_recipe_sweep_and_training/matrix/results/roberta_base/seed_43/matrix_complete.json
  RUN START RoBERTa-base (roberta_base) seed=44 [3/8 in this job]
[train] start roberta_base seed=44 lr=3e-05 warmup=none train=24000 val=25311 -> /lus/lfs1aip2/projects/b5ac/project_1/data/10_recipe_sweep_and_training/matrix/checkpoints/roberta_base/seed_44
[train] device=cuda batch_size=16 max_epochs=10
Some weights of RobertaForSequenceClassification were not initialized from the model checkpoint at roberta-base and are newly initialized: ['classifier.dense.bias', 'classifier.dense.weight', 'classifier.out_proj.bias', 'classifier.out_proj.weight']
You should probably TRAIN this model on a down-stream task to be able to use it for predictions and inference.
[train] epoch 1/10 train_loss=0.6207 val_loss=0.6317 val_f1=0.6936 patience=0/3
[train] new best val_f1=0.6936 at epoch 1 -> /lus/lfs1aip2/projects/b5ac/project_1/data/10_recipe_sweep_and_training/matrix/checkpoints/roberta_base/seed_44/best
[train] epoch 2/10 train_loss=0.5011 val_loss=0.5738 val_f1=0.6700 patience=0/3
[train] epoch 3/10 train_loss=0.4568 val_loss=0.6131 val_f1=0.7135 patience=1/3
[train] new best val_f1=0.7135 at epoch 3 -> /lus/lfs1aip2/projects/b5ac/project_1/data/10_recipe_sweep_and_training/matrix/checkpoints/roberta_base/seed_44/best
[train] epoch 4/10 train_loss=0.4186 val_loss=0.9850 val_f1=0.6750 patience=0/3
[train] epoch 5/10 train_loss=0.3851 val_loss=0.6262 val_f1=0.6941 patience=1/3
[train] epoch 6/10 train_loss=0.3546 val_loss=0.8928 val_f1=0.7043 patience=2/3
[train] early stop at epoch 6 (no val_f1 improvement for 3 epochs)
[train] done roberta_base seed=44 best_val_f1=0.7135 best_epoch=3 epochs_run=6
[benchmark] evaluating /lus/lfs1aip2/projects/b5ac/project_1/data/10_recipe_sweep_and_training/matrix/checkpoints/roberta_base/seed_44/best on 14395 BioRED test examples
[benchmark] batch 1/450 examples=32/14395
[benchmark] batch 45/450 examples=1440/14395
[benchmark] batch 90/450 examples=2880/14395
[benchmark] batch 135/450 examples=4320/14395
[benchmark] batch 180/450 examples=5760/14395
[benchmark] batch 225/450 examples=7200/14395
[benchmark] batch 270/450 examples=8640/14395
[benchmark] batch 315/450 examples=10080/14395
[benchmark] batch 360/450 examples=11520/14395
[benchmark] batch 405/450 examples=12960/14395
[benchmark] batch 450/450 examples=14395/14395
[benchmark] done f1=0.7037 precision=0.6681 recall=0.7433 n_positives=8875
  COMPLETE RoBERTa-base (roberta_base) seed=44: benchmark_f1=0.704 best_epoch=3 marker=/lus/lfs1aip2/projects/b5ac/project_1/data/10_recipe_sweep_and_training/matrix/results/roberta_base/seed_44/matrix_complete.json
  RUN START RoBERTa-base (roberta_base) seed=45 [4/8 in this job]
[train] start roberta_base seed=45 lr=3e-05 warmup=none train=24000 val=25311 -> /lus/lfs1aip2/projects/b5ac/project_1/data/10_recipe_sweep_and_training/matrix/checkpoints/roberta_base/seed_45
[train] device=cuda batch_size=16 max_epochs=10
Some weights of RobertaForSequenceClassification were not initialized from the model checkpoint at roberta-base and are newly initialized: ['classifier.dense.bias', 'classifier.dense.weight', 'classifier.out_proj.bias', 'classifier.out_proj.weight']
You should probably TRAIN this model on a down-stream task to be able to use it for predictions and inference.
[train] epoch 1/10 train_loss=0.6939 val_loss=0.6951 val_f1=0.0000 patience=0/3
[train] new best val_f1=0.0000 at epoch 1 -> /lus/lfs1aip2/projects/b5ac/project_1/data/10_recipe_sweep_and_training/matrix/checkpoints/roberta_base/seed_45/best
[train] epoch 2/10 train_loss=0.6955 val_loss=0.6956 val_f1=0.0000 patience=0/3
[train] epoch 3/10 train_loss=0.6951 val_loss=0.6935 val_f1=0.0000 patience=1/3
[train] epoch 4/10 train_loss=0.6946 val_loss=0.6948 val_f1=0.0000 patience=2/3
[train] early stop at epoch 4 (no val_f1 improvement for 3 epochs)
[train] done roberta_base seed=45 best_val_f1=0.0000 best_epoch=1 epochs_run=4
[benchmark] evaluating /lus/lfs1aip2/projects/b5ac/project_1/data/10_recipe_sweep_and_training/matrix/checkpoints/roberta_base/seed_45/best on 14395 BioRED test examples
[benchmark] batch 1/450 examples=32/14395
[benchmark] batch 45/450 examples=1440/14395
[benchmark] batch 90/450 examples=2880/14395
[benchmark] batch 135/450 examples=4320/14395
[benchmark] batch 180/450 examples=5760/14395
[benchmark] batch 225/450 examples=7200/14395
[benchmark] batch 270/450 examples=8640/14395
[benchmark] batch 315/450 examples=10080/14395
[benchmark] batch 360/450 examples=11520/14395
[benchmark] batch 405/450 examples=12960/14395
[benchmark] batch 450/450 examples=14395/14395
[benchmark] done f1=0.0000 precision=0.0000 recall=0.0000 n_positives=8875
  COMPLETE RoBERTa-base (roberta_base) seed=45: benchmark_f1=0.000 best_epoch=1 marker=/lus/lfs1aip2/projects/b5ac/project_1/data/10_recipe_sweep_and_training/matrix/results/roberta_base/seed_45/matrix_complete.json
  RUN START RoBERTa-base (roberta_base) seed=46 [5/8 in this job]
[train] start roberta_base seed=46 lr=3e-05 warmup=none train=24000 val=25311 -> /lus/lfs1aip2/projects/b5ac/project_1/data/10_recipe_sweep_and_training/matrix/checkpoints/roberta_base/seed_46
[train] device=cuda batch_size=16 max_epochs=10
Some weights of RobertaForSequenceClassification were not initialized from the model checkpoint at roberta-base and are newly initialized: ['classifier.dense.bias', 'classifier.dense.weight', 'classifier.out_proj.bias', 'classifier.out_proj.weight']
You should probably TRAIN this model on a down-stream task to be able to use it for predictions and inference.
[train] epoch 1/10 train_loss=0.6936 val_loss=0.6928 val_f1=0.6702 patience=0/3
[train] new best val_f1=0.6702 at epoch 1 -> /lus/lfs1aip2/projects/b5ac/project_1/data/10_recipe_sweep_and_training/matrix/checkpoints/roberta_base/seed_46/best
[train] epoch 2/10 train_loss=0.6954 val_loss=0.6931 val_f1=0.6702 patience=0/3
[train] epoch 3/10 train_loss=0.6947 val_loss=0.6934 val_f1=0.0000 patience=1/3
[train] epoch 4/10 train_loss=0.6944 val_loss=0.6941 val_f1=0.0000 patience=2/3
[train] early stop at epoch 4 (no val_f1 improvement for 3 epochs)
[train] done roberta_base seed=46 best_val_f1=0.6702 best_epoch=1 epochs_run=4
[benchmark] evaluating /lus/lfs1aip2/projects/b5ac/project_1/data/10_recipe_sweep_and_training/matrix/checkpoints/roberta_base/seed_46/best on 14395 BioRED test examples
[benchmark] batch 1/450 examples=32/14395
[benchmark] batch 45/450 examples=1440/14395
[benchmark] batch 90/450 examples=2880/14395
[benchmark] batch 135/450 examples=4320/14395
[benchmark] batch 180/450 examples=5760/14395
[benchmark] batch 225/450 examples=7200/14395
[benchmark] batch 270/450 examples=8640/14395
[benchmark] batch 315/450 examples=10080/14395
[benchmark] batch 360/450 examples=11520/14395
[benchmark] batch 405/450 examples=12960/14395
[benchmark] batch 450/450 examples=14395/14395
[benchmark] done f1=0.7628 precision=0.6165 recall=1.0000 n_positives=8875
  COMPLETE RoBERTa-base (roberta_base) seed=46: benchmark_f1=0.763 best_epoch=1 marker=/lus/lfs1aip2/projects/b5ac/project_1/data/10_recipe_sweep_and_training/matrix/results/roberta_base/seed_46/matrix_complete.json
  RUN START RoBERTa-base (roberta_base) seed=47 [6/8 in this job]
[train] start roberta_base seed=47 lr=3e-05 warmup=none train=24000 val=25311 -> /lus/lfs1aip2/projects/b5ac/project_1/data/10_recipe_sweep_and_training/matrix/checkpoints/roberta_base/seed_47
[train] device=cuda batch_size=16 max_epochs=10
Some weights of RobertaForSequenceClassification were not initialized from the model checkpoint at roberta-base and are newly initialized: ['classifier.dense.bias', 'classifier.dense.weight', 'classifier.out_proj.bias', 'classifier.out_proj.weight']
You should probably TRAIN this model on a down-stream task to be able to use it for predictions and inference.
[train] epoch 1/10 train_loss=0.6769 val_loss=0.6898 val_f1=0.2187 patience=0/3
[train] new best val_f1=0.2187 at epoch 1 -> /lus/lfs1aip2/projects/b5ac/project_1/data/10_recipe_sweep_and_training/matrix/checkpoints/roberta_base/seed_47/best
[train] epoch 2/10 train_loss=0.6532 val_loss=0.6762 val_f1=0.6121 patience=0/3
[train] new best val_f1=0.6121 at epoch 2 -> /lus/lfs1aip2/projects/b5ac/project_1/data/10_recipe_sweep_and_training/matrix/checkpoints/roberta_base/seed_47/best
[train] epoch 3/10 train_loss=0.6336 val_loss=0.6587 val_f1=0.5778 patience=0/3
[train] epoch 4/10 train_loss=0.6236 val_loss=0.6790 val_f1=0.5050 patience=1/3
[train] epoch 5/10 train_loss=0.6038 val_loss=0.6725 val_f1=0.4752 patience=2/3
[train] early stop at epoch 5 (no val_f1 improvement for 3 epochs)
[train] done roberta_base seed=47 best_val_f1=0.6121 best_epoch=2 epochs_run=5
[benchmark] evaluating /lus/lfs1aip2/projects/b5ac/project_1/data/10_recipe_sweep_and_training/matrix/checkpoints/roberta_base/seed_47/best on 14395 BioRED test examples
[benchmark] batch 1/450 examples=32/14395
[benchmark] batch 45/450 examples=1440/14395
[benchmark] batch 90/450 examples=2880/14395
[benchmark] batch 135/450 examples=4320/14395
[benchmark] batch 180/450 examples=5760/14395
[benchmark] batch 225/450 examples=7200/14395
[benchmark] batch 270/450 examples=8640/14395
[benchmark] batch 315/450 examples=10080/14395
[benchmark] batch 360/450 examples=11520/14395
[benchmark] batch 405/450 examples=12960/14395
[benchmark] batch 450/450 examples=14395/14395
[benchmark] done f1=0.7155 precision=0.6390 recall=0.8128 n_positives=8875
  COMPLETE RoBERTa-base (roberta_base) seed=47: benchmark_f1=0.716 best_epoch=2 marker=/lus/lfs1aip2/projects/b5ac/project_1/data/10_recipe_sweep_and_training/matrix/results/roberta_base/seed_47/matrix_complete.json
  RUN START RoBERTa-base (roberta_base) seed=48 [7/8 in this job]
[train] start roberta_base seed=48 lr=3e-05 warmup=none train=24000 val=25311 -> /lus/lfs1aip2/projects/b5ac/project_1/data/10_recipe_sweep_and_training/matrix/checkpoints/roberta_base/seed_48
[train] device=cuda batch_size=16 max_epochs=10
Some weights of RobertaForSequenceClassification were not initialized from the model checkpoint at roberta-base and are newly initialized: ['classifier.dense.bias', 'classifier.dense.weight', 'classifier.out_proj.bias', 'classifier.out_proj.weight']
You should probably TRAIN this model on a down-stream task to be able to use it for predictions and inference.
[train] epoch 1/10 train_loss=0.6887 val_loss=0.6942 val_f1=0.0000 patience=0/3
[train] new best val_f1=0.0000 at epoch 1 -> /lus/lfs1aip2/projects/b5ac/project_1/data/10_recipe_sweep_and_training/matrix/checkpoints/roberta_base/seed_48/best
[train] epoch 2/10 train_loss=0.6943 val_loss=0.6945 val_f1=0.0000 patience=0/3
[train] epoch 3/10 train_loss=0.6946 val_loss=0.6933 val_f1=0.0000 patience=1/3
[train] epoch 4/10 train_loss=0.6938 val_loss=0.6932 val_f1=0.6702 patience=2/3
[train] new best val_f1=0.6702 at epoch 4 -> /lus/lfs1aip2/projects/b5ac/project_1/data/10_recipe_sweep_and_training/matrix/checkpoints/roberta_base/seed_48/best
[train] epoch 5/10 train_loss=0.6943 val_loss=0.6953 val_f1=0.0000 patience=0/3
[train] epoch 6/10 train_loss=0.6938 val_loss=0.6938 val_f1=0.0000 patience=1/3
[train] epoch 7/10 train_loss=0.6939 val_loss=0.6934 val_f1=0.0000 patience=2/3
[train] early stop at epoch 7 (no val_f1 improvement for 3 epochs)
[train] done roberta_base seed=48 best_val_f1=0.6702 best_epoch=4 epochs_run=7
[benchmark] evaluating /lus/lfs1aip2/projects/b5ac/project_1/data/10_recipe_sweep_and_training/matrix/checkpoints/roberta_base/seed_48/best on 14395 BioRED test examples
[benchmark] batch 1/450 examples=32/14395
[benchmark] batch 45/450 examples=1440/14395
[benchmark] batch 90/450 examples=2880/14395
[benchmark] batch 135/450 examples=4320/14395
[benchmark] batch 180/450 examples=5760/14395
[benchmark] batch 225/450 examples=7200/14395
[benchmark] batch 270/450 examples=8640/14395
[benchmark] batch 315/450 examples=10080/14395
[benchmark] batch 360/450 examples=11520/14395
[benchmark] batch 405/450 examples=12960/14395
[benchmark] batch 450/450 examples=14395/14395
[benchmark] done f1=0.7628 precision=0.6165 recall=1.0000 n_positives=8875
  COMPLETE RoBERTa-base (roberta_base) seed=48: benchmark_f1=0.763 best_epoch=4 marker=/lus/lfs1aip2/projects/b5ac/project_1/data/10_recipe_sweep_and_training/matrix/results/roberta_base/seed_48/matrix_complete.json
  RUN START RoBERTa-base (roberta_base) seed=49 [8/8 in this job]
[train] start roberta_base seed=49 lr=3e-05 warmup=none train=24000 val=25311 -> /lus/lfs1aip2/projects/b5ac/project_1/data/10_recipe_sweep_and_training/matrix/checkpoints/roberta_base/seed_49
[train] device=cuda batch_size=16 max_epochs=10
Some weights of RobertaForSequenceClassification were not initialized from the model checkpoint at roberta-base and are newly initialized: ['classifier.dense.bias', 'classifier.dense.weight', 'classifier.out_proj.bias', 'classifier.out_proj.weight']
You should probably TRAIN this model on a down-stream task to be able to use it for predictions and inference.
[train] epoch 1/10 train_loss=0.6950 val_loss=0.6933 val_f1=0.0000 patience=0/3
[train] new best val_f1=0.0000 at epoch 1 -> /lus/lfs1aip2/projects/b5ac/project_1/data/10_recipe_sweep_and_training/matrix/checkpoints/roberta_base/seed_49/best
[train] epoch 2/10 train_loss=0.6954 val_loss=0.7003 val_f1=0.0000 patience=0/3
[train] epoch 3/10 train_loss=0.6948 val_loss=0.6932 val_f1=0.6702 patience=1/3
[train] new best val_f1=0.6702 at epoch 3 -> /lus/lfs1aip2/projects/b5ac/project_1/data/10_recipe_sweep_and_training/matrix/checkpoints/roberta_base/seed_49/best
[train] epoch 4/10 train_loss=0.6950 val_loss=0.6949 val_f1=0.0000 patience=0/3
[train] epoch 5/10 train_loss=0.6947 val_loss=0.6961 val_f1=0.0000 patience=1/3
[train] epoch 6/10 train_loss=0.6942 val_loss=0.7014 val_f1=0.0000 patience=2/3
[train] early stop at epoch 6 (no val_f1 improvement for 3 epochs)
[train] done roberta_base seed=49 best_val_f1=0.6702 best_epoch=3 epochs_run=6
[benchmark] evaluating /lus/lfs1aip2/projects/b5ac/project_1/data/10_recipe_sweep_and_training/matrix/checkpoints/roberta_base/seed_49/best on 14395 BioRED test examples
[benchmark] batch 1/450 examples=32/14395
[benchmark] batch 45/450 examples=1440/14395
[benchmark] batch 90/450 examples=2880/14395
[benchmark] batch 135/450 examples=4320/14395
[benchmark] batch 180/450 examples=5760/14395
[benchmark] batch 225/450 examples=7200/14395
[benchmark] batch 270/450 examples=8640/14395
[benchmark] batch 315/450 examples=10080/14395
[benchmark] batch 360/450 examples=11520/14395
[benchmark] batch 405/450 examples=12960/14395
[benchmark] batch 450/450 examples=14395/14395
[benchmark] done f1=0.7628 precision=0.6165 recall=1.0000 n_positives=8875
  COMPLETE RoBERTa-base (roberta_base) seed=49: benchmark_f1=0.763 best_epoch=3 marker=/lus/lfs1aip2/projects/b5ac/project_1/data/10_recipe_sweep_and_training/matrix/results/roberta_base/seed_49/matrix_complete.json

=== Step-2 matrix training complete (this job) ===
  Trained: 8, skipped (already done): 0, planned: 8

=== Done ===
End: Tue  9 Jun 12:07:00 UTC 2026
