=== Step 2: full-matrix training ===
Host: nid010228
SLURM_JOB_ID=5104034
SLURM_JOB_NAME=step2_train
Start: Tue  9 Jun 13:31:38 UTC 2026
REPO=/home/b5ac/freddieyu.b5ac/project_1
OUTPUT_ROOT=/home/b5ac/freddieyu.b5ac/project_1/../projects/project_1
STEP_ARGS=--models distilbert_base
Log: /home/b5ac/freddieyu.b5ac/project_1/../projects/project_1/runs/10_recipe_sweep_and_training/train_5104034.out
Ensure CHOSEN_RECIPE is set in config.py (not None) before submitting.
TMPDIR=/home/b5ac/freddieyu.b5ac/project_1/../projects/project_1/runs/10_recipe_sweep_and_training/tmp_5104034
=== Recipe sweep and training 2026-06-09T13:31:41.642887 ===
[run] mode=train-only (step 2)
[run] model filter: ['distilbert_base']

=== Step-2 matrix training ===
Recipe: lr=5e-06, warmup=none (checkpoint criterion=val_f1)
Encoders (1): ['distilbert_base']
Seeds (8): [42, 43, 44, 45, 46, 47, 48, 49]
Planned runs this job: 8


=== Estimated checkpoint footprint (rough) ===
  Runs: 1 encoders x 8 seeds = 8
  Assumed ~7 epochs/run; epoch ckpt ~220 MiB (fp16); best ckpt ~440 MiB (fp32)
  Per run ~1980 MiB; total ~15.5 GiB
  MAX_EPOCH_CHECKPOINTS_TO_KEEP=None (None = keep all epoch checkpoints)

[benchmark] building BioRED test examples...
[benchmark] built 14395 test examples (leaked PMIDs excluded)
  RUN START DistilBERT-base (distilbert_base) seed=42 [1/8 in this job]
[train] start distilbert_base seed=42 lr=5e-06 warmup=none train=24000 val=25311 -> /lus/lfs1aip2/projects/b5ac/project_1/data/10_recipe_sweep_and_training/matrix/checkpoints/distilbert_base/seed_42
[train] device=cuda batch_size=16 max_epochs=10
Some weights of DistilBertForSequenceClassification were not initialized from the model checkpoint at distilbert-base-uncased and are newly initialized: ['classifier.bias', 'classifier.weight', 'pre_classifier.bias', 'pre_classifier.weight']
You should probably TRAIN this model on a down-stream task to be able to use it for predictions and inference.
[train] epoch 1/10 train_loss=0.6507 val_loss=0.6587 val_f1=0.6266 patience=0/3
[train] new best val_f1=0.6266 at epoch 1 -> /lus/lfs1aip2/projects/b5ac/project_1/data/10_recipe_sweep_and_training/matrix/checkpoints/distilbert_base/seed_42/best
[train] epoch 2/10 train_loss=0.6212 val_loss=0.6810 val_f1=0.5952 patience=0/3
[train] epoch 3/10 train_loss=0.6032 val_loss=0.6199 val_f1=0.6760 patience=1/3
[train] new best val_f1=0.6760 at epoch 3 -> /lus/lfs1aip2/projects/b5ac/project_1/data/10_recipe_sweep_and_training/matrix/checkpoints/distilbert_base/seed_42/best
[train] epoch 4/10 train_loss=0.4912 val_loss=0.6069 val_f1=0.6927 patience=0/3
[train] new best val_f1=0.6927 at epoch 4 -> /lus/lfs1aip2/projects/b5ac/project_1/data/10_recipe_sweep_and_training/matrix/checkpoints/distilbert_base/seed_42/best
[train] epoch 5/10 train_loss=0.4263 val_loss=0.6144 val_f1=0.7339 patience=0/3
[train] new best val_f1=0.7339 at epoch 5 -> /lus/lfs1aip2/projects/b5ac/project_1/data/10_recipe_sweep_and_training/matrix/checkpoints/distilbert_base/seed_42/best
[train] epoch 6/10 train_loss=0.3944 val_loss=0.6456 val_f1=0.7099 patience=0/3
[train] epoch 7/10 train_loss=0.3675 val_loss=0.6499 val_f1=0.7448 patience=1/3
[train] new best val_f1=0.7448 at epoch 7 -> /lus/lfs1aip2/projects/b5ac/project_1/data/10_recipe_sweep_and_training/matrix/checkpoints/distilbert_base/seed_42/best
[train] epoch 8/10 train_loss=0.3458 val_loss=0.7349 val_f1=0.6952 patience=0/3
[train] epoch 9/10 train_loss=0.3251 val_loss=0.7825 val_f1=0.6925 patience=1/3
[train] epoch 10/10 train_loss=0.3061 val_loss=0.7607 val_f1=0.7231 patience=2/3
[train] early stop at epoch 10 (no val_f1 improvement for 3 epochs)
[train] done distilbert_base seed=42 best_val_f1=0.7448 best_epoch=7 epochs_run=10
[benchmark] evaluating /lus/lfs1aip2/projects/b5ac/project_1/data/10_recipe_sweep_and_training/matrix/checkpoints/distilbert_base/seed_42/best on 14395 BioRED test examples
[benchmark] batch 1/450 examples=32/14395
[benchmark] batch 45/450 examples=1440/14395
[benchmark] batch 90/450 examples=2880/14395
[benchmark] batch 135/450 examples=4320/14395
[benchmark] batch 180/450 examples=5760/14395
[benchmark] batch 225/450 examples=7200/14395
[benchmark] batch 270/450 examples=8640/14395
[benchmark] batch 315/450 examples=10080/14395
[benchmark] batch 360/450 examples=11520/14395
[benchmark] batch 405/450 examples=12960/14395
[benchmark] batch 450/450 examples=14395/14395
[benchmark] done f1=0.7319 precision=0.6786 recall=0.7944 n_positives=8875
  COMPLETE DistilBERT-base (distilbert_base) seed=42: benchmark_f1=0.732 best_epoch=7 marker=/lus/lfs1aip2/projects/b5ac/project_1/data/10_recipe_sweep_and_training/matrix/results/distilbert_base/seed_42/matrix_complete.json
  RUN START DistilBERT-base (distilbert_base) seed=43 [2/8 in this job]
[train] start distilbert_base seed=43 lr=5e-06 warmup=none train=24000 val=25311 -> /lus/lfs1aip2/projects/b5ac/project_1/data/10_recipe_sweep_and_training/matrix/checkpoints/distilbert_base/seed_43
[train] device=cuda batch_size=16 max_epochs=10
Some weights of DistilBertForSequenceClassification were not initialized from the model checkpoint at distilbert-base-uncased and are newly initialized: ['classifier.bias', 'classifier.weight', 'pre_classifier.bias', 'pre_classifier.weight']
You should probably TRAIN this model on a down-stream task to be able to use it for predictions and inference.
[train] epoch 1/10 train_loss=0.6462 val_loss=0.6491 val_f1=0.5844 patience=0/3
[train] new best val_f1=0.5844 at epoch 1 -> /lus/lfs1aip2/projects/b5ac/project_1/data/10_recipe_sweep_and_training/matrix/checkpoints/distilbert_base/seed_43/best
[train] epoch 2/10 train_loss=0.5548 val_loss=0.6277 val_f1=0.6756 patience=0/3
[train] new best val_f1=0.6756 at epoch 2 -> /lus/lfs1aip2/projects/b5ac/project_1/data/10_recipe_sweep_and_training/matrix/checkpoints/distilbert_base/seed_43/best
[train] epoch 3/10 train_loss=0.4475 val_loss=0.6256 val_f1=0.7067 patience=0/3
[train] new best val_f1=0.7067 at epoch 3 -> /lus/lfs1aip2/projects/b5ac/project_1/data/10_recipe_sweep_and_training/matrix/checkpoints/distilbert_base/seed_43/best
[train] epoch 4/10 train_loss=0.4037 val_loss=0.6570 val_f1=0.7066 patience=0/3
[train] epoch 5/10 train_loss=0.3723 val_loss=0.6826 val_f1=0.7121 patience=1/3
[train] new best val_f1=0.7121 at epoch 5 -> /lus/lfs1aip2/projects/b5ac/project_1/data/10_recipe_sweep_and_training/matrix/checkpoints/distilbert_base/seed_43/best
[train] epoch 6/10 train_loss=0.3514 val_loss=0.7891 val_f1=0.6963 patience=0/3
[train] epoch 7/10 train_loss=0.3335 val_loss=0.7914 val_f1=0.7003 patience=1/3
[train] epoch 8/10 train_loss=0.3138 val_loss=0.6930 val_f1=0.7074 patience=2/3
[train] early stop at epoch 8 (no val_f1 improvement for 3 epochs)
[train] done distilbert_base seed=43 best_val_f1=0.7121 best_epoch=5 epochs_run=8
[benchmark] evaluating /lus/lfs1aip2/projects/b5ac/project_1/data/10_recipe_sweep_and_training/matrix/checkpoints/distilbert_base/seed_43/best on 14395 BioRED test examples
[benchmark] batch 1/450 examples=32/14395
[benchmark] batch 45/450 examples=1440/14395
[benchmark] batch 90/450 examples=2880/14395
[benchmark] batch 135/450 examples=4320/14395
[benchmark] batch 180/450 examples=5760/14395
[benchmark] batch 225/450 examples=7200/14395
[benchmark] batch 270/450 examples=8640/14395
[benchmark] batch 315/450 examples=10080/14395
[benchmark] batch 360/450 examples=11520/14395
[benchmark] batch 405/450 examples=12960/14395
[benchmark] batch 450/450 examples=14395/14395
[benchmark] done f1=0.7100 precision=0.7025 recall=0.7176 n_positives=8875
  COMPLETE DistilBERT-base (distilbert_base) seed=43: benchmark_f1=0.710 best_epoch=5 marker=/lus/lfs1aip2/projects/b5ac/project_1/data/10_recipe_sweep_and_training/matrix/results/distilbert_base/seed_43/matrix_complete.json
  RUN START DistilBERT-base (distilbert_base) seed=44 [3/8 in this job]
[train] start distilbert_base seed=44 lr=5e-06 warmup=none train=24000 val=25311 -> /lus/lfs1aip2/projects/b5ac/project_1/data/10_recipe_sweep_and_training/matrix/checkpoints/distilbert_base/seed_44
[train] device=cuda batch_size=16 max_epochs=10
Some weights of DistilBertForSequenceClassification were not initialized from the model checkpoint at distilbert-base-uncased and are newly initialized: ['classifier.bias', 'classifier.weight', 'pre_classifier.bias', 'pre_classifier.weight']
You should probably TRAIN this model on a down-stream task to be able to use it for predictions and inference.
[train] epoch 1/10 train_loss=0.6498 val_loss=0.6593 val_f1=0.5604 patience=0/3
[train] new best val_f1=0.5604 at epoch 1 -> /lus/lfs1aip2/projects/b5ac/project_1/data/10_recipe_sweep_and_training/matrix/checkpoints/distilbert_base/seed_44/best
[train] epoch 2/10 train_loss=0.6093 val_loss=0.6303 val_f1=0.6061 patience=0/3
[train] new best val_f1=0.6061 at epoch 2 -> /lus/lfs1aip2/projects/b5ac/project_1/data/10_recipe_sweep_and_training/matrix/checkpoints/distilbert_base/seed_44/best
[train] epoch 3/10 train_loss=0.4928 val_loss=0.6018 val_f1=0.7205 patience=0/3
[train] new best val_f1=0.7205 at epoch 3 -> /lus/lfs1aip2/projects/b5ac/project_1/data/10_recipe_sweep_and_training/matrix/checkpoints/distilbert_base/seed_44/best
[train] epoch 4/10 train_loss=0.4151 val_loss=0.6385 val_f1=0.7135 patience=0/3
[train] epoch 5/10 train_loss=0.3793 val_loss=0.5971 val_f1=0.7206 patience=1/3
[train] new best val_f1=0.7206 at epoch 5 -> /lus/lfs1aip2/projects/b5ac/project_1/data/10_recipe_sweep_and_training/matrix/checkpoints/distilbert_base/seed_44/best
[train] epoch 6/10 train_loss=0.3564 val_loss=0.7329 val_f1=0.7176 patience=0/3
[train] epoch 7/10 train_loss=0.3320 val_loss=0.7924 val_f1=0.7044 patience=1/3
[train] epoch 8/10 train_loss=0.3166 val_loss=0.7665 val_f1=0.7256 patience=2/3
[train] new best val_f1=0.7256 at epoch 8 -> /lus/lfs1aip2/projects/b5ac/project_1/data/10_recipe_sweep_and_training/matrix/checkpoints/distilbert_base/seed_44/best
[train] epoch 9/10 train_loss=0.3008 val_loss=0.8315 val_f1=0.7016 patience=0/3
[train] epoch 10/10 train_loss=0.2874 val_loss=0.8327 val_f1=0.7150 patience=1/3
[train] done distilbert_base seed=44 best_val_f1=0.7256 best_epoch=8 epochs_run=10
[benchmark] evaluating /lus/lfs1aip2/projects/b5ac/project_1/data/10_recipe_sweep_and_training/matrix/checkpoints/distilbert_base/seed_44/best on 14395 BioRED test examples
[benchmark] batch 1/450 examples=32/14395
[benchmark] batch 45/450 examples=1440/14395
[benchmark] batch 90/450 examples=2880/14395
[benchmark] batch 135/450 examples=4320/14395
[benchmark] batch 180/450 examples=5760/14395
[benchmark] batch 225/450 examples=7200/14395
[benchmark] batch 270/450 examples=8640/14395
[benchmark] batch 315/450 examples=10080/14395
[benchmark] batch 360/450 examples=11520/14395
[benchmark] batch 405/450 examples=12960/14395
[benchmark] batch 450/450 examples=14395/14395
[benchmark] done f1=0.7302 precision=0.6978 recall=0.7659 n_positives=8875
  COMPLETE DistilBERT-base (distilbert_base) seed=44: benchmark_f1=0.730 best_epoch=8 marker=/lus/lfs1aip2/projects/b5ac/project_1/data/10_recipe_sweep_and_training/matrix/results/distilbert_base/seed_44/matrix_complete.json
  RUN START DistilBERT-base (distilbert_base) seed=45 [4/8 in this job]
[train] start distilbert_base seed=45 lr=5e-06 warmup=none train=24000 val=25311 -> /lus/lfs1aip2/projects/b5ac/project_1/data/10_recipe_sweep_and_training/matrix/checkpoints/distilbert_base/seed_45
[train] device=cuda batch_size=16 max_epochs=10
Some weights of DistilBertForSequenceClassification were not initialized from the model checkpoint at distilbert-base-uncased and are newly initialized: ['classifier.bias', 'classifier.weight', 'pre_classifier.bias', 'pre_classifier.weight']
You should probably TRAIN this model on a down-stream task to be able to use it for predictions and inference.
[train] epoch 1/10 train_loss=0.6469 val_loss=0.6591 val_f1=0.5857 patience=0/3
[train] new best val_f1=0.5857 at epoch 1 -> /lus/lfs1aip2/projects/b5ac/project_1/data/10_recipe_sweep_and_training/matrix/checkpoints/distilbert_base/seed_45/best
[train] epoch 2/10 train_loss=0.6088 val_loss=0.6798 val_f1=0.6402 patience=0/3
[train] new best val_f1=0.6402 at epoch 2 -> /lus/lfs1aip2/projects/b5ac/project_1/data/10_recipe_sweep_and_training/matrix/checkpoints/distilbert_base/seed_45/best
[train] epoch 3/10 train_loss=0.4853 val_loss=0.6129 val_f1=0.6704 patience=0/3
[train] new best val_f1=0.6704 at epoch 3 -> /lus/lfs1aip2/projects/b5ac/project_1/data/10_recipe_sweep_and_training/matrix/checkpoints/distilbert_base/seed_45/best
[train] epoch 4/10 train_loss=0.4131 val_loss=0.6178 val_f1=0.6979 patience=0/3
[train] new best val_f1=0.6979 at epoch 4 -> /lus/lfs1aip2/projects/b5ac/project_1/data/10_recipe_sweep_and_training/matrix/checkpoints/distilbert_base/seed_45/best
[train] epoch 5/10 train_loss=0.3782 val_loss=0.7052 val_f1=0.7111 patience=0/3
[train] new best val_f1=0.7111 at epoch 5 -> /lus/lfs1aip2/projects/b5ac/project_1/data/10_recipe_sweep_and_training/matrix/checkpoints/distilbert_base/seed_45/best
[train] epoch 6/10 train_loss=0.3521 val_loss=0.7057 val_f1=0.7408 patience=0/3
[train] new best val_f1=0.7408 at epoch 6 -> /lus/lfs1aip2/projects/b5ac/project_1/data/10_recipe_sweep_and_training/matrix/checkpoints/distilbert_base/seed_45/best
[train] epoch 7/10 train_loss=0.3330 val_loss=0.7171 val_f1=0.7065 patience=0/3
[train] epoch 8/10 train_loss=0.3146 val_loss=0.8105 val_f1=0.7311 patience=1/3
[train] epoch 9/10 train_loss=0.2985 val_loss=0.7383 val_f1=0.7347 patience=2/3
[train] early stop at epoch 9 (no val_f1 improvement for 3 epochs)
[train] done distilbert_base seed=45 best_val_f1=0.7408 best_epoch=6 epochs_run=9
[benchmark] evaluating /lus/lfs1aip2/projects/b5ac/project_1/data/10_recipe_sweep_and_training/matrix/checkpoints/distilbert_base/seed_45/best on 14395 BioRED test examples
[benchmark] batch 1/450 examples=32/14395
[benchmark] batch 45/450 examples=1440/14395
[benchmark] batch 90/450 examples=2880/14395
[benchmark] batch 135/450 examples=4320/14395
[benchmark] batch 180/450 examples=5760/14395
[benchmark] batch 225/450 examples=7200/14395
[benchmark] batch 270/450 examples=8640/14395
[benchmark] batch 315/450 examples=10080/14395
[benchmark] batch 360/450 examples=11520/14395
[benchmark] batch 405/450 examples=12960/14395
[benchmark] batch 450/450 examples=14395/14395
[benchmark] done f1=0.7291 precision=0.6731 recall=0.7954 n_positives=8875
  COMPLETE DistilBERT-base (distilbert_base) seed=45: benchmark_f1=0.729 best_epoch=6 marker=/lus/lfs1aip2/projects/b5ac/project_1/data/10_recipe_sweep_and_training/matrix/results/distilbert_base/seed_45/matrix_complete.json
  RUN START DistilBERT-base (distilbert_base) seed=46 [5/8 in this job]
[train] start distilbert_base seed=46 lr=5e-06 warmup=none train=24000 val=25311 -> /lus/lfs1aip2/projects/b5ac/project_1/data/10_recipe_sweep_and_training/matrix/checkpoints/distilbert_base/seed_46
[train] device=cuda batch_size=16 max_epochs=10
Some weights of DistilBertForSequenceClassification were not initialized from the model checkpoint at distilbert-base-uncased and are newly initialized: ['classifier.bias', 'classifier.weight', 'pre_classifier.bias', 'pre_classifier.weight']
You should probably TRAIN this model on a down-stream task to be able to use it for predictions and inference.
[train] epoch 1/10 train_loss=0.6487 val_loss=0.6732 val_f1=0.5397 patience=0/3
[train] new best val_f1=0.5397 at epoch 1 -> /lus/lfs1aip2/projects/b5ac/project_1/data/10_recipe_sweep_and_training/matrix/checkpoints/distilbert_base/seed_46/best
[train] epoch 2/10 train_loss=0.6147 val_loss=0.6342 val_f1=0.6258 patience=0/3
[train] new best val_f1=0.6258 at epoch 2 -> /lus/lfs1aip2/projects/b5ac/project_1/data/10_recipe_sweep_and_training/matrix/checkpoints/distilbert_base/seed_46/best
[train] epoch 3/10 train_loss=0.5082 val_loss=0.5916 val_f1=0.7097 patience=0/3
[train] new best val_f1=0.7097 at epoch 3 -> /lus/lfs1aip2/projects/b5ac/project_1/data/10_recipe_sweep_and_training/matrix/checkpoints/distilbert_base/seed_46/best
[train] epoch 4/10 train_loss=0.4197 val_loss=0.6538 val_f1=0.6958 patience=0/3
[train] epoch 5/10 train_loss=0.3830 val_loss=0.7038 val_f1=0.7006 patience=1/3
[train] epoch 6/10 train_loss=0.3556 val_loss=0.7916 val_f1=0.6749 patience=2/3
[train] early stop at epoch 6 (no val_f1 improvement for 3 epochs)
[train] done distilbert_base seed=46 best_val_f1=0.7097 best_epoch=3 epochs_run=6
[benchmark] evaluating /lus/lfs1aip2/projects/b5ac/project_1/data/10_recipe_sweep_and_training/matrix/checkpoints/distilbert_base/seed_46/best on 14395 BioRED test examples
[benchmark] batch 1/450 examples=32/14395
[benchmark] batch 45/450 examples=1440/14395
[benchmark] batch 90/450 examples=2880/14395
[benchmark] batch 135/450 examples=4320/14395
[benchmark] batch 180/450 examples=5760/14395
[benchmark] batch 225/450 examples=7200/14395
[benchmark] batch 270/450 examples=8640/14395
[benchmark] batch 315/450 examples=10080/14395
[benchmark] batch 360/450 examples=11520/14395
[benchmark] batch 405/450 examples=12960/14395
[benchmark] batch 450/450 examples=14395/14395
[benchmark] done f1=0.7284 precision=0.6869 recall=0.7753 n_positives=8875
  COMPLETE DistilBERT-base (distilbert_base) seed=46: benchmark_f1=0.728 best_epoch=3 marker=/lus/lfs1aip2/projects/b5ac/project_1/data/10_recipe_sweep_and_training/matrix/results/distilbert_base/seed_46/matrix_complete.json
  RUN START DistilBERT-base (distilbert_base) seed=47 [6/8 in this job]
[train] start distilbert_base seed=47 lr=5e-06 warmup=none train=24000 val=25311 -> /lus/lfs1aip2/projects/b5ac/project_1/data/10_recipe_sweep_and_training/matrix/checkpoints/distilbert_base/seed_47
[train] device=cuda batch_size=16 max_epochs=10
Some weights of DistilBertForSequenceClassification were not initialized from the model checkpoint at distilbert-base-uncased and are newly initialized: ['classifier.bias', 'classifier.weight', 'pre_classifier.bias', 'pre_classifier.weight']
You should probably TRAIN this model on a down-stream task to be able to use it for predictions and inference.
[train] epoch 1/10 train_loss=0.6492 val_loss=0.6607 val_f1=0.5240 patience=0/3
[train] new best val_f1=0.5240 at epoch 1 -> /lus/lfs1aip2/projects/b5ac/project_1/data/10_recipe_sweep_and_training/matrix/checkpoints/distilbert_base/seed_47/best
[train] epoch 2/10 train_loss=0.6179 val_loss=0.6554 val_f1=0.6084 patience=0/3
[train] new best val_f1=0.6084 at epoch 2 -> /lus/lfs1aip2/projects/b5ac/project_1/data/10_recipe_sweep_and_training/matrix/checkpoints/distilbert_base/seed_47/best
[train] epoch 3/10 train_loss=0.5837 val_loss=0.6490 val_f1=0.5566 patience=0/3
[train] epoch 4/10 train_loss=0.4890 val_loss=0.6411 val_f1=0.6700 patience=1/3
[train] new best val_f1=0.6700 at epoch 4 -> /lus/lfs1aip2/projects/b5ac/project_1/data/10_recipe_sweep_and_training/matrix/checkpoints/distilbert_base/seed_47/best
[train] epoch 5/10 train_loss=0.4131 val_loss=0.6793 val_f1=0.6730 patience=0/3
[train] new best val_f1=0.6730 at epoch 5 -> /lus/lfs1aip2/projects/b5ac/project_1/data/10_recipe_sweep_and_training/matrix/checkpoints/distilbert_base/seed_47/best
[train] epoch 6/10 train_loss=0.3741 val_loss=0.7232 val_f1=0.7045 patience=0/3
[train] new best val_f1=0.7045 at epoch 6 -> /lus/lfs1aip2/projects/b5ac/project_1/data/10_recipe_sweep_and_training/matrix/checkpoints/distilbert_base/seed_47/best
[train] epoch 7/10 train_loss=0.3508 val_loss=0.7575 val_f1=0.6756 patience=0/3
[train] epoch 8/10 train_loss=0.3308 val_loss=0.7938 val_f1=0.6732 patience=1/3
[train] epoch 9/10 train_loss=0.3143 val_loss=0.7788 val_f1=0.7110 patience=2/3
[train] new best val_f1=0.7110 at epoch 9 -> /lus/lfs1aip2/projects/b5ac/project_1/data/10_recipe_sweep_and_training/matrix/checkpoints/distilbert_base/seed_47/best
[train] epoch 10/10 train_loss=0.2995 val_loss=0.8475 val_f1=0.6976 patience=0/3
[train] done distilbert_base seed=47 best_val_f1=0.7110 best_epoch=9 epochs_run=10
[benchmark] evaluating /lus/lfs1aip2/projects/b5ac/project_1/data/10_recipe_sweep_and_training/matrix/checkpoints/distilbert_base/seed_47/best on 14395 BioRED test examples
[benchmark] batch 1/450 examples=32/14395
[benchmark] batch 45/450 examples=1440/14395
[benchmark] batch 90/450 examples=2880/14395
[benchmark] batch 135/450 examples=4320/14395
[benchmark] batch 180/450 examples=5760/14395
[benchmark] batch 225/450 examples=7200/14395
[benchmark] batch 270/450 examples=8640/14395
[benchmark] batch 315/450 examples=10080/14395
[benchmark] batch 360/450 examples=11520/14395
[benchmark] batch 405/450 examples=12960/14395
[benchmark] batch 450/450 examples=14395/14395
[benchmark] done f1=0.7212 precision=0.7142 recall=0.7283 n_positives=8875
  COMPLETE DistilBERT-base (distilbert_base) seed=47: benchmark_f1=0.721 best_epoch=9 marker=/lus/lfs1aip2/projects/b5ac/project_1/data/10_recipe_sweep_and_training/matrix/results/distilbert_base/seed_47/matrix_complete.json
  RUN START DistilBERT-base (distilbert_base) seed=48 [7/8 in this job]
[train] start distilbert_base seed=48 lr=5e-06 warmup=none train=24000 val=25311 -> /lus/lfs1aip2/projects/b5ac/project_1/data/10_recipe_sweep_and_training/matrix/checkpoints/distilbert_base/seed_48
[train] device=cuda batch_size=16 max_epochs=10
Some weights of DistilBertForSequenceClassification were not initialized from the model checkpoint at distilbert-base-uncased and are newly initialized: ['classifier.bias', 'classifier.weight', 'pre_classifier.bias', 'pre_classifier.weight']
You should probably TRAIN this model on a down-stream task to be able to use it for predictions and inference.
[train] epoch 1/10 train_loss=0.6494 val_loss=0.6615 val_f1=0.5323 patience=0/3
[train] new best val_f1=0.5323 at epoch 1 -> /lus/lfs1aip2/projects/b5ac/project_1/data/10_recipe_sweep_and_training/matrix/checkpoints/distilbert_base/seed_48/best
[train] epoch 2/10 train_loss=0.6179 val_loss=0.6574 val_f1=0.5256 patience=0/3
[train] epoch 3/10 train_loss=0.5453 val_loss=0.6149 val_f1=0.6978 patience=1/3
[train] new best val_f1=0.6978 at epoch 3 -> /lus/lfs1aip2/projects/b5ac/project_1/data/10_recipe_sweep_and_training/matrix/checkpoints/distilbert_base/seed_48/best
[train] epoch 4/10 train_loss=0.4325 val_loss=0.6475 val_f1=0.7134 patience=0/3
[train] new best val_f1=0.7134 at epoch 4 -> /lus/lfs1aip2/projects/b5ac/project_1/data/10_recipe_sweep_and_training/matrix/checkpoints/distilbert_base/seed_48/best
[train] epoch 5/10 train_loss=0.3898 val_loss=0.6647 val_f1=0.7195 patience=0/3
[train] new best val_f1=0.7195 at epoch 5 -> /lus/lfs1aip2/projects/b5ac/project_1/data/10_recipe_sweep_and_training/matrix/checkpoints/distilbert_base/seed_48/best
[train] epoch 6/10 train_loss=0.3607 val_loss=0.6761 val_f1=0.7095 patience=0/3
[train] epoch 7/10 train_loss=0.3383 val_loss=0.6945 val_f1=0.7141 patience=1/3
[train] epoch 8/10 train_loss=0.3197 val_loss=0.8157 val_f1=0.7005 patience=2/3
[train] early stop at epoch 8 (no val_f1 improvement for 3 epochs)
[train] done distilbert_base seed=48 best_val_f1=0.7195 best_epoch=5 epochs_run=8
[benchmark] evaluating /lus/lfs1aip2/projects/b5ac/project_1/data/10_recipe_sweep_and_training/matrix/checkpoints/distilbert_base/seed_48/best on 14395 BioRED test examples
[benchmark] batch 1/450 examples=32/14395
[benchmark] batch 45/450 examples=1440/14395
[benchmark] batch 90/450 examples=2880/14395
[benchmark] batch 135/450 examples=4320/14395
[benchmark] batch 180/450 examples=5760/14395
[benchmark] batch 225/450 examples=7200/14395
[benchmark] batch 270/450 examples=8640/14395
[benchmark] batch 315/450 examples=10080/14395
[benchmark] batch 360/450 examples=11520/14395
[benchmark] batch 405/450 examples=12960/14395
[benchmark] batch 450/450 examples=14395/14395
[benchmark] done f1=0.7106 precision=0.6968 recall=0.7250 n_positives=8875
  COMPLETE DistilBERT-base (distilbert_base) seed=48: benchmark_f1=0.711 best_epoch=5 marker=/lus/lfs1aip2/projects/b5ac/project_1/data/10_recipe_sweep_and_training/matrix/results/distilbert_base/seed_48/matrix_complete.json
  RUN START DistilBERT-base (distilbert_base) seed=49 [8/8 in this job]
[train] start distilbert_base seed=49 lr=5e-06 warmup=none train=24000 val=25311 -> /lus/lfs1aip2/projects/b5ac/project_1/data/10_recipe_sweep_and_training/matrix/checkpoints/distilbert_base/seed_49
[train] device=cuda batch_size=16 max_epochs=10
Some weights of DistilBertForSequenceClassification were not initialized from the model checkpoint at distilbert-base-uncased and are newly initialized: ['classifier.bias', 'classifier.weight', 'pre_classifier.bias', 'pre_classifier.weight']
You should probably TRAIN this model on a down-stream task to be able to use it for predictions and inference.
[train] epoch 1/10 train_loss=0.6500 val_loss=0.6663 val_f1=0.5190 patience=0/3
[train] new best val_f1=0.5190 at epoch 1 -> /lus/lfs1aip2/projects/b5ac/project_1/data/10_recipe_sweep_and_training/matrix/checkpoints/distilbert_base/seed_49/best
[train] epoch 2/10 train_loss=0.5832 val_loss=0.6978 val_f1=0.6149 patience=0/3
[train] new best val_f1=0.6149 at epoch 2 -> /lus/lfs1aip2/projects/b5ac/project_1/data/10_recipe_sweep_and_training/matrix/checkpoints/distilbert_base/seed_49/best
[train] epoch 3/10 train_loss=0.4713 val_loss=0.6166 val_f1=0.7097 patience=0/3
[train] new best val_f1=0.7097 at epoch 3 -> /lus/lfs1aip2/projects/b5ac/project_1/data/10_recipe_sweep_and_training/matrix/checkpoints/distilbert_base/seed_49/best
[train] epoch 4/10 train_loss=0.4178 val_loss=0.6887 val_f1=0.6782 patience=0/3
[train] epoch 5/10 train_loss=0.3829 val_loss=0.6718 val_f1=0.6826 patience=1/3
[train] epoch 6/10 train_loss=0.3568 val_loss=0.8022 val_f1=0.6263 patience=2/3
[train] early stop at epoch 6 (no val_f1 improvement for 3 epochs)
[train] done distilbert_base seed=49 best_val_f1=0.7097 best_epoch=3 epochs_run=6
[benchmark] evaluating /lus/lfs1aip2/projects/b5ac/project_1/data/10_recipe_sweep_and_training/matrix/checkpoints/distilbert_base/seed_49/best on 14395 BioRED test examples
[benchmark] batch 1/450 examples=32/14395
[benchmark] batch 45/450 examples=1440/14395
[benchmark] batch 90/450 examples=2880/14395
[benchmark] batch 135/450 examples=4320/14395
[benchmark] batch 180/450 examples=5760/14395
[benchmark] batch 225/450 examples=7200/14395
[benchmark] batch 270/450 examples=8640/14395
[benchmark] batch 315/450 examples=10080/14395
[benchmark] batch 360/450 examples=11520/14395
[benchmark] batch 405/450 examples=12960/14395
[benchmark] batch 450/450 examples=14395/14395
[benchmark] done f1=0.7011 precision=0.6475 recall=0.7644 n_positives=8875
  COMPLETE DistilBERT-base (distilbert_base) seed=49: benchmark_f1=0.701 best_epoch=3 marker=/lus/lfs1aip2/projects/b5ac/project_1/data/10_recipe_sweep_and_training/matrix/results/distilbert_base/seed_49/matrix_complete.json

=== Step-2 matrix training complete (this job) ===
  Trained: 8, skipped (already done): 0, planned: 8

=== Done ===
End: Tue  9 Jun 15:44:48 UTC 2026
