=== Step 2: full-matrix training ===
Host: nid010189
SLURM_JOB_ID=5411784
SLURM_JOB_NAME=train_deberta_46-47-48-49
Start: Sun Jun 28 19:29:27 UTC 2026
REPO=/home/b5ac/freddieyu.b5ac/project_1
OUTPUT_ROOT=/home/b5ac/freddieyu.b5ac/project_1/../projects/project_1
STEP_ARGS=--force --models deberta_base --seeds 46 47 48 49
Log: /home/b5ac/freddieyu.b5ac/project_1/../projects/project_1/runs/10_recipe_sweep_and_training/train_5411784.out
Ensure CHOSEN_RECIPE is set in config.py (not None) before submitting.
TMPDIR=/home/b5ac/freddieyu.b5ac/project_1/../projects/project_1/runs/10_recipe_sweep_and_training/tmp_5411784
=== Recipe sweep and training 2026-06-28T19:29:31.514124 ===
[run] mode=train-only (step 2)
[run] model filter: ['deberta_base']
[run] seed filter: [46, 47, 48, 49]

=== Step-2 matrix training ===
Recipe: lr=5e-06, warmup=none (checkpoint criterion=pooled_val_f1_micro)
Encoders (1): ['deberta_base']
Seeds (4): [46, 47, 48, 49]
Planned runs this job: 4


=== Estimated checkpoint footprint (rough) ===
  Runs: 1 encoders x 4 seeds = 4
  Assumed ~10 epochs/run; epoch ckpt ~220 MiB (fp16); best ckpt ~440 MiB (fp32)
  Per run ~2640 MiB; total ~10.3 GiB
  MAX_EPOCH_CHECKPOINTS_TO_KEEP=None (None = keep all epoch checkpoints)

[benchmark] building BioRED test examples...
[benchmark] built 14395 BioRED test examples (leaked PMIDs excluded)
[benchmark] building DrugProt test examples...
[benchmark] DrugProt: no labeled public test split in BigBio (splits=['train', 'validation', 'test_background']; test_background is unlabeled). Skipping DrugProt holdout benchmark; gene-drug combined uses BioRED test only.
  RUN START DeBERTa-base (deberta_base) seed=46 [1/4 in this job]
[train] start deberta_base seed=46 lr=5e-06 warmup=none hf=microsoft/deberta-base train=24000 val=25311 (pooled BioRED+DrugProt) -> /lus/lfs1aip2/projects/b5ac/project_1/data/10_recipe_sweep_and_training/matrix/checkpoints/deberta_base/seed_46
[train] device=cuda batch_size=16 max_epochs=10
Some weights of DebertaForSequenceClassification were not initialized from the model checkpoint at microsoft/deberta-base and are newly initialized: ['classifier.bias', 'classifier.weight', 'pooler.dense.bias', 'pooler.dense.weight']
You should probably TRAIN this model on a down-stream task to be able to use it for predictions and inference.
[train] epoch 1/10 train_loss=0.5934 val_loss=0.5585 pooled_val_f1_micro=0.7387
[train] new best pooled_val_f1_micro=0.7387 at epoch 1 -> /lus/lfs1aip2/projects/b5ac/project_1/data/10_recipe_sweep_and_training/matrix/checkpoints/deberta_base/seed_46/best
[train] epoch 2/10 train_loss=0.4561 val_loss=0.6211 pooled_val_f1_micro=0.7097
[train] epoch 3/10 train_loss=0.4029 val_loss=0.5940 pooled_val_f1_micro=0.7493
[train] new best pooled_val_f1_micro=0.7493 at epoch 3 -> /lus/lfs1aip2/projects/b5ac/project_1/data/10_recipe_sweep_and_training/matrix/checkpoints/deberta_base/seed_46/best
[train] epoch 4/10 train_loss=0.3671 val_loss=0.6759 pooled_val_f1_micro=0.7146
[train] epoch 5/10 train_loss=0.3373 val_loss=0.6693 pooled_val_f1_micro=0.7485
[train] epoch 6/10 train_loss=0.3077 val_loss=0.7894 pooled_val_f1_micro=0.7155
[train] epoch 7/10 train_loss=0.2887 val_loss=0.7616 pooled_val_f1_micro=0.7463
[train] epoch 8/10 train_loss=0.2698 val_loss=0.7721 pooled_val_f1_micro=0.7605
[train] new best pooled_val_f1_micro=0.7605 at epoch 8 -> /lus/lfs1aip2/projects/b5ac/project_1/data/10_recipe_sweep_and_training/matrix/checkpoints/deberta_base/seed_46/best
[train] epoch 9/10 train_loss=0.2539 val_loss=0.9746 pooled_val_f1_micro=0.7382
[train] epoch 10/10 train_loss=0.2432 val_loss=0.8369 pooled_val_f1_micro=0.7521
[train] done deberta_base seed=46 best_val_f1=0.7605 best_epoch=8 epochs_run=10
[benchmark] evaluating /lus/lfs1aip2/projects/b5ac/project_1/data/10_recipe_sweep_and_training/matrix/checkpoints/deberta_base/seed_46/best: BioRED=14395 DrugProt=0 gdis=9769 gd_combined=4626 (DrugProt holdout unavailable; combined=BioRED gene-drug only)
[benchmark] done gdis=0.7818 gd_combined=0.5929 gd_biored=0.5929 gd_drugprot=nan overall=0.7307
  COMPLETE DeBERTa-base (deberta_base) seed=46: gd_combined=0.593 gdis=0.782 best_epoch=8 pooled_val_f1=0.760 marker=/lus/lfs1aip2/projects/b5ac/project_1/data/10_recipe_sweep_and_training/matrix/results/deberta_base/seed_46/matrix_complete.json
  RUN START DeBERTa-base (deberta_base) seed=47 [2/4 in this job]
[train] start deberta_base seed=47 lr=5e-06 warmup=none hf=microsoft/deberta-base train=24000 val=25311 (pooled BioRED+DrugProt) -> /lus/lfs1aip2/projects/b5ac/project_1/data/10_recipe_sweep_and_training/matrix/checkpoints/deberta_base/seed_47
[train] device=cuda batch_size=16 max_epochs=10
Some weights of DebertaForSequenceClassification were not initialized from the model checkpoint at microsoft/deberta-base and are newly initialized: ['classifier.bias', 'classifier.weight', 'pooler.dense.bias', 'pooler.dense.weight']
You should probably TRAIN this model on a down-stream task to be able to use it for predictions and inference.
[train] epoch 1/10 train_loss=0.6220 val_loss=0.5667 pooled_val_f1_micro=0.7141
[train] new best pooled_val_f1_micro=0.7141 at epoch 1 -> /lus/lfs1aip2/projects/b5ac/project_1/data/10_recipe_sweep_and_training/matrix/checkpoints/deberta_base/seed_47/best
[train] epoch 2/10 train_loss=0.4519 val_loss=0.6079 pooled_val_f1_micro=0.7647
[train] new best pooled_val_f1_micro=0.7647 at epoch 2 -> /lus/lfs1aip2/projects/b5ac/project_1/data/10_recipe_sweep_and_training/matrix/checkpoints/deberta_base/seed_47/best
[train] epoch 3/10 train_loss=0.3960 val_loss=0.6888 pooled_val_f1_micro=0.7370
[train] epoch 4/10 train_loss=0.3637 val_loss=0.7330 pooled_val_f1_micro=0.6790
[train] epoch 5/10 train_loss=0.3287 val_loss=0.7595 pooled_val_f1_micro=0.7076
[train] epoch 6/10 train_loss=0.3051 val_loss=0.7796 pooled_val_f1_micro=0.7422
[train] epoch 7/10 train_loss=0.2843 val_loss=0.9523 pooled_val_f1_micro=0.7034
[train] epoch 8/10 train_loss=0.2692 val_loss=0.9214 pooled_val_f1_micro=0.7080
[train] epoch 9/10 train_loss=0.2515 val_loss=0.9281 pooled_val_f1_micro=0.6978
[train] epoch 10/10 train_loss=0.2406 val_loss=0.9225 pooled_val_f1_micro=0.7322
[train] done deberta_base seed=47 best_val_f1=0.7647 best_epoch=2 epochs_run=10
[benchmark] evaluating /lus/lfs1aip2/projects/b5ac/project_1/data/10_recipe_sweep_and_training/matrix/checkpoints/deberta_base/seed_47/best: BioRED=14395 DrugProt=0 gdis=9769 gd_combined=4626 (DrugProt holdout unavailable; combined=BioRED gene-drug only)
[benchmark] done gdis=0.7822 gd_combined=0.6778 gd_biored=0.6778 gd_drugprot=nan overall=0.7539
  COMPLETE DeBERTa-base (deberta_base) seed=47: gd_combined=0.678 gdis=0.782 best_epoch=2 pooled_val_f1=0.765 marker=/lus/lfs1aip2/projects/b5ac/project_1/data/10_recipe_sweep_and_training/matrix/results/deberta_base/seed_47/matrix_complete.json
  RUN START DeBERTa-base (deberta_base) seed=48 [3/4 in this job]
[train] start deberta_base seed=48 lr=5e-06 warmup=none hf=microsoft/deberta-base train=24000 val=25311 (pooled BioRED+DrugProt) -> /lus/lfs1aip2/projects/b5ac/project_1/data/10_recipe_sweep_and_training/matrix/checkpoints/deberta_base/seed_48
[train] device=cuda batch_size=16 max_epochs=10
Some weights of DebertaForSequenceClassification were not initialized from the model checkpoint at microsoft/deberta-base and are newly initialized: ['classifier.bias', 'classifier.weight', 'pooler.dense.bias', 'pooler.dense.weight']
You should probably TRAIN this model on a down-stream task to be able to use it for predictions and inference.
[train] epoch 1/10 train_loss=0.6599 val_loss=0.6155 pooled_val_f1_micro=0.6555
[train] new best pooled_val_f1_micro=0.6555 at epoch 1 -> /lus/lfs1aip2/projects/b5ac/project_1/data/10_recipe_sweep_and_training/matrix/checkpoints/deberta_base/seed_48/best
[train] epoch 2/10 train_loss=0.5148 val_loss=0.5794 pooled_val_f1_micro=0.7016
[train] new best pooled_val_f1_micro=0.7016 at epoch 2 -> /lus/lfs1aip2/projects/b5ac/project_1/data/10_recipe_sweep_and_training/matrix/checkpoints/deberta_base/seed_48/best
[train] epoch 3/10 train_loss=0.4428 val_loss=0.6086 pooled_val_f1_micro=0.7091
[train] new best pooled_val_f1_micro=0.7091 at epoch 3 -> /lus/lfs1aip2/projects/b5ac/project_1/data/10_recipe_sweep_and_training/matrix/checkpoints/deberta_base/seed_48/best
[train] epoch 4/10 train_loss=0.4045 val_loss=0.6580 pooled_val_f1_micro=0.7151
[train] new best pooled_val_f1_micro=0.7151 at epoch 4 -> /lus/lfs1aip2/projects/b5ac/project_1/data/10_recipe_sweep_and_training/matrix/checkpoints/deberta_base/seed_48/best
[train] epoch 5/10 train_loss=0.3659 val_loss=0.6546 pooled_val_f1_micro=0.7211
[train] new best pooled_val_f1_micro=0.7211 at epoch 5 -> /lus/lfs1aip2/projects/b5ac/project_1/data/10_recipe_sweep_and_training/matrix/checkpoints/deberta_base/seed_48/best
[train] epoch 6/10 train_loss=0.3299 val_loss=0.7543 pooled_val_f1_micro=0.7311
[train] new best pooled_val_f1_micro=0.7311 at epoch 6 -> /lus/lfs1aip2/projects/b5ac/project_1/data/10_recipe_sweep_and_training/matrix/checkpoints/deberta_base/seed_48/best
[train] epoch 7/10 train_loss=0.3051 val_loss=0.8854 pooled_val_f1_micro=0.7311
[train] new best pooled_val_f1_micro=0.7311 at epoch 7 -> /lus/lfs1aip2/projects/b5ac/project_1/data/10_recipe_sweep_and_training/matrix/checkpoints/deberta_base/seed_48/best
[train] epoch 8/10 train_loss=0.2840 val_loss=0.9600 pooled_val_f1_micro=0.7178
[train] epoch 9/10 train_loss=0.2657 val_loss=0.8696 pooled_val_f1_micro=0.7044
[train] epoch 10/10 train_loss=0.2568 val_loss=1.0747 pooled_val_f1_micro=0.7157
[train] done deberta_base seed=48 best_val_f1=0.7311 best_epoch=7 epochs_run=10
[benchmark] evaluating /lus/lfs1aip2/projects/b5ac/project_1/data/10_recipe_sweep_and_training/matrix/checkpoints/deberta_base/seed_48/best: BioRED=14395 DrugProt=0 gdis=9769 gd_combined=4626 (DrugProt holdout unavailable; combined=BioRED gene-drug only)
[benchmark] done gdis=0.7859 gd_combined=0.6077 gd_biored=0.6077 gd_drugprot=nan overall=0.7382
  COMPLETE DeBERTa-base (deberta_base) seed=48: gd_combined=0.608 gdis=0.786 best_epoch=7 pooled_val_f1=0.731 marker=/lus/lfs1aip2/projects/b5ac/project_1/data/10_recipe_sweep_and_training/matrix/results/deberta_base/seed_48/matrix_complete.json
  RUN START DeBERTa-base (deberta_base) seed=49 [4/4 in this job]
[train] start deberta_base seed=49 lr=5e-06 warmup=none hf=microsoft/deberta-base train=24000 val=25311 (pooled BioRED+DrugProt) -> /lus/lfs1aip2/projects/b5ac/project_1/data/10_recipe_sweep_and_training/matrix/checkpoints/deberta_base/seed_49
[train] device=cuda batch_size=16 max_epochs=10
Some weights of DebertaForSequenceClassification were not initialized from the model checkpoint at microsoft/deberta-base and are newly initialized: ['classifier.bias', 'classifier.weight', 'pooler.dense.bias', 'pooler.dense.weight']
You should probably TRAIN this model on a down-stream task to be able to use it for predictions and inference.
[train] epoch 1/10 train_loss=0.5762 val_loss=0.6436 pooled_val_f1_micro=0.7289
[train] new best pooled_val_f1_micro=0.7289 at epoch 1 -> /lus/lfs1aip2/projects/b5ac/project_1/data/10_recipe_sweep_and_training/matrix/checkpoints/deberta_base/seed_49/best
[train] epoch 2/10 train_loss=0.4432 val_loss=0.7371 pooled_val_f1_micro=0.6820
[train] epoch 3/10 train_loss=0.3890 val_loss=0.6264 pooled_val_f1_micro=0.7534
[train] new best pooled_val_f1_micro=0.7534 at epoch 3 -> /lus/lfs1aip2/projects/b5ac/project_1/data/10_recipe_sweep_and_training/matrix/checkpoints/deberta_base/seed_49/best
[train] epoch 4/10 train_loss=0.3529 val_loss=0.8202 pooled_val_f1_micro=0.6988
[train] epoch 5/10 train_loss=0.3224 val_loss=0.7393 pooled_val_f1_micro=0.7450
[train] epoch 6/10 train_loss=0.2997 val_loss=0.8554 pooled_val_f1_micro=0.7348
[train] epoch 7/10 train_loss=0.2785 val_loss=0.7981 pooled_val_f1_micro=0.7433
[train] epoch 8/10 train_loss=0.2614 val_loss=0.8650 pooled_val_f1_micro=0.6928
[train] epoch 9/10 train_loss=0.2480 val_loss=0.9565 pooled_val_f1_micro=0.7084
[train] epoch 10/10 train_loss=0.2361 val_loss=0.8771 pooled_val_f1_micro=0.7376
[train] done deberta_base seed=49 best_val_f1=0.7534 best_epoch=3 epochs_run=10
[benchmark] evaluating /lus/lfs1aip2/projects/b5ac/project_1/data/10_recipe_sweep_and_training/matrix/checkpoints/deberta_base/seed_49/best: BioRED=14395 DrugProt=0 gdis=9769 gd_combined=4626 (DrugProt holdout unavailable; combined=BioRED gene-drug only)
[benchmark] done gdis=0.7891 gd_combined=0.6336 gd_biored=0.6336 gd_drugprot=nan overall=0.7480
  COMPLETE DeBERTa-base (deberta_base) seed=49: gd_combined=0.634 gdis=0.789 best_epoch=3 pooled_val_f1=0.753 marker=/lus/lfs1aip2/projects/b5ac/project_1/data/10_recipe_sweep_and_training/matrix/results/deberta_base/seed_49/matrix_complete.json

=== Step-2 matrix training complete (this job) ===
  Trained: 4, skipped (already done): 0, planned: 4

=== Done ===
End: Sun Jun 28 22:28:00 UTC 2026
