=== 1e-5 supplementary side-matrix training ===
Host: nid011119
SLURM_JOB_ID=5411868
SLURM_JOB_NAME=lr1e5_biobert_42-43-44-45
Start: Sun Jun 28 19:30:06 UTC 2026
REPO=/home/b5ac/freddieyu.b5ac/project_1
OUTPUT_ROOT=/home/b5ac/freddieyu.b5ac/project_1/../projects/project_1
STEP_ARGS=--models biobert_base --seeds 42 43 44 45
Side output: /home/b5ac/freddieyu.b5ac/project_1/../projects/project_1/data/10_recipe_sweep_and_training/lr1e5_sidecheck/
Main matrix (untouched): /home/b5ac/freddieyu.b5ac/project_1/../projects/project_1/data/10_recipe_sweep_and_training/matrix/

=== 1e-5 side-matrix training ===
Recipe: lr=1e-05, warmup=none
Output: /lus/lfs1aip2/projects/b5ac/project_1/data/10_recipe_sweep_and_training/lr1e5_sidecheck


=== Step-2 matrix training ===
Recipe: lr=1e-05, warmup=none (checkpoint criterion=pooled_val_f1_micro)
Encoders (1): ['biobert_base']
Seeds (4): [42, 43, 44, 45]
Planned runs this job: 4


=== Estimated checkpoint footprint (rough) ===
  Runs: 1 encoders x 4 seeds = 4
  Assumed ~10 epochs/run; epoch ckpt ~220 MiB (fp16); best ckpt ~440 MiB (fp32)
  Per run ~2640 MiB; total ~10.3 GiB
  MAX_EPOCH_CHECKPOINTS_TO_KEEP=None (None = keep all epoch checkpoints)

[benchmark] building BioRED test examples...
[benchmark] built 14395 BioRED test examples (leaked PMIDs excluded)
[benchmark] building DrugProt test examples...
[benchmark] DrugProt: no labeled public test split in BigBio (splits=['train', 'validation', 'test_background']; test_background is unlabeled). Skipping DrugProt holdout benchmark; gene-drug combined uses BioRED test only.
  RUN START BioBERT-base (biobert_base) seed=42 [1/4 in this job]
[train] start biobert_base seed=42 lr=1e-05 warmup=none hf=dmis-lab/biobert-base-cased-v1.2 train=24000 val=25311 (pooled BioRED+DrugProt) -> /lus/lfs1aip2/projects/b5ac/project_1/data/10_recipe_sweep_and_training/lr1e5_sidecheck/checkpoints/biobert_base/seed_42
[train] device=cuda batch_size=16 max_epochs=10
Some weights of BertForSequenceClassification were not initialized from the model checkpoint at dmis-lab/biobert-base-cased-v1.2 and are newly initialized: ['classifier.bias', 'classifier.weight']
You should probably TRAIN this model on a down-stream task to be able to use it for predictions and inference.
[train] epoch 1/10 train_loss=0.6102 val_loss=0.5768 pooled_val_f1_micro=0.7433
[train] new best pooled_val_f1_micro=0.7433 at epoch 1 -> /lus/lfs1aip2/projects/b5ac/project_1/data/10_recipe_sweep_and_training/lr1e5_sidecheck/checkpoints/biobert_base/seed_42/best
[train] epoch 2/10 train_loss=0.4515 val_loss=0.6263 pooled_val_f1_micro=0.6392
[train] epoch 3/10 train_loss=0.3866 val_loss=0.6902 pooled_val_f1_micro=0.6564
[train] epoch 4/10 train_loss=0.3438 val_loss=0.7113 pooled_val_f1_micro=0.7187
[train] epoch 5/10 train_loss=0.3122 val_loss=0.6651 pooled_val_f1_micro=0.7337
[train] epoch 6/10 train_loss=0.2852 val_loss=0.8117 pooled_val_f1_micro=0.7141
[train] epoch 7/10 train_loss=0.2699 val_loss=0.8402 pooled_val_f1_micro=0.6725
[train] epoch 8/10 train_loss=0.2521 val_loss=0.8163 pooled_val_f1_micro=0.7253
[train] epoch 9/10 train_loss=0.2423 val_loss=0.8265 pooled_val_f1_micro=0.7295
[train] epoch 10/10 train_loss=0.2377 val_loss=0.9709 pooled_val_f1_micro=0.7144
[train] done biobert_base seed=42 best_val_f1=0.7433 best_epoch=1 epochs_run=10
[benchmark] evaluating /lus/lfs1aip2/projects/b5ac/project_1/data/10_recipe_sweep_and_training/lr1e5_sidecheck/checkpoints/biobert_base/seed_42/best: BioRED=14395 DrugProt=0 gdis=9769 gd_combined=4626 (DrugProt holdout unavailable; combined=BioRED gene-drug only)
[benchmark] done gdis=0.7615 gd_combined=0.6152 gd_biored=0.6152 gd_drugprot=nan overall=0.7243
  COMPLETE BioBERT-base (biobert_base) seed=42: gd_combined=0.615 gdis=0.762 best_epoch=1 pooled_val_f1=0.743 marker=/lus/lfs1aip2/projects/b5ac/project_1/data/10_recipe_sweep_and_training/lr1e5_sidecheck/results/biobert_base/seed_42/matrix_complete.json
  RUN START BioBERT-base (biobert_base) seed=43 [2/4 in this job]
[train] start biobert_base seed=43 lr=1e-05 warmup=none hf=dmis-lab/biobert-base-cased-v1.2 train=24000 val=25311 (pooled BioRED+DrugProt) -> /lus/lfs1aip2/projects/b5ac/project_1/data/10_recipe_sweep_and_training/lr1e5_sidecheck/checkpoints/biobert_base/seed_43
[train] device=cuda batch_size=16 max_epochs=10
Some weights of BertForSequenceClassification were not initialized from the model checkpoint at dmis-lab/biobert-base-cased-v1.2 and are newly initialized: ['classifier.bias', 'classifier.weight']
You should probably TRAIN this model on a down-stream task to be able to use it for predictions and inference.
[train] epoch 1/10 train_loss=0.6105 val_loss=0.5549 pooled_val_f1_micro=0.6943
[train] new best pooled_val_f1_micro=0.6943 at epoch 1 -> /lus/lfs1aip2/projects/b5ac/project_1/data/10_recipe_sweep_and_training/lr1e5_sidecheck/checkpoints/biobert_base/seed_43/best
[train] epoch 2/10 train_loss=0.4485 val_loss=0.6214 pooled_val_f1_micro=0.7228
[train] new best pooled_val_f1_micro=0.7228 at epoch 2 -> /lus/lfs1aip2/projects/b5ac/project_1/data/10_recipe_sweep_and_training/lr1e5_sidecheck/checkpoints/biobert_base/seed_43/best
[train] epoch 3/10 train_loss=0.3784 val_loss=0.6556 pooled_val_f1_micro=0.6832
[train] epoch 4/10 train_loss=0.3381 val_loss=0.6506 pooled_val_f1_micro=0.7022
[train] epoch 5/10 train_loss=0.3051 val_loss=0.8205 pooled_val_f1_micro=0.6509
[train] epoch 6/10 train_loss=0.2848 val_loss=0.7683 pooled_val_f1_micro=0.7312
[train] new best pooled_val_f1_micro=0.7312 at epoch 6 -> /lus/lfs1aip2/projects/b5ac/project_1/data/10_recipe_sweep_and_training/lr1e5_sidecheck/checkpoints/biobert_base/seed_43/best
[train] epoch 7/10 train_loss=0.2685 val_loss=0.7718 pooled_val_f1_micro=0.6946
[train] epoch 8/10 train_loss=0.2570 val_loss=0.8797 pooled_val_f1_micro=0.6767
[train] epoch 9/10 train_loss=0.2465 val_loss=0.9408 pooled_val_f1_micro=0.7100
[train] epoch 10/10 train_loss=0.2369 val_loss=1.0235 pooled_val_f1_micro=0.6841
[train] done biobert_base seed=43 best_val_f1=0.7312 best_epoch=6 epochs_run=10
[benchmark] evaluating /lus/lfs1aip2/projects/b5ac/project_1/data/10_recipe_sweep_and_training/lr1e5_sidecheck/checkpoints/biobert_base/seed_43/best: BioRED=14395 DrugProt=0 gdis=9769 gd_combined=4626 (DrugProt holdout unavailable; combined=BioRED gene-drug only)
[benchmark] done gdis=0.7805 gd_combined=0.5715 gd_biored=0.5715 gd_drugprot=nan overall=0.7253
  COMPLETE BioBERT-base (biobert_base) seed=43: gd_combined=0.571 gdis=0.780 best_epoch=6 pooled_val_f1=0.731 marker=/lus/lfs1aip2/projects/b5ac/project_1/data/10_recipe_sweep_and_training/lr1e5_sidecheck/results/biobert_base/seed_43/matrix_complete.json
  RUN START BioBERT-base (biobert_base) seed=44 [3/4 in this job]
[train] start biobert_base seed=44 lr=1e-05 warmup=none hf=dmis-lab/biobert-base-cased-v1.2 train=24000 val=25311 (pooled BioRED+DrugProt) -> /lus/lfs1aip2/projects/b5ac/project_1/data/10_recipe_sweep_and_training/lr1e5_sidecheck/checkpoints/biobert_base/seed_44
[train] device=cuda batch_size=16 max_epochs=10
Some weights of BertForSequenceClassification were not initialized from the model checkpoint at dmis-lab/biobert-base-cased-v1.2 and are newly initialized: ['classifier.bias', 'classifier.weight']
You should probably TRAIN this model on a down-stream task to be able to use it for predictions and inference.
[train] epoch 1/10 train_loss=0.5674 val_loss=0.5930 pooled_val_f1_micro=0.6769
[train] new best pooled_val_f1_micro=0.6769 at epoch 1 -> /lus/lfs1aip2/projects/b5ac/project_1/data/10_recipe_sweep_and_training/lr1e5_sidecheck/checkpoints/biobert_base/seed_44/best
[train] epoch 2/10 train_loss=0.4264 val_loss=0.6030 pooled_val_f1_micro=0.7115
[train] new best pooled_val_f1_micro=0.7115 at epoch 2 -> /lus/lfs1aip2/projects/b5ac/project_1/data/10_recipe_sweep_and_training/lr1e5_sidecheck/checkpoints/biobert_base/seed_44/best
[train] epoch 3/10 train_loss=0.3704 val_loss=0.6310 pooled_val_f1_micro=0.7259
[train] new best pooled_val_f1_micro=0.7259 at epoch 3 -> /lus/lfs1aip2/projects/b5ac/project_1/data/10_recipe_sweep_and_training/lr1e5_sidecheck/checkpoints/biobert_base/seed_44/best
[train] epoch 4/10 train_loss=0.3324 val_loss=0.7403 pooled_val_f1_micro=0.6882
[train] epoch 5/10 train_loss=0.3024 val_loss=0.7218 pooled_val_f1_micro=0.6993
[train] epoch 6/10 train_loss=0.2848 val_loss=0.7695 pooled_val_f1_micro=0.7227
[train] epoch 7/10 train_loss=0.2706 val_loss=0.8828 pooled_val_f1_micro=0.6462
[train] epoch 8/10 train_loss=0.2570 val_loss=0.8602 pooled_val_f1_micro=0.7003
[train] epoch 9/10 train_loss=0.2471 val_loss=0.9768 pooled_val_f1_micro=0.6968
[train] epoch 10/10 train_loss=0.2417 val_loss=1.0519 pooled_val_f1_micro=0.6742
[train] done biobert_base seed=44 best_val_f1=0.7259 best_epoch=3 epochs_run=10
[benchmark] evaluating /lus/lfs1aip2/projects/b5ac/project_1/data/10_recipe_sweep_and_training/lr1e5_sidecheck/checkpoints/biobert_base/seed_44/best: BioRED=14395 DrugProt=0 gdis=9769 gd_combined=4626 (DrugProt holdout unavailable; combined=BioRED gene-drug only)
[benchmark] done gdis=0.7862 gd_combined=0.6360 gd_biored=0.6360 gd_drugprot=nan overall=0.7451
  COMPLETE BioBERT-base (biobert_base) seed=44: gd_combined=0.636 gdis=0.786 best_epoch=3 pooled_val_f1=0.726 marker=/lus/lfs1aip2/projects/b5ac/project_1/data/10_recipe_sweep_and_training/lr1e5_sidecheck/results/biobert_base/seed_44/matrix_complete.json
  RUN START BioBERT-base (biobert_base) seed=45 [4/4 in this job]
[train] start biobert_base seed=45 lr=1e-05 warmup=none hf=dmis-lab/biobert-base-cased-v1.2 train=24000 val=25311 (pooled BioRED+DrugProt) -> /lus/lfs1aip2/projects/b5ac/project_1/data/10_recipe_sweep_and_training/lr1e5_sidecheck/checkpoints/biobert_base/seed_45
[train] device=cuda batch_size=16 max_epochs=10
Some weights of BertForSequenceClassification were not initialized from the model checkpoint at dmis-lab/biobert-base-cased-v1.2 and are newly initialized: ['classifier.bias', 'classifier.weight']
You should probably TRAIN this model on a down-stream task to be able to use it for predictions and inference.
[train] epoch 1/10 train_loss=0.6130 val_loss=0.5508 pooled_val_f1_micro=0.7128
[train] new best pooled_val_f1_micro=0.7128 at epoch 1 -> /lus/lfs1aip2/projects/b5ac/project_1/data/10_recipe_sweep_and_training/lr1e5_sidecheck/checkpoints/biobert_base/seed_45/best
[train] epoch 2/10 train_loss=0.4351 val_loss=0.5842 pooled_val_f1_micro=0.7022
[train] epoch 3/10 train_loss=0.3709 val_loss=0.6319 pooled_val_f1_micro=0.7421
[train] new best pooled_val_f1_micro=0.7421 at epoch 3 -> /lus/lfs1aip2/projects/b5ac/project_1/data/10_recipe_sweep_and_training/lr1e5_sidecheck/checkpoints/biobert_base/seed_45/best
[train] epoch 4/10 train_loss=0.3292 val_loss=0.7100 pooled_val_f1_micro=0.7436
[train] new best pooled_val_f1_micro=0.7436 at epoch 4 -> /lus/lfs1aip2/projects/b5ac/project_1/data/10_recipe_sweep_and_training/lr1e5_sidecheck/checkpoints/biobert_base/seed_45/best
[train] epoch 5/10 train_loss=0.3026 val_loss=0.7488 pooled_val_f1_micro=0.7512
[train] new best pooled_val_f1_micro=0.7512 at epoch 5 -> /lus/lfs1aip2/projects/b5ac/project_1/data/10_recipe_sweep_and_training/lr1e5_sidecheck/checkpoints/biobert_base/seed_45/best
[train] epoch 6/10 train_loss=0.2796 val_loss=0.8416 pooled_val_f1_micro=0.7421
[train] epoch 7/10 train_loss=0.2663 val_loss=0.8587 pooled_val_f1_micro=0.7419
[train] epoch 8/10 train_loss=0.2525 val_loss=0.8936 pooled_val_f1_micro=0.7473
[train] epoch 9/10 train_loss=0.2476 val_loss=0.9620 pooled_val_f1_micro=0.6499
[train] epoch 10/10 train_loss=0.2365 val_loss=0.9102 pooled_val_f1_micro=0.7469
[train] done biobert_base seed=45 best_val_f1=0.7512 best_epoch=5 epochs_run=10
[benchmark] evaluating /lus/lfs1aip2/projects/b5ac/project_1/data/10_recipe_sweep_and_training/lr1e5_sidecheck/checkpoints/biobert_base/seed_45/best: BioRED=14395 DrugProt=0 gdis=9769 gd_combined=4626 (DrugProt holdout unavailable; combined=BioRED gene-drug only)
[benchmark] done gdis=0.7808 gd_combined=0.6181 gd_biored=0.6181 gd_drugprot=nan overall=0.7372
  COMPLETE BioBERT-base (biobert_base) seed=45: gd_combined=0.618 gdis=0.781 best_epoch=5 pooled_val_f1=0.751 marker=/lus/lfs1aip2/projects/b5ac/project_1/data/10_recipe_sweep_and_training/lr1e5_sidecheck/results/biobert_base/seed_45/matrix_complete.json

=== Step-2 matrix training complete (this job) ===
  Trained: 4, skipped (already done): 0, planned: 4

End: Sun Jun 28 21:38:23 UTC 2026
