=== Step 2: full-matrix training ===
Host: nid010173
SLURM_JOB_ID=5411782
SLURM_JOB_NAME=train_distilbert_46-47-48-49
Start: Sun Jun 28 19:29:26 UTC 2026
REPO=/home/b5ac/freddieyu.b5ac/project_1
OUTPUT_ROOT=/home/b5ac/freddieyu.b5ac/project_1/../projects/project_1
STEP_ARGS=--force --models distilbert_base --seeds 46 47 48 49
Log: /home/b5ac/freddieyu.b5ac/project_1/../projects/project_1/runs/10_recipe_sweep_and_training/train_5411782.out
Ensure CHOSEN_RECIPE is set in config.py (not None) before submitting.
TMPDIR=/home/b5ac/freddieyu.b5ac/project_1/../projects/project_1/runs/10_recipe_sweep_and_training/tmp_5411782
=== Recipe sweep and training 2026-06-28T19:29:29.838096 ===
[run] mode=train-only (step 2)
[run] model filter: ['distilbert_base']
[run] seed filter: [46, 47, 48, 49]

=== Step-2 matrix training ===
Recipe: lr=5e-06, warmup=none (checkpoint criterion=pooled_val_f1_micro)
Encoders (1): ['distilbert_base']
Seeds (4): [46, 47, 48, 49]
Planned runs this job: 4


=== Estimated checkpoint footprint (rough) ===
  Runs: 1 encoders x 4 seeds = 4
  Assumed ~10 epochs/run; epoch ckpt ~220 MiB (fp16); best ckpt ~440 MiB (fp32)
  Per run ~2640 MiB; total ~10.3 GiB
  MAX_EPOCH_CHECKPOINTS_TO_KEEP=None (None = keep all epoch checkpoints)

[benchmark] building BioRED test examples...
[benchmark] built 14395 BioRED test examples (leaked PMIDs excluded)
[benchmark] building DrugProt test examples...
[benchmark] DrugProt: no labeled public test split in BigBio (splits=['train', 'validation', 'test_background']; test_background is unlabeled). Skipping DrugProt holdout benchmark; gene-drug combined uses BioRED test only.
  RUN START DistilBERT-base (distilbert_base) seed=46 [1/4 in this job]
[train] start distilbert_base seed=46 lr=5e-06 warmup=none hf=distilbert-base-uncased train=24000 val=25311 (pooled BioRED+DrugProt) -> /lus/lfs1aip2/projects/b5ac/project_1/data/10_recipe_sweep_and_training/matrix/checkpoints/distilbert_base/seed_46
[train] device=cuda batch_size=16 max_epochs=10
Some weights of DistilBertForSequenceClassification were not initialized from the model checkpoint at distilbert-base-uncased and are newly initialized: ['classifier.bias', 'classifier.weight', 'pre_classifier.bias', 'pre_classifier.weight']
You should probably TRAIN this model on a down-stream task to be able to use it for predictions and inference.
[train] epoch 1/10 train_loss=0.6486 val_loss=0.6733 pooled_val_f1_micro=0.5426
[train] new best pooled_val_f1_micro=0.5426 at epoch 1 -> /lus/lfs1aip2/projects/b5ac/project_1/data/10_recipe_sweep_and_training/matrix/checkpoints/distilbert_base/seed_46/best
[train] epoch 2/10 train_loss=0.6148 val_loss=0.6345 pooled_val_f1_micro=0.6264
[train] new best pooled_val_f1_micro=0.6264 at epoch 2 -> /lus/lfs1aip2/projects/b5ac/project_1/data/10_recipe_sweep_and_training/matrix/checkpoints/distilbert_base/seed_46/best
[train] epoch 3/10 train_loss=0.5090 val_loss=0.5879 pooled_val_f1_micro=0.7078
[train] new best pooled_val_f1_micro=0.7078 at epoch 3 -> /lus/lfs1aip2/projects/b5ac/project_1/data/10_recipe_sweep_and_training/matrix/checkpoints/distilbert_base/seed_46/best
[train] epoch 4/10 train_loss=0.4218 val_loss=0.6593 pooled_val_f1_micro=0.6896
[train] epoch 5/10 train_loss=0.3838 val_loss=0.6973 pooled_val_f1_micro=0.7010
[train] epoch 6/10 train_loss=0.3568 val_loss=0.7867 pooled_val_f1_micro=0.6870
[train] epoch 7/10 train_loss=0.3368 val_loss=0.7269 pooled_val_f1_micro=0.7293
[train] new best pooled_val_f1_micro=0.7293 at epoch 7 -> /lus/lfs1aip2/projects/b5ac/project_1/data/10_recipe_sweep_and_training/matrix/checkpoints/distilbert_base/seed_46/best
[train] epoch 8/10 train_loss=0.3167 val_loss=0.7715 pooled_val_f1_micro=0.7063
[train] epoch 9/10 train_loss=0.3022 val_loss=0.8561 pooled_val_f1_micro=0.7083
[train] epoch 10/10 train_loss=0.2879 val_loss=0.8478 pooled_val_f1_micro=0.7102
[train] done distilbert_base seed=46 best_val_f1=0.7293 best_epoch=7 epochs_run=10
[benchmark] evaluating /lus/lfs1aip2/projects/b5ac/project_1/data/10_recipe_sweep_and_training/matrix/checkpoints/distilbert_base/seed_46/best: BioRED=14395 DrugProt=0 gdis=9769 gd_combined=4626 (DrugProt holdout unavailable; combined=BioRED gene-drug only)
[benchmark] done gdis=0.7733 gd_combined=0.6071 gd_biored=0.6071 gd_drugprot=nan overall=0.7290
  COMPLETE DistilBERT-base (distilbert_base) seed=46: gd_combined=0.607 gdis=0.773 best_epoch=7 pooled_val_f1=0.729 marker=/lus/lfs1aip2/projects/b5ac/project_1/data/10_recipe_sweep_and_training/matrix/results/distilbert_base/seed_46/matrix_complete.json
  RUN START DistilBERT-base (distilbert_base) seed=47 [2/4 in this job]
[train] start distilbert_base seed=47 lr=5e-06 warmup=none hf=distilbert-base-uncased train=24000 val=25311 (pooled BioRED+DrugProt) -> /lus/lfs1aip2/projects/b5ac/project_1/data/10_recipe_sweep_and_training/matrix/checkpoints/distilbert_base/seed_47
[train] device=cuda batch_size=16 max_epochs=10
Some weights of DistilBertForSequenceClassification were not initialized from the model checkpoint at distilbert-base-uncased and are newly initialized: ['classifier.bias', 'classifier.weight', 'pre_classifier.bias', 'pre_classifier.weight']
You should probably TRAIN this model on a down-stream task to be able to use it for predictions and inference.
[train] epoch 1/10 train_loss=0.6492 val_loss=0.6607 pooled_val_f1_micro=0.5235
[train] new best pooled_val_f1_micro=0.5235 at epoch 1 -> /lus/lfs1aip2/projects/b5ac/project_1/data/10_recipe_sweep_and_training/matrix/checkpoints/distilbert_base/seed_47/best
[train] epoch 2/10 train_loss=0.6180 val_loss=0.6567 pooled_val_f1_micro=0.6092
[train] new best pooled_val_f1_micro=0.6092 at epoch 2 -> /lus/lfs1aip2/projects/b5ac/project_1/data/10_recipe_sweep_and_training/matrix/checkpoints/distilbert_base/seed_47/best
[train] epoch 3/10 train_loss=0.5838 val_loss=0.6451 pooled_val_f1_micro=0.5706
[train] epoch 4/10 train_loss=0.4872 val_loss=0.6372 pooled_val_f1_micro=0.6685
[train] new best pooled_val_f1_micro=0.6685 at epoch 4 -> /lus/lfs1aip2/projects/b5ac/project_1/data/10_recipe_sweep_and_training/matrix/checkpoints/distilbert_base/seed_47/best
[train] epoch 5/10 train_loss=0.4125 val_loss=0.6827 pooled_val_f1_micro=0.6645
[train] epoch 6/10 train_loss=0.3758 val_loss=0.7278 pooled_val_f1_micro=0.6931
[train] new best pooled_val_f1_micro=0.6931 at epoch 6 -> /lus/lfs1aip2/projects/b5ac/project_1/data/10_recipe_sweep_and_training/matrix/checkpoints/distilbert_base/seed_47/best
[train] epoch 7/10 train_loss=0.3520 val_loss=0.7745 pooled_val_f1_micro=0.6665
[train] epoch 8/10 train_loss=0.3321 val_loss=0.7892 pooled_val_f1_micro=0.6722
[train] epoch 9/10 train_loss=0.3147 val_loss=0.7861 pooled_val_f1_micro=0.7092
[train] new best pooled_val_f1_micro=0.7092 at epoch 9 -> /lus/lfs1aip2/projects/b5ac/project_1/data/10_recipe_sweep_and_training/matrix/checkpoints/distilbert_base/seed_47/best
[train] epoch 10/10 train_loss=0.3007 val_loss=0.8318 pooled_val_f1_micro=0.6935
[train] done distilbert_base seed=47 best_val_f1=0.7092 best_epoch=9 epochs_run=10
[benchmark] evaluating /lus/lfs1aip2/projects/b5ac/project_1/data/10_recipe_sweep_and_training/matrix/checkpoints/distilbert_base/seed_47/best: BioRED=14395 DrugProt=0 gdis=9769 gd_combined=4626 (DrugProt holdout unavailable; combined=BioRED gene-drug only)
[benchmark] done gdis=0.7691 gd_combined=0.6046 gd_biored=0.6046 gd_drugprot=nan overall=0.7244
  COMPLETE DistilBERT-base (distilbert_base) seed=47: gd_combined=0.605 gdis=0.769 best_epoch=9 pooled_val_f1=0.709 marker=/lus/lfs1aip2/projects/b5ac/project_1/data/10_recipe_sweep_and_training/matrix/results/distilbert_base/seed_47/matrix_complete.json
  RUN START DistilBERT-base (distilbert_base) seed=48 [3/4 in this job]
[train] start distilbert_base seed=48 lr=5e-06 warmup=none hf=distilbert-base-uncased train=24000 val=25311 (pooled BioRED+DrugProt) -> /lus/lfs1aip2/projects/b5ac/project_1/data/10_recipe_sweep_and_training/matrix/checkpoints/distilbert_base/seed_48
[train] device=cuda batch_size=16 max_epochs=10
Some weights of DistilBertForSequenceClassification were not initialized from the model checkpoint at distilbert-base-uncased and are newly initialized: ['classifier.bias', 'classifier.weight', 'pre_classifier.bias', 'pre_classifier.weight']
You should probably TRAIN this model on a down-stream task to be able to use it for predictions and inference.
[train] epoch 1/10 train_loss=0.6494 val_loss=0.6617 pooled_val_f1_micro=0.5329
[train] new best pooled_val_f1_micro=0.5329 at epoch 1 -> /lus/lfs1aip2/projects/b5ac/project_1/data/10_recipe_sweep_and_training/matrix/checkpoints/distilbert_base/seed_48/best
[train] epoch 2/10 train_loss=0.6178 val_loss=0.6568 pooled_val_f1_micro=0.5264
[train] epoch 3/10 train_loss=0.5457 val_loss=0.6179 pooled_val_f1_micro=0.6979
[train] new best pooled_val_f1_micro=0.6979 at epoch 3 -> /lus/lfs1aip2/projects/b5ac/project_1/data/10_recipe_sweep_and_training/matrix/checkpoints/distilbert_base/seed_48/best
[train] epoch 4/10 train_loss=0.4332 val_loss=0.6463 pooled_val_f1_micro=0.7132
[train] new best pooled_val_f1_micro=0.7132 at epoch 4 -> /lus/lfs1aip2/projects/b5ac/project_1/data/10_recipe_sweep_and_training/matrix/checkpoints/distilbert_base/seed_48/best
[train] epoch 5/10 train_loss=0.3893 val_loss=0.6747 pooled_val_f1_micro=0.7135
[train] new best pooled_val_f1_micro=0.7135 at epoch 5 -> /lus/lfs1aip2/projects/b5ac/project_1/data/10_recipe_sweep_and_training/matrix/checkpoints/distilbert_base/seed_48/best
[train] epoch 6/10 train_loss=0.3606 val_loss=0.6733 pooled_val_f1_micro=0.7072
[train] epoch 7/10 train_loss=0.3383 val_loss=0.7059 pooled_val_f1_micro=0.7042
[train] epoch 8/10 train_loss=0.3199 val_loss=0.8285 pooled_val_f1_micro=0.6969
[train] epoch 9/10 train_loss=0.3003 val_loss=0.7950 pooled_val_f1_micro=0.6876
[train] epoch 10/10 train_loss=0.2844 val_loss=0.8810 pooled_val_f1_micro=0.7109
[train] done distilbert_base seed=48 best_val_f1=0.7135 best_epoch=5 epochs_run=10
[benchmark] evaluating /lus/lfs1aip2/projects/b5ac/project_1/data/10_recipe_sweep_and_training/matrix/checkpoints/distilbert_base/seed_48/best: BioRED=14395 DrugProt=0 gdis=9769 gd_combined=4626 (DrugProt holdout unavailable; combined=BioRED gene-drug only)
[benchmark] done gdis=0.7441 gd_combined=0.6102 gd_biored=0.6102 gd_drugprot=nan overall=0.7077
  COMPLETE DistilBERT-base (distilbert_base) seed=48: gd_combined=0.610 gdis=0.744 best_epoch=5 pooled_val_f1=0.713 marker=/lus/lfs1aip2/projects/b5ac/project_1/data/10_recipe_sweep_and_training/matrix/results/distilbert_base/seed_48/matrix_complete.json
  RUN START DistilBERT-base (distilbert_base) seed=49 [4/4 in this job]
[train] start distilbert_base seed=49 lr=5e-06 warmup=none hf=distilbert-base-uncased train=24000 val=25311 (pooled BioRED+DrugProt) -> /lus/lfs1aip2/projects/b5ac/project_1/data/10_recipe_sweep_and_training/matrix/checkpoints/distilbert_base/seed_49
[train] device=cuda batch_size=16 max_epochs=10
Some weights of DistilBertForSequenceClassification were not initialized from the model checkpoint at distilbert-base-uncased and are newly initialized: ['classifier.bias', 'classifier.weight', 'pre_classifier.bias', 'pre_classifier.weight']
You should probably TRAIN this model on a down-stream task to be able to use it for predictions and inference.
[train] epoch 1/10 train_loss=0.6500 val_loss=0.6651 pooled_val_f1_micro=0.5131
[train] new best pooled_val_f1_micro=0.5131 at epoch 1 -> /lus/lfs1aip2/projects/b5ac/project_1/data/10_recipe_sweep_and_training/matrix/checkpoints/distilbert_base/seed_49/best
[train] epoch 2/10 train_loss=0.5820 val_loss=0.7153 pooled_val_f1_micro=0.5959
[train] new best pooled_val_f1_micro=0.5959 at epoch 2 -> /lus/lfs1aip2/projects/b5ac/project_1/data/10_recipe_sweep_and_training/matrix/checkpoints/distilbert_base/seed_49/best
[train] epoch 3/10 train_loss=0.4654 val_loss=0.6078 pooled_val_f1_micro=0.7188
[train] new best pooled_val_f1_micro=0.7188 at epoch 3 -> /lus/lfs1aip2/projects/b5ac/project_1/data/10_recipe_sweep_and_training/matrix/checkpoints/distilbert_base/seed_49/best
[train] epoch 4/10 train_loss=0.4148 val_loss=0.6684 pooled_val_f1_micro=0.6913
[train] epoch 5/10 train_loss=0.3798 val_loss=0.6603 pooled_val_f1_micro=0.6998
[train] epoch 6/10 train_loss=0.3540 val_loss=0.7696 pooled_val_f1_micro=0.6689
[train] epoch 7/10 train_loss=0.3316 val_loss=0.7362 pooled_val_f1_micro=0.7031
[train] epoch 8/10 train_loss=0.3134 val_loss=0.7655 pooled_val_f1_micro=0.6943
[train] epoch 9/10 train_loss=0.2942 val_loss=0.8115 pooled_val_f1_micro=0.7197
[train] new best pooled_val_f1_micro=0.7197 at epoch 9 -> /lus/lfs1aip2/projects/b5ac/project_1/data/10_recipe_sweep_and_training/matrix/checkpoints/distilbert_base/seed_49/best
[train] epoch 10/10 train_loss=0.2814 val_loss=0.7968 pooled_val_f1_micro=0.7121
[train] done distilbert_base seed=49 best_val_f1=0.7197 best_epoch=9 epochs_run=10
[benchmark] evaluating /lus/lfs1aip2/projects/b5ac/project_1/data/10_recipe_sweep_and_training/matrix/checkpoints/distilbert_base/seed_49/best: BioRED=14395 DrugProt=0 gdis=9769 gd_combined=4626 (DrugProt holdout unavailable; combined=BioRED gene-drug only)
[benchmark] done gdis=0.7612 gd_combined=0.5702 gd_biored=0.5702 gd_drugprot=nan overall=0.7110
  COMPLETE DistilBERT-base (distilbert_base) seed=49: gd_combined=0.570 gdis=0.761 best_epoch=9 pooled_val_f1=0.720 marker=/lus/lfs1aip2/projects/b5ac/project_1/data/10_recipe_sweep_and_training/matrix/results/distilbert_base/seed_49/matrix_complete.json

=== Step-2 matrix training complete (this job) ===
  Trained: 4, skipped (already done): 0, planned: 4

=== Done ===
End: Sun Jun 28 20:49:36 UTC 2026
