=== Step 2: full-matrix training ===
Host: nid010689
SLURM_JOB_ID=5098712
SLURM_JOB_NAME=step2_distilbert_base
Start: Tue  9 Jun 09:33:22 UTC 2026
REPO=/home/b5ac/freddieyu.b5ac/project_1
OUTPUT_ROOT=/home/b5ac/freddieyu.b5ac/project_1/../projects/project_1
STEP_ARGS=--models distilbert_base
Log: /home/b5ac/freddieyu.b5ac/project_1/../projects/project_1/runs/10_recipe_sweep_and_training/train_5098712.out
Ensure CHOSEN_RECIPE is set in config.py (not None) before submitting.
TMPDIR=/home/b5ac/freddieyu.b5ac/project_1/../projects/project_1/runs/10_recipe_sweep_and_training/tmp_5098712
=== Recipe sweep and training 2026-06-09T09:33:25.612080 ===
[run] mode=train-only (step 2)
[run] model filter: ['distilbert_base']

=== Step-2 matrix training ===
Recipe: lr=3e-05, warmup=none (checkpoint criterion=val_f1)
Encoders (1): ['distilbert_base']
Seeds (8): [42, 43, 44, 45, 46, 47, 48, 49]
Planned runs this job: 8


=== Estimated checkpoint footprint (rough) ===
  Runs: 1 encoders x 8 seeds = 8
  Assumed ~7 epochs/run; epoch ckpt ~220 MiB (fp16); best ckpt ~440 MiB (fp32)
  Per run ~1980 MiB; total ~15.5 GiB
  MAX_EPOCH_CHECKPOINTS_TO_KEEP=None (None = keep all epoch checkpoints)

[benchmark] building BioRED test examples...
[benchmark] built 14395 test examples (leaked PMIDs excluded)
  RUN START DistilBERT-base (distilbert_base) seed=42 [1/8 in this job]
[train] start distilbert_base seed=42 lr=3e-05 warmup=none train=24000 val=25311 -> /lus/lfs1aip2/projects/b5ac/project_1/data/10_recipe_sweep_and_training/matrix/checkpoints/distilbert_base/seed_42
[train] device=cuda batch_size=16 max_epochs=10
Some weights of DistilBertForSequenceClassification were not initialized from the model checkpoint at distilbert-base-uncased and are newly initialized: ['classifier.bias', 'classifier.weight', 'pre_classifier.bias', 'pre_classifier.weight']
You should probably TRAIN this model on a down-stream task to be able to use it for predictions and inference.
[train] epoch 1/10 train_loss=0.6451 val_loss=0.6654 val_f1=0.5609 patience=0/3
[train] new best val_f1=0.5609 at epoch 1 -> /lus/lfs1aip2/projects/b5ac/project_1/data/10_recipe_sweep_and_training/matrix/checkpoints/distilbert_base/seed_42/best
[train] epoch 2/10 train_loss=0.5940 val_loss=0.6626 val_f1=0.6921 patience=0/3
[train] new best val_f1=0.6921 at epoch 2 -> /lus/lfs1aip2/projects/b5ac/project_1/data/10_recipe_sweep_and_training/matrix/checkpoints/distilbert_base/seed_42/best
[train] epoch 3/10 train_loss=0.5237 val_loss=0.8490 val_f1=0.6116 patience=0/3
[train] epoch 4/10 train_loss=0.4711 val_loss=0.7007 val_f1=0.6333 patience=1/3
[train] epoch 5/10 train_loss=0.4297 val_loss=0.8022 val_f1=0.6871 patience=2/3
[train] early stop at epoch 5 (no val_f1 improvement for 3 epochs)
[train] done distilbert_base seed=42 best_val_f1=0.6921 best_epoch=2 epochs_run=5
[benchmark] evaluating /lus/lfs1aip2/projects/b5ac/project_1/data/10_recipe_sweep_and_training/matrix/checkpoints/distilbert_base/seed_42/best on 14395 BioRED test examples
[benchmark] batch 1/450 examples=32/14395
[benchmark] batch 45/450 examples=1440/14395
[benchmark] batch 90/450 examples=2880/14395
[benchmark] batch 135/450 examples=4320/14395
[benchmark] batch 180/450 examples=5760/14395
[benchmark] batch 225/450 examples=7200/14395
[benchmark] batch 270/450 examples=8640/14395
[benchmark] batch 315/450 examples=10080/14395
[benchmark] batch 360/450 examples=11520/14395
[benchmark] batch 405/450 examples=12960/14395
[benchmark] batch 450/450 examples=14395/14395
[benchmark] done f1=0.7183 precision=0.6386 recall=0.8207 n_positives=8875
  COMPLETE DistilBERT-base (distilbert_base) seed=42: benchmark_f1=0.718 best_epoch=2 marker=/lus/lfs1aip2/projects/b5ac/project_1/data/10_recipe_sweep_and_training/matrix/results/distilbert_base/seed_42/matrix_complete.json
  RUN START DistilBERT-base (distilbert_base) seed=43 [2/8 in this job]
[train] start distilbert_base seed=43 lr=3e-05 warmup=none train=24000 val=25311 -> /lus/lfs1aip2/projects/b5ac/project_1/data/10_recipe_sweep_and_training/matrix/checkpoints/distilbert_base/seed_43
[train] device=cuda batch_size=16 max_epochs=10
Some weights of DistilBertForSequenceClassification were not initialized from the model checkpoint at distilbert-base-uncased and are newly initialized: ['classifier.bias', 'classifier.weight', 'pre_classifier.bias', 'pre_classifier.weight']
You should probably TRAIN this model on a down-stream task to be able to use it for predictions and inference.
[train] epoch 1/10 train_loss=0.6435 val_loss=0.6502 val_f1=0.6687 patience=0/3
[train] new best val_f1=0.6687 at epoch 1 -> /lus/lfs1aip2/projects/b5ac/project_1/data/10_recipe_sweep_and_training/matrix/checkpoints/distilbert_base/seed_43/best
[train] epoch 2/10 train_loss=0.5774 val_loss=0.6611 val_f1=0.6794 patience=0/3
[train] new best val_f1=0.6794 at epoch 2 -> /lus/lfs1aip2/projects/b5ac/project_1/data/10_recipe_sweep_and_training/matrix/checkpoints/distilbert_base/seed_43/best
[train] epoch 3/10 train_loss=0.4434 val_loss=0.7751 val_f1=0.6898 patience=0/3
[train] new best val_f1=0.6898 at epoch 3 -> /lus/lfs1aip2/projects/b5ac/project_1/data/10_recipe_sweep_and_training/matrix/checkpoints/distilbert_base/seed_43/best
[train] epoch 4/10 train_loss=0.3711 val_loss=0.7547 val_f1=0.7157 patience=0/3
[train] new best val_f1=0.7157 at epoch 4 -> /lus/lfs1aip2/projects/b5ac/project_1/data/10_recipe_sweep_and_training/matrix/checkpoints/distilbert_base/seed_43/best
[train] epoch 5/10 train_loss=0.3351 val_loss=0.8071 val_f1=0.7061 patience=0/3
[train] epoch 6/10 train_loss=0.3058 val_loss=0.9839 val_f1=0.6853 patience=1/3
[train] epoch 7/10 train_loss=0.2813 val_loss=0.9331 val_f1=0.7006 patience=2/3
[train] early stop at epoch 7 (no val_f1 improvement for 3 epochs)
[train] done distilbert_base seed=43 best_val_f1=0.7157 best_epoch=4 epochs_run=7
[benchmark] evaluating /lus/lfs1aip2/projects/b5ac/project_1/data/10_recipe_sweep_and_training/matrix/checkpoints/distilbert_base/seed_43/best on 14395 BioRED test examples
[benchmark] batch 1/450 examples=32/14395
[benchmark] batch 45/450 examples=1440/14395
[benchmark] batch 90/450 examples=2880/14395
[benchmark] batch 135/450 examples=4320/14395
[benchmark] batch 180/450 examples=5760/14395
[benchmark] batch 225/450 examples=7200/14395
[benchmark] batch 270/450 examples=8640/14395
[benchmark] batch 315/450 examples=10080/14395
[benchmark] batch 360/450 examples=11520/14395
[benchmark] batch 405/450 examples=12960/14395
[benchmark] batch 450/450 examples=14395/14395
[benchmark] done f1=0.7036 precision=0.6980 recall=0.7093 n_positives=8875
  COMPLETE DistilBERT-base (distilbert_base) seed=43: benchmark_f1=0.704 best_epoch=4 marker=/lus/lfs1aip2/projects/b5ac/project_1/data/10_recipe_sweep_and_training/matrix/results/distilbert_base/seed_43/matrix_complete.json
  RUN START DistilBERT-base (distilbert_base) seed=44 [3/8 in this job]
[train] start distilbert_base seed=44 lr=3e-05 warmup=none train=24000 val=25311 -> /lus/lfs1aip2/projects/b5ac/project_1/data/10_recipe_sweep_and_training/matrix/checkpoints/distilbert_base/seed_44
[train] device=cuda batch_size=16 max_epochs=10
Some weights of DistilBertForSequenceClassification were not initialized from the model checkpoint at distilbert-base-uncased and are newly initialized: ['classifier.bias', 'classifier.weight', 'pre_classifier.bias', 'pre_classifier.weight']
You should probably TRAIN this model on a down-stream task to be able to use it for predictions and inference.
[train] epoch 1/10 train_loss=0.6456 val_loss=0.6615 val_f1=0.5069 patience=0/3
[train] new best val_f1=0.5069 at epoch 1 -> /lus/lfs1aip2/projects/b5ac/project_1/data/10_recipe_sweep_and_training/matrix/checkpoints/distilbert_base/seed_44/best
[train] epoch 2/10 train_loss=0.5728 val_loss=0.6191 val_f1=0.5308 patience=0/3
[train] new best val_f1=0.5308 at epoch 2 -> /lus/lfs1aip2/projects/b5ac/project_1/data/10_recipe_sweep_and_training/matrix/checkpoints/distilbert_base/seed_44/best
[train] epoch 3/10 train_loss=0.4307 val_loss=0.6356 val_f1=0.7071 patience=0/3
[train] new best val_f1=0.7071 at epoch 3 -> /lus/lfs1aip2/projects/b5ac/project_1/data/10_recipe_sweep_and_training/matrix/checkpoints/distilbert_base/seed_44/best
[train] epoch 4/10 train_loss=0.3689 val_loss=0.8520 val_f1=0.6855 patience=0/3
[train] epoch 5/10 train_loss=0.3332 val_loss=0.8326 val_f1=0.6599 patience=1/3
[train] epoch 6/10 train_loss=0.3041 val_loss=0.8749 val_f1=0.7102 patience=2/3
[train] new best val_f1=0.7102 at epoch 6 -> /lus/lfs1aip2/projects/b5ac/project_1/data/10_recipe_sweep_and_training/matrix/checkpoints/distilbert_base/seed_44/best
[train] epoch 7/10 train_loss=0.2801 val_loss=0.8720 val_f1=0.6895 patience=0/3
[train] epoch 8/10 train_loss=0.2655 val_loss=1.0205 val_f1=0.6857 patience=1/3
[train] epoch 9/10 train_loss=0.2468 val_loss=1.2606 val_f1=0.6546 patience=2/3
[train] early stop at epoch 9 (no val_f1 improvement for 3 epochs)
[train] done distilbert_base seed=44 best_val_f1=0.7102 best_epoch=6 epochs_run=9
[benchmark] evaluating /lus/lfs1aip2/projects/b5ac/project_1/data/10_recipe_sweep_and_training/matrix/checkpoints/distilbert_base/seed_44/best on 14395 BioRED test examples
[benchmark] batch 1/450 examples=32/14395
[benchmark] batch 45/450 examples=1440/14395
[benchmark] batch 90/450 examples=2880/14395
[benchmark] batch 135/450 examples=4320/14395
[benchmark] batch 180/450 examples=5760/14395
[benchmark] batch 225/450 examples=7200/14395
[benchmark] batch 270/450 examples=8640/14395
[benchmark] batch 315/450 examples=10080/14395
[benchmark] batch 360/450 examples=11520/14395
[benchmark] batch 405/450 examples=12960/14395
[benchmark] batch 450/450 examples=14395/14395
[benchmark] done f1=0.6992 precision=0.6791 recall=0.7205 n_positives=8875
  COMPLETE DistilBERT-base (distilbert_base) seed=44: benchmark_f1=0.699 best_epoch=6 marker=/lus/lfs1aip2/projects/b5ac/project_1/data/10_recipe_sweep_and_training/matrix/results/distilbert_base/seed_44/matrix_complete.json
  RUN START DistilBERT-base (distilbert_base) seed=45 [4/8 in this job]
[train] start distilbert_base seed=45 lr=3e-05 warmup=none train=24000 val=25311 -> /lus/lfs1aip2/projects/b5ac/project_1/data/10_recipe_sweep_and_training/matrix/checkpoints/distilbert_base/seed_45
[train] device=cuda batch_size=16 max_epochs=10
Some weights of DistilBertForSequenceClassification were not initialized from the model checkpoint at distilbert-base-uncased and are newly initialized: ['classifier.bias', 'classifier.weight', 'pre_classifier.bias', 'pre_classifier.weight']
You should probably TRAIN this model on a down-stream task to be able to use it for predictions and inference.
[train] epoch 1/10 train_loss=0.6454 val_loss=0.6650 val_f1=0.4667 patience=0/3
[train] new best val_f1=0.4667 at epoch 1 -> /lus/lfs1aip2/projects/b5ac/project_1/data/10_recipe_sweep_and_training/matrix/checkpoints/distilbert_base/seed_45/best
[train] epoch 2/10 train_loss=0.5702 val_loss=0.6546 val_f1=0.6864 patience=0/3
[train] new best val_f1=0.6864 at epoch 2 -> /lus/lfs1aip2/projects/b5ac/project_1/data/10_recipe_sweep_and_training/matrix/checkpoints/distilbert_base/seed_45/best
[train] epoch 3/10 train_loss=0.4508 val_loss=0.6484 val_f1=0.6400 patience=0/3
[train] epoch 4/10 train_loss=0.3969 val_loss=0.6610 val_f1=0.6362 patience=1/3
[train] epoch 5/10 train_loss=0.3592 val_loss=0.7694 val_f1=0.6445 patience=2/3
[train] early stop at epoch 5 (no val_f1 improvement for 3 epochs)
[train] done distilbert_base seed=45 best_val_f1=0.6864 best_epoch=2 epochs_run=5
[benchmark] evaluating /lus/lfs1aip2/projects/b5ac/project_1/data/10_recipe_sweep_and_training/matrix/checkpoints/distilbert_base/seed_45/best on 14395 BioRED test examples
[benchmark] batch 1/450 examples=32/14395
[benchmark] batch 45/450 examples=1440/14395
[benchmark] batch 90/450 examples=2880/14395
[benchmark] batch 135/450 examples=4320/14395
[benchmark] batch 180/450 examples=5760/14395
[benchmark] batch 225/450 examples=7200/14395
[benchmark] batch 270/450 examples=8640/14395
[benchmark] batch 315/450 examples=10080/14395
[benchmark] batch 360/450 examples=11520/14395
[benchmark] batch 405/450 examples=12960/14395
[benchmark] batch 450/450 examples=14395/14395
[benchmark] done f1=0.6863 precision=0.6660 recall=0.7078 n_positives=8875
  COMPLETE DistilBERT-base (distilbert_base) seed=45: benchmark_f1=0.686 best_epoch=2 marker=/lus/lfs1aip2/projects/b5ac/project_1/data/10_recipe_sweep_and_training/matrix/results/distilbert_base/seed_45/matrix_complete.json
  RUN START DistilBERT-base (distilbert_base) seed=46 [5/8 in this job]
[train] start distilbert_base seed=46 lr=3e-05 warmup=none train=24000 val=25311 -> /lus/lfs1aip2/projects/b5ac/project_1/data/10_recipe_sweep_and_training/matrix/checkpoints/distilbert_base/seed_46
[train] device=cuda batch_size=16 max_epochs=10
Some weights of DistilBertForSequenceClassification were not initialized from the model checkpoint at distilbert-base-uncased and are newly initialized: ['classifier.bias', 'classifier.weight', 'pre_classifier.bias', 'pre_classifier.weight']
You should probably TRAIN this model on a down-stream task to be able to use it for predictions and inference.
[train] epoch 1/10 train_loss=0.6451 val_loss=0.6746 val_f1=0.6150 patience=0/3
[train] new best val_f1=0.6150 at epoch 1 -> /lus/lfs1aip2/projects/b5ac/project_1/data/10_recipe_sweep_and_training/matrix/checkpoints/distilbert_base/seed_46/best
[train] epoch 2/10 train_loss=0.5863 val_loss=0.6340 val_f1=0.6752 patience=0/3
[train] new best val_f1=0.6752 at epoch 2 -> /lus/lfs1aip2/projects/b5ac/project_1/data/10_recipe_sweep_and_training/matrix/checkpoints/distilbert_base/seed_46/best
[train] epoch 3/10 train_loss=0.4317 val_loss=0.6994 val_f1=0.7071 patience=0/3
[train] new best val_f1=0.7071 at epoch 3 -> /lus/lfs1aip2/projects/b5ac/project_1/data/10_recipe_sweep_and_training/matrix/checkpoints/distilbert_base/seed_46/best
[train] epoch 4/10 train_loss=0.3594 val_loss=0.7013 val_f1=0.7132 patience=0/3
[train] new best val_f1=0.7132 at epoch 4 -> /lus/lfs1aip2/projects/b5ac/project_1/data/10_recipe_sweep_and_training/matrix/checkpoints/distilbert_base/seed_46/best
[train] epoch 5/10 train_loss=0.3204 val_loss=0.9610 val_f1=0.6869 patience=0/3
[train] epoch 6/10 train_loss=0.2906 val_loss=0.9217 val_f1=0.6912 patience=1/3
[train] epoch 7/10 train_loss=0.2697 val_loss=0.9330 val_f1=0.6942 patience=2/3
[train] early stop at epoch 7 (no val_f1 improvement for 3 epochs)
[train] done distilbert_base seed=46 best_val_f1=0.7132 best_epoch=4 epochs_run=7
[benchmark] evaluating /lus/lfs1aip2/projects/b5ac/project_1/data/10_recipe_sweep_and_training/matrix/checkpoints/distilbert_base/seed_46/best on 14395 BioRED test examples
[benchmark] batch 1/450 examples=32/14395
[benchmark] batch 45/450 examples=1440/14395
[benchmark] batch 90/450 examples=2880/14395
[benchmark] batch 135/450 examples=4320/14395
[benchmark] batch 180/450 examples=5760/14395
[benchmark] batch 225/450 examples=7200/14395
[benchmark] batch 270/450 examples=8640/14395
[benchmark] batch 315/450 examples=10080/14395
[benchmark] batch 360/450 examples=11520/14395
[benchmark] batch 405/450 examples=12960/14395
[benchmark] batch 450/450 examples=14395/14395
[benchmark] done f1=0.7141 precision=0.6947 recall=0.7346 n_positives=8875
  COMPLETE DistilBERT-base (distilbert_base) seed=46: benchmark_f1=0.714 best_epoch=4 marker=/lus/lfs1aip2/projects/b5ac/project_1/data/10_recipe_sweep_and_training/matrix/results/distilbert_base/seed_46/matrix_complete.json
  RUN START DistilBERT-base (distilbert_base) seed=47 [6/8 in this job]
[train] start distilbert_base seed=47 lr=3e-05 warmup=none train=24000 val=25311 -> /lus/lfs1aip2/projects/b5ac/project_1/data/10_recipe_sweep_and_training/matrix/checkpoints/distilbert_base/seed_47
[train] device=cuda batch_size=16 max_epochs=10
Some weights of DistilBertForSequenceClassification were not initialized from the model checkpoint at distilbert-base-uncased and are newly initialized: ['classifier.bias', 'classifier.weight', 'pre_classifier.bias', 'pre_classifier.weight']
You should probably TRAIN this model on a down-stream task to be able to use it for predictions and inference.
[train] epoch 1/10 train_loss=0.6440 val_loss=0.6728 val_f1=0.4590 patience=0/3
[train] new best val_f1=0.4590 at epoch 1 -> /lus/lfs1aip2/projects/b5ac/project_1/data/10_recipe_sweep_and_training/matrix/checkpoints/distilbert_base/seed_47/best
[train] epoch 2/10 train_loss=0.6057 val_loss=0.6591 val_f1=0.6517 patience=0/3
[train] new best val_f1=0.6517 at epoch 2 -> /lus/lfs1aip2/projects/b5ac/project_1/data/10_recipe_sweep_and_training/matrix/checkpoints/distilbert_base/seed_47/best
[train] epoch 3/10 train_loss=0.5122 val_loss=0.6659 val_f1=0.6614 patience=0/3
[train] new best val_f1=0.6614 at epoch 3 -> /lus/lfs1aip2/projects/b5ac/project_1/data/10_recipe_sweep_and_training/matrix/checkpoints/distilbert_base/seed_47/best
[train] epoch 4/10 train_loss=0.3966 val_loss=0.8361 val_f1=0.6996 patience=0/3
[train] new best val_f1=0.6996 at epoch 4 -> /lus/lfs1aip2/projects/b5ac/project_1/data/10_recipe_sweep_and_training/matrix/checkpoints/distilbert_base/seed_47/best
[train] epoch 5/10 train_loss=0.3497 val_loss=0.7172 val_f1=0.6641 patience=0/3
[train] epoch 6/10 train_loss=0.3144 val_loss=0.8458 val_f1=0.6836 patience=1/3
[train] epoch 7/10 train_loss=0.2895 val_loss=0.9896 val_f1=0.6586 patience=2/3
[train] early stop at epoch 7 (no val_f1 improvement for 3 epochs)
[train] done distilbert_base seed=47 best_val_f1=0.6996 best_epoch=4 epochs_run=7
[benchmark] evaluating /lus/lfs1aip2/projects/b5ac/project_1/data/10_recipe_sweep_and_training/matrix/checkpoints/distilbert_base/seed_47/best on 14395 BioRED test examples
[benchmark] batch 1/450 examples=32/14395
[benchmark] batch 45/450 examples=1440/14395
[benchmark] batch 90/450 examples=2880/14395
[benchmark] batch 135/450 examples=4320/14395
[benchmark] batch 180/450 examples=5760/14395
[benchmark] batch 225/450 examples=7200/14395
[benchmark] batch 270/450 examples=8640/14395
[benchmark] batch 315/450 examples=10080/14395
[benchmark] batch 360/450 examples=11520/14395
[benchmark] batch 405/450 examples=12960/14395
[benchmark] batch 450/450 examples=14395/14395
[benchmark] done f1=0.6895 precision=0.6932 recall=0.6859 n_positives=8875
  COMPLETE DistilBERT-base (distilbert_base) seed=47: benchmark_f1=0.690 best_epoch=4 marker=/lus/lfs1aip2/projects/b5ac/project_1/data/10_recipe_sweep_and_training/matrix/results/distilbert_base/seed_47/matrix_complete.json
  RUN START DistilBERT-base (distilbert_base) seed=48 [7/8 in this job]
[train] start distilbert_base seed=48 lr=3e-05 warmup=none train=24000 val=25311 -> /lus/lfs1aip2/projects/b5ac/project_1/data/10_recipe_sweep_and_training/matrix/checkpoints/distilbert_base/seed_48
[train] device=cuda batch_size=16 max_epochs=10
Some weights of DistilBertForSequenceClassification were not initialized from the model checkpoint at distilbert-base-uncased and are newly initialized: ['classifier.bias', 'classifier.weight', 'pre_classifier.bias', 'pre_classifier.weight']
You should probably TRAIN this model on a down-stream task to be able to use it for predictions and inference.
[train] epoch 1/10 train_loss=0.6463 val_loss=0.6659 val_f1=0.4949 patience=0/3
[train] new best val_f1=0.4949 at epoch 1 -> /lus/lfs1aip2/projects/b5ac/project_1/data/10_recipe_sweep_and_training/matrix/checkpoints/distilbert_base/seed_48/best
[train] epoch 2/10 train_loss=0.6155 val_loss=0.6818 val_f1=0.4920 patience=0/3
[train] epoch 3/10 train_loss=0.5502 val_loss=0.6680 val_f1=0.6813 patience=1/3
[train] new best val_f1=0.6813 at epoch 3 -> /lus/lfs1aip2/projects/b5ac/project_1/data/10_recipe_sweep_and_training/matrix/checkpoints/distilbert_base/seed_48/best
[train] epoch 4/10 train_loss=0.4211 val_loss=0.7144 val_f1=0.7133 patience=0/3
[train] new best val_f1=0.7133 at epoch 4 -> /lus/lfs1aip2/projects/b5ac/project_1/data/10_recipe_sweep_and_training/matrix/checkpoints/distilbert_base/seed_48/best
[train] epoch 5/10 train_loss=0.3686 val_loss=0.8120 val_f1=0.6887 patience=0/3
[train] epoch 6/10 train_loss=0.3344 val_loss=0.8659 val_f1=0.6737 patience=1/3
[train] epoch 7/10 train_loss=0.3041 val_loss=0.8823 val_f1=0.6953 patience=2/3
[train] early stop at epoch 7 (no val_f1 improvement for 3 epochs)
[train] done distilbert_base seed=48 best_val_f1=0.7133 best_epoch=4 epochs_run=7
[benchmark] evaluating /lus/lfs1aip2/projects/b5ac/project_1/data/10_recipe_sweep_and_training/matrix/checkpoints/distilbert_base/seed_48/best on 14395 BioRED test examples
[benchmark] batch 1/450 examples=32/14395
[benchmark] batch 45/450 examples=1440/14395
[benchmark] batch 90/450 examples=2880/14395
[benchmark] batch 135/450 examples=4320/14395
[benchmark] batch 180/450 examples=5760/14395
[benchmark] batch 225/450 examples=7200/14395
[benchmark] batch 270/450 examples=8640/14395
[benchmark] batch 315/450 examples=10080/14395
[benchmark] batch 360/450 examples=11520/14395
[benchmark] batch 405/450 examples=12960/14395
[benchmark] batch 450/450 examples=14395/14395
[benchmark] done f1=0.6989 precision=0.6813 recall=0.7174 n_positives=8875
  COMPLETE DistilBERT-base (distilbert_base) seed=48: benchmark_f1=0.699 best_epoch=4 marker=/lus/lfs1aip2/projects/b5ac/project_1/data/10_recipe_sweep_and_training/matrix/results/distilbert_base/seed_48/matrix_complete.json
  RUN START DistilBERT-base (distilbert_base) seed=49 [8/8 in this job]
[train] start distilbert_base seed=49 lr=3e-05 warmup=none train=24000 val=25311 -> /lus/lfs1aip2/projects/b5ac/project_1/data/10_recipe_sweep_and_training/matrix/checkpoints/distilbert_base/seed_49
[train] device=cuda batch_size=16 max_epochs=10
Some weights of DistilBertForSequenceClassification were not initialized from the model checkpoint at distilbert-base-uncased and are newly initialized: ['classifier.bias', 'classifier.weight', 'pre_classifier.bias', 'pre_classifier.weight']
You should probably TRAIN this model on a down-stream task to be able to use it for predictions and inference.
[train] epoch 1/10 train_loss=0.6484 val_loss=0.6840 val_f1=0.4337 patience=0/3
[train] new best val_f1=0.4337 at epoch 1 -> /lus/lfs1aip2/projects/b5ac/project_1/data/10_recipe_sweep_and_training/matrix/checkpoints/distilbert_base/seed_49/best
[train] epoch 2/10 train_loss=0.6159 val_loss=0.7600 val_f1=0.2864 patience=0/3
[train] epoch 3/10 train_loss=0.5212 val_loss=0.6275 val_f1=0.7060 patience=1/3
[train] new best val_f1=0.7060 at epoch 3 -> /lus/lfs1aip2/projects/b5ac/project_1/data/10_recipe_sweep_and_training/matrix/checkpoints/distilbert_base/seed_49/best
[train] epoch 4/10 train_loss=0.4105 val_loss=0.8042 val_f1=0.5936 patience=0/3
[train] epoch 5/10 train_loss=0.3624 val_loss=0.9101 val_f1=0.6640 patience=1/3
[train] epoch 6/10 train_loss=0.3261 val_loss=0.8572 val_f1=0.6732 patience=2/3
[train] early stop at epoch 6 (no val_f1 improvement for 3 epochs)
[train] done distilbert_base seed=49 best_val_f1=0.7060 best_epoch=3 epochs_run=6
[benchmark] evaluating /lus/lfs1aip2/projects/b5ac/project_1/data/10_recipe_sweep_and_training/matrix/checkpoints/distilbert_base/seed_49/best on 14395 BioRED test examples
[benchmark] batch 1/450 examples=32/14395
[benchmark] batch 45/450 examples=1440/14395
[benchmark] batch 90/450 examples=2880/14395
[benchmark] batch 135/450 examples=4320/14395
[benchmark] batch 180/450 examples=5760/14395
[benchmark] batch 225/450 examples=7200/14395
[benchmark] batch 270/450 examples=8640/14395
[benchmark] batch 315/450 examples=10080/14395
[benchmark] batch 360/450 examples=11520/14395
[benchmark] batch 405/450 examples=12960/14395
[benchmark] batch 450/450 examples=14395/14395
[benchmark] done f1=0.7051 precision=0.6816 recall=0.7303 n_positives=8875
  COMPLETE DistilBERT-base (distilbert_base) seed=49: benchmark_f1=0.705 best_epoch=3 marker=/lus/lfs1aip2/projects/b5ac/project_1/data/10_recipe_sweep_and_training/matrix/results/distilbert_base/seed_49/matrix_complete.json

=== Step-2 matrix training complete (this job) ===
  Trained: 8, skipped (already done): 0, planned: 8

=== Done ===
End: Tue  9 Jun 11:15:40 UTC 2026
