=== 1e-5 supplementary side-matrix training ===
Host: nid010194
SLURM_JOB_ID=5411865
SLURM_JOB_NAME=lr1e5_bluebert_46-47-48-49
Start: Sun Jun 28 19:30:06 UTC 2026
REPO=/home/b5ac/freddieyu.b5ac/project_1
OUTPUT_ROOT=/home/b5ac/freddieyu.b5ac/project_1/../projects/project_1
STEP_ARGS=--models bluebert_base --seeds 46 47 48 49
Side output: /home/b5ac/freddieyu.b5ac/project_1/../projects/project_1/data/10_recipe_sweep_and_training/lr1e5_sidecheck/
Main matrix (untouched): /home/b5ac/freddieyu.b5ac/project_1/../projects/project_1/data/10_recipe_sweep_and_training/matrix/

=== 1e-5 side-matrix training ===
Recipe: lr=1e-05, warmup=none
Output: /lus/lfs1aip2/projects/b5ac/project_1/data/10_recipe_sweep_and_training/lr1e5_sidecheck


=== Step-2 matrix training ===
Recipe: lr=1e-05, warmup=none (checkpoint criterion=pooled_val_f1_micro)
Encoders (1): ['bluebert_base']
Seeds (4): [46, 47, 48, 49]
Planned runs this job: 4


=== Estimated checkpoint footprint (rough) ===
  Runs: 1 encoders x 4 seeds = 4
  Assumed ~10 epochs/run; epoch ckpt ~220 MiB (fp16); best ckpt ~440 MiB (fp32)
  Per run ~2640 MiB; total ~10.3 GiB
  MAX_EPOCH_CHECKPOINTS_TO_KEEP=None (None = keep all epoch checkpoints)

[benchmark] building BioRED test examples...
[benchmark] built 14395 BioRED test examples (leaked PMIDs excluded)
[benchmark] building DrugProt test examples...
[benchmark] DrugProt: no labeled public test split in BigBio (splits=['train', 'validation', 'test_background']; test_background is unlabeled). Skipping DrugProt holdout benchmark; gene-drug combined uses BioRED test only.
  RUN START BlueBERT-base (bluebert_base) seed=46 [1/4 in this job]
[train] start bluebert_base seed=46 lr=1e-05 warmup=none hf=bionlp/bluebert_pubmed_mimic_uncased_L-12_H-768_A-12 train=24000 val=25311 (pooled BioRED+DrugProt) -> /lus/lfs1aip2/projects/b5ac/project_1/data/10_recipe_sweep_and_training/lr1e5_sidecheck/checkpoints/bluebert_base/seed_46
[train] device=cuda batch_size=16 max_epochs=10
Some weights of BertForSequenceClassification were not initialized from the model checkpoint at bionlp/bluebert_pubmed_mimic_uncased_L-12_H-768_A-12 and are newly initialized: ['classifier.bias', 'classifier.weight']
You should probably TRAIN this model on a down-stream task to be able to use it for predictions and inference.
[train] epoch 1/10 train_loss=0.6393 val_loss=0.6608 pooled_val_f1_micro=0.6012
[train] new best pooled_val_f1_micro=0.6012 at epoch 1 -> /lus/lfs1aip2/projects/b5ac/project_1/data/10_recipe_sweep_and_training/lr1e5_sidecheck/checkpoints/bluebert_base/seed_46/best
[train] epoch 2/10 train_loss=0.5471 val_loss=0.6421 pooled_val_f1_micro=0.6317
[train] new best pooled_val_f1_micro=0.6317 at epoch 2 -> /lus/lfs1aip2/projects/b5ac/project_1/data/10_recipe_sweep_and_training/lr1e5_sidecheck/checkpoints/bluebert_base/seed_46/best
[train] epoch 3/10 train_loss=0.4851 val_loss=0.7057 pooled_val_f1_micro=0.6444
[train] new best pooled_val_f1_micro=0.6444 at epoch 3 -> /lus/lfs1aip2/projects/b5ac/project_1/data/10_recipe_sweep_and_training/lr1e5_sidecheck/checkpoints/bluebert_base/seed_46/best
[train] epoch 4/10 train_loss=0.4441 val_loss=0.8567 pooled_val_f1_micro=0.6175
[train] epoch 5/10 train_loss=0.4124 val_loss=0.7926 pooled_val_f1_micro=0.6494
[train] new best pooled_val_f1_micro=0.6494 at epoch 5 -> /lus/lfs1aip2/projects/b5ac/project_1/data/10_recipe_sweep_and_training/lr1e5_sidecheck/checkpoints/bluebert_base/seed_46/best
[train] epoch 6/10 train_loss=0.3822 val_loss=0.8609 pooled_val_f1_micro=0.5886
[train] epoch 7/10 train_loss=0.3556 val_loss=0.9549 pooled_val_f1_micro=0.6726
[train] new best pooled_val_f1_micro=0.6726 at epoch 7 -> /lus/lfs1aip2/projects/b5ac/project_1/data/10_recipe_sweep_and_training/lr1e5_sidecheck/checkpoints/bluebert_base/seed_46/best
[train] epoch 8/10 train_loss=0.3321 val_loss=0.8552 pooled_val_f1_micro=0.6891
[train] new best pooled_val_f1_micro=0.6891 at epoch 8 -> /lus/lfs1aip2/projects/b5ac/project_1/data/10_recipe_sweep_and_training/lr1e5_sidecheck/checkpoints/bluebert_base/seed_46/best
[train] epoch 9/10 train_loss=0.3150 val_loss=0.9229 pooled_val_f1_micro=0.6743
[train] epoch 10/10 train_loss=0.3001 val_loss=1.0411 pooled_val_f1_micro=0.6260
[train] done bluebert_base seed=46 best_val_f1=0.6891 best_epoch=8 epochs_run=10
[benchmark] evaluating /lus/lfs1aip2/projects/b5ac/project_1/data/10_recipe_sweep_and_training/lr1e5_sidecheck/checkpoints/bluebert_base/seed_46/best: BioRED=14395 DrugProt=0 gdis=9769 gd_combined=4626 (DrugProt holdout unavailable; combined=BioRED gene-drug only)
[benchmark] done gdis=0.7534 gd_combined=0.6093 gd_biored=0.6093 gd_drugprot=nan overall=0.7140
  COMPLETE BlueBERT-base (bluebert_base) seed=46: gd_combined=0.609 gdis=0.753 best_epoch=8 pooled_val_f1=0.689 marker=/lus/lfs1aip2/projects/b5ac/project_1/data/10_recipe_sweep_and_training/lr1e5_sidecheck/results/bluebert_base/seed_46/matrix_complete.json
  RUN START BlueBERT-base (bluebert_base) seed=47 [2/4 in this job]
[train] start bluebert_base seed=47 lr=1e-05 warmup=none hf=bionlp/bluebert_pubmed_mimic_uncased_L-12_H-768_A-12 train=24000 val=25311 (pooled BioRED+DrugProt) -> /lus/lfs1aip2/projects/b5ac/project_1/data/10_recipe_sweep_and_training/lr1e5_sidecheck/checkpoints/bluebert_base/seed_47
[train] device=cuda batch_size=16 max_epochs=10
Some weights of BertForSequenceClassification were not initialized from the model checkpoint at bionlp/bluebert_pubmed_mimic_uncased_L-12_H-768_A-12 and are newly initialized: ['classifier.bias', 'classifier.weight']
You should probably TRAIN this model on a down-stream task to be able to use it for predictions and inference.
[train] epoch 1/10 train_loss=0.6252 val_loss=0.6350 pooled_val_f1_micro=0.6682
[train] new best pooled_val_f1_micro=0.6682 at epoch 1 -> /lus/lfs1aip2/projects/b5ac/project_1/data/10_recipe_sweep_and_training/lr1e5_sidecheck/checkpoints/bluebert_base/seed_47/best
[train] epoch 2/10 train_loss=0.5367 val_loss=0.6435 pooled_val_f1_micro=0.5732
[train] epoch 3/10 train_loss=0.4840 val_loss=0.7379 pooled_val_f1_micro=0.6416
[train] epoch 4/10 train_loss=0.4447 val_loss=0.7147 pooled_val_f1_micro=0.7045
[train] new best pooled_val_f1_micro=0.7045 at epoch 4 -> /lus/lfs1aip2/projects/b5ac/project_1/data/10_recipe_sweep_and_training/lr1e5_sidecheck/checkpoints/bluebert_base/seed_47/best
[train] epoch 5/10 train_loss=0.4161 val_loss=0.8016 pooled_val_f1_micro=0.6236
[train] epoch 6/10 train_loss=0.3873 val_loss=0.8511 pooled_val_f1_micro=0.6133
[train] epoch 7/10 train_loss=0.3599 val_loss=0.8166 pooled_val_f1_micro=0.6483
[train] epoch 8/10 train_loss=0.3431 val_loss=0.8929 pooled_val_f1_micro=0.6271
[train] epoch 9/10 train_loss=0.3172 val_loss=0.9355 pooled_val_f1_micro=0.6552
[train] epoch 10/10 train_loss=0.3014 val_loss=0.9726 pooled_val_f1_micro=0.6875
[train] done bluebert_base seed=47 best_val_f1=0.7045 best_epoch=4 epochs_run=10
[benchmark] evaluating /lus/lfs1aip2/projects/b5ac/project_1/data/10_recipe_sweep_and_training/lr1e5_sidecheck/checkpoints/bluebert_base/seed_47/best: BioRED=14395 DrugProt=0 gdis=9769 gd_combined=4626 (DrugProt holdout unavailable; combined=BioRED gene-drug only)
[benchmark] done gdis=0.7677 gd_combined=0.6237 gd_biored=0.6237 gd_drugprot=nan overall=0.7286
  COMPLETE BlueBERT-base (bluebert_base) seed=47: gd_combined=0.624 gdis=0.768 best_epoch=4 pooled_val_f1=0.704 marker=/lus/lfs1aip2/projects/b5ac/project_1/data/10_recipe_sweep_and_training/lr1e5_sidecheck/results/bluebert_base/seed_47/matrix_complete.json
  RUN START BlueBERT-base (bluebert_base) seed=48 [3/4 in this job]
[train] start bluebert_base seed=48 lr=1e-05 warmup=none hf=bionlp/bluebert_pubmed_mimic_uncased_L-12_H-768_A-12 train=24000 val=25311 (pooled BioRED+DrugProt) -> /lus/lfs1aip2/projects/b5ac/project_1/data/10_recipe_sweep_and_training/lr1e5_sidecheck/checkpoints/bluebert_base/seed_48
[train] device=cuda batch_size=16 max_epochs=10
Some weights of BertForSequenceClassification were not initialized from the model checkpoint at bionlp/bluebert_pubmed_mimic_uncased_L-12_H-768_A-12 and are newly initialized: ['classifier.bias', 'classifier.weight']
You should probably TRAIN this model on a down-stream task to be able to use it for predictions and inference.
[train] epoch 1/10 train_loss=0.6342 val_loss=0.6545 pooled_val_f1_micro=0.4945
[train] new best pooled_val_f1_micro=0.4945 at epoch 1 -> /lus/lfs1aip2/projects/b5ac/project_1/data/10_recipe_sweep_and_training/lr1e5_sidecheck/checkpoints/bluebert_base/seed_48/best
[train] epoch 2/10 train_loss=0.5484 val_loss=0.7310 pooled_val_f1_micro=0.6615
[train] new best pooled_val_f1_micro=0.6615 at epoch 2 -> /lus/lfs1aip2/projects/b5ac/project_1/data/10_recipe_sweep_and_training/lr1e5_sidecheck/checkpoints/bluebert_base/seed_48/best
[train] epoch 3/10 train_loss=0.4969 val_loss=0.7100 pooled_val_f1_micro=0.5761
[train] epoch 4/10 train_loss=0.4517 val_loss=0.6610 pooled_val_f1_micro=0.6331
[train] epoch 5/10 train_loss=0.4148 val_loss=0.8199 pooled_val_f1_micro=0.6700
[train] new best pooled_val_f1_micro=0.6700 at epoch 5 -> /lus/lfs1aip2/projects/b5ac/project_1/data/10_recipe_sweep_and_training/lr1e5_sidecheck/checkpoints/bluebert_base/seed_48/best
[train] epoch 6/10 train_loss=0.3873 val_loss=0.9682 pooled_val_f1_micro=0.6093
[train] epoch 7/10 train_loss=0.3605 val_loss=0.8091 pooled_val_f1_micro=0.6560
[train] epoch 8/10 train_loss=0.3374 val_loss=0.8586 pooled_val_f1_micro=0.6354
[train] epoch 9/10 train_loss=0.3161 val_loss=0.9550 pooled_val_f1_micro=0.6265
[train] epoch 10/10 train_loss=0.3032 val_loss=0.9099 pooled_val_f1_micro=0.6663
[train] done bluebert_base seed=48 best_val_f1=0.6700 best_epoch=5 epochs_run=10
[benchmark] evaluating /lus/lfs1aip2/projects/b5ac/project_1/data/10_recipe_sweep_and_training/lr1e5_sidecheck/checkpoints/bluebert_base/seed_48/best: BioRED=14395 DrugProt=0 gdis=9769 gd_combined=4626 (DrugProt holdout unavailable; combined=BioRED gene-drug only)
[benchmark] done gdis=0.7588 gd_combined=0.5840 gd_biored=0.5840 gd_drugprot=nan overall=0.7118
  COMPLETE BlueBERT-base (bluebert_base) seed=48: gd_combined=0.584 gdis=0.759 best_epoch=5 pooled_val_f1=0.670 marker=/lus/lfs1aip2/projects/b5ac/project_1/data/10_recipe_sweep_and_training/lr1e5_sidecheck/results/bluebert_base/seed_48/matrix_complete.json
  RUN START BlueBERT-base (bluebert_base) seed=49 [4/4 in this job]
[train] start bluebert_base seed=49 lr=1e-05 warmup=none hf=bionlp/bluebert_pubmed_mimic_uncased_L-12_H-768_A-12 train=24000 val=25311 (pooled BioRED+DrugProt) -> /lus/lfs1aip2/projects/b5ac/project_1/data/10_recipe_sweep_and_training/lr1e5_sidecheck/checkpoints/bluebert_base/seed_49
[train] device=cuda batch_size=16 max_epochs=10
Some weights of BertForSequenceClassification were not initialized from the model checkpoint at bionlp/bluebert_pubmed_mimic_uncased_L-12_H-768_A-12 and are newly initialized: ['classifier.bias', 'classifier.weight']
You should probably TRAIN this model on a down-stream task to be able to use it for predictions and inference.
[train] epoch 1/10 train_loss=0.6349 val_loss=0.6624 pooled_val_f1_micro=0.6614
[train] new best pooled_val_f1_micro=0.6614 at epoch 1 -> /lus/lfs1aip2/projects/b5ac/project_1/data/10_recipe_sweep_and_training/lr1e5_sidecheck/checkpoints/bluebert_base/seed_49/best
[train] epoch 2/10 train_loss=0.5446 val_loss=0.6281 pooled_val_f1_micro=0.5449
[train] epoch 3/10 train_loss=0.4907 val_loss=0.7139 pooled_val_f1_micro=0.6268
[train] epoch 4/10 train_loss=0.4489 val_loss=0.6504 pooled_val_f1_micro=0.6137
[train] epoch 5/10 train_loss=0.4150 val_loss=0.7127 pooled_val_f1_micro=0.7145
[train] new best pooled_val_f1_micro=0.7145 at epoch 5 -> /lus/lfs1aip2/projects/b5ac/project_1/data/10_recipe_sweep_and_training/lr1e5_sidecheck/checkpoints/bluebert_base/seed_49/best
[train] epoch 6/10 train_loss=0.3907 val_loss=0.8526 pooled_val_f1_micro=0.6490
[train] epoch 7/10 train_loss=0.3617 val_loss=0.8465 pooled_val_f1_micro=0.6749
[train] epoch 8/10 train_loss=0.3400 val_loss=0.9292 pooled_val_f1_micro=0.6121
[train] epoch 9/10 train_loss=0.3126 val_loss=1.0100 pooled_val_f1_micro=0.6161
[train] epoch 10/10 train_loss=0.2965 val_loss=0.9174 pooled_val_f1_micro=0.6293
[train] done bluebert_base seed=49 best_val_f1=0.7145 best_epoch=5 epochs_run=10
[benchmark] evaluating /lus/lfs1aip2/projects/b5ac/project_1/data/10_recipe_sweep_and_training/lr1e5_sidecheck/checkpoints/bluebert_base/seed_49/best: BioRED=14395 DrugProt=0 gdis=9769 gd_combined=4626 (DrugProt holdout unavailable; combined=BioRED gene-drug only)
[benchmark] done gdis=0.7720 gd_combined=0.6369 gd_biored=0.6369 gd_drugprot=nan overall=0.7356
  COMPLETE BlueBERT-base (bluebert_base) seed=49: gd_combined=0.637 gdis=0.772 best_epoch=5 pooled_val_f1=0.714 marker=/lus/lfs1aip2/projects/b5ac/project_1/data/10_recipe_sweep_and_training/lr1e5_sidecheck/results/bluebert_base/seed_49/matrix_complete.json

=== Step-2 matrix training complete (this job) ===
  Trained: 4, skipped (already done): 0, planned: 4

End: Sun Jun 28 21:40:35 UTC 2026
