=== Step 2: full-matrix training ===
Host: nid010228
SLURM_JOB_ID=5104035
SLURM_JOB_NAME=step2_train
Start: Tue  9 Jun 13:31:38 UTC 2026
REPO=/home/b5ac/freddieyu.b5ac/project_1
OUTPUT_ROOT=/home/b5ac/freddieyu.b5ac/project_1/../projects/project_1
STEP_ARGS=--models deberta_base
Log: /home/b5ac/freddieyu.b5ac/project_1/../projects/project_1/runs/10_recipe_sweep_and_training/train_5104035.out
Ensure CHOSEN_RECIPE is set in config.py (not None) before submitting.
TMPDIR=/home/b5ac/freddieyu.b5ac/project_1/../projects/project_1/runs/10_recipe_sweep_and_training/tmp_5104035
=== Recipe sweep and training 2026-06-09T13:31:41.805083 ===
[run] mode=train-only (step 2)
[run] model filter: ['deberta_base']

=== Step-2 matrix training ===
Recipe: lr=5e-06, warmup=none (checkpoint criterion=val_f1)
Encoders (1): ['deberta_base']
Seeds (8): [42, 43, 44, 45, 46, 47, 48, 49]
Planned runs this job: 8


=== Estimated checkpoint footprint (rough) ===
  Runs: 1 encoders x 8 seeds = 8
  Assumed ~7 epochs/run; epoch ckpt ~220 MiB (fp16); best ckpt ~440 MiB (fp32)
  Per run ~1980 MiB; total ~15.5 GiB
  MAX_EPOCH_CHECKPOINTS_TO_KEEP=None (None = keep all epoch checkpoints)

[benchmark] building BioRED test examples...
[benchmark] built 14395 test examples (leaked PMIDs excluded)
  RUN START DeBERTa-base (deberta_base) seed=42 [1/8 in this job]
[train] start deberta_base seed=42 lr=5e-06 warmup=none train=24000 val=25311 -> /lus/lfs1aip2/projects/b5ac/project_1/data/10_recipe_sweep_and_training/matrix/checkpoints/deberta_base/seed_42
[train] device=cuda batch_size=16 max_epochs=10
Some weights of DebertaForSequenceClassification were not initialized from the model checkpoint at microsoft/deberta-base and are newly initialized: ['classifier.bias', 'classifier.weight', 'pooler.dense.bias', 'pooler.dense.weight']
You should probably TRAIN this model on a down-stream task to be able to use it for predictions and inference.
[train] epoch 1/10 train_loss=0.6025 val_loss=0.5893 val_f1=0.7342 patience=0/3
[train] new best val_f1=0.7342 at epoch 1 -> /lus/lfs1aip2/projects/b5ac/project_1/data/10_recipe_sweep_and_training/matrix/checkpoints/deberta_base/seed_42/best
[train] epoch 2/10 train_loss=0.4569 val_loss=0.6018 val_f1=0.7437 patience=0/3
[train] new best val_f1=0.7437 at epoch 2 -> /lus/lfs1aip2/projects/b5ac/project_1/data/10_recipe_sweep_and_training/matrix/checkpoints/deberta_base/seed_42/best
[train] epoch 3/10 train_loss=0.4015 val_loss=0.7815 val_f1=0.7222 patience=0/3
[train] epoch 4/10 train_loss=0.3596 val_loss=0.7602 val_f1=0.6924 patience=1/3
[train] epoch 5/10 train_loss=0.3293 val_loss=0.7826 val_f1=0.7245 patience=2/3
[train] early stop at epoch 5 (no val_f1 improvement for 3 epochs)
[train] done deberta_base seed=42 best_val_f1=0.7437 best_epoch=2 epochs_run=5
[benchmark] evaluating /lus/lfs1aip2/projects/b5ac/project_1/data/10_recipe_sweep_and_training/matrix/checkpoints/deberta_base/seed_42/best on 14395 BioRED test examples
[benchmark] batch 1/450 examples=32/14395
[benchmark] batch 45/450 examples=1440/14395
[benchmark] batch 90/450 examples=2880/14395
[benchmark] batch 135/450 examples=4320/14395
[benchmark] batch 180/450 examples=5760/14395
[benchmark] batch 225/450 examples=7200/14395
[benchmark] batch 270/450 examples=8640/14395
[benchmark] batch 315/450 examples=10080/14395
[benchmark] batch 360/450 examples=11520/14395
[benchmark] batch 405/450 examples=12960/14395
[benchmark] batch 450/450 examples=14395/14395
[benchmark] done f1=0.7343 precision=0.6689 recall=0.8139 n_positives=8875
  COMPLETE DeBERTa-base (deberta_base) seed=42: benchmark_f1=0.734 best_epoch=2 marker=/lus/lfs1aip2/projects/b5ac/project_1/data/10_recipe_sweep_and_training/matrix/results/deberta_base/seed_42/matrix_complete.json
  RUN START DeBERTa-base (deberta_base) seed=43 [2/8 in this job]
[train] start deberta_base seed=43 lr=5e-06 warmup=none train=24000 val=25311 -> /lus/lfs1aip2/projects/b5ac/project_1/data/10_recipe_sweep_and_training/matrix/checkpoints/deberta_base/seed_43
[train] device=cuda batch_size=16 max_epochs=10
Some weights of DebertaForSequenceClassification were not initialized from the model checkpoint at microsoft/deberta-base and are newly initialized: ['classifier.bias', 'classifier.weight', 'pooler.dense.bias', 'pooler.dense.weight']
You should probably TRAIN this model on a down-stream task to be able to use it for predictions and inference.
[train] epoch 1/10 train_loss=0.6516 val_loss=0.5766 val_f1=0.7522 patience=0/3
[train] new best val_f1=0.7522 at epoch 1 -> /lus/lfs1aip2/projects/b5ac/project_1/data/10_recipe_sweep_and_training/matrix/checkpoints/deberta_base/seed_43/best
[train] epoch 2/10 train_loss=0.4899 val_loss=0.6741 val_f1=0.7181 patience=0/3
[train] epoch 3/10 train_loss=0.4158 val_loss=0.6345 val_f1=0.7608 patience=1/3
[train] new best val_f1=0.7608 at epoch 3 -> /lus/lfs1aip2/projects/b5ac/project_1/data/10_recipe_sweep_and_training/matrix/checkpoints/deberta_base/seed_43/best
[train] epoch 4/10 train_loss=0.3740 val_loss=0.6408 val_f1=0.7565 patience=0/3
[train] epoch 5/10 train_loss=0.3399 val_loss=0.8726 val_f1=0.7201 patience=1/3
[train] epoch 6/10 train_loss=0.3139 val_loss=0.9055 val_f1=0.7221 patience=2/3
[train] early stop at epoch 6 (no val_f1 improvement for 3 epochs)
[train] done deberta_base seed=43 best_val_f1=0.7608 best_epoch=3 epochs_run=6
[benchmark] evaluating /lus/lfs1aip2/projects/b5ac/project_1/data/10_recipe_sweep_and_training/matrix/checkpoints/deberta_base/seed_43/best on 14395 BioRED test examples
[benchmark] batch 1/450 examples=32/14395
[benchmark] batch 45/450 examples=1440/14395
[benchmark] batch 90/450 examples=2880/14395
[benchmark] batch 135/450 examples=4320/14395
[benchmark] batch 180/450 examples=5760/14395
[benchmark] batch 225/450 examples=7200/14395
[benchmark] batch 270/450 examples=8640/14395
[benchmark] batch 315/450 examples=10080/14395
[benchmark] batch 360/450 examples=11520/14395
[benchmark] batch 405/450 examples=12960/14395
[benchmark] batch 450/450 examples=14395/14395
[benchmark] done f1=0.7349 precision=0.6693 recall=0.8149 n_positives=8875
  COMPLETE DeBERTa-base (deberta_base) seed=43: benchmark_f1=0.735 best_epoch=3 marker=/lus/lfs1aip2/projects/b5ac/project_1/data/10_recipe_sweep_and_training/matrix/results/deberta_base/seed_43/matrix_complete.json
  RUN START DeBERTa-base (deberta_base) seed=44 [3/8 in this job]
[train] start deberta_base seed=44 lr=5e-06 warmup=none train=24000 val=25311 -> /lus/lfs1aip2/projects/b5ac/project_1/data/10_recipe_sweep_and_training/matrix/checkpoints/deberta_base/seed_44
[train] device=cuda batch_size=16 max_epochs=10
Some weights of DebertaForSequenceClassification were not initialized from the model checkpoint at microsoft/deberta-base and are newly initialized: ['classifier.bias', 'classifier.weight', 'pooler.dense.bias', 'pooler.dense.weight']
You should probably TRAIN this model on a down-stream task to be able to use it for predictions and inference.
[train] epoch 1/10 train_loss=0.6154 val_loss=0.5736 val_f1=0.6599 patience=0/3
[train] new best val_f1=0.6599 at epoch 1 -> /lus/lfs1aip2/projects/b5ac/project_1/data/10_recipe_sweep_and_training/matrix/checkpoints/deberta_base/seed_44/best
[train] epoch 2/10 train_loss=0.4653 val_loss=0.6107 val_f1=0.7397 patience=0/3
[train] new best val_f1=0.7397 at epoch 2 -> /lus/lfs1aip2/projects/b5ac/project_1/data/10_recipe_sweep_and_training/matrix/checkpoints/deberta_base/seed_44/best
[train] epoch 3/10 train_loss=0.4092 val_loss=0.5949 val_f1=0.7724 patience=0/3
[train] new best val_f1=0.7724 at epoch 3 -> /lus/lfs1aip2/projects/b5ac/project_1/data/10_recipe_sweep_and_training/matrix/checkpoints/deberta_base/seed_44/best
[train] epoch 4/10 train_loss=0.3695 val_loss=0.7130 val_f1=0.7161 patience=0/3
[train] epoch 5/10 train_loss=0.3377 val_loss=0.7032 val_f1=0.7221 patience=1/3
[train] epoch 6/10 train_loss=0.3126 val_loss=0.7570 val_f1=0.7479 patience=2/3
[train] early stop at epoch 6 (no val_f1 improvement for 3 epochs)
[train] done deberta_base seed=44 best_val_f1=0.7724 best_epoch=3 epochs_run=6
[benchmark] evaluating /lus/lfs1aip2/projects/b5ac/project_1/data/10_recipe_sweep_and_training/matrix/checkpoints/deberta_base/seed_44/best on 14395 BioRED test examples
[benchmark] batch 1/450 examples=32/14395
[benchmark] batch 45/450 examples=1440/14395
[benchmark] batch 90/450 examples=2880/14395
[benchmark] batch 135/450 examples=4320/14395
[benchmark] batch 180/450 examples=5760/14395
[benchmark] batch 225/450 examples=7200/14395
[benchmark] batch 270/450 examples=8640/14395
[benchmark] batch 315/450 examples=10080/14395
[benchmark] batch 360/450 examples=11520/14395
[benchmark] batch 405/450 examples=12960/14395
[benchmark] batch 450/450 examples=14395/14395
[benchmark] done f1=0.7524 precision=0.6763 recall=0.8480 n_positives=8875
  COMPLETE DeBERTa-base (deberta_base) seed=44: benchmark_f1=0.752 best_epoch=3 marker=/lus/lfs1aip2/projects/b5ac/project_1/data/10_recipe_sweep_and_training/matrix/results/deberta_base/seed_44/matrix_complete.json
  RUN START DeBERTa-base (deberta_base) seed=45 [4/8 in this job]
[train] start deberta_base seed=45 lr=5e-06 warmup=none train=24000 val=25311 -> /lus/lfs1aip2/projects/b5ac/project_1/data/10_recipe_sweep_and_training/matrix/checkpoints/deberta_base/seed_45
[train] device=cuda batch_size=16 max_epochs=10
Some weights of DebertaForSequenceClassification were not initialized from the model checkpoint at microsoft/deberta-base and are newly initialized: ['classifier.bias', 'classifier.weight', 'pooler.dense.bias', 'pooler.dense.weight']
You should probably TRAIN this model on a down-stream task to be able to use it for predictions and inference.
[train] epoch 1/10 train_loss=0.6619 val_loss=0.6104 val_f1=0.7368 patience=0/3
[train] new best val_f1=0.7368 at epoch 1 -> /lus/lfs1aip2/projects/b5ac/project_1/data/10_recipe_sweep_and_training/matrix/checkpoints/deberta_base/seed_45/best
[train] epoch 2/10 train_loss=0.5106 val_loss=0.6611 val_f1=0.7153 patience=0/3
[train] epoch 3/10 train_loss=0.4533 val_loss=0.5998 val_f1=0.7327 patience=1/3
[train] epoch 4/10 train_loss=0.4113 val_loss=0.6751 val_f1=0.6894 patience=2/3
[train] early stop at epoch 4 (no val_f1 improvement for 3 epochs)
[train] done deberta_base seed=45 best_val_f1=0.7368 best_epoch=1 epochs_run=4
[benchmark] evaluating /lus/lfs1aip2/projects/b5ac/project_1/data/10_recipe_sweep_and_training/matrix/checkpoints/deberta_base/seed_45/best on 14395 BioRED test examples
[benchmark] batch 1/450 examples=32/14395
[benchmark] batch 45/450 examples=1440/14395
[benchmark] batch 90/450 examples=2880/14395
[benchmark] batch 135/450 examples=4320/14395
[benchmark] batch 180/450 examples=5760/14395
[benchmark] batch 225/450 examples=7200/14395
[benchmark] batch 270/450 examples=8640/14395
[benchmark] batch 315/450 examples=10080/14395
[benchmark] batch 360/450 examples=11520/14395
[benchmark] batch 405/450 examples=12960/14395
[benchmark] batch 450/450 examples=14395/14395
[benchmark] done f1=0.7601 precision=0.6286 recall=0.9612 n_positives=8875
  COMPLETE DeBERTa-base (deberta_base) seed=45: benchmark_f1=0.760 best_epoch=1 marker=/lus/lfs1aip2/projects/b5ac/project_1/data/10_recipe_sweep_and_training/matrix/results/deberta_base/seed_45/matrix_complete.json
  RUN START DeBERTa-base (deberta_base) seed=46 [5/8 in this job]
[train] start deberta_base seed=46 lr=5e-06 warmup=none train=24000 val=25311 -> /lus/lfs1aip2/projects/b5ac/project_1/data/10_recipe_sweep_and_training/matrix/checkpoints/deberta_base/seed_46
[train] device=cuda batch_size=16 max_epochs=10
Some weights of DebertaForSequenceClassification were not initialized from the model checkpoint at microsoft/deberta-base and are newly initialized: ['classifier.bias', 'classifier.weight', 'pooler.dense.bias', 'pooler.dense.weight']
You should probably TRAIN this model on a down-stream task to be able to use it for predictions and inference.
[train] epoch 1/10 train_loss=0.5934 val_loss=0.5585 val_f1=0.7387 patience=0/3
[train] new best val_f1=0.7387 at epoch 1 -> /lus/lfs1aip2/projects/b5ac/project_1/data/10_recipe_sweep_and_training/matrix/checkpoints/deberta_base/seed_46/best
[train] epoch 2/10 train_loss=0.4561 val_loss=0.6211 val_f1=0.7097 patience=0/3
[train] epoch 3/10 train_loss=0.4029 val_loss=0.5940 val_f1=0.7493 patience=1/3
[train] new best val_f1=0.7493 at epoch 3 -> /lus/lfs1aip2/projects/b5ac/project_1/data/10_recipe_sweep_and_training/matrix/checkpoints/deberta_base/seed_46/best
[train] epoch 4/10 train_loss=0.3671 val_loss=0.6759 val_f1=0.7146 patience=0/3
[train] epoch 5/10 train_loss=0.3373 val_loss=0.6693 val_f1=0.7485 patience=1/3
[train] epoch 6/10 train_loss=0.3077 val_loss=0.7894 val_f1=0.7155 patience=2/3
[train] early stop at epoch 6 (no val_f1 improvement for 3 epochs)
[train] done deberta_base seed=46 best_val_f1=0.7493 best_epoch=3 epochs_run=6
[benchmark] evaluating /lus/lfs1aip2/projects/b5ac/project_1/data/10_recipe_sweep_and_training/matrix/checkpoints/deberta_base/seed_46/best on 14395 BioRED test examples
[benchmark] batch 1/450 examples=32/14395
[benchmark] batch 45/450 examples=1440/14395
[benchmark] batch 90/450 examples=2880/14395
[benchmark] batch 135/450 examples=4320/14395
[benchmark] batch 180/450 examples=5760/14395
[benchmark] batch 225/450 examples=7200/14395
[benchmark] batch 270/450 examples=8640/14395
[benchmark] batch 315/450 examples=10080/14395
[benchmark] batch 360/450 examples=11520/14395
[benchmark] batch 405/450 examples=12960/14395
[benchmark] batch 450/450 examples=14395/14395
[benchmark] done f1=0.7438 precision=0.7048 recall=0.7874 n_positives=8875
  COMPLETE DeBERTa-base (deberta_base) seed=46: benchmark_f1=0.744 best_epoch=3 marker=/lus/lfs1aip2/projects/b5ac/project_1/data/10_recipe_sweep_and_training/matrix/results/deberta_base/seed_46/matrix_complete.json
  RUN START DeBERTa-base (deberta_base) seed=47 [6/8 in this job]
[train] start deberta_base seed=47 lr=5e-06 warmup=none train=24000 val=25311 -> /lus/lfs1aip2/projects/b5ac/project_1/data/10_recipe_sweep_and_training/matrix/checkpoints/deberta_base/seed_47
[train] device=cuda batch_size=16 max_epochs=10
Some weights of DebertaForSequenceClassification were not initialized from the model checkpoint at microsoft/deberta-base and are newly initialized: ['classifier.bias', 'classifier.weight', 'pooler.dense.bias', 'pooler.dense.weight']
You should probably TRAIN this model on a down-stream task to be able to use it for predictions and inference.
[train] epoch 1/10 train_loss=0.6220 val_loss=0.5667 val_f1=0.7141 patience=0/3
[train] new best val_f1=0.7141 at epoch 1 -> /lus/lfs1aip2/projects/b5ac/project_1/data/10_recipe_sweep_and_training/matrix/checkpoints/deberta_base/seed_47/best
[train] epoch 2/10 train_loss=0.4519 val_loss=0.6079 val_f1=0.7647 patience=0/3
[train] new best val_f1=0.7647 at epoch 2 -> /lus/lfs1aip2/projects/b5ac/project_1/data/10_recipe_sweep_and_training/matrix/checkpoints/deberta_base/seed_47/best
[train] epoch 3/10 train_loss=0.3960 val_loss=0.6888 val_f1=0.7370 patience=0/3
[train] epoch 4/10 train_loss=0.3637 val_loss=0.7330 val_f1=0.6790 patience=1/3
[train] epoch 5/10 train_loss=0.3287 val_loss=0.7595 val_f1=0.7076 patience=2/3
[train] early stop at epoch 5 (no val_f1 improvement for 3 epochs)
[train] done deberta_base seed=47 best_val_f1=0.7647 best_epoch=2 epochs_run=5
[benchmark] evaluating /lus/lfs1aip2/projects/b5ac/project_1/data/10_recipe_sweep_and_training/matrix/checkpoints/deberta_base/seed_47/best on 14395 BioRED test examples
[benchmark] batch 1/450 examples=32/14395
[benchmark] batch 45/450 examples=1440/14395
[benchmark] batch 90/450 examples=2880/14395
[benchmark] batch 135/450 examples=4320/14395
[benchmark] batch 180/450 examples=5760/14395
[benchmark] batch 225/450 examples=7200/14395
[benchmark] batch 270/450 examples=8640/14395
[benchmark] batch 315/450 examples=10080/14395
[benchmark] batch 360/450 examples=11520/14395
[benchmark] batch 405/450 examples=12960/14395
[benchmark] batch 450/450 examples=14395/14395
[benchmark] done f1=0.7539 precision=0.6617 recall=0.8759 n_positives=8875
  COMPLETE DeBERTa-base (deberta_base) seed=47: benchmark_f1=0.754 best_epoch=2 marker=/lus/lfs1aip2/projects/b5ac/project_1/data/10_recipe_sweep_and_training/matrix/results/deberta_base/seed_47/matrix_complete.json
  RUN START DeBERTa-base (deberta_base) seed=48 [7/8 in this job]
[train] start deberta_base seed=48 lr=5e-06 warmup=none train=24000 val=25311 -> /lus/lfs1aip2/projects/b5ac/project_1/data/10_recipe_sweep_and_training/matrix/checkpoints/deberta_base/seed_48
[train] device=cuda batch_size=16 max_epochs=10
Some weights of DebertaForSequenceClassification were not initialized from the model checkpoint at microsoft/deberta-base and are newly initialized: ['classifier.bias', 'classifier.weight', 'pooler.dense.bias', 'pooler.dense.weight']
You should probably TRAIN this model on a down-stream task to be able to use it for predictions and inference.
[train] epoch 1/10 train_loss=0.6599 val_loss=0.6155 val_f1=0.6555 patience=0/3
[train] new best val_f1=0.6555 at epoch 1 -> /lus/lfs1aip2/projects/b5ac/project_1/data/10_recipe_sweep_and_training/matrix/checkpoints/deberta_base/seed_48/best
[train] epoch 2/10 train_loss=0.5148 val_loss=0.5794 val_f1=0.7016 patience=0/3
[train] new best val_f1=0.7016 at epoch 2 -> /lus/lfs1aip2/projects/b5ac/project_1/data/10_recipe_sweep_and_training/matrix/checkpoints/deberta_base/seed_48/best
[train] epoch 3/10 train_loss=0.4428 val_loss=0.6086 val_f1=0.7091 patience=0/3
[train] new best val_f1=0.7091 at epoch 3 -> /lus/lfs1aip2/projects/b5ac/project_1/data/10_recipe_sweep_and_training/matrix/checkpoints/deberta_base/seed_48/best
[train] epoch 4/10 train_loss=0.4045 val_loss=0.6580 val_f1=0.7151 patience=0/3
[train] new best val_f1=0.7151 at epoch 4 -> /lus/lfs1aip2/projects/b5ac/project_1/data/10_recipe_sweep_and_training/matrix/checkpoints/deberta_base/seed_48/best
[train] epoch 5/10 train_loss=0.3659 val_loss=0.6546 val_f1=0.7211 patience=0/3
[train] new best val_f1=0.7211 at epoch 5 -> /lus/lfs1aip2/projects/b5ac/project_1/data/10_recipe_sweep_and_training/matrix/checkpoints/deberta_base/seed_48/best
[train] epoch 6/10 train_loss=0.3299 val_loss=0.7543 val_f1=0.7311 patience=0/3
[train] new best val_f1=0.7311 at epoch 6 -> /lus/lfs1aip2/projects/b5ac/project_1/data/10_recipe_sweep_and_training/matrix/checkpoints/deberta_base/seed_48/best
[train] epoch 7/10 train_loss=0.3051 val_loss=0.8854 val_f1=0.7311 patience=0/3
[train] new best val_f1=0.7311 at epoch 7 -> /lus/lfs1aip2/projects/b5ac/project_1/data/10_recipe_sweep_and_training/matrix/checkpoints/deberta_base/seed_48/best
[train] epoch 8/10 train_loss=0.2840 val_loss=0.9600 val_f1=0.7178 patience=0/3
[train] epoch 9/10 train_loss=0.2657 val_loss=0.8696 val_f1=0.7044 patience=1/3
[train] epoch 10/10 train_loss=0.2568 val_loss=1.0747 val_f1=0.7157 patience=2/3
[train] early stop at epoch 10 (no val_f1 improvement for 3 epochs)
[train] done deberta_base seed=48 best_val_f1=0.7311 best_epoch=7 epochs_run=10
[benchmark] evaluating /lus/lfs1aip2/projects/b5ac/project_1/data/10_recipe_sweep_and_training/matrix/checkpoints/deberta_base/seed_48/best on 14395 BioRED test examples
[benchmark] batch 1/450 examples=32/14395
[benchmark] batch 45/450 examples=1440/14395
[benchmark] batch 90/450 examples=2880/14395
[benchmark] batch 135/450 examples=4320/14395
[benchmark] batch 180/450 examples=5760/14395
[benchmark] batch 225/450 examples=7200/14395
[benchmark] batch 270/450 examples=8640/14395
[benchmark] batch 315/450 examples=10080/14395
[benchmark] batch 360/450 examples=11520/14395
[benchmark] batch 405/450 examples=12960/14395
[benchmark] batch 450/450 examples=14395/14395
[benchmark] done f1=0.7382 precision=0.6966 recall=0.7850 n_positives=8875
  COMPLETE DeBERTa-base (deberta_base) seed=48: benchmark_f1=0.738 best_epoch=7 marker=/lus/lfs1aip2/projects/b5ac/project_1/data/10_recipe_sweep_and_training/matrix/results/deberta_base/seed_48/matrix_complete.json
  RUN START DeBERTa-base (deberta_base) seed=49 [8/8 in this job]
[train] start deberta_base seed=49 lr=5e-06 warmup=none train=24000 val=25311 -> /lus/lfs1aip2/projects/b5ac/project_1/data/10_recipe_sweep_and_training/matrix/checkpoints/deberta_base/seed_49
[train] device=cuda batch_size=16 max_epochs=10
Some weights of DebertaForSequenceClassification were not initialized from the model checkpoint at microsoft/deberta-base and are newly initialized: ['classifier.bias', 'classifier.weight', 'pooler.dense.bias', 'pooler.dense.weight']
You should probably TRAIN this model on a down-stream task to be able to use it for predictions and inference.
[train] epoch 1/10 train_loss=0.5762 val_loss=0.6436 val_f1=0.7289 patience=0/3
[train] new best val_f1=0.7289 at epoch 1 -> /lus/lfs1aip2/projects/b5ac/project_1/data/10_recipe_sweep_and_training/matrix/checkpoints/deberta_base/seed_49/best
[train] epoch 2/10 train_loss=0.4432 val_loss=0.7371 val_f1=0.6820 patience=0/3
[train] epoch 3/10 train_loss=0.3890 val_loss=0.6264 val_f1=0.7534 patience=1/3
[train] new best val_f1=0.7534 at epoch 3 -> /lus/lfs1aip2/projects/b5ac/project_1/data/10_recipe_sweep_and_training/matrix/checkpoints/deberta_base/seed_49/best
[train] epoch 4/10 train_loss=0.3529 val_loss=0.8202 val_f1=0.6988 patience=0/3
[train] epoch 5/10 train_loss=0.3224 val_loss=0.7393 val_f1=0.7450 patience=1/3
[train] epoch 6/10 train_loss=0.2997 val_loss=0.8554 val_f1=0.7348 patience=2/3
[train] early stop at epoch 6 (no val_f1 improvement for 3 epochs)
[train] done deberta_base seed=49 best_val_f1=0.7534 best_epoch=3 epochs_run=6
[benchmark] evaluating /lus/lfs1aip2/projects/b5ac/project_1/data/10_recipe_sweep_and_training/matrix/checkpoints/deberta_base/seed_49/best on 14395 BioRED test examples
[benchmark] batch 1/450 examples=32/14395
[benchmark] batch 45/450 examples=1440/14395
[benchmark] batch 90/450 examples=2880/14395
[benchmark] batch 135/450 examples=4320/14395
[benchmark] batch 180/450 examples=5760/14395
[benchmark] batch 225/450 examples=7200/14395
[benchmark] batch 270/450 examples=8640/14395
[benchmark] batch 315/450 examples=10080/14395
[benchmark] batch 360/450 examples=11520/14395
[benchmark] batch 405/450 examples=12960/14395
[benchmark] batch 450/450 examples=14395/14395
[benchmark] done f1=0.7480 precision=0.6853 recall=0.8234 n_positives=8875
  COMPLETE DeBERTa-base (deberta_base) seed=49: benchmark_f1=0.748 best_epoch=3 marker=/lus/lfs1aip2/projects/b5ac/project_1/data/10_recipe_sweep_and_training/matrix/results/deberta_base/seed_49/matrix_complete.json

=== Step-2 matrix training complete (this job) ===
  Trained: 8, skipped (already done): 0, planned: 8

=== Done ===
End: Tue  9 Jun 16:59:06 UTC 2026
