=== Step 2: full-matrix training ===
Host: nid010689
SLURM_JOB_ID=5098711
SLURM_JOB_NAME=step2_bert_base
Start: Tue  9 Jun 09:33:22 UTC 2026
REPO=/home/b5ac/freddieyu.b5ac/project_1
OUTPUT_ROOT=/home/b5ac/freddieyu.b5ac/project_1/../projects/project_1
STEP_ARGS=--models bert_base
Log: /home/b5ac/freddieyu.b5ac/project_1/../projects/project_1/runs/10_recipe_sweep_and_training/train_5098711.out
Ensure CHOSEN_RECIPE is set in config.py (not None) before submitting.
TMPDIR=/home/b5ac/freddieyu.b5ac/project_1/../projects/project_1/runs/10_recipe_sweep_and_training/tmp_5098711
=== Recipe sweep and training 2026-06-09T09:33:24.814010 ===
[run] mode=train-only (step 2)
[run] model filter: ['bert_base']

=== Step-2 matrix training ===
Recipe: lr=3e-05, warmup=none (checkpoint criterion=val_f1)
Encoders (1): ['bert_base']
Seeds (8): [42, 43, 44, 45, 46, 47, 48, 49]
Planned runs this job: 8


=== Estimated checkpoint footprint (rough) ===
  Runs: 1 encoders x 8 seeds = 8
  Assumed ~7 epochs/run; epoch ckpt ~220 MiB (fp16); best ckpt ~440 MiB (fp32)
  Per run ~1980 MiB; total ~15.5 GiB
  MAX_EPOCH_CHECKPOINTS_TO_KEEP=None (None = keep all epoch checkpoints)

[benchmark] building BioRED test examples...
[benchmark] built 14395 test examples (leaked PMIDs excluded)
  RUN START BERT-base (bert_base) seed=42 [1/8 in this job]
[train] start bert_base seed=42 lr=3e-05 warmup=none train=24000 val=25311 -> /lus/lfs1aip2/projects/b5ac/project_1/data/10_recipe_sweep_and_training/matrix/checkpoints/bert_base/seed_42
[train] device=cuda batch_size=16 max_epochs=10
Some weights of BertForSequenceClassification were not initialized from the model checkpoint at bert-base-uncased and are newly initialized: ['classifier.bias', 'classifier.weight']
You should probably TRAIN this model on a down-stream task to be able to use it for predictions and inference.
[train] epoch 1/10 train_loss=0.6528 val_loss=0.7119 val_f1=0.5717 patience=0/3
[train] new best val_f1=0.5717 at epoch 1 -> /lus/lfs1aip2/projects/b5ac/project_1/data/10_recipe_sweep_and_training/matrix/checkpoints/bert_base/seed_42/best
[train] epoch 2/10 train_loss=0.6238 val_loss=0.6994 val_f1=0.3905 patience=0/3
[train] epoch 3/10 train_loss=0.6101 val_loss=0.6868 val_f1=0.4774 patience=1/3
[train] epoch 4/10 train_loss=0.5945 val_loss=0.6840 val_f1=0.4830 patience=2/3
[train] early stop at epoch 4 (no val_f1 improvement for 3 epochs)
[train] done bert_base seed=42 best_val_f1=0.5717 best_epoch=1 epochs_run=4
[benchmark] evaluating /lus/lfs1aip2/projects/b5ac/project_1/data/10_recipe_sweep_and_training/matrix/checkpoints/bert_base/seed_42/best on 14395 BioRED test examples
[benchmark] batch 1/450 examples=32/14395
[benchmark] batch 45/450 examples=1440/14395
[benchmark] batch 90/450 examples=2880/14395
[benchmark] batch 135/450 examples=4320/14395
[benchmark] batch 180/450 examples=5760/14395
[benchmark] batch 225/450 examples=7200/14395
[benchmark] batch 270/450 examples=8640/14395
[benchmark] batch 315/450 examples=10080/14395
[benchmark] batch 360/450 examples=11520/14395
[benchmark] batch 405/450 examples=12960/14395
[benchmark] batch 450/450 examples=14395/14395
[benchmark] done f1=0.6818 precision=0.6370 recall=0.7334 n_positives=8875
  COMPLETE BERT-base (bert_base) seed=42: benchmark_f1=0.682 best_epoch=1 marker=/lus/lfs1aip2/projects/b5ac/project_1/data/10_recipe_sweep_and_training/matrix/results/bert_base/seed_42/matrix_complete.json
  RUN START BERT-base (bert_base) seed=43 [2/8 in this job]
[train] start bert_base seed=43 lr=3e-05 warmup=none train=24000 val=25311 -> /lus/lfs1aip2/projects/b5ac/project_1/data/10_recipe_sweep_and_training/matrix/checkpoints/bert_base/seed_43
[train] device=cuda batch_size=16 max_epochs=10
Some weights of BertForSequenceClassification were not initialized from the model checkpoint at bert-base-uncased and are newly initialized: ['classifier.bias', 'classifier.weight']
You should probably TRAIN this model on a down-stream task to be able to use it for predictions and inference.
[train] epoch 1/10 train_loss=0.6296 val_loss=0.6494 val_f1=0.6792 patience=0/3
[train] new best val_f1=0.6792 at epoch 1 -> /lus/lfs1aip2/projects/b5ac/project_1/data/10_recipe_sweep_and_training/matrix/checkpoints/bert_base/seed_43/best
[train] epoch 2/10 train_loss=0.4926 val_loss=0.6524 val_f1=0.7252 patience=0/3
[train] new best val_f1=0.7252 at epoch 2 -> /lus/lfs1aip2/projects/b5ac/project_1/data/10_recipe_sweep_and_training/matrix/checkpoints/bert_base/seed_43/best
[train] epoch 3/10 train_loss=0.4235 val_loss=0.8321 val_f1=0.6740 patience=0/3
[train] epoch 4/10 train_loss=0.3746 val_loss=0.7215 val_f1=0.7097 patience=1/3
[train] epoch 5/10 train_loss=0.3351 val_loss=0.9061 val_f1=0.6242 patience=2/3
[train] early stop at epoch 5 (no val_f1 improvement for 3 epochs)
[train] done bert_base seed=43 best_val_f1=0.7252 best_epoch=2 epochs_run=5
[benchmark] evaluating /lus/lfs1aip2/projects/b5ac/project_1/data/10_recipe_sweep_and_training/matrix/checkpoints/bert_base/seed_43/best on 14395 BioRED test examples
[benchmark] batch 1/450 examples=32/14395
[benchmark] batch 45/450 examples=1440/14395
[benchmark] batch 90/450 examples=2880/14395
[benchmark] batch 135/450 examples=4320/14395
[benchmark] batch 180/450 examples=5760/14395
[benchmark] batch 225/450 examples=7200/14395
[benchmark] batch 270/450 examples=8640/14395
[benchmark] batch 315/450 examples=10080/14395
[benchmark] batch 360/450 examples=11520/14395
[benchmark] batch 405/450 examples=12960/14395
[benchmark] batch 450/450 examples=14395/14395
[benchmark] done f1=0.7127 precision=0.6674 recall=0.7645 n_positives=8875
  COMPLETE BERT-base (bert_base) seed=43: benchmark_f1=0.713 best_epoch=2 marker=/lus/lfs1aip2/projects/b5ac/project_1/data/10_recipe_sweep_and_training/matrix/results/bert_base/seed_43/matrix_complete.json
  RUN START BERT-base (bert_base) seed=44 [3/8 in this job]
[train] start bert_base seed=44 lr=3e-05 warmup=none train=24000 val=25311 -> /lus/lfs1aip2/projects/b5ac/project_1/data/10_recipe_sweep_and_training/matrix/checkpoints/bert_base/seed_44
[train] device=cuda batch_size=16 max_epochs=10
Some weights of BertForSequenceClassification were not initialized from the model checkpoint at bert-base-uncased and are newly initialized: ['classifier.bias', 'classifier.weight']
You should probably TRAIN this model on a down-stream task to be able to use it for predictions and inference.
[train] epoch 1/10 train_loss=0.6639 val_loss=0.6691 val_f1=0.6285 patience=0/3
[train] new best val_f1=0.6285 at epoch 1 -> /lus/lfs1aip2/projects/b5ac/project_1/data/10_recipe_sweep_and_training/matrix/checkpoints/bert_base/seed_44/best
[train] epoch 2/10 train_loss=0.6384 val_loss=0.6744 val_f1=0.5425 patience=0/3
[train] epoch 3/10 train_loss=0.6227 val_loss=0.6649 val_f1=0.5621 patience=1/3
[train] epoch 4/10 train_loss=0.6124 val_loss=0.7059 val_f1=0.4105 patience=2/3
[train] early stop at epoch 4 (no val_f1 improvement for 3 epochs)
[train] done bert_base seed=44 best_val_f1=0.6285 best_epoch=1 epochs_run=4
[benchmark] evaluating /lus/lfs1aip2/projects/b5ac/project_1/data/10_recipe_sweep_and_training/matrix/checkpoints/bert_base/seed_44/best on 14395 BioRED test examples
[benchmark] batch 1/450 examples=32/14395
[benchmark] batch 45/450 examples=1440/14395
[benchmark] batch 90/450 examples=2880/14395
[benchmark] batch 135/450 examples=4320/14395
[benchmark] batch 180/450 examples=5760/14395
[benchmark] batch 225/450 examples=7200/14395
[benchmark] batch 270/450 examples=8640/14395
[benchmark] batch 315/450 examples=10080/14395
[benchmark] batch 360/450 examples=11520/14395
[benchmark] batch 405/450 examples=12960/14395
[benchmark] batch 450/450 examples=14395/14395
[benchmark] done f1=0.7172 precision=0.6241 recall=0.8430 n_positives=8875
  COMPLETE BERT-base (bert_base) seed=44: benchmark_f1=0.717 best_epoch=1 marker=/lus/lfs1aip2/projects/b5ac/project_1/data/10_recipe_sweep_and_training/matrix/results/bert_base/seed_44/matrix_complete.json
  RUN START BERT-base (bert_base) seed=45 [4/8 in this job]
[train] start bert_base seed=45 lr=3e-05 warmup=none train=24000 val=25311 -> /lus/lfs1aip2/projects/b5ac/project_1/data/10_recipe_sweep_and_training/matrix/checkpoints/bert_base/seed_45
[train] device=cuda batch_size=16 max_epochs=10
Some weights of BertForSequenceClassification were not initialized from the model checkpoint at bert-base-uncased and are newly initialized: ['classifier.bias', 'classifier.weight']
You should probably TRAIN this model on a down-stream task to be able to use it for predictions and inference.
[train] epoch 1/10 train_loss=0.6513 val_loss=0.6689 val_f1=0.4574 patience=0/3
[train] new best val_f1=0.4574 at epoch 1 -> /lus/lfs1aip2/projects/b5ac/project_1/data/10_recipe_sweep_and_training/matrix/checkpoints/bert_base/seed_45/best
[train] epoch 2/10 train_loss=0.6230 val_loss=0.6968 val_f1=0.0051 patience=0/3
[train] epoch 3/10 train_loss=0.7001 val_loss=0.6932 val_f1=0.6702 patience=1/3
[train] new best val_f1=0.6702 at epoch 3 -> /lus/lfs1aip2/projects/b5ac/project_1/data/10_recipe_sweep_and_training/matrix/checkpoints/bert_base/seed_45/best
[train] epoch 4/10 train_loss=0.6941 val_loss=0.6942 val_f1=0.6702 patience=0/3
[train] epoch 5/10 train_loss=0.6943 val_loss=0.6938 val_f1=0.6702 patience=1/3
[train] epoch 6/10 train_loss=0.6940 val_loss=0.6933 val_f1=0.0000 patience=2/3
[train] early stop at epoch 6 (no val_f1 improvement for 3 epochs)
[train] done bert_base seed=45 best_val_f1=0.6702 best_epoch=3 epochs_run=6
[benchmark] evaluating /lus/lfs1aip2/projects/b5ac/project_1/data/10_recipe_sweep_and_training/matrix/checkpoints/bert_base/seed_45/best on 14395 BioRED test examples
[benchmark] batch 1/450 examples=32/14395
[benchmark] batch 45/450 examples=1440/14395
[benchmark] batch 90/450 examples=2880/14395
[benchmark] batch 135/450 examples=4320/14395
[benchmark] batch 180/450 examples=5760/14395
[benchmark] batch 225/450 examples=7200/14395
[benchmark] batch 270/450 examples=8640/14395
[benchmark] batch 315/450 examples=10080/14395
[benchmark] batch 360/450 examples=11520/14395
[benchmark] batch 405/450 examples=12960/14395
[benchmark] batch 450/450 examples=14395/14395
[benchmark] done f1=0.7628 precision=0.6165 recall=1.0000 n_positives=8875
  COMPLETE BERT-base (bert_base) seed=45: benchmark_f1=0.763 best_epoch=3 marker=/lus/lfs1aip2/projects/b5ac/project_1/data/10_recipe_sweep_and_training/matrix/results/bert_base/seed_45/matrix_complete.json
  RUN START BERT-base (bert_base) seed=46 [5/8 in this job]
[train] start bert_base seed=46 lr=3e-05 warmup=none train=24000 val=25311 -> /lus/lfs1aip2/projects/b5ac/project_1/data/10_recipe_sweep_and_training/matrix/checkpoints/bert_base/seed_46
[train] device=cuda batch_size=16 max_epochs=10
Some weights of BertForSequenceClassification were not initialized from the model checkpoint at bert-base-uncased and are newly initialized: ['classifier.bias', 'classifier.weight']
You should probably TRAIN this model on a down-stream task to be able to use it for predictions and inference.
[train] epoch 1/10 train_loss=0.6513 val_loss=0.6689 val_f1=0.5492 patience=0/3
[train] new best val_f1=0.5492 at epoch 1 -> /lus/lfs1aip2/projects/b5ac/project_1/data/10_recipe_sweep_and_training/matrix/checkpoints/bert_base/seed_46/best
[train] epoch 2/10 train_loss=0.6172 val_loss=0.7033 val_f1=0.3839 patience=0/3
[train] epoch 3/10 train_loss=0.5609 val_loss=0.6387 val_f1=0.6952 patience=1/3
[train] new best val_f1=0.6952 at epoch 3 -> /lus/lfs1aip2/projects/b5ac/project_1/data/10_recipe_sweep_and_training/matrix/checkpoints/bert_base/seed_46/best
[train] epoch 4/10 train_loss=0.4407 val_loss=0.7280 val_f1=0.6643 patience=0/3
[train] epoch 5/10 train_loss=0.3872 val_loss=0.8060 val_f1=0.6838 patience=1/3
[train] epoch 6/10 train_loss=0.3524 val_loss=0.9317 val_f1=0.6278 patience=2/3
[train] early stop at epoch 6 (no val_f1 improvement for 3 epochs)
[train] done bert_base seed=46 best_val_f1=0.6952 best_epoch=3 epochs_run=6
[benchmark] evaluating /lus/lfs1aip2/projects/b5ac/project_1/data/10_recipe_sweep_and_training/matrix/checkpoints/bert_base/seed_46/best on 14395 BioRED test examples
[benchmark] batch 1/450 examples=32/14395
[benchmark] batch 45/450 examples=1440/14395
[benchmark] batch 90/450 examples=2880/14395
[benchmark] batch 135/450 examples=4320/14395
[benchmark] batch 180/450 examples=5760/14395
[benchmark] batch 225/450 examples=7200/14395
[benchmark] batch 270/450 examples=8640/14395
[benchmark] batch 315/450 examples=10080/14395
[benchmark] batch 360/450 examples=11520/14395
[benchmark] batch 405/450 examples=12960/14395
[benchmark] batch 450/450 examples=14395/14395
[benchmark] done f1=0.6880 precision=0.6720 recall=0.7047 n_positives=8875
  COMPLETE BERT-base (bert_base) seed=46: benchmark_f1=0.688 best_epoch=3 marker=/lus/lfs1aip2/projects/b5ac/project_1/data/10_recipe_sweep_and_training/matrix/results/bert_base/seed_46/matrix_complete.json
  RUN START BERT-base (bert_base) seed=47 [6/8 in this job]
[train] start bert_base seed=47 lr=3e-05 warmup=none train=24000 val=25311 -> /lus/lfs1aip2/projects/b5ac/project_1/data/10_recipe_sweep_and_training/matrix/checkpoints/bert_base/seed_47
[train] device=cuda batch_size=16 max_epochs=10
Some weights of BertForSequenceClassification were not initialized from the model checkpoint at bert-base-uncased and are newly initialized: ['classifier.bias', 'classifier.weight']
You should probably TRAIN this model on a down-stream task to be able to use it for predictions and inference.
[train] epoch 1/10 train_loss=0.6533 val_loss=0.7002 val_f1=0.4123 patience=0/3
[train] new best val_f1=0.4123 at epoch 1 -> /lus/lfs1aip2/projects/b5ac/project_1/data/10_recipe_sweep_and_training/matrix/checkpoints/bert_base/seed_47/best
[train] epoch 2/10 train_loss=0.6243 val_loss=0.6895 val_f1=0.4229 patience=0/3
[train] new best val_f1=0.4229 at epoch 2 -> /lus/lfs1aip2/projects/b5ac/project_1/data/10_recipe_sweep_and_training/matrix/checkpoints/bert_base/seed_47/best
[train] epoch 3/10 train_loss=0.5910 val_loss=0.8167 val_f1=0.6285 patience=0/3
[train] new best val_f1=0.6285 at epoch 3 -> /lus/lfs1aip2/projects/b5ac/project_1/data/10_recipe_sweep_and_training/matrix/checkpoints/bert_base/seed_47/best
[train] epoch 4/10 train_loss=0.4707 val_loss=0.7682 val_f1=0.7040 patience=0/3
[train] new best val_f1=0.7040 at epoch 4 -> /lus/lfs1aip2/projects/b5ac/project_1/data/10_recipe_sweep_and_training/matrix/checkpoints/bert_base/seed_47/best
[train] epoch 5/10 train_loss=0.3796 val_loss=0.7218 val_f1=0.6920 patience=0/3
[train] epoch 6/10 train_loss=0.3305 val_loss=0.8102 val_f1=0.6258 patience=1/3
[train] epoch 7/10 train_loss=0.3014 val_loss=0.8400 val_f1=0.6725 patience=2/3
[train] early stop at epoch 7 (no val_f1 improvement for 3 epochs)
[train] done bert_base seed=47 best_val_f1=0.7040 best_epoch=4 epochs_run=7
[benchmark] evaluating /lus/lfs1aip2/projects/b5ac/project_1/data/10_recipe_sweep_and_training/matrix/checkpoints/bert_base/seed_47/best on 14395 BioRED test examples
[benchmark] batch 1/450 examples=32/14395
[benchmark] batch 45/450 examples=1440/14395
[benchmark] batch 90/450 examples=2880/14395
[benchmark] batch 135/450 examples=4320/14395
[benchmark] batch 180/450 examples=5760/14395
[benchmark] batch 225/450 examples=7200/14395
[benchmark] batch 270/450 examples=8640/14395
[benchmark] batch 315/450 examples=10080/14395
[benchmark] batch 360/450 examples=11520/14395
[benchmark] batch 405/450 examples=12960/14395
[benchmark] batch 450/450 examples=14395/14395
[benchmark] done f1=0.6886 precision=0.6828 recall=0.6945 n_positives=8875
  COMPLETE BERT-base (bert_base) seed=47: benchmark_f1=0.689 best_epoch=4 marker=/lus/lfs1aip2/projects/b5ac/project_1/data/10_recipe_sweep_and_training/matrix/results/bert_base/seed_47/matrix_complete.json
  RUN START BERT-base (bert_base) seed=48 [7/8 in this job]
[train] start bert_base seed=48 lr=3e-05 warmup=none train=24000 val=25311 -> /lus/lfs1aip2/projects/b5ac/project_1/data/10_recipe_sweep_and_training/matrix/checkpoints/bert_base/seed_48
[train] device=cuda batch_size=16 max_epochs=10
Some weights of BertForSequenceClassification were not initialized from the model checkpoint at bert-base-uncased and are newly initialized: ['classifier.bias', 'classifier.weight']
You should probably TRAIN this model on a down-stream task to be able to use it for predictions and inference.
[train] epoch 1/10 train_loss=0.6499 val_loss=0.6907 val_f1=0.3395 patience=0/3
[train] new best val_f1=0.3395 at epoch 1 -> /lus/lfs1aip2/projects/b5ac/project_1/data/10_recipe_sweep_and_training/matrix/checkpoints/bert_base/seed_48/best
[train] epoch 2/10 train_loss=0.6114 val_loss=0.6748 val_f1=0.3866 patience=0/3
[train] new best val_f1=0.3866 at epoch 2 -> /lus/lfs1aip2/projects/b5ac/project_1/data/10_recipe_sweep_and_training/matrix/checkpoints/bert_base/seed_48/best
[train] epoch 3/10 train_loss=0.5587 val_loss=0.6219 val_f1=0.6031 patience=0/3
[train] new best val_f1=0.6031 at epoch 3 -> /lus/lfs1aip2/projects/b5ac/project_1/data/10_recipe_sweep_and_training/matrix/checkpoints/bert_base/seed_48/best
[train] epoch 4/10 train_loss=0.4164 val_loss=0.6710 val_f1=0.6900 patience=0/3
[train] new best val_f1=0.6900 at epoch 4 -> /lus/lfs1aip2/projects/b5ac/project_1/data/10_recipe_sweep_and_training/matrix/checkpoints/bert_base/seed_48/best
[train] epoch 5/10 train_loss=0.3561 val_loss=0.7102 val_f1=0.7411 patience=0/3
[train] new best val_f1=0.7411 at epoch 5 -> /lus/lfs1aip2/projects/b5ac/project_1/data/10_recipe_sweep_and_training/matrix/checkpoints/bert_base/seed_48/best
[train] epoch 6/10 train_loss=0.3166 val_loss=0.8551 val_f1=0.6365 patience=0/3
[train] epoch 7/10 train_loss=0.2849 val_loss=0.9240 val_f1=0.6941 patience=1/3
[train] epoch 8/10 train_loss=0.2724 val_loss=0.6975 val_f1=0.6906 patience=2/3
[train] early stop at epoch 8 (no val_f1 improvement for 3 epochs)
[train] done bert_base seed=48 best_val_f1=0.7411 best_epoch=5 epochs_run=8
[benchmark] evaluating /lus/lfs1aip2/projects/b5ac/project_1/data/10_recipe_sweep_and_training/matrix/checkpoints/bert_base/seed_48/best on 14395 BioRED test examples
[benchmark] batch 1/450 examples=32/14395
[benchmark] batch 45/450 examples=1440/14395
[benchmark] batch 90/450 examples=2880/14395
[benchmark] batch 135/450 examples=4320/14395
[benchmark] batch 180/450 examples=5760/14395
[benchmark] batch 225/450 examples=7200/14395
[benchmark] batch 270/450 examples=8640/14395
[benchmark] batch 315/450 examples=10080/14395
[benchmark] batch 360/450 examples=11520/14395
[benchmark] batch 405/450 examples=12960/14395
[benchmark] batch 450/450 examples=14395/14395
[benchmark] done f1=0.7219 precision=0.6748 recall=0.7761 n_positives=8875
  COMPLETE BERT-base (bert_base) seed=48: benchmark_f1=0.722 best_epoch=5 marker=/lus/lfs1aip2/projects/b5ac/project_1/data/10_recipe_sweep_and_training/matrix/results/bert_base/seed_48/matrix_complete.json
  RUN START BERT-base (bert_base) seed=49 [8/8 in this job]
[train] start bert_base seed=49 lr=3e-05 warmup=none train=24000 val=25311 -> /lus/lfs1aip2/projects/b5ac/project_1/data/10_recipe_sweep_and_training/matrix/checkpoints/bert_base/seed_49
[train] device=cuda batch_size=16 max_epochs=10
Some weights of BertForSequenceClassification were not initialized from the model checkpoint at bert-base-uncased and are newly initialized: ['classifier.bias', 'classifier.weight']
You should probably TRAIN this model on a down-stream task to be able to use it for predictions and inference.
[train] epoch 1/10 train_loss=0.6484 val_loss=0.6812 val_f1=0.3769 patience=0/3
[train] new best val_f1=0.3769 at epoch 1 -> /lus/lfs1aip2/projects/b5ac/project_1/data/10_recipe_sweep_and_training/matrix/checkpoints/bert_base/seed_49/best
[train] epoch 2/10 train_loss=0.6178 val_loss=0.6897 val_f1=0.4792 patience=0/3
[train] new best val_f1=0.4792 at epoch 2 -> /lus/lfs1aip2/projects/b5ac/project_1/data/10_recipe_sweep_and_training/matrix/checkpoints/bert_base/seed_49/best
[train] epoch 3/10 train_loss=0.5689 val_loss=0.6808 val_f1=0.5404 patience=0/3
[train] new best val_f1=0.5404 at epoch 3 -> /lus/lfs1aip2/projects/b5ac/project_1/data/10_recipe_sweep_and_training/matrix/checkpoints/bert_base/seed_49/best
[train] epoch 4/10 train_loss=0.4386 val_loss=0.6742 val_f1=0.5923 patience=0/3
[train] new best val_f1=0.5923 at epoch 4 -> /lus/lfs1aip2/projects/b5ac/project_1/data/10_recipe_sweep_and_training/matrix/checkpoints/bert_base/seed_49/best
[train] epoch 5/10 train_loss=0.3635 val_loss=0.6778 val_f1=0.7409 patience=0/3
[train] new best val_f1=0.7409 at epoch 5 -> /lus/lfs1aip2/projects/b5ac/project_1/data/10_recipe_sweep_and_training/matrix/checkpoints/bert_base/seed_49/best
[train] epoch 6/10 train_loss=0.3192 val_loss=0.9113 val_f1=0.6824 patience=0/3
[train] epoch 7/10 train_loss=0.2886 val_loss=0.9416 val_f1=0.7225 patience=1/3
[train] epoch 8/10 train_loss=0.2707 val_loss=0.8884 val_f1=0.6738 patience=2/3
[train] early stop at epoch 8 (no val_f1 improvement for 3 epochs)
[train] done bert_base seed=49 best_val_f1=0.7409 best_epoch=5 epochs_run=8
[benchmark] evaluating /lus/lfs1aip2/projects/b5ac/project_1/data/10_recipe_sweep_and_training/matrix/checkpoints/bert_base/seed_49/best on 14395 BioRED test examples
[benchmark] batch 1/450 examples=32/14395
[benchmark] batch 45/450 examples=1440/14395
[benchmark] batch 90/450 examples=2880/14395
[benchmark] batch 135/450 examples=4320/14395
[benchmark] batch 180/450 examples=5760/14395
[benchmark] batch 225/450 examples=7200/14395
[benchmark] batch 270/450 examples=8640/14395
[benchmark] batch 315/450 examples=10080/14395
[benchmark] batch 360/450 examples=11520/14395
[benchmark] batch 405/450 examples=12960/14395
[benchmark] batch 450/450 examples=14395/14395
[benchmark] done f1=0.7405 precision=0.6562 recall=0.8496 n_positives=8875
  COMPLETE BERT-base (bert_base) seed=49: benchmark_f1=0.740 best_epoch=5 marker=/lus/lfs1aip2/projects/b5ac/project_1/data/10_recipe_sweep_and_training/matrix/results/bert_base/seed_49/matrix_complete.json

=== Step-2 matrix training complete (this job) ===
  Trained: 8, skipped (already done): 0, planned: 8

=== Done ===
End: Tue  9 Jun 12:05:27 UTC 2026
