=== Step 2: full-matrix training ===
Host: nid011314
SLURM_JOB_ID=5104033
SLURM_JOB_NAME=step2_train
Start: Tue  9 Jun 13:31:38 UTC 2026
REPO=/home/b5ac/freddieyu.b5ac/project_1
OUTPUT_ROOT=/home/b5ac/freddieyu.b5ac/project_1/../projects/project_1
STEP_ARGS=--models bert_base
Log: /home/b5ac/freddieyu.b5ac/project_1/../projects/project_1/runs/10_recipe_sweep_and_training/train_5104033.out
Ensure CHOSEN_RECIPE is set in config.py (not None) before submitting.
TMPDIR=/home/b5ac/freddieyu.b5ac/project_1/../projects/project_1/runs/10_recipe_sweep_and_training/tmp_5104033
=== Recipe sweep and training 2026-06-09T13:31:41.614416 ===
[run] mode=train-only (step 2)
[run] model filter: ['bert_base']

=== Step-2 matrix training ===
Recipe: lr=5e-06, warmup=none (checkpoint criterion=val_f1)
Encoders (1): ['bert_base']
Seeds (8): [42, 43, 44, 45, 46, 47, 48, 49]
Planned runs this job: 8


=== Estimated checkpoint footprint (rough) ===
  Runs: 1 encoders x 8 seeds = 8
  Assumed ~7 epochs/run; epoch ckpt ~220 MiB (fp16); best ckpt ~440 MiB (fp32)
  Per run ~1980 MiB; total ~15.5 GiB
  MAX_EPOCH_CHECKPOINTS_TO_KEEP=None (None = keep all epoch checkpoints)

[benchmark] building BioRED test examples...
[benchmark] built 14395 test examples (leaked PMIDs excluded)
  RUN START BERT-base (bert_base) seed=42 [1/8 in this job]
[train] start bert_base seed=42 lr=5e-06 warmup=none train=24000 val=25311 -> /lus/lfs1aip2/projects/b5ac/project_1/data/10_recipe_sweep_and_training/matrix/checkpoints/bert_base/seed_42
[train] device=cuda batch_size=16 max_epochs=10
Some weights of BertForSequenceClassification were not initialized from the model checkpoint at bert-base-uncased and are newly initialized: ['classifier.bias', 'classifier.weight']
You should probably TRAIN this model on a down-stream task to be able to use it for predictions and inference.
[train] epoch 1/10 train_loss=0.6558 val_loss=0.6701 val_f1=0.6620 patience=0/3
[train] new best val_f1=0.6620 at epoch 1 -> /lus/lfs1aip2/projects/b5ac/project_1/data/10_recipe_sweep_and_training/matrix/checkpoints/bert_base/seed_42/best
[train] epoch 2/10 train_loss=0.5622 val_loss=0.6834 val_f1=0.6130 patience=0/3
[train] epoch 3/10 train_loss=0.4522 val_loss=0.6481 val_f1=0.6583 patience=1/3
[train] epoch 4/10 train_loss=0.4040 val_loss=0.7051 val_f1=0.6959 patience=2/3
[train] new best val_f1=0.6959 at epoch 4 -> /lus/lfs1aip2/projects/b5ac/project_1/data/10_recipe_sweep_and_training/matrix/checkpoints/bert_base/seed_42/best
[train] epoch 5/10 train_loss=0.3658 val_loss=0.6683 val_f1=0.7225 patience=0/3
[train] new best val_f1=0.7225 at epoch 5 -> /lus/lfs1aip2/projects/b5ac/project_1/data/10_recipe_sweep_and_training/matrix/checkpoints/bert_base/seed_42/best
[train] epoch 6/10 train_loss=0.3350 val_loss=0.7406 val_f1=0.7042 patience=0/3
[train] epoch 7/10 train_loss=0.3125 val_loss=0.9371 val_f1=0.6736 patience=1/3
[train] epoch 8/10 train_loss=0.2949 val_loss=0.8414 val_f1=0.7172 patience=2/3
[train] early stop at epoch 8 (no val_f1 improvement for 3 epochs)
[train] done bert_base seed=42 best_val_f1=0.7225 best_epoch=5 epochs_run=8
[benchmark] evaluating /lus/lfs1aip2/projects/b5ac/project_1/data/10_recipe_sweep_and_training/matrix/checkpoints/bert_base/seed_42/best on 14395 BioRED test examples
[benchmark] batch 1/450 examples=32/14395
[benchmark] batch 45/450 examples=1440/14395
[benchmark] batch 90/450 examples=2880/14395
[benchmark] batch 135/450 examples=4320/14395
[benchmark] batch 180/450 examples=5760/14395
[benchmark] batch 225/450 examples=7200/14395
[benchmark] batch 270/450 examples=8640/14395
[benchmark] batch 315/450 examples=10080/14395
[benchmark] batch 360/450 examples=11520/14395
[benchmark] batch 405/450 examples=12960/14395
[benchmark] batch 450/450 examples=14395/14395
[benchmark] done f1=0.7185 precision=0.7115 recall=0.7256 n_positives=8875
  COMPLETE BERT-base (bert_base) seed=42: benchmark_f1=0.719 best_epoch=5 marker=/lus/lfs1aip2/projects/b5ac/project_1/data/10_recipe_sweep_and_training/matrix/results/bert_base/seed_42/matrix_complete.json
  RUN START BERT-base (bert_base) seed=43 [2/8 in this job]
[train] start bert_base seed=43 lr=5e-06 warmup=none train=24000 val=25311 -> /lus/lfs1aip2/projects/b5ac/project_1/data/10_recipe_sweep_and_training/matrix/checkpoints/bert_base/seed_43
[train] device=cuda batch_size=16 max_epochs=10
Some weights of BertForSequenceClassification were not initialized from the model checkpoint at bert-base-uncased and are newly initialized: ['classifier.bias', 'classifier.weight']
You should probably TRAIN this model on a down-stream task to be able to use it for predictions and inference.
[train] epoch 1/10 train_loss=0.6579 val_loss=0.6351 val_f1=0.6181 patience=0/3
[train] new best val_f1=0.6181 at epoch 1 -> /lus/lfs1aip2/projects/b5ac/project_1/data/10_recipe_sweep_and_training/matrix/checkpoints/bert_base/seed_43/best
[train] epoch 2/10 train_loss=0.5548 val_loss=0.6156 val_f1=0.6392 patience=0/3
[train] new best val_f1=0.6392 at epoch 2 -> /lus/lfs1aip2/projects/b5ac/project_1/data/10_recipe_sweep_and_training/matrix/checkpoints/bert_base/seed_43/best
[train] epoch 3/10 train_loss=0.4621 val_loss=0.7227 val_f1=0.6559 patience=0/3
[train] new best val_f1=0.6559 at epoch 3 -> /lus/lfs1aip2/projects/b5ac/project_1/data/10_recipe_sweep_and_training/matrix/checkpoints/bert_base/seed_43/best
[train] epoch 4/10 train_loss=0.4141 val_loss=0.6312 val_f1=0.7133 patience=0/3
[train] new best val_f1=0.7133 at epoch 4 -> /lus/lfs1aip2/projects/b5ac/project_1/data/10_recipe_sweep_and_training/matrix/checkpoints/bert_base/seed_43/best
[train] epoch 5/10 train_loss=0.3775 val_loss=0.7234 val_f1=0.6630 patience=0/3
[train] epoch 6/10 train_loss=0.3485 val_loss=0.6954 val_f1=0.7314 patience=1/3
[train] new best val_f1=0.7314 at epoch 6 -> /lus/lfs1aip2/projects/b5ac/project_1/data/10_recipe_sweep_and_training/matrix/checkpoints/bert_base/seed_43/best
[train] epoch 7/10 train_loss=0.3220 val_loss=0.8580 val_f1=0.6570 patience=0/3
[train] epoch 8/10 train_loss=0.3023 val_loss=0.9192 val_f1=0.6802 patience=1/3
[train] epoch 9/10 train_loss=0.2849 val_loss=0.7711 val_f1=0.7120 patience=2/3
[train] early stop at epoch 9 (no val_f1 improvement for 3 epochs)
[train] done bert_base seed=43 best_val_f1=0.7314 best_epoch=6 epochs_run=9
[benchmark] evaluating /lus/lfs1aip2/projects/b5ac/project_1/data/10_recipe_sweep_and_training/matrix/checkpoints/bert_base/seed_43/best on 14395 BioRED test examples
[benchmark] batch 1/450 examples=32/14395
[benchmark] batch 45/450 examples=1440/14395
[benchmark] batch 90/450 examples=2880/14395
[benchmark] batch 135/450 examples=4320/14395
[benchmark] batch 180/450 examples=5760/14395
[benchmark] batch 225/450 examples=7200/14395
[benchmark] batch 270/450 examples=8640/14395
[benchmark] batch 315/450 examples=10080/14395
[benchmark] batch 360/450 examples=11520/14395
[benchmark] batch 405/450 examples=12960/14395
[benchmark] batch 450/450 examples=14395/14395
[benchmark] done f1=0.7253 precision=0.7115 recall=0.7396 n_positives=8875
  COMPLETE BERT-base (bert_base) seed=43: benchmark_f1=0.725 best_epoch=6 marker=/lus/lfs1aip2/projects/b5ac/project_1/data/10_recipe_sweep_and_training/matrix/results/bert_base/seed_43/matrix_complete.json
  RUN START BERT-base (bert_base) seed=44 [3/8 in this job]
[train] start bert_base seed=44 lr=5e-06 warmup=none train=24000 val=25311 -> /lus/lfs1aip2/projects/b5ac/project_1/data/10_recipe_sweep_and_training/matrix/checkpoints/bert_base/seed_44
[train] device=cuda batch_size=16 max_epochs=10
Some weights of BertForSequenceClassification were not initialized from the model checkpoint at bert-base-uncased and are newly initialized: ['classifier.bias', 'classifier.weight']
You should probably TRAIN this model on a down-stream task to be able to use it for predictions and inference.
[train] epoch 1/10 train_loss=0.6568 val_loss=0.6559 val_f1=0.5809 patience=0/3
[train] new best val_f1=0.5809 at epoch 1 -> /lus/lfs1aip2/projects/b5ac/project_1/data/10_recipe_sweep_and_training/matrix/checkpoints/bert_base/seed_44/best
[train] epoch 2/10 train_loss=0.5636 val_loss=0.5676 val_f1=0.7287 patience=0/3
[train] new best val_f1=0.7287 at epoch 2 -> /lus/lfs1aip2/projects/b5ac/project_1/data/10_recipe_sweep_and_training/matrix/checkpoints/bert_base/seed_44/best
[train] epoch 3/10 train_loss=0.4483 val_loss=0.6399 val_f1=0.7417 patience=0/3
[train] new best val_f1=0.7417 at epoch 3 -> /lus/lfs1aip2/projects/b5ac/project_1/data/10_recipe_sweep_and_training/matrix/checkpoints/bert_base/seed_44/best
[train] epoch 4/10 train_loss=0.3989 val_loss=0.6855 val_f1=0.7089 patience=0/3
[train] epoch 5/10 train_loss=0.3633 val_loss=0.6439 val_f1=0.7117 patience=1/3
[train] epoch 6/10 train_loss=0.3332 val_loss=0.6760 val_f1=0.7381 patience=2/3
[train] early stop at epoch 6 (no val_f1 improvement for 3 epochs)
[train] done bert_base seed=44 best_val_f1=0.7417 best_epoch=3 epochs_run=6
[benchmark] evaluating /lus/lfs1aip2/projects/b5ac/project_1/data/10_recipe_sweep_and_training/matrix/checkpoints/bert_base/seed_44/best on 14395 BioRED test examples
[benchmark] batch 1/450 examples=32/14395
[benchmark] batch 45/450 examples=1440/14395
[benchmark] batch 90/450 examples=2880/14395
[benchmark] batch 135/450 examples=4320/14395
[benchmark] batch 180/450 examples=5760/14395
[benchmark] batch 225/450 examples=7200/14395
[benchmark] batch 270/450 examples=8640/14395
[benchmark] batch 315/450 examples=10080/14395
[benchmark] batch 360/450 examples=11520/14395
[benchmark] batch 405/450 examples=12960/14395
[benchmark] batch 450/450 examples=14395/14395
[benchmark] done f1=0.7264 precision=0.6569 recall=0.8122 n_positives=8875
  COMPLETE BERT-base (bert_base) seed=44: benchmark_f1=0.726 best_epoch=3 marker=/lus/lfs1aip2/projects/b5ac/project_1/data/10_recipe_sweep_and_training/matrix/results/bert_base/seed_44/matrix_complete.json
  RUN START BERT-base (bert_base) seed=45 [4/8 in this job]
[train] start bert_base seed=45 lr=5e-06 warmup=none train=24000 val=25311 -> /lus/lfs1aip2/projects/b5ac/project_1/data/10_recipe_sweep_and_training/matrix/checkpoints/bert_base/seed_45
[train] device=cuda batch_size=16 max_epochs=10
Some weights of BertForSequenceClassification were not initialized from the model checkpoint at bert-base-uncased and are newly initialized: ['classifier.bias', 'classifier.weight']
You should probably TRAIN this model on a down-stream task to be able to use it for predictions and inference.
[train] epoch 1/10 train_loss=0.6527 val_loss=0.6350 val_f1=0.5774 patience=0/3
[train] new best val_f1=0.5774 at epoch 1 -> /lus/lfs1aip2/projects/b5ac/project_1/data/10_recipe_sweep_and_training/matrix/checkpoints/bert_base/seed_45/best
[train] epoch 2/10 train_loss=0.5294 val_loss=0.5836 val_f1=0.6717 patience=0/3
[train] new best val_f1=0.6717 at epoch 2 -> /lus/lfs1aip2/projects/b5ac/project_1/data/10_recipe_sweep_and_training/matrix/checkpoints/bert_base/seed_45/best
[train] epoch 3/10 train_loss=0.4389 val_loss=0.6173 val_f1=0.7226 patience=0/3
[train] new best val_f1=0.7226 at epoch 3 -> /lus/lfs1aip2/projects/b5ac/project_1/data/10_recipe_sweep_and_training/matrix/checkpoints/bert_base/seed_45/best
[train] epoch 4/10 train_loss=0.3965 val_loss=0.6623 val_f1=0.7418 patience=0/3
[train] new best val_f1=0.7418 at epoch 4 -> /lus/lfs1aip2/projects/b5ac/project_1/data/10_recipe_sweep_and_training/matrix/checkpoints/bert_base/seed_45/best
[train] epoch 5/10 train_loss=0.3641 val_loss=0.6608 val_f1=0.7303 patience=0/3
[train] epoch 6/10 train_loss=0.3351 val_loss=0.8910 val_f1=0.6947 patience=1/3
[train] epoch 7/10 train_loss=0.3126 val_loss=0.8029 val_f1=0.7385 patience=2/3
[train] early stop at epoch 7 (no val_f1 improvement for 3 epochs)
[train] done bert_base seed=45 best_val_f1=0.7418 best_epoch=4 epochs_run=7
[benchmark] evaluating /lus/lfs1aip2/projects/b5ac/project_1/data/10_recipe_sweep_and_training/matrix/checkpoints/bert_base/seed_45/best on 14395 BioRED test examples
[benchmark] batch 1/450 examples=32/14395
[benchmark] batch 45/450 examples=1440/14395
[benchmark] batch 90/450 examples=2880/14395
[benchmark] batch 135/450 examples=4320/14395
[benchmark] batch 180/450 examples=5760/14395
[benchmark] batch 225/450 examples=7200/14395
[benchmark] batch 270/450 examples=8640/14395
[benchmark] batch 315/450 examples=10080/14395
[benchmark] batch 360/450 examples=11520/14395
[benchmark] batch 405/450 examples=12960/14395
[benchmark] batch 450/450 examples=14395/14395
[benchmark] done f1=0.7205 precision=0.6839 recall=0.7611 n_positives=8875
  COMPLETE BERT-base (bert_base) seed=45: benchmark_f1=0.720 best_epoch=4 marker=/lus/lfs1aip2/projects/b5ac/project_1/data/10_recipe_sweep_and_training/matrix/results/bert_base/seed_45/matrix_complete.json
  RUN START BERT-base (bert_base) seed=46 [5/8 in this job]
[train] start bert_base seed=46 lr=5e-06 warmup=none train=24000 val=25311 -> /lus/lfs1aip2/projects/b5ac/project_1/data/10_recipe_sweep_and_training/matrix/checkpoints/bert_base/seed_46
[train] device=cuda batch_size=16 max_epochs=10
Some weights of BertForSequenceClassification were not initialized from the model checkpoint at bert-base-uncased and are newly initialized: ['classifier.bias', 'classifier.weight']
You should probably TRAIN this model on a down-stream task to be able to use it for predictions and inference.
[train] epoch 1/10 train_loss=0.6526 val_loss=0.6495 val_f1=0.6455 patience=0/3
[train] new best val_f1=0.6455 at epoch 1 -> /lus/lfs1aip2/projects/b5ac/project_1/data/10_recipe_sweep_and_training/matrix/checkpoints/bert_base/seed_46/best
[train] epoch 2/10 train_loss=0.5643 val_loss=0.5802 val_f1=0.7065 patience=0/3
[train] new best val_f1=0.7065 at epoch 2 -> /lus/lfs1aip2/projects/b5ac/project_1/data/10_recipe_sweep_and_training/matrix/checkpoints/bert_base/seed_46/best
[train] epoch 3/10 train_loss=0.4560 val_loss=0.6143 val_f1=0.7271 patience=0/3
[train] new best val_f1=0.7271 at epoch 3 -> /lus/lfs1aip2/projects/b5ac/project_1/data/10_recipe_sweep_and_training/matrix/checkpoints/bert_base/seed_46/best
[train] epoch 4/10 train_loss=0.4040 val_loss=0.6160 val_f1=0.7018 patience=0/3
[train] epoch 5/10 train_loss=0.3668 val_loss=0.6327 val_f1=0.7446 patience=1/3
[train] new best val_f1=0.7446 at epoch 5 -> /lus/lfs1aip2/projects/b5ac/project_1/data/10_recipe_sweep_and_training/matrix/checkpoints/bert_base/seed_46/best
[train] epoch 6/10 train_loss=0.3317 val_loss=0.8715 val_f1=0.6053 patience=0/3
[train] epoch 7/10 train_loss=0.3125 val_loss=0.8682 val_f1=0.7117 patience=1/3
[train] epoch 8/10 train_loss=0.2912 val_loss=0.7548 val_f1=0.7307 patience=2/3
[train] early stop at epoch 8 (no val_f1 improvement for 3 epochs)
[train] done bert_base seed=46 best_val_f1=0.7446 best_epoch=5 epochs_run=8
[benchmark] evaluating /lus/lfs1aip2/projects/b5ac/project_1/data/10_recipe_sweep_and_training/matrix/checkpoints/bert_base/seed_46/best on 14395 BioRED test examples
[benchmark] batch 1/450 examples=32/14395
[benchmark] batch 45/450 examples=1440/14395
[benchmark] batch 90/450 examples=2880/14395
[benchmark] batch 135/450 examples=4320/14395
[benchmark] batch 180/450 examples=5760/14395
[benchmark] batch 225/450 examples=7200/14395
[benchmark] batch 270/450 examples=8640/14395
[benchmark] batch 315/450 examples=10080/14395
[benchmark] batch 360/450 examples=11520/14395
[benchmark] batch 405/450 examples=12960/14395
[benchmark] batch 450/450 examples=14395/14395
[benchmark] done f1=0.7207 precision=0.6963 recall=0.7469 n_positives=8875
  COMPLETE BERT-base (bert_base) seed=46: benchmark_f1=0.721 best_epoch=5 marker=/lus/lfs1aip2/projects/b5ac/project_1/data/10_recipe_sweep_and_training/matrix/results/bert_base/seed_46/matrix_complete.json
  RUN START BERT-base (bert_base) seed=47 [6/8 in this job]
[train] start bert_base seed=47 lr=5e-06 warmup=none train=24000 val=25311 -> /lus/lfs1aip2/projects/b5ac/project_1/data/10_recipe_sweep_and_training/matrix/checkpoints/bert_base/seed_47
[train] device=cuda batch_size=16 max_epochs=10
Some weights of BertForSequenceClassification were not initialized from the model checkpoint at bert-base-uncased and are newly initialized: ['classifier.bias', 'classifier.weight']
You should probably TRAIN this model on a down-stream task to be able to use it for predictions and inference.
[train] epoch 1/10 train_loss=0.6396 val_loss=0.6195 val_f1=0.6859 patience=0/3
[train] new best val_f1=0.6859 at epoch 1 -> /lus/lfs1aip2/projects/b5ac/project_1/data/10_recipe_sweep_and_training/matrix/checkpoints/bert_base/seed_47/best
[train] epoch 2/10 train_loss=0.5038 val_loss=0.6575 val_f1=0.6313 patience=0/3
[train] epoch 3/10 train_loss=0.4306 val_loss=0.5972 val_f1=0.7440 patience=1/3
[train] new best val_f1=0.7440 at epoch 3 -> /lus/lfs1aip2/projects/b5ac/project_1/data/10_recipe_sweep_and_training/matrix/checkpoints/bert_base/seed_47/best
[train] epoch 4/10 train_loss=0.3941 val_loss=0.6758 val_f1=0.7308 patience=0/3
[train] epoch 5/10 train_loss=0.3579 val_loss=0.6782 val_f1=0.7202 patience=1/3
[train] epoch 6/10 train_loss=0.3311 val_loss=0.7070 val_f1=0.7140 patience=2/3
[train] early stop at epoch 6 (no val_f1 improvement for 3 epochs)
[train] done bert_base seed=47 best_val_f1=0.7440 best_epoch=3 epochs_run=6
[benchmark] evaluating /lus/lfs1aip2/projects/b5ac/project_1/data/10_recipe_sweep_and_training/matrix/checkpoints/bert_base/seed_47/best on 14395 BioRED test examples
[benchmark] batch 1/450 examples=32/14395
[benchmark] batch 45/450 examples=1440/14395
[benchmark] batch 90/450 examples=2880/14395
[benchmark] batch 135/450 examples=4320/14395
[benchmark] batch 180/450 examples=5760/14395
[benchmark] batch 225/450 examples=7200/14395
[benchmark] batch 270/450 examples=8640/14395
[benchmark] batch 315/450 examples=10080/14395
[benchmark] batch 360/450 examples=11520/14395
[benchmark] batch 405/450 examples=12960/14395
[benchmark] batch 450/450 examples=14395/14395
[benchmark] done f1=0.7259 precision=0.6711 recall=0.7905 n_positives=8875
  COMPLETE BERT-base (bert_base) seed=47: benchmark_f1=0.726 best_epoch=3 marker=/lus/lfs1aip2/projects/b5ac/project_1/data/10_recipe_sweep_and_training/matrix/results/bert_base/seed_47/matrix_complete.json
  RUN START BERT-base (bert_base) seed=48 [7/8 in this job]
[train] start bert_base seed=48 lr=5e-06 warmup=none train=24000 val=25311 -> /lus/lfs1aip2/projects/b5ac/project_1/data/10_recipe_sweep_and_training/matrix/checkpoints/bert_base/seed_48
[train] device=cuda batch_size=16 max_epochs=10
Some weights of BertForSequenceClassification were not initialized from the model checkpoint at bert-base-uncased and are newly initialized: ['classifier.bias', 'classifier.weight']
You should probably TRAIN this model on a down-stream task to be able to use it for predictions and inference.
[train] epoch 1/10 train_loss=0.6495 val_loss=0.6547 val_f1=0.4740 patience=0/3
[train] new best val_f1=0.4740 at epoch 1 -> /lus/lfs1aip2/projects/b5ac/project_1/data/10_recipe_sweep_and_training/matrix/checkpoints/bert_base/seed_48/best
[train] epoch 2/10 train_loss=0.5339 val_loss=0.5705 val_f1=0.7066 patience=0/3
[train] new best val_f1=0.7066 at epoch 2 -> /lus/lfs1aip2/projects/b5ac/project_1/data/10_recipe_sweep_and_training/matrix/checkpoints/bert_base/seed_48/best
[train] epoch 3/10 train_loss=0.4376 val_loss=0.6599 val_f1=0.6642 patience=0/3
[train] epoch 4/10 train_loss=0.3881 val_loss=0.6484 val_f1=0.7097 patience=1/3
[train] new best val_f1=0.7097 at epoch 4 -> /lus/lfs1aip2/projects/b5ac/project_1/data/10_recipe_sweep_and_training/matrix/checkpoints/bert_base/seed_48/best
[train] epoch 5/10 train_loss=0.3528 val_loss=0.7316 val_f1=0.7346 patience=0/3
[train] new best val_f1=0.7346 at epoch 5 -> /lus/lfs1aip2/projects/b5ac/project_1/data/10_recipe_sweep_and_training/matrix/checkpoints/bert_base/seed_48/best
[train] epoch 6/10 train_loss=0.3231 val_loss=0.8052 val_f1=0.6851 patience=0/3
[train] epoch 7/10 train_loss=0.3027 val_loss=0.7586 val_f1=0.7281 patience=1/3
[train] epoch 8/10 train_loss=0.2869 val_loss=0.8546 val_f1=0.7056 patience=2/3
[train] early stop at epoch 8 (no val_f1 improvement for 3 epochs)
[train] done bert_base seed=48 best_val_f1=0.7346 best_epoch=5 epochs_run=8
[benchmark] evaluating /lus/lfs1aip2/projects/b5ac/project_1/data/10_recipe_sweep_and_training/matrix/checkpoints/bert_base/seed_48/best on 14395 BioRED test examples
[benchmark] batch 1/450 examples=32/14395
[benchmark] batch 45/450 examples=1440/14395
[benchmark] batch 90/450 examples=2880/14395
[benchmark] batch 135/450 examples=4320/14395
[benchmark] batch 180/450 examples=5760/14395
[benchmark] batch 225/450 examples=7200/14395
[benchmark] batch 270/450 examples=8640/14395
[benchmark] batch 315/450 examples=10080/14395
[benchmark] batch 360/450 examples=11520/14395
[benchmark] batch 405/450 examples=12960/14395
[benchmark] batch 450/450 examples=14395/14395
[benchmark] done f1=0.7088 precision=0.6962 recall=0.7219 n_positives=8875
  COMPLETE BERT-base (bert_base) seed=48: benchmark_f1=0.709 best_epoch=5 marker=/lus/lfs1aip2/projects/b5ac/project_1/data/10_recipe_sweep_and_training/matrix/results/bert_base/seed_48/matrix_complete.json
  RUN START BERT-base (bert_base) seed=49 [8/8 in this job]
[train] start bert_base seed=49 lr=5e-06 warmup=none train=24000 val=25311 -> /lus/lfs1aip2/projects/b5ac/project_1/data/10_recipe_sweep_and_training/matrix/checkpoints/bert_base/seed_49
[train] device=cuda batch_size=16 max_epochs=10
Some weights of BertForSequenceClassification were not initialized from the model checkpoint at bert-base-uncased and are newly initialized: ['classifier.bias', 'classifier.weight']
You should probably TRAIN this model on a down-stream task to be able to use it for predictions and inference.
[train] epoch 1/10 train_loss=0.6467 val_loss=0.6014 val_f1=0.6855 patience=0/3
[train] new best val_f1=0.6855 at epoch 1 -> /lus/lfs1aip2/projects/b5ac/project_1/data/10_recipe_sweep_and_training/matrix/checkpoints/bert_base/seed_49/best
[train] epoch 2/10 train_loss=0.5143 val_loss=0.5499 val_f1=0.7385 patience=0/3
[train] new best val_f1=0.7385 at epoch 2 -> /lus/lfs1aip2/projects/b5ac/project_1/data/10_recipe_sweep_and_training/matrix/checkpoints/bert_base/seed_49/best
[train] epoch 3/10 train_loss=0.4330 val_loss=0.6032 val_f1=0.6639 patience=0/3
[train] epoch 4/10 train_loss=0.3882 val_loss=0.6604 val_f1=0.7083 patience=1/3
[train] epoch 5/10 train_loss=0.3534 val_loss=0.6694 val_f1=0.7558 patience=2/3
[train] new best val_f1=0.7558 at epoch 5 -> /lus/lfs1aip2/projects/b5ac/project_1/data/10_recipe_sweep_and_training/matrix/checkpoints/bert_base/seed_49/best
[train] epoch 6/10 train_loss=0.3295 val_loss=0.7776 val_f1=0.7206 patience=0/3
[train] epoch 7/10 train_loss=0.3036 val_loss=0.7522 val_f1=0.7439 patience=1/3
[train] epoch 8/10 train_loss=0.2872 val_loss=0.8794 val_f1=0.6954 patience=2/3
[train] early stop at epoch 8 (no val_f1 improvement for 3 epochs)
[train] done bert_base seed=49 best_val_f1=0.7558 best_epoch=5 epochs_run=8
[benchmark] evaluating /lus/lfs1aip2/projects/b5ac/project_1/data/10_recipe_sweep_and_training/matrix/checkpoints/bert_base/seed_49/best on 14395 BioRED test examples
[benchmark] batch 1/450 examples=32/14395
[benchmark] batch 45/450 examples=1440/14395
[benchmark] batch 90/450 examples=2880/14395
[benchmark] batch 135/450 examples=4320/14395
[benchmark] batch 180/450 examples=5760/14395
[benchmark] batch 225/450 examples=7200/14395
[benchmark] batch 270/450 examples=8640/14395
[benchmark] batch 315/450 examples=10080/14395
[benchmark] batch 360/450 examples=11520/14395
[benchmark] batch 405/450 examples=12960/14395
[benchmark] batch 450/450 examples=14395/14395
[benchmark] done f1=0.7415 precision=0.6670 recall=0.8348 n_positives=8875
  COMPLETE BERT-base (bert_base) seed=49: benchmark_f1=0.742 best_epoch=5 marker=/lus/lfs1aip2/projects/b5ac/project_1/data/10_recipe_sweep_and_training/matrix/results/bert_base/seed_49/matrix_complete.json

=== Step-2 matrix training complete (this job) ===
  Trained: 8, skipped (already done): 0, planned: 8

=== Done ===
End: Tue  9 Jun 16:37:04 UTC 2026
