=== 1e-5 supplementary side-matrix training ===
Host: nid011161
SLURM_JOB_ID=5411878
SLURM_JOB_NAME=lr1e5_deberta_42-43-44-45
Start: Sun Jun 28 19:30:06 UTC 2026
REPO=/home/b5ac/freddieyu.b5ac/project_1
OUTPUT_ROOT=/home/b5ac/freddieyu.b5ac/project_1/../projects/project_1
STEP_ARGS=--models deberta_base --seeds 42 43 44 45
Side output: /home/b5ac/freddieyu.b5ac/project_1/../projects/project_1/data/10_recipe_sweep_and_training/lr1e5_sidecheck/
Main matrix (untouched): /home/b5ac/freddieyu.b5ac/project_1/../projects/project_1/data/10_recipe_sweep_and_training/matrix/

=== 1e-5 side-matrix training ===
Recipe: lr=1e-05, warmup=none
Output: /lus/lfs1aip2/projects/b5ac/project_1/data/10_recipe_sweep_and_training/lr1e5_sidecheck


=== Step-2 matrix training ===
Recipe: lr=1e-05, warmup=none (checkpoint criterion=pooled_val_f1_micro)
Encoders (1): ['deberta_base']
Seeds (4): [42, 43, 44, 45]
Planned runs this job: 4


=== Estimated checkpoint footprint (rough) ===
  Runs: 1 encoders x 4 seeds = 4
  Assumed ~10 epochs/run; epoch ckpt ~220 MiB (fp16); best ckpt ~440 MiB (fp32)
  Per run ~2640 MiB; total ~10.3 GiB
  MAX_EPOCH_CHECKPOINTS_TO_KEEP=None (None = keep all epoch checkpoints)

[benchmark] building BioRED test examples...
[benchmark] built 14395 BioRED test examples (leaked PMIDs excluded)
[benchmark] building DrugProt test examples...
[benchmark] DrugProt: no labeled public test split in BigBio (splits=['train', 'validation', 'test_background']; test_background is unlabeled). Skipping DrugProt holdout benchmark; gene-drug combined uses BioRED test only.
  RUN START DeBERTa-base (deberta_base) seed=42 [1/4 in this job]
[train] start deberta_base seed=42 lr=1e-05 warmup=none hf=microsoft/deberta-base train=24000 val=25311 (pooled BioRED+DrugProt) -> /lus/lfs1aip2/projects/b5ac/project_1/data/10_recipe_sweep_and_training/lr1e5_sidecheck/checkpoints/deberta_base/seed_42
[train] device=cuda batch_size=16 max_epochs=10
Some weights of DebertaForSequenceClassification were not initialized from the model checkpoint at microsoft/deberta-base and are newly initialized: ['classifier.bias', 'classifier.weight', 'pooler.dense.bias', 'pooler.dense.weight']
You should probably TRAIN this model on a down-stream task to be able to use it for predictions and inference.
[train] epoch 1/10 train_loss=0.6367 val_loss=0.6092 pooled_val_f1_micro=0.6477
[train] new best pooled_val_f1_micro=0.6477 at epoch 1 -> /lus/lfs1aip2/projects/b5ac/project_1/data/10_recipe_sweep_and_training/lr1e5_sidecheck/checkpoints/deberta_base/seed_42/best
[train] epoch 2/10 train_loss=0.4758 val_loss=0.6083 pooled_val_f1_micro=0.7330
[train] new best pooled_val_f1_micro=0.7330 at epoch 2 -> /lus/lfs1aip2/projects/b5ac/project_1/data/10_recipe_sweep_and_training/lr1e5_sidecheck/checkpoints/deberta_base/seed_42/best
[train] epoch 3/10 train_loss=0.3984 val_loss=0.6495 pooled_val_f1_micro=0.6919
[train] epoch 4/10 train_loss=0.3420 val_loss=0.8230 pooled_val_f1_micro=0.6475
[train] epoch 5/10 train_loss=0.3109 val_loss=0.7030 pooled_val_f1_micro=0.7186
[train] epoch 6/10 train_loss=0.2844 val_loss=0.8099 pooled_val_f1_micro=0.7417
[train] new best pooled_val_f1_micro=0.7417 at epoch 6 -> /lus/lfs1aip2/projects/b5ac/project_1/data/10_recipe_sweep_and_training/lr1e5_sidecheck/checkpoints/deberta_base/seed_42/best
[train] epoch 7/10 train_loss=0.2685 val_loss=0.8038 pooled_val_f1_micro=0.7307
[train] epoch 8/10 train_loss=0.2537 val_loss=0.8570 pooled_val_f1_micro=0.6705
[train] epoch 9/10 train_loss=0.2377 val_loss=1.0958 pooled_val_f1_micro=0.6641
[train] epoch 10/10 train_loss=0.2327 val_loss=1.1720 pooled_val_f1_micro=0.6733
[train] done deberta_base seed=42 best_val_f1=0.7417 best_epoch=6 epochs_run=10
[benchmark] evaluating /lus/lfs1aip2/projects/b5ac/project_1/data/10_recipe_sweep_and_training/lr1e5_sidecheck/checkpoints/deberta_base/seed_42/best: BioRED=14395 DrugProt=0 gdis=9769 gd_combined=4626 (DrugProt holdout unavailable; combined=BioRED gene-drug only)
[benchmark] done gdis=0.7899 gd_combined=0.6333 gd_biored=0.6333 gd_drugprot=nan overall=0.7477
  COMPLETE DeBERTa-base (deberta_base) seed=42: gd_combined=0.633 gdis=0.790 best_epoch=6 pooled_val_f1=0.742 marker=/lus/lfs1aip2/projects/b5ac/project_1/data/10_recipe_sweep_and_training/lr1e5_sidecheck/results/deberta_base/seed_42/matrix_complete.json
  RUN START DeBERTa-base (deberta_base) seed=43 [2/4 in this job]
[train] start deberta_base seed=43 lr=1e-05 warmup=none hf=microsoft/deberta-base train=24000 val=25311 (pooled BioRED+DrugProt) -> /lus/lfs1aip2/projects/b5ac/project_1/data/10_recipe_sweep_and_training/lr1e5_sidecheck/checkpoints/deberta_base/seed_43
[train] device=cuda batch_size=16 max_epochs=10
Some weights of DebertaForSequenceClassification were not initialized from the model checkpoint at microsoft/deberta-base and are newly initialized: ['classifier.bias', 'classifier.weight', 'pooler.dense.bias', 'pooler.dense.weight']
You should probably TRAIN this model on a down-stream task to be able to use it for predictions and inference.
[train] epoch 1/10 train_loss=0.6943 val_loss=0.6936 pooled_val_f1_micro=0.0000
[train] new best pooled_val_f1_micro=0.0000 at epoch 1 -> /lus/lfs1aip2/projects/b5ac/project_1/data/10_recipe_sweep_and_training/lr1e5_sidecheck/checkpoints/deberta_base/seed_43/best
[train] epoch 2/10 train_loss=0.6941 val_loss=0.6939 pooled_val_f1_micro=0.0000
[train] epoch 3/10 train_loss=0.6936 val_loss=0.6941 pooled_val_f1_micro=0.0000
[train] epoch 4/10 train_loss=0.6921 val_loss=0.6934 pooled_val_f1_micro=0.0000
[train] epoch 5/10 train_loss=0.6931 val_loss=0.6928 pooled_val_f1_micro=0.6702
[train] new best pooled_val_f1_micro=0.6702 at epoch 5 -> /lus/lfs1aip2/projects/b5ac/project_1/data/10_recipe_sweep_and_training/lr1e5_sidecheck/checkpoints/deberta_base/seed_43/best
[train] epoch 6/10 train_loss=0.6680 val_loss=0.6889 pooled_val_f1_micro=0.3050
[train] epoch 7/10 train_loss=0.6760 val_loss=0.6905 pooled_val_f1_micro=0.2479
[train] epoch 8/10 train_loss=0.6786 val_loss=0.6942 pooled_val_f1_micro=0.0562
[train] epoch 9/10 train_loss=0.6834 val_loss=0.7038 pooled_val_f1_micro=0.1235
[train] epoch 10/10 train_loss=0.6819 val_loss=0.6987 pooled_val_f1_micro=0.1225
[train] done deberta_base seed=43 best_val_f1=0.6702 best_epoch=5 epochs_run=10
[benchmark] evaluating /lus/lfs1aip2/projects/b5ac/project_1/data/10_recipe_sweep_and_training/lr1e5_sidecheck/checkpoints/deberta_base/seed_43/best: BioRED=14395 DrugProt=0 gdis=9769 gd_combined=4626 (DrugProt holdout unavailable; combined=BioRED gene-drug only)
[benchmark] done gdis=0.7693 gd_combined=0.7489 gd_biored=0.7489 gd_drugprot=nan overall=0.7628
  COMPLETE DeBERTa-base (deberta_base) seed=43: gd_combined=0.749 gdis=0.769 best_epoch=5 pooled_val_f1=0.670 marker=/lus/lfs1aip2/projects/b5ac/project_1/data/10_recipe_sweep_and_training/lr1e5_sidecheck/results/deberta_base/seed_43/matrix_complete.json
  RUN START DeBERTa-base (deberta_base) seed=44 [3/4 in this job]
[train] start deberta_base seed=44 lr=1e-05 warmup=none hf=microsoft/deberta-base train=24000 val=25311 (pooled BioRED+DrugProt) -> /lus/lfs1aip2/projects/b5ac/project_1/data/10_recipe_sweep_and_training/lr1e5_sidecheck/checkpoints/deberta_base/seed_44
[train] device=cuda batch_size=16 max_epochs=10
Some weights of DebertaForSequenceClassification were not initialized from the model checkpoint at microsoft/deberta-base and are newly initialized: ['classifier.bias', 'classifier.weight', 'pooler.dense.bias', 'pooler.dense.weight']
You should probably TRAIN this model on a down-stream task to be able to use it for predictions and inference.
[train] epoch 1/10 train_loss=0.6767 val_loss=0.6572 pooled_val_f1_micro=0.5270
[train] new best pooled_val_f1_micro=0.5270 at epoch 1 -> /lus/lfs1aip2/projects/b5ac/project_1/data/10_recipe_sweep_and_training/lr1e5_sidecheck/checkpoints/deberta_base/seed_44/best
[train] epoch 2/10 train_loss=0.5661 val_loss=0.6929 pooled_val_f1_micro=0.6932
[train] new best pooled_val_f1_micro=0.6932 at epoch 2 -> /lus/lfs1aip2/projects/b5ac/project_1/data/10_recipe_sweep_and_training/lr1e5_sidecheck/checkpoints/deberta_base/seed_44/best
[train] epoch 3/10 train_loss=0.4192 val_loss=0.6089 pooled_val_f1_micro=0.7316
[train] new best pooled_val_f1_micro=0.7316 at epoch 3 -> /lus/lfs1aip2/projects/b5ac/project_1/data/10_recipe_sweep_and_training/lr1e5_sidecheck/checkpoints/deberta_base/seed_44/best
[train] epoch 4/10 train_loss=0.3650 val_loss=0.8939 pooled_val_f1_micro=0.7214
[train] epoch 5/10 train_loss=0.3325 val_loss=0.6346 pooled_val_f1_micro=0.7288
[train] epoch 6/10 train_loss=0.3039 val_loss=0.9965 pooled_val_f1_micro=0.7146
[train] epoch 7/10 train_loss=0.2853 val_loss=0.9673 pooled_val_f1_micro=0.7106
[train] epoch 8/10 train_loss=0.2646 val_loss=1.1000 pooled_val_f1_micro=0.6839
[train] epoch 9/10 train_loss=0.2548 val_loss=1.0334 pooled_val_f1_micro=0.6855
[train] epoch 10/10 train_loss=0.2390 val_loss=1.3296 pooled_val_f1_micro=0.6465
[train] done deberta_base seed=44 best_val_f1=0.7316 best_epoch=3 epochs_run=10
[benchmark] evaluating /lus/lfs1aip2/projects/b5ac/project_1/data/10_recipe_sweep_and_training/lr1e5_sidecheck/checkpoints/deberta_base/seed_44/best: BioRED=14395 DrugProt=0 gdis=9769 gd_combined=4626 (DrugProt holdout unavailable; combined=BioRED gene-drug only)
[benchmark] done gdis=0.7707 gd_combined=0.5386 gd_biored=0.5386 gd_drugprot=nan overall=0.7121
  COMPLETE DeBERTa-base (deberta_base) seed=44: gd_combined=0.539 gdis=0.771 best_epoch=3 pooled_val_f1=0.732 marker=/lus/lfs1aip2/projects/b5ac/project_1/data/10_recipe_sweep_and_training/lr1e5_sidecheck/results/deberta_base/seed_44/matrix_complete.json
  RUN START DeBERTa-base (deberta_base) seed=45 [4/4 in this job]
[train] start deberta_base seed=45 lr=1e-05 warmup=none hf=microsoft/deberta-base train=24000 val=25311 (pooled BioRED+DrugProt) -> /lus/lfs1aip2/projects/b5ac/project_1/data/10_recipe_sweep_and_training/lr1e5_sidecheck/checkpoints/deberta_base/seed_45
[train] device=cuda batch_size=16 max_epochs=10
Some weights of DebertaForSequenceClassification were not initialized from the model checkpoint at microsoft/deberta-base and are newly initialized: ['classifier.bias', 'classifier.weight', 'pooler.dense.bias', 'pooler.dense.weight']
You should probably TRAIN this model on a down-stream task to be able to use it for predictions and inference.
[train] epoch 1/10 train_loss=0.6716 val_loss=0.6697 pooled_val_f1_micro=0.6421
[train] new best pooled_val_f1_micro=0.6421 at epoch 1 -> /lus/lfs1aip2/projects/b5ac/project_1/data/10_recipe_sweep_and_training/lr1e5_sidecheck/checkpoints/deberta_base/seed_45/best
[train] epoch 2/10 train_loss=0.5966 val_loss=0.5905 pooled_val_f1_micro=0.7187
[train] new best pooled_val_f1_micro=0.7187 at epoch 2 -> /lus/lfs1aip2/projects/b5ac/project_1/data/10_recipe_sweep_and_training/lr1e5_sidecheck/checkpoints/deberta_base/seed_45/best
[train] epoch 3/10 train_loss=0.4427 val_loss=0.6315 pooled_val_f1_micro=0.7031
[train] epoch 4/10 train_loss=0.3712 val_loss=0.6037 pooled_val_f1_micro=0.7070
[train] epoch 5/10 train_loss=0.3275 val_loss=0.7231 pooled_val_f1_micro=0.7111
[train] epoch 6/10 train_loss=0.3001 val_loss=0.7980 pooled_val_f1_micro=0.7400
[train] new best pooled_val_f1_micro=0.7400 at epoch 6 -> /lus/lfs1aip2/projects/b5ac/project_1/data/10_recipe_sweep_and_training/lr1e5_sidecheck/checkpoints/deberta_base/seed_45/best
[train] epoch 7/10 train_loss=0.2765 val_loss=1.0443 pooled_val_f1_micro=0.6285
[train] epoch 8/10 train_loss=0.2635 val_loss=0.8838 pooled_val_f1_micro=0.7394
[train] epoch 9/10 train_loss=0.2452 val_loss=0.9894 pooled_val_f1_micro=0.7056
[train] epoch 10/10 train_loss=0.2356 val_loss=0.9931 pooled_val_f1_micro=0.7208
[train] done deberta_base seed=45 best_val_f1=0.7400 best_epoch=6 epochs_run=10
[benchmark] evaluating /lus/lfs1aip2/projects/b5ac/project_1/data/10_recipe_sweep_and_training/lr1e5_sidecheck/checkpoints/deberta_base/seed_45/best: BioRED=14395 DrugProt=0 gdis=9769 gd_combined=4626 (DrugProt holdout unavailable; combined=BioRED gene-drug only)
[benchmark] done gdis=0.7864 gd_combined=0.6301 gd_biored=0.6301 gd_drugprot=nan overall=0.7455
  COMPLETE DeBERTa-base (deberta_base) seed=45: gd_combined=0.630 gdis=0.786 best_epoch=6 pooled_val_f1=0.740 marker=/lus/lfs1aip2/projects/b5ac/project_1/data/10_recipe_sweep_and_training/lr1e5_sidecheck/results/deberta_base/seed_45/matrix_complete.json

=== Step-2 matrix training complete (this job) ===
  Trained: 4, skipped (already done): 0, planned: 4

End: Sun Jun 28 22:30:48 UTC 2026
