=== Step 2: full-matrix training ===
Host: nid010128
SLURM_JOB_ID=5411776
SLURM_JOB_NAME=train_scibert_46-47-48-49
Start: Sun Jun 28 19:29:26 UTC 2026
REPO=/home/b5ac/freddieyu.b5ac/project_1
OUTPUT_ROOT=/home/b5ac/freddieyu.b5ac/project_1/../projects/project_1
STEP_ARGS=--force --models scibert_base --seeds 46 47 48 49
Log: /home/b5ac/freddieyu.b5ac/project_1/../projects/project_1/runs/10_recipe_sweep_and_training/train_5411776.out
Ensure CHOSEN_RECIPE is set in config.py (not None) before submitting.
TMPDIR=/home/b5ac/freddieyu.b5ac/project_1/../projects/project_1/runs/10_recipe_sweep_and_training/tmp_5411776
=== Recipe sweep and training 2026-06-28T19:29:30.563582 ===
[run] mode=train-only (step 2)
[run] model filter: ['scibert_base']
[run] seed filter: [46, 47, 48, 49]

=== Step-2 matrix training ===
Recipe: lr=5e-06, warmup=none (checkpoint criterion=pooled_val_f1_micro)
Encoders (1): ['scibert_base']
Seeds (4): [46, 47, 48, 49]
Planned runs this job: 4


=== Estimated checkpoint footprint (rough) ===
  Runs: 1 encoders x 4 seeds = 4
  Assumed ~10 epochs/run; epoch ckpt ~220 MiB (fp16); best ckpt ~440 MiB (fp32)
  Per run ~2640 MiB; total ~10.3 GiB
  MAX_EPOCH_CHECKPOINTS_TO_KEEP=None (None = keep all epoch checkpoints)

[benchmark] building BioRED test examples...
[benchmark] built 14395 BioRED test examples (leaked PMIDs excluded)
[benchmark] building DrugProt test examples...
[benchmark] DrugProt: no labeled public test split in BigBio (splits=['train', 'validation', 'test_background']; test_background is unlabeled). Skipping DrugProt holdout benchmark; gene-drug combined uses BioRED test only.
  RUN START SciBERT (scibert_base) seed=46 [1/4 in this job]
[train] start scibert_base seed=46 lr=5e-06 warmup=none hf=allenai/scibert_scivocab_uncased train=24000 val=25311 (pooled BioRED+DrugProt) -> /lus/lfs1aip2/projects/b5ac/project_1/data/10_recipe_sweep_and_training/matrix/checkpoints/scibert_base/seed_46
[train] device=cuda batch_size=16 max_epochs=10
Some weights of BertForSequenceClassification were not initialized from the model checkpoint at allenai/scibert_scivocab_uncased and are newly initialized: ['classifier.bias', 'classifier.weight']
You should probably TRAIN this model on a down-stream task to be able to use it for predictions and inference.
[train] epoch 1/10 train_loss=0.5609 val_loss=0.5295 pooled_val_f1_micro=0.7544
[train] new best pooled_val_f1_micro=0.7544 at epoch 1 -> /lus/lfs1aip2/projects/b5ac/project_1/data/10_recipe_sweep_and_training/matrix/checkpoints/scibert_base/seed_46/best
[train] epoch 2/10 train_loss=0.4000 val_loss=0.5719 pooled_val_f1_micro=0.7296
[train] epoch 3/10 train_loss=0.3353 val_loss=0.6234 pooled_val_f1_micro=0.7485
[train] epoch 4/10 train_loss=0.2853 val_loss=0.7101 pooled_val_f1_micro=0.7269
[train] epoch 5/10 train_loss=0.2516 val_loss=0.7527 pooled_val_f1_micro=0.7335
[train] epoch 6/10 train_loss=0.2256 val_loss=0.9536 pooled_val_f1_micro=0.6610
[train] epoch 7/10 train_loss=0.2082 val_loss=0.8435 pooled_val_f1_micro=0.7500
[train] epoch 8/10 train_loss=0.1949 val_loss=0.8258 pooled_val_f1_micro=0.7601
[train] new best pooled_val_f1_micro=0.7601 at epoch 8 -> /lus/lfs1aip2/projects/b5ac/project_1/data/10_recipe_sweep_and_training/matrix/checkpoints/scibert_base/seed_46/best
[train] epoch 9/10 train_loss=0.1798 val_loss=1.0178 pooled_val_f1_micro=0.7283
[train] epoch 10/10 train_loss=0.1746 val_loss=0.9938 pooled_val_f1_micro=0.6893
[train] done scibert_base seed=46 best_val_f1=0.7601 best_epoch=8 epochs_run=10
[benchmark] evaluating /lus/lfs1aip2/projects/b5ac/project_1/data/10_recipe_sweep_and_training/matrix/checkpoints/scibert_base/seed_46/best: BioRED=14395 DrugProt=0 gdis=9769 gd_combined=4626 (DrugProt holdout unavailable; combined=BioRED gene-drug only)
[benchmark] done gdis=0.7873 gd_combined=0.6493 gd_biored=0.6493 gd_drugprot=nan overall=0.7493
  COMPLETE SciBERT (scibert_base) seed=46: gd_combined=0.649 gdis=0.787 best_epoch=8 pooled_val_f1=0.760 marker=/lus/lfs1aip2/projects/b5ac/project_1/data/10_recipe_sweep_and_training/matrix/results/scibert_base/seed_46/matrix_complete.json
  RUN START SciBERT (scibert_base) seed=47 [2/4 in this job]
[train] start scibert_base seed=47 lr=5e-06 warmup=none hf=allenai/scibert_scivocab_uncased train=24000 val=25311 (pooled BioRED+DrugProt) -> /lus/lfs1aip2/projects/b5ac/project_1/data/10_recipe_sweep_and_training/matrix/checkpoints/scibert_base/seed_47
[train] device=cuda batch_size=16 max_epochs=10
Some weights of BertForSequenceClassification were not initialized from the model checkpoint at allenai/scibert_scivocab_uncased and are newly initialized: ['classifier.bias', 'classifier.weight']
You should probably TRAIN this model on a down-stream task to be able to use it for predictions and inference.
[train] epoch 1/10 train_loss=0.5579 val_loss=0.5420 pooled_val_f1_micro=0.7270
[train] new best pooled_val_f1_micro=0.7270 at epoch 1 -> /lus/lfs1aip2/projects/b5ac/project_1/data/10_recipe_sweep_and_training/matrix/checkpoints/scibert_base/seed_47/best
[train] epoch 2/10 train_loss=0.4043 val_loss=0.5922 pooled_val_f1_micro=0.7015
[train] epoch 3/10 train_loss=0.3377 val_loss=0.6041 pooled_val_f1_micro=0.7575
[train] new best pooled_val_f1_micro=0.7575 at epoch 3 -> /lus/lfs1aip2/projects/b5ac/project_1/data/10_recipe_sweep_and_training/matrix/checkpoints/scibert_base/seed_47/best
[train] epoch 4/10 train_loss=0.2932 val_loss=0.6733 pooled_val_f1_micro=0.7400
[train] epoch 5/10 train_loss=0.2587 val_loss=0.7108 pooled_val_f1_micro=0.7484
[train] epoch 6/10 train_loss=0.2343 val_loss=0.7465 pooled_val_f1_micro=0.7293
[train] epoch 7/10 train_loss=0.2146 val_loss=0.8102 pooled_val_f1_micro=0.7471
[train] epoch 8/10 train_loss=0.2008 val_loss=0.8516 pooled_val_f1_micro=0.7343
[train] epoch 9/10 train_loss=0.1886 val_loss=0.8747 pooled_val_f1_micro=0.7330
[train] epoch 10/10 train_loss=0.1798 val_loss=0.9833 pooled_val_f1_micro=0.7270
[train] done scibert_base seed=47 best_val_f1=0.7575 best_epoch=3 epochs_run=10
[benchmark] evaluating /lus/lfs1aip2/projects/b5ac/project_1/data/10_recipe_sweep_and_training/matrix/checkpoints/scibert_base/seed_47/best: BioRED=14395 DrugProt=0 gdis=9769 gd_combined=4626 (DrugProt holdout unavailable; combined=BioRED gene-drug only)
[benchmark] done gdis=0.7767 gd_combined=0.6275 gd_biored=0.6275 gd_drugprot=nan overall=0.7361
  COMPLETE SciBERT (scibert_base) seed=47: gd_combined=0.627 gdis=0.777 best_epoch=3 pooled_val_f1=0.757 marker=/lus/lfs1aip2/projects/b5ac/project_1/data/10_recipe_sweep_and_training/matrix/results/scibert_base/seed_47/matrix_complete.json
  RUN START SciBERT (scibert_base) seed=48 [3/4 in this job]
[train] start scibert_base seed=48 lr=5e-06 warmup=none hf=allenai/scibert_scivocab_uncased train=24000 val=25311 (pooled BioRED+DrugProt) -> /lus/lfs1aip2/projects/b5ac/project_1/data/10_recipe_sweep_and_training/matrix/checkpoints/scibert_base/seed_48
[train] device=cuda batch_size=16 max_epochs=10
Some weights of BertForSequenceClassification were not initialized from the model checkpoint at allenai/scibert_scivocab_uncased and are newly initialized: ['classifier.bias', 'classifier.weight']
You should probably TRAIN this model on a down-stream task to be able to use it for predictions and inference.
[train] epoch 1/10 train_loss=0.5512 val_loss=0.5680 pooled_val_f1_micro=0.7261
[train] new best pooled_val_f1_micro=0.7261 at epoch 1 -> /lus/lfs1aip2/projects/b5ac/project_1/data/10_recipe_sweep_and_training/matrix/checkpoints/scibert_base/seed_48/best
[train] epoch 2/10 train_loss=0.3914 val_loss=0.5651 pooled_val_f1_micro=0.7391
[train] new best pooled_val_f1_micro=0.7391 at epoch 2 -> /lus/lfs1aip2/projects/b5ac/project_1/data/10_recipe_sweep_and_training/matrix/checkpoints/scibert_base/seed_48/best
[train] epoch 3/10 train_loss=0.3254 val_loss=0.5837 pooled_val_f1_micro=0.7507
[train] new best pooled_val_f1_micro=0.7507 at epoch 3 -> /lus/lfs1aip2/projects/b5ac/project_1/data/10_recipe_sweep_and_training/matrix/checkpoints/scibert_base/seed_48/best
[train] epoch 4/10 train_loss=0.2772 val_loss=0.6844 pooled_val_f1_micro=0.7393
[train] epoch 5/10 train_loss=0.2446 val_loss=0.7510 pooled_val_f1_micro=0.7636
[train] new best pooled_val_f1_micro=0.7636 at epoch 5 -> /lus/lfs1aip2/projects/b5ac/project_1/data/10_recipe_sweep_and_training/matrix/checkpoints/scibert_base/seed_48/best
[train] epoch 6/10 train_loss=0.2227 val_loss=0.8679 pooled_val_f1_micro=0.7359
[train] epoch 7/10 train_loss=0.2035 val_loss=0.8246 pooled_val_f1_micro=0.7539
[train] epoch 8/10 train_loss=0.1913 val_loss=0.9153 pooled_val_f1_micro=0.7186
[train] epoch 9/10 train_loss=0.1813 val_loss=0.9636 pooled_val_f1_micro=0.7312
[train] epoch 10/10 train_loss=0.1731 val_loss=0.9790 pooled_val_f1_micro=0.7243
[train] done scibert_base seed=48 best_val_f1=0.7636 best_epoch=5 epochs_run=10
[benchmark] evaluating /lus/lfs1aip2/projects/b5ac/project_1/data/10_recipe_sweep_and_training/matrix/checkpoints/scibert_base/seed_48/best: BioRED=14395 DrugProt=0 gdis=9769 gd_combined=4626 (DrugProt holdout unavailable; combined=BioRED gene-drug only)
[benchmark] done gdis=0.7750 gd_combined=0.6572 gd_biored=0.6572 gd_drugprot=nan overall=0.7430
  COMPLETE SciBERT (scibert_base) seed=48: gd_combined=0.657 gdis=0.775 best_epoch=5 pooled_val_f1=0.764 marker=/lus/lfs1aip2/projects/b5ac/project_1/data/10_recipe_sweep_and_training/matrix/results/scibert_base/seed_48/matrix_complete.json
  RUN START SciBERT (scibert_base) seed=49 [4/4 in this job]
[train] start scibert_base seed=49 lr=5e-06 warmup=none hf=allenai/scibert_scivocab_uncased train=24000 val=25311 (pooled BioRED+DrugProt) -> /lus/lfs1aip2/projects/b5ac/project_1/data/10_recipe_sweep_and_training/matrix/checkpoints/scibert_base/seed_49
[train] device=cuda batch_size=16 max_epochs=10
Some weights of BertForSequenceClassification were not initialized from the model checkpoint at allenai/scibert_scivocab_uncased and are newly initialized: ['classifier.bias', 'classifier.weight']
You should probably TRAIN this model on a down-stream task to be able to use it for predictions and inference.
[train] epoch 1/10 train_loss=0.5651 val_loss=0.5196 pooled_val_f1_micro=0.7620
[train] new best pooled_val_f1_micro=0.7620 at epoch 1 -> /lus/lfs1aip2/projects/b5ac/project_1/data/10_recipe_sweep_and_training/matrix/checkpoints/scibert_base/seed_49/best
[train] epoch 2/10 train_loss=0.3955 val_loss=0.5518 pooled_val_f1_micro=0.7746
[train] new best pooled_val_f1_micro=0.7746 at epoch 2 -> /lus/lfs1aip2/projects/b5ac/project_1/data/10_recipe_sweep_and_training/matrix/checkpoints/scibert_base/seed_49/best
[train] epoch 3/10 train_loss=0.3291 val_loss=0.5856 pooled_val_f1_micro=0.7815
[train] new best pooled_val_f1_micro=0.7815 at epoch 3 -> /lus/lfs1aip2/projects/b5ac/project_1/data/10_recipe_sweep_and_training/matrix/checkpoints/scibert_base/seed_49/best
[train] epoch 4/10 train_loss=0.2830 val_loss=0.6954 pooled_val_f1_micro=0.7048
[train] epoch 5/10 train_loss=0.2525 val_loss=0.7026 pooled_val_f1_micro=0.7868
[train] new best pooled_val_f1_micro=0.7868 at epoch 5 -> /lus/lfs1aip2/projects/b5ac/project_1/data/10_recipe_sweep_and_training/matrix/checkpoints/scibert_base/seed_49/best
[train] epoch 6/10 train_loss=0.2266 val_loss=0.7704 pooled_val_f1_micro=0.7568
[train] epoch 7/10 train_loss=0.2115 val_loss=0.8350 pooled_val_f1_micro=0.7597
[train] epoch 8/10 train_loss=0.1990 val_loss=0.9153 pooled_val_f1_micro=0.7391
[train] epoch 9/10 train_loss=0.1871 val_loss=0.9205 pooled_val_f1_micro=0.7595
[train] epoch 10/10 train_loss=0.1784 val_loss=0.8732 pooled_val_f1_micro=0.7569
[train] done scibert_base seed=49 best_val_f1=0.7868 best_epoch=5 epochs_run=10
[benchmark] evaluating /lus/lfs1aip2/projects/b5ac/project_1/data/10_recipe_sweep_and_training/matrix/checkpoints/scibert_base/seed_49/best: BioRED=14395 DrugProt=0 gdis=9769 gd_combined=4626 (DrugProt holdout unavailable; combined=BioRED gene-drug only)
[benchmark] done gdis=0.7930 gd_combined=0.6699 gd_biored=0.6699 gd_drugprot=nan overall=0.7590
  COMPLETE SciBERT (scibert_base) seed=49: gd_combined=0.670 gdis=0.793 best_epoch=5 pooled_val_f1=0.787 marker=/lus/lfs1aip2/projects/b5ac/project_1/data/10_recipe_sweep_and_training/matrix/results/scibert_base/seed_49/matrix_complete.json

=== Step-2 matrix training complete (this job) ===
  Trained: 4, skipped (already done): 0, planned: 4

=== Done ===
End: Sun Jun 28 21:35:17 UTC 2026
