=== Step 2: full-matrix training ===
Host: nid010166
SLURM_JOB_ID=5411780
SLURM_JOB_NAME=train_bert_46-47-48-49
Start: Sun Jun 28 19:29:27 UTC 2026
REPO=/home/b5ac/freddieyu.b5ac/project_1
OUTPUT_ROOT=/home/b5ac/freddieyu.b5ac/project_1/../projects/project_1
STEP_ARGS=--force --models bert_base --seeds 46 47 48 49
Log: /home/b5ac/freddieyu.b5ac/project_1/../projects/project_1/runs/10_recipe_sweep_and_training/train_5411780.out
Ensure CHOSEN_RECIPE is set in config.py (not None) before submitting.
TMPDIR=/home/b5ac/freddieyu.b5ac/project_1/../projects/project_1/runs/10_recipe_sweep_and_training/tmp_5411780
=== Recipe sweep and training 2026-06-28T19:29:31.102980 ===
[run] mode=train-only (step 2)
[run] model filter: ['bert_base']
[run] seed filter: [46, 47, 48, 49]

=== Step-2 matrix training ===
Recipe: lr=5e-06, warmup=none (checkpoint criterion=pooled_val_f1_micro)
Encoders (1): ['bert_base']
Seeds (4): [46, 47, 48, 49]
Planned runs this job: 4


=== Estimated checkpoint footprint (rough) ===
  Runs: 1 encoders x 4 seeds = 4
  Assumed ~10 epochs/run; epoch ckpt ~220 MiB (fp16); best ckpt ~440 MiB (fp32)
  Per run ~2640 MiB; total ~10.3 GiB
  MAX_EPOCH_CHECKPOINTS_TO_KEEP=None (None = keep all epoch checkpoints)

[benchmark] building BioRED test examples...
[benchmark] built 14395 BioRED test examples (leaked PMIDs excluded)
[benchmark] building DrugProt test examples...
[benchmark] DrugProt: no labeled public test split in BigBio (splits=['train', 'validation', 'test_background']; test_background is unlabeled). Skipping DrugProt holdout benchmark; gene-drug combined uses BioRED test only.
  RUN START BERT-base (bert_base) seed=46 [1/4 in this job]
[train] start bert_base seed=46 lr=5e-06 warmup=none hf=bert-base-uncased train=24000 val=25311 (pooled BioRED+DrugProt) -> /lus/lfs1aip2/projects/b5ac/project_1/data/10_recipe_sweep_and_training/matrix/checkpoints/bert_base/seed_46
[train] device=cuda batch_size=16 max_epochs=10
Some weights of BertForSequenceClassification were not initialized from the model checkpoint at bert-base-uncased and are newly initialized: ['classifier.bias', 'classifier.weight']
You should probably TRAIN this model on a down-stream task to be able to use it for predictions and inference.
[train] epoch 1/10 train_loss=0.6519 val_loss=0.6461 pooled_val_f1_micro=0.6482
[train] new best pooled_val_f1_micro=0.6482 at epoch 1 -> /lus/lfs1aip2/projects/b5ac/project_1/data/10_recipe_sweep_and_training/matrix/checkpoints/bert_base/seed_46/best
[train] epoch 2/10 train_loss=0.5546 val_loss=0.5913 pooled_val_f1_micro=0.7055
[train] new best pooled_val_f1_micro=0.7055 at epoch 2 -> /lus/lfs1aip2/projects/b5ac/project_1/data/10_recipe_sweep_and_training/matrix/checkpoints/bert_base/seed_46/best
[train] epoch 3/10 train_loss=0.4532 val_loss=0.6060 pooled_val_f1_micro=0.7323
[train] new best pooled_val_f1_micro=0.7323 at epoch 3 -> /lus/lfs1aip2/projects/b5ac/project_1/data/10_recipe_sweep_and_training/matrix/checkpoints/bert_base/seed_46/best
[train] epoch 4/10 train_loss=0.4082 val_loss=0.6169 pooled_val_f1_micro=0.7060
[train] epoch 5/10 train_loss=0.3725 val_loss=0.6519 pooled_val_f1_micro=0.7370
[train] new best pooled_val_f1_micro=0.7370 at epoch 5 -> /lus/lfs1aip2/projects/b5ac/project_1/data/10_recipe_sweep_and_training/matrix/checkpoints/bert_base/seed_46/best
[train] epoch 6/10 train_loss=0.3428 val_loss=0.8402 pooled_val_f1_micro=0.6636
[train] epoch 7/10 train_loss=0.3187 val_loss=0.8610 pooled_val_f1_micro=0.7149
[train] epoch 8/10 train_loss=0.3013 val_loss=0.7309 pooled_val_f1_micro=0.7372
[train] new best pooled_val_f1_micro=0.7372 at epoch 8 -> /lus/lfs1aip2/projects/b5ac/project_1/data/10_recipe_sweep_and_training/matrix/checkpoints/bert_base/seed_46/best
[train] epoch 9/10 train_loss=0.2828 val_loss=0.8575 pooled_val_f1_micro=0.7048
[train] epoch 10/10 train_loss=0.2690 val_loss=0.8224 pooled_val_f1_micro=0.7184
[train] done bert_base seed=46 best_val_f1=0.7372 best_epoch=8 epochs_run=10
[benchmark] evaluating /lus/lfs1aip2/projects/b5ac/project_1/data/10_recipe_sweep_and_training/matrix/checkpoints/bert_base/seed_46/best: BioRED=14395 DrugProt=0 gdis=9769 gd_combined=4626 (DrugProt holdout unavailable; combined=BioRED gene-drug only)
[benchmark] done gdis=0.7495 gd_combined=0.5562 gd_biored=0.5562 gd_drugprot=nan overall=0.6969
  COMPLETE BERT-base (bert_base) seed=46: gd_combined=0.556 gdis=0.750 best_epoch=8 pooled_val_f1=0.737 marker=/lus/lfs1aip2/projects/b5ac/project_1/data/10_recipe_sweep_and_training/matrix/results/bert_base/seed_46/matrix_complete.json
  RUN START BERT-base (bert_base) seed=47 [2/4 in this job]
[train] start bert_base seed=47 lr=5e-06 warmup=none hf=bert-base-uncased train=24000 val=25311 (pooled BioRED+DrugProt) -> /lus/lfs1aip2/projects/b5ac/project_1/data/10_recipe_sweep_and_training/matrix/checkpoints/bert_base/seed_47
[train] device=cuda batch_size=16 max_epochs=10
Some weights of BertForSequenceClassification were not initialized from the model checkpoint at bert-base-uncased and are newly initialized: ['classifier.bias', 'classifier.weight']
You should probably TRAIN this model on a down-stream task to be able to use it for predictions and inference.
[train] epoch 1/10 train_loss=0.6354 val_loss=0.6042 pooled_val_f1_micro=0.7015
[train] new best pooled_val_f1_micro=0.7015 at epoch 1 -> /lus/lfs1aip2/projects/b5ac/project_1/data/10_recipe_sweep_and_training/matrix/checkpoints/bert_base/seed_47/best
[train] epoch 2/10 train_loss=0.4967 val_loss=0.6377 pooled_val_f1_micro=0.6368
[train] epoch 3/10 train_loss=0.4262 val_loss=0.6233 pooled_val_f1_micro=0.7388
[train] new best pooled_val_f1_micro=0.7388 at epoch 3 -> /lus/lfs1aip2/projects/b5ac/project_1/data/10_recipe_sweep_and_training/matrix/checkpoints/bert_base/seed_47/best
[train] epoch 4/10 train_loss=0.3871 val_loss=0.6623 pooled_val_f1_micro=0.7225
[train] epoch 5/10 train_loss=0.3525 val_loss=0.7088 pooled_val_f1_micro=0.7179
[train] epoch 6/10 train_loss=0.3257 val_loss=0.7471 pooled_val_f1_micro=0.6967
[train] epoch 7/10 train_loss=0.3037 val_loss=0.7559 pooled_val_f1_micro=0.7288
[train] epoch 8/10 train_loss=0.2801 val_loss=0.7896 pooled_val_f1_micro=0.7049
[train] epoch 9/10 train_loss=0.2685 val_loss=0.9393 pooled_val_f1_micro=0.6985
[train] epoch 10/10 train_loss=0.2540 val_loss=1.0016 pooled_val_f1_micro=0.7037
[train] done bert_base seed=47 best_val_f1=0.7388 best_epoch=3 epochs_run=10
[benchmark] evaluating /lus/lfs1aip2/projects/b5ac/project_1/data/10_recipe_sweep_and_training/matrix/checkpoints/bert_base/seed_47/best: BioRED=14395 DrugProt=0 gdis=9769 gd_combined=4626 (DrugProt holdout unavailable; combined=BioRED gene-drug only)
[benchmark] done gdis=0.7721 gd_combined=0.6452 gd_biored=0.6452 gd_drugprot=nan overall=0.7379
  COMPLETE BERT-base (bert_base) seed=47: gd_combined=0.645 gdis=0.772 best_epoch=3 pooled_val_f1=0.739 marker=/lus/lfs1aip2/projects/b5ac/project_1/data/10_recipe_sweep_and_training/matrix/results/bert_base/seed_47/matrix_complete.json
  RUN START BERT-base (bert_base) seed=48 [3/4 in this job]
[train] start bert_base seed=48 lr=5e-06 warmup=none hf=bert-base-uncased train=24000 val=25311 (pooled BioRED+DrugProt) -> /lus/lfs1aip2/projects/b5ac/project_1/data/10_recipe_sweep_and_training/matrix/checkpoints/bert_base/seed_48
[train] device=cuda batch_size=16 max_epochs=10
Some weights of BertForSequenceClassification were not initialized from the model checkpoint at bert-base-uncased and are newly initialized: ['classifier.bias', 'classifier.weight']
You should probably TRAIN this model on a down-stream task to be able to use it for predictions and inference.
[train] epoch 1/10 train_loss=0.6522 val_loss=0.6506 pooled_val_f1_micro=0.5029
[train] new best pooled_val_f1_micro=0.5029 at epoch 1 -> /lus/lfs1aip2/projects/b5ac/project_1/data/10_recipe_sweep_and_training/matrix/checkpoints/bert_base/seed_48/best
[train] epoch 2/10 train_loss=0.5382 val_loss=0.5965 pooled_val_f1_micro=0.7016
[train] new best pooled_val_f1_micro=0.7016 at epoch 2 -> /lus/lfs1aip2/projects/b5ac/project_1/data/10_recipe_sweep_and_training/matrix/checkpoints/bert_base/seed_48/best
[train] epoch 3/10 train_loss=0.4440 val_loss=0.6615 pooled_val_f1_micro=0.6979
[train] epoch 4/10 train_loss=0.3924 val_loss=0.6665 pooled_val_f1_micro=0.7195
[train] new best pooled_val_f1_micro=0.7195 at epoch 4 -> /lus/lfs1aip2/projects/b5ac/project_1/data/10_recipe_sweep_and_training/matrix/checkpoints/bert_base/seed_48/best
[train] epoch 5/10 train_loss=0.3559 val_loss=0.7107 pooled_val_f1_micro=0.7382
[train] new best pooled_val_f1_micro=0.7382 at epoch 5 -> /lus/lfs1aip2/projects/b5ac/project_1/data/10_recipe_sweep_and_training/matrix/checkpoints/bert_base/seed_48/best
[train] epoch 6/10 train_loss=0.3291 val_loss=0.8231 pooled_val_f1_micro=0.6751
[train] epoch 7/10 train_loss=0.3065 val_loss=0.7825 pooled_val_f1_micro=0.7277
[train] epoch 8/10 train_loss=0.2890 val_loss=0.8115 pooled_val_f1_micro=0.6981
[train] epoch 9/10 train_loss=0.2697 val_loss=0.8536 pooled_val_f1_micro=0.7295
[train] epoch 10/10 train_loss=0.2574 val_loss=0.8863 pooled_val_f1_micro=0.7009
[train] done bert_base seed=48 best_val_f1=0.7382 best_epoch=5 epochs_run=10
[benchmark] evaluating /lus/lfs1aip2/projects/b5ac/project_1/data/10_recipe_sweep_and_training/matrix/checkpoints/bert_base/seed_48/best: BioRED=14395 DrugProt=0 gdis=9769 gd_combined=4626 (DrugProt holdout unavailable; combined=BioRED gene-drug only)
[benchmark] done gdis=0.7750 gd_combined=0.5587 gd_biored=0.5587 gd_drugprot=nan overall=0.7187
  COMPLETE BERT-base (bert_base) seed=48: gd_combined=0.559 gdis=0.775 best_epoch=5 pooled_val_f1=0.738 marker=/lus/lfs1aip2/projects/b5ac/project_1/data/10_recipe_sweep_and_training/matrix/results/bert_base/seed_48/matrix_complete.json
  RUN START BERT-base (bert_base) seed=49 [4/4 in this job]
[train] start bert_base seed=49 lr=5e-06 warmup=none hf=bert-base-uncased train=24000 val=25311 (pooled BioRED+DrugProt) -> /lus/lfs1aip2/projects/b5ac/project_1/data/10_recipe_sweep_and_training/matrix/checkpoints/bert_base/seed_49
[train] device=cuda batch_size=16 max_epochs=10
Some weights of BertForSequenceClassification were not initialized from the model checkpoint at bert-base-uncased and are newly initialized: ['classifier.bias', 'classifier.weight']
You should probably TRAIN this model on a down-stream task to be able to use it for predictions and inference.
[train] epoch 1/10 train_loss=0.6492 val_loss=0.6267 pooled_val_f1_micro=0.6039
[train] new best pooled_val_f1_micro=0.6039 at epoch 1 -> /lus/lfs1aip2/projects/b5ac/project_1/data/10_recipe_sweep_and_training/matrix/checkpoints/bert_base/seed_49/best
[train] epoch 2/10 train_loss=0.5332 val_loss=0.5603 pooled_val_f1_micro=0.7310
[train] new best pooled_val_f1_micro=0.7310 at epoch 2 -> /lus/lfs1aip2/projects/b5ac/project_1/data/10_recipe_sweep_and_training/matrix/checkpoints/bert_base/seed_49/best
[train] epoch 3/10 train_loss=0.4403 val_loss=0.6125 pooled_val_f1_micro=0.6716
[train] epoch 4/10 train_loss=0.3945 val_loss=0.6934 pooled_val_f1_micro=0.6905
[train] epoch 5/10 train_loss=0.3559 val_loss=0.6876 pooled_val_f1_micro=0.7491
[train] new best pooled_val_f1_micro=0.7491 at epoch 5 -> /lus/lfs1aip2/projects/b5ac/project_1/data/10_recipe_sweep_and_training/matrix/checkpoints/bert_base/seed_49/best
[train] epoch 6/10 train_loss=0.3322 val_loss=0.7730 pooled_val_f1_micro=0.7036
[train] epoch 7/10 train_loss=0.3047 val_loss=0.7894 pooled_val_f1_micro=0.7354
[train] epoch 8/10 train_loss=0.2867 val_loss=0.8525 pooled_val_f1_micro=0.7042
[train] epoch 9/10 train_loss=0.2708 val_loss=0.8629 pooled_val_f1_micro=0.7261
[train] epoch 10/10 train_loss=0.2557 val_loss=0.8807 pooled_val_f1_micro=0.7179
[train] done bert_base seed=49 best_val_f1=0.7491 best_epoch=5 epochs_run=10
[benchmark] evaluating /lus/lfs1aip2/projects/b5ac/project_1/data/10_recipe_sweep_and_training/matrix/checkpoints/bert_base/seed_49/best: BioRED=14395 DrugProt=0 gdis=9769 gd_combined=4626 (DrugProt holdout unavailable; combined=BioRED gene-drug only)
[benchmark] done gdis=0.7740 gd_combined=0.6451 gd_biored=0.6451 gd_drugprot=nan overall=0.7393
  COMPLETE BERT-base (bert_base) seed=49: gd_combined=0.645 gdis=0.774 best_epoch=5 pooled_val_f1=0.749 marker=/lus/lfs1aip2/projects/b5ac/project_1/data/10_recipe_sweep_and_training/matrix/results/bert_base/seed_49/matrix_complete.json

=== Step-2 matrix training complete (this job) ===
  Trained: 4, skipped (already done): 0, planned: 4

=== Done ===
End: Sun Jun 28 21:39:05 UTC 2026
