=== Step 2: full-matrix training ===
Host: nid010435
SLURM_JOB_ID=5060065
SLURM_JOB_NAME=step2_roberta_base
Start: Fri Jun  5 21:37:21 UTC 2026
REPO=/home/b5ac/freddieyu.b5ac/project_1
OUTPUT_ROOT=/home/b5ac/freddieyu.b5ac/project_1/../projects/project_1
STEP_ARGS=--models roberta_base
Log: /home/b5ac/freddieyu.b5ac/project_1/../projects/project_1/runs/10_recipe_sweep_and_training/train_5060065.out
Ensure CHOSEN_RECIPE is set in config.py (not None) before submitting.
=== Recipe sweep and training 2026-06-05T21:37:25.048886 ===
[run] mode=train-only (step 2)
[run] model filter: ['roberta_base']

=== Step-2 matrix training ===
Recipe: lr=1e-05, warmup=none (checkpoint criterion=val_f1)
Encoders (1): ['roberta_base']
Seeds (8): [42, 43, 44, 45, 46, 47, 48, 49]
Planned runs this job: 8


=== Estimated checkpoint footprint (rough) ===
  Runs: 1 encoders x 8 seeds = 8
  Assumed ~7 epochs/run; epoch ckpt ~220 MiB (fp16); best ckpt ~440 MiB (fp32)
  Per run ~1980 MiB; total ~15.5 GiB
  MAX_EPOCH_CHECKPOINTS_TO_KEEP=None (None = keep all epoch checkpoints)

[benchmark] building BioRED test examples...
[benchmark] built 14395 test examples (leaked PMIDs excluded)
  RUN START RoBERTa-base (roberta_base) seed=42 [1/8 in this job]
[train] start roberta_base seed=42 lr=1e-05 warmup=none train=24000 val=25311 -> /lus/lfs1aip2/projects/b5ac/project_1/data/10_recipe_sweep_and_training/matrix/checkpoints/roberta_base/seed_42
[train] device=cuda batch_size=16 max_epochs=10
Some weights of RobertaForSequenceClassification were not initialized from the model checkpoint at roberta-base and are newly initialized: ['classifier.dense.bias', 'classifier.dense.weight', 'classifier.out_proj.bias', 'classifier.out_proj.weight']
You should probably TRAIN this model on a down-stream task to be able to use it for predictions and inference.
[train] epoch 1/10 train_loss=0.6088 val_loss=0.6437 val_f1=0.5919 patience=0/3
[train] new best val_f1=0.5919 at epoch 1 -> /lus/lfs1aip2/projects/b5ac/project_1/data/10_recipe_sweep_and_training/matrix/checkpoints/roberta_base/seed_42/best
[train] epoch 2/10 train_loss=0.5112 val_loss=0.6672 val_f1=0.6139 patience=0/3
[train] new best val_f1=0.6139 at epoch 2 -> /lus/lfs1aip2/projects/b5ac/project_1/data/10_recipe_sweep_and_training/matrix/checkpoints/roberta_base/seed_42/best
[train] epoch 3/10 train_loss=0.4526 val_loss=0.6878 val_f1=0.5925 patience=0/3
[train] epoch 4/10 train_loss=0.4055 val_loss=0.8028 val_f1=0.5987 patience=1/3
[train] epoch 5/10 train_loss=0.3709 val_loss=0.7538 val_f1=0.6155 patience=2/3
[train] new best val_f1=0.6155 at epoch 5 -> /lus/lfs1aip2/projects/b5ac/project_1/data/10_recipe_sweep_and_training/matrix/checkpoints/roberta_base/seed_42/best
[train] epoch 6/10 train_loss=0.3428 val_loss=0.7922 val_f1=0.6188 patience=0/3
[train] new best val_f1=0.6188 at epoch 6 -> /lus/lfs1aip2/projects/b5ac/project_1/data/10_recipe_sweep_and_training/matrix/checkpoints/roberta_base/seed_42/best
[train] epoch 7/10 train_loss=0.3135 val_loss=0.8761 val_f1=0.6631 patience=0/3
[train] new best val_f1=0.6631 at epoch 7 -> /lus/lfs1aip2/projects/b5ac/project_1/data/10_recipe_sweep_and_training/matrix/checkpoints/roberta_base/seed_42/best
[train] epoch 8/10 train_loss=0.2938 val_loss=0.8683 val_f1=0.6484 patience=0/3
[train] epoch 9/10 train_loss=0.2732 val_loss=0.9774 val_f1=0.6273 patience=1/3
[train] epoch 10/10 train_loss=0.2567 val_loss=1.0020 val_f1=0.6569 patience=2/3
[train] early stop at epoch 10 (no val_f1 improvement for 3 epochs)
[train] done roberta_base seed=42 best_val_f1=0.6631 best_epoch=7 epochs_run=10
[benchmark] evaluating /lus/lfs1aip2/projects/b5ac/project_1/data/10_recipe_sweep_and_training/matrix/checkpoints/roberta_base/seed_42/best on 14395 BioRED test examples
[benchmark] batch 1/450 examples=32/14395
[benchmark] batch 45/450 examples=1440/14395
[benchmark] batch 90/450 examples=2880/14395
[benchmark] batch 135/450 examples=4320/14395
[benchmark] batch 180/450 examples=5760/14395
[benchmark] batch 225/450 examples=7200/14395
[benchmark] batch 270/450 examples=8640/14395
[benchmark] batch 315/450 examples=10080/14395
[benchmark] batch 360/450 examples=11520/14395
[benchmark] batch 405/450 examples=12960/14395
[benchmark] batch 450/450 examples=14395/14395
[benchmark] done f1=0.7584 precision=0.7381 recall=0.7797 n_positives=8875
  COMPLETE RoBERTa-base (roberta_base) seed=42: benchmark_f1=0.758 best_epoch=7 marker=/lus/lfs1aip2/projects/b5ac/project_1/data/10_recipe_sweep_and_training/matrix/results/roberta_base/seed_42/matrix_complete.json
  RUN START RoBERTa-base (roberta_base) seed=43 [2/8 in this job]
[train] start roberta_base seed=43 lr=1e-05 warmup=none train=24000 val=25311 -> /lus/lfs1aip2/projects/b5ac/project_1/data/10_recipe_sweep_and_training/matrix/checkpoints/roberta_base/seed_43
[train] device=cuda batch_size=16 max_epochs=10
Some weights of RobertaForSequenceClassification were not initialized from the model checkpoint at roberta-base and are newly initialized: ['classifier.dense.bias', 'classifier.dense.weight', 'classifier.out_proj.bias', 'classifier.out_proj.weight']
You should probably TRAIN this model on a down-stream task to be able to use it for predictions and inference.
[train] epoch 1/10 train_loss=0.6152 val_loss=0.6312 val_f1=0.6595 patience=0/3
[train] new best val_f1=0.6595 at epoch 1 -> /lus/lfs1aip2/projects/b5ac/project_1/data/10_recipe_sweep_and_training/matrix/checkpoints/roberta_base/seed_43/best
[train] epoch 2/10 train_loss=0.5081 val_loss=0.6924 val_f1=0.5615 patience=0/3
[train] epoch 3/10 train_loss=0.4406 val_loss=0.6915 val_f1=0.6226 patience=1/3
[train] epoch 4/10 train_loss=0.3923 val_loss=0.7439 val_f1=0.6477 patience=2/3
[train] early stop at epoch 4 (no val_f1 improvement for 3 epochs)
[train] done roberta_base seed=43 best_val_f1=0.6595 best_epoch=1 epochs_run=4
[benchmark] evaluating /lus/lfs1aip2/projects/b5ac/project_1/data/10_recipe_sweep_and_training/matrix/checkpoints/roberta_base/seed_43/best on 14395 BioRED test examples
[benchmark] batch 1/450 examples=32/14395
[benchmark] batch 45/450 examples=1440/14395
[benchmark] batch 90/450 examples=2880/14395
[benchmark] batch 135/450 examples=4320/14395
[benchmark] batch 180/450 examples=5760/14395
[benchmark] batch 225/450 examples=7200/14395
[benchmark] batch 270/450 examples=8640/14395
[benchmark] batch 315/450 examples=10080/14395
[benchmark] batch 360/450 examples=11520/14395
[benchmark] batch 405/450 examples=12960/14395
[benchmark] batch 450/450 examples=14395/14395
[benchmark] done f1=0.7503 precision=0.7491 recall=0.7515 n_positives=8875
  COMPLETE RoBERTa-base (roberta_base) seed=43: benchmark_f1=0.750 best_epoch=1 marker=/lus/lfs1aip2/projects/b5ac/project_1/data/10_recipe_sweep_and_training/matrix/results/roberta_base/seed_43/matrix_complete.json
  RUN START RoBERTa-base (roberta_base) seed=44 [3/8 in this job]
[train] start roberta_base seed=44 lr=1e-05 warmup=none train=24000 val=25311 -> /lus/lfs1aip2/projects/b5ac/project_1/data/10_recipe_sweep_and_training/matrix/checkpoints/roberta_base/seed_44
[train] device=cuda batch_size=16 max_epochs=10
Some weights of RobertaForSequenceClassification were not initialized from the model checkpoint at roberta-base and are newly initialized: ['classifier.dense.bias', 'classifier.dense.weight', 'classifier.out_proj.bias', 'classifier.out_proj.weight']
You should probably TRAIN this model on a down-stream task to be able to use it for predictions and inference.
[train] epoch 1/10 train_loss=0.6107 val_loss=0.6187 val_f1=0.5187 patience=0/3
[train] new best val_f1=0.5187 at epoch 1 -> /lus/lfs1aip2/projects/b5ac/project_1/data/10_recipe_sweep_and_training/matrix/checkpoints/roberta_base/seed_44/best
[train] epoch 2/10 train_loss=0.5218 val_loss=0.6411 val_f1=0.6116 patience=0/3
[train] new best val_f1=0.6116 at epoch 2 -> /lus/lfs1aip2/projects/b5ac/project_1/data/10_recipe_sweep_and_training/matrix/checkpoints/roberta_base/seed_44/best
[train] epoch 3/10 train_loss=0.4662 val_loss=0.7374 val_f1=0.6474 patience=0/3
[train] new best val_f1=0.6474 at epoch 3 -> /lus/lfs1aip2/projects/b5ac/project_1/data/10_recipe_sweep_and_training/matrix/checkpoints/roberta_base/seed_44/best
[train] epoch 4/10 train_loss=0.4267 val_loss=0.6951 val_f1=0.6290 patience=0/3
[train] epoch 5/10 train_loss=0.3965 val_loss=0.7235 val_f1=0.6255 patience=1/3
[train] epoch 6/10 train_loss=0.3661 val_loss=0.7293 val_f1=0.6358 patience=2/3
[train] early stop at epoch 6 (no val_f1 improvement for 3 epochs)
[train] done roberta_base seed=44 best_val_f1=0.6474 best_epoch=3 epochs_run=6
[benchmark] evaluating /lus/lfs1aip2/projects/b5ac/project_1/data/10_recipe_sweep_and_training/matrix/checkpoints/roberta_base/seed_44/best on 14395 BioRED test examples
[benchmark] batch 1/450 examples=32/14395
[benchmark] batch 45/450 examples=1440/14395
[benchmark] batch 90/450 examples=2880/14395
[benchmark] batch 135/450 examples=4320/14395
[benchmark] batch 180/450 examples=5760/14395
[benchmark] batch 225/450 examples=7200/14395
[benchmark] batch 270/450 examples=8640/14395
[benchmark] batch 315/450 examples=10080/14395
[benchmark] batch 360/450 examples=11520/14395
[benchmark] batch 405/450 examples=12960/14395
[benchmark] batch 450/450 examples=14395/14395
[benchmark] done f1=0.7683 precision=0.7470 recall=0.7908 n_positives=8875
  COMPLETE RoBERTa-base (roberta_base) seed=44: benchmark_f1=0.768 best_epoch=3 marker=/lus/lfs1aip2/projects/b5ac/project_1/data/10_recipe_sweep_and_training/matrix/results/roberta_base/seed_44/matrix_complete.json
  RUN START RoBERTa-base (roberta_base) seed=45 [4/8 in this job]
[train] start roberta_base seed=45 lr=1e-05 warmup=none train=24000 val=25311 -> /lus/lfs1aip2/projects/b5ac/project_1/data/10_recipe_sweep_and_training/matrix/checkpoints/roberta_base/seed_45
[train] device=cuda batch_size=16 max_epochs=10
Some weights of RobertaForSequenceClassification were not initialized from the model checkpoint at roberta-base and are newly initialized: ['classifier.dense.bias', 'classifier.dense.weight', 'classifier.out_proj.bias', 'classifier.out_proj.weight']
You should probably TRAIN this model on a down-stream task to be able to use it for predictions and inference.
[train] epoch 1/10 train_loss=0.6136 val_loss=0.6790 val_f1=0.6664 patience=0/3
[train] new best val_f1=0.6664 at epoch 1 -> /lus/lfs1aip2/projects/b5ac/project_1/data/10_recipe_sweep_and_training/matrix/checkpoints/roberta_base/seed_45/best
[train] epoch 2/10 train_loss=0.5219 val_loss=0.6198 val_f1=0.5930 patience=0/3
[train] epoch 3/10 train_loss=0.4690 val_loss=0.6422 val_f1=0.6590 patience=1/3
[train] epoch 4/10 train_loss=0.4314 val_loss=0.6587 val_f1=0.6067 patience=2/3
[train] early stop at epoch 4 (no val_f1 improvement for 3 epochs)
[train] done roberta_base seed=45 best_val_f1=0.6664 best_epoch=1 epochs_run=4
[benchmark] evaluating /lus/lfs1aip2/projects/b5ac/project_1/data/10_recipe_sweep_and_training/matrix/checkpoints/roberta_base/seed_45/best on 14395 BioRED test examples
[benchmark] batch 1/450 examples=32/14395
[benchmark] batch 45/450 examples=1440/14395
[benchmark] batch 90/450 examples=2880/14395
[benchmark] batch 135/450 examples=4320/14395
[benchmark] batch 180/450 examples=5760/14395
[benchmark] batch 225/450 examples=7200/14395
[benchmark] batch 270/450 examples=8640/14395
[benchmark] batch 315/450 examples=10080/14395
[benchmark] batch 360/450 examples=11520/14395
[benchmark] batch 405/450 examples=12960/14395
[benchmark] batch 450/450 examples=14395/14395
[benchmark] done f1=0.7456 precision=0.7122 recall=0.7822 n_positives=8875
  COMPLETE RoBERTa-base (roberta_base) seed=45: benchmark_f1=0.746 best_epoch=1 marker=/lus/lfs1aip2/projects/b5ac/project_1/data/10_recipe_sweep_and_training/matrix/results/roberta_base/seed_45/matrix_complete.json
  RUN START RoBERTa-base (roberta_base) seed=46 [5/8 in this job]
[train] start roberta_base seed=46 lr=1e-05 warmup=none train=24000 val=25311 -> /lus/lfs1aip2/projects/b5ac/project_1/data/10_recipe_sweep_and_training/matrix/checkpoints/roberta_base/seed_46
[train] device=cuda batch_size=16 max_epochs=10
Some weights of RobertaForSequenceClassification were not initialized from the model checkpoint at roberta-base and are newly initialized: ['classifier.dense.bias', 'classifier.dense.weight', 'classifier.out_proj.bias', 'classifier.out_proj.weight']
You should probably TRAIN this model on a down-stream task to be able to use it for predictions and inference.
[train] epoch 1/10 train_loss=0.6148 val_loss=0.6689 val_f1=0.6351 patience=0/3
[train] new best val_f1=0.6351 at epoch 1 -> /lus/lfs1aip2/projects/b5ac/project_1/data/10_recipe_sweep_and_training/matrix/checkpoints/roberta_base/seed_46/best
[train] epoch 2/10 train_loss=0.5145 val_loss=0.6444 val_f1=0.5589 patience=0/3
[train] epoch 3/10 train_loss=0.4564 val_loss=0.7102 val_f1=0.6484 patience=1/3
[train] new best val_f1=0.6484 at epoch 3 -> /lus/lfs1aip2/projects/b5ac/project_1/data/10_recipe_sweep_and_training/matrix/checkpoints/roberta_base/seed_46/best
[train] epoch 4/10 train_loss=0.4166 val_loss=0.6561 val_f1=0.6397 patience=0/3
[train] epoch 5/10 train_loss=0.3804 val_loss=0.7463 val_f1=0.6581 patience=1/3
[train] new best val_f1=0.6581 at epoch 5 -> /lus/lfs1aip2/projects/b5ac/project_1/data/10_recipe_sweep_and_training/matrix/checkpoints/roberta_base/seed_46/best
[train] epoch 6/10 train_loss=0.3568 val_loss=0.8176 val_f1=0.6621 patience=0/3
[train] new best val_f1=0.6621 at epoch 6 -> /lus/lfs1aip2/projects/b5ac/project_1/data/10_recipe_sweep_and_training/matrix/checkpoints/roberta_base/seed_46/best
[train] epoch 7/10 train_loss=0.3316 val_loss=0.8230 val_f1=0.6440 patience=0/3
[train] epoch 8/10 train_loss=0.3110 val_loss=0.8301 val_f1=0.6832 patience=1/3
[train] new best val_f1=0.6832 at epoch 8 -> /lus/lfs1aip2/projects/b5ac/project_1/data/10_recipe_sweep_and_training/matrix/checkpoints/roberta_base/seed_46/best
[train] epoch 9/10 train_loss=0.2927 val_loss=0.9093 val_f1=0.6625 patience=0/3
[train] epoch 10/10 train_loss=0.2714 val_loss=1.0095 val_f1=0.6658 patience=1/3
[train] done roberta_base seed=46 best_val_f1=0.6832 best_epoch=8 epochs_run=10
[benchmark] evaluating /lus/lfs1aip2/projects/b5ac/project_1/data/10_recipe_sweep_and_training/matrix/checkpoints/roberta_base/seed_46/best on 14395 BioRED test examples
[benchmark] batch 1/450 examples=32/14395
[benchmark] batch 45/450 examples=1440/14395
[benchmark] batch 90/450 examples=2880/14395
[benchmark] batch 135/450 examples=4320/14395
[benchmark] batch 180/450 examples=5760/14395
[benchmark] batch 225/450 examples=7200/14395
[benchmark] batch 270/450 examples=8640/14395
[benchmark] batch 315/450 examples=10080/14395
[benchmark] batch 360/450 examples=11520/14395
[benchmark] batch 405/450 examples=12960/14395
[benchmark] batch 450/450 examples=14395/14395
[benchmark] done f1=0.7740 precision=0.7545 recall=0.7945 n_positives=8875
  COMPLETE RoBERTa-base (roberta_base) seed=46: benchmark_f1=0.774 best_epoch=8 marker=/lus/lfs1aip2/projects/b5ac/project_1/data/10_recipe_sweep_and_training/matrix/results/roberta_base/seed_46/matrix_complete.json
  RUN START RoBERTa-base (roberta_base) seed=47 [6/8 in this job]
[train] start roberta_base seed=47 lr=1e-05 warmup=none train=24000 val=25311 -> /lus/lfs1aip2/projects/b5ac/project_1/data/10_recipe_sweep_and_training/matrix/checkpoints/roberta_base/seed_47
[train] device=cuda batch_size=16 max_epochs=10
Some weights of RobertaForSequenceClassification were not initialized from the model checkpoint at roberta-base and are newly initialized: ['classifier.dense.bias', 'classifier.dense.weight', 'classifier.out_proj.bias', 'classifier.out_proj.weight']
You should probably TRAIN this model on a down-stream task to be able to use it for predictions and inference.
[train] epoch 1/10 train_loss=0.6201 val_loss=0.6196 val_f1=0.5882 patience=0/3
[train] new best val_f1=0.5882 at epoch 1 -> /lus/lfs1aip2/projects/b5ac/project_1/data/10_recipe_sweep_and_training/matrix/checkpoints/roberta_base/seed_47/best
[train] epoch 2/10 train_loss=0.5167 val_loss=0.6521 val_f1=0.6353 patience=0/3
[train] new best val_f1=0.6353 at epoch 2 -> /lus/lfs1aip2/projects/b5ac/project_1/data/10_recipe_sweep_and_training/matrix/checkpoints/roberta_base/seed_47/best
[train] epoch 3/10 train_loss=0.4532 val_loss=0.6723 val_f1=0.6657 patience=0/3
[train] new best val_f1=0.6657 at epoch 3 -> /lus/lfs1aip2/projects/b5ac/project_1/data/10_recipe_sweep_and_training/matrix/checkpoints/roberta_base/seed_47/best
[train] epoch 4/10 train_loss=0.4078 val_loss=0.7527 val_f1=0.5939 patience=0/3
[train] epoch 5/10 train_loss=0.3738 val_loss=0.7236 val_f1=0.6364 patience=1/3
[train] epoch 6/10 train_loss=0.3471 val_loss=0.7281 val_f1=0.6732 patience=2/3
[train] new best val_f1=0.6732 at epoch 6 -> /lus/lfs1aip2/projects/b5ac/project_1/data/10_recipe_sweep_and_training/matrix/checkpoints/roberta_base/seed_47/best
[train] epoch 7/10 train_loss=0.3202 val_loss=1.0335 val_f1=0.6278 patience=0/3
[train] epoch 8/10 train_loss=0.3056 val_loss=0.8409 val_f1=0.6817 patience=1/3
[train] new best val_f1=0.6817 at epoch 8 -> /lus/lfs1aip2/projects/b5ac/project_1/data/10_recipe_sweep_and_training/matrix/checkpoints/roberta_base/seed_47/best
[train] epoch 9/10 train_loss=0.2810 val_loss=0.9411 val_f1=0.6639 patience=0/3
[train] epoch 10/10 train_loss=0.2619 val_loss=1.0301 val_f1=0.6666 patience=1/3
[train] done roberta_base seed=47 best_val_f1=0.6817 best_epoch=8 epochs_run=10
[benchmark] evaluating /lus/lfs1aip2/projects/b5ac/project_1/data/10_recipe_sweep_and_training/matrix/checkpoints/roberta_base/seed_47/best on 14395 BioRED test examples
[benchmark] batch 1/450 examples=32/14395
[benchmark] batch 45/450 examples=1440/14395
[benchmark] batch 90/450 examples=2880/14395
[benchmark] batch 135/450 examples=4320/14395
[benchmark] batch 180/450 examples=5760/14395
[benchmark] batch 225/450 examples=7200/14395
[benchmark] batch 270/450 examples=8640/14395
[benchmark] batch 315/450 examples=10080/14395
[benchmark] batch 360/450 examples=11520/14395
[benchmark] batch 405/450 examples=12960/14395
[benchmark] batch 450/450 examples=14395/14395
[benchmark] done f1=0.7721 precision=0.7590 recall=0.7856 n_positives=8875
  COMPLETE RoBERTa-base (roberta_base) seed=47: benchmark_f1=0.772 best_epoch=8 marker=/lus/lfs1aip2/projects/b5ac/project_1/data/10_recipe_sweep_and_training/matrix/results/roberta_base/seed_47/matrix_complete.json
  RUN START RoBERTa-base (roberta_base) seed=48 [7/8 in this job]
[train] start roberta_base seed=48 lr=1e-05 warmup=none train=24000 val=25311 -> /lus/lfs1aip2/projects/b5ac/project_1/data/10_recipe_sweep_and_training/matrix/checkpoints/roberta_base/seed_48
[train] device=cuda batch_size=16 max_epochs=10
Some weights of RobertaForSequenceClassification were not initialized from the model checkpoint at roberta-base and are newly initialized: ['classifier.dense.bias', 'classifier.dense.weight', 'classifier.out_proj.bias', 'classifier.out_proj.weight']
You should probably TRAIN this model on a down-stream task to be able to use it for predictions and inference.
[train] epoch 1/10 train_loss=0.6213 val_loss=0.6189 val_f1=0.5979 patience=0/3
[train] new best val_f1=0.5979 at epoch 1 -> /lus/lfs1aip2/projects/b5ac/project_1/data/10_recipe_sweep_and_training/matrix/checkpoints/roberta_base/seed_48/best
[train] epoch 2/10 train_loss=0.5060 val_loss=0.6586 val_f1=0.5223 patience=0/3
[train] epoch 3/10 train_loss=0.4363 val_loss=0.7225 val_f1=0.6213 patience=1/3
[train] new best val_f1=0.6213 at epoch 3 -> /lus/lfs1aip2/projects/b5ac/project_1/data/10_recipe_sweep_and_training/matrix/checkpoints/roberta_base/seed_48/best
[train] epoch 4/10 train_loss=0.3958 val_loss=0.7460 val_f1=0.6730 patience=0/3
[train] new best val_f1=0.6730 at epoch 4 -> /lus/lfs1aip2/projects/b5ac/project_1/data/10_recipe_sweep_and_training/matrix/checkpoints/roberta_base/seed_48/best
[train] epoch 5/10 train_loss=0.3630 val_loss=0.7803 val_f1=0.6566 patience=0/3
[train] epoch 6/10 train_loss=0.3345 val_loss=0.7421 val_f1=0.6435 patience=1/3
[train] epoch 7/10 train_loss=0.3117 val_loss=0.7176 val_f1=0.6743 patience=2/3
[train] new best val_f1=0.6743 at epoch 7 -> /lus/lfs1aip2/projects/b5ac/project_1/data/10_recipe_sweep_and_training/matrix/checkpoints/roberta_base/seed_48/best
[train] epoch 8/10 train_loss=0.2938 val_loss=0.8300 val_f1=0.6534 patience=0/3
[train] epoch 9/10 train_loss=0.2734 val_loss=0.8873 val_f1=0.6320 patience=1/3
[train] epoch 10/10 train_loss=0.2595 val_loss=0.9516 val_f1=0.6691 patience=2/3
[train] early stop at epoch 10 (no val_f1 improvement for 3 epochs)
[train] done roberta_base seed=48 best_val_f1=0.6743 best_epoch=7 epochs_run=10
[benchmark] evaluating /lus/lfs1aip2/projects/b5ac/project_1/data/10_recipe_sweep_and_training/matrix/checkpoints/roberta_base/seed_48/best on 14395 BioRED test examples
[benchmark] batch 1/450 examples=32/14395
[benchmark] batch 45/450 examples=1440/14395
[benchmark] batch 90/450 examples=2880/14395
[benchmark] batch 135/450 examples=4320/14395
[benchmark] batch 180/450 examples=5760/14395
[benchmark] batch 225/450 examples=7200/14395
[benchmark] batch 270/450 examples=8640/14395
[benchmark] batch 315/450 examples=10080/14395
[benchmark] batch 360/450 examples=11520/14395
[benchmark] batch 405/450 examples=12960/14395
[benchmark] batch 450/450 examples=14395/14395
[benchmark] done f1=0.7266 precision=0.7373 recall=0.7162 n_positives=8875
  COMPLETE RoBERTa-base (roberta_base) seed=48: benchmark_f1=0.727 best_epoch=7 marker=/lus/lfs1aip2/projects/b5ac/project_1/data/10_recipe_sweep_and_training/matrix/results/roberta_base/seed_48/matrix_complete.json
  RUN START RoBERTa-base (roberta_base) seed=49 [8/8 in this job]
[train] start roberta_base seed=49 lr=1e-05 warmup=none train=24000 val=25311 -> /lus/lfs1aip2/projects/b5ac/project_1/data/10_recipe_sweep_and_training/matrix/checkpoints/roberta_base/seed_49
[train] device=cuda batch_size=16 max_epochs=10
Some weights of RobertaForSequenceClassification were not initialized from the model checkpoint at roberta-base and are newly initialized: ['classifier.dense.bias', 'classifier.dense.weight', 'classifier.out_proj.bias', 'classifier.out_proj.weight']
You should probably TRAIN this model on a down-stream task to be able to use it for predictions and inference.
[train] epoch 1/10 train_loss=0.6368 val_loss=0.6451 val_f1=0.4925 patience=0/3
[train] new best val_f1=0.4925 at epoch 1 -> /lus/lfs1aip2/projects/b5ac/project_1/data/10_recipe_sweep_and_training/matrix/checkpoints/roberta_base/seed_49/best
[train] epoch 2/10 train_loss=0.5279 val_loss=0.7031 val_f1=0.4884 patience=0/3
[train] epoch 3/10 train_loss=0.4597 val_loss=0.6575 val_f1=0.6477 patience=1/3
[train] new best val_f1=0.6477 at epoch 3 -> /lus/lfs1aip2/projects/b5ac/project_1/data/10_recipe_sweep_and_training/matrix/checkpoints/roberta_base/seed_49/best
[train] epoch 4/10 train_loss=0.4059 val_loss=0.7759 val_f1=0.6018 patience=0/3
[train] epoch 5/10 train_loss=0.3718 val_loss=0.7246 val_f1=0.6130 patience=1/3
[train] epoch 6/10 train_loss=0.3425 val_loss=0.7445 val_f1=0.6301 patience=2/3
[train] early stop at epoch 6 (no val_f1 improvement for 3 epochs)
[train] done roberta_base seed=49 best_val_f1=0.6477 best_epoch=3 epochs_run=6
[benchmark] evaluating /lus/lfs1aip2/projects/b5ac/project_1/data/10_recipe_sweep_and_training/matrix/checkpoints/roberta_base/seed_49/best on 14395 BioRED test examples
[benchmark] batch 1/450 examples=32/14395
[benchmark] batch 45/450 examples=1440/14395
[benchmark] batch 90/450 examples=2880/14395
[benchmark] batch 135/450 examples=4320/14395
[benchmark] batch 180/450 examples=5760/14395
[benchmark] batch 225/450 examples=7200/14395
[benchmark] batch 270/450 examples=8640/14395
[benchmark] batch 315/450 examples=10080/14395
[benchmark] batch 360/450 examples=11520/14395
[benchmark] batch 405/450 examples=12960/14395
[benchmark] batch 450/450 examples=14395/14395
[benchmark] done f1=0.7391 precision=0.7525 recall=0.7261 n_positives=8875
  COMPLETE RoBERTa-base (roberta_base) seed=49: benchmark_f1=0.739 best_epoch=3 marker=/lus/lfs1aip2/projects/b5ac/project_1/data/10_recipe_sweep_and_training/matrix/results/roberta_base/seed_49/matrix_complete.json

=== Step-2 matrix training complete (this job) ===
  Trained: 8, skipped (already done): 0, planned: 8

=== Done ===
End: Sat Jun  6 00:37:11 UTC 2026
