=== 1e-5 supplementary side-matrix training ===
Host: nid010192
SLURM_JOB_ID=5389473
SLURM_JOB_NAME=lr1e5_roberta_46-47-48-49
Start: Fri Jun 26 20:49:11 UTC 2026
REPO=/home/b5ac/freddieyu.b5ac/project_1
OUTPUT_ROOT=/home/b5ac/freddieyu.b5ac/project_1/../projects/project_1
STEP_ARGS=--models roberta_base --seeds 46 47 48 49
Side output: /home/b5ac/freddieyu.b5ac/project_1/../projects/project_1/data/10_recipe_sweep_and_training/lr1e5_sidecheck/
Main matrix (untouched): /home/b5ac/freddieyu.b5ac/project_1/../projects/project_1/data/10_recipe_sweep_and_training/matrix/

=== 1e-5 side-matrix training ===
Recipe: lr=1e-05, warmup=none
Output: /lus/lfs1aip2/projects/b5ac/project_1/data/10_recipe_sweep_and_training/lr1e5_sidecheck


=== Step-2 matrix training ===
Recipe: lr=1e-05, warmup=none (checkpoint criterion=pooled_val_f1_micro)
Encoders (1): ['roberta_base']
Seeds (4): [46, 47, 48, 49]
Planned runs this job: 4


=== Estimated checkpoint footprint (rough) ===
  Runs: 1 encoders x 4 seeds = 4
  Assumed ~10 epochs/run; epoch ckpt ~220 MiB (fp16); best ckpt ~440 MiB (fp32)
  Per run ~2640 MiB; total ~10.3 GiB
  MAX_EPOCH_CHECKPOINTS_TO_KEEP=None (None = keep all epoch checkpoints)

[benchmark] building BioRED test examples...
[benchmark] built 14395 BioRED test examples (leaked PMIDs excluded)
[benchmark] building DrugProt test examples...
Traceback (most recent call last):
  File "/home/b5ac/freddieyu.b5ac/project_1/10_recipe_sweep_and_training/run_lr1e5_sidecheck.py", line 114, in <module>
    main()
  File "/home/b5ac/freddieyu.b5ac/project_1/10_recipe_sweep_and_training/run_lr1e5_sidecheck.py", line 110, in main
    step2.run_matrix_training(force=args.force, model_ids=args.models, seeds=args.seeds)
  File "/home/b5ac/freddieyu.b5ac/project_1/10_recipe_sweep_and_training/step2_train.py", line 95, in run_matrix_training
    drugprot_test = build_drugprot_test_examples()
  File "/home/b5ac/freddieyu.b5ac/project_1/shared/benchmark_eval.py", line 109, in build_drugprot_test_examples
    for doc in drugprot["test"]:
  File "/home/b5ac/freddieyu.b5ac/miniforge3/envs/hf-hpc/lib/python3.10/site-packages/datasets/dataset_dict.py", line 75, in __getitem__
    return super().__getitem__(k)
KeyError: 'test'
