=== Step 2: full-matrix training ===
Host: nid011226
SLURM_JOB_ID=5104030
SLURM_JOB_NAME=step2_train
Start: Tue  9 Jun 13:31:38 UTC 2026
REPO=/home/b5ac/freddieyu.b5ac/project_1
OUTPUT_ROOT=/home/b5ac/freddieyu.b5ac/project_1/../projects/project_1
STEP_ARGS=--models biobert_base
Log: /home/b5ac/freddieyu.b5ac/project_1/../projects/project_1/runs/10_recipe_sweep_and_training/train_5104030.out
Ensure CHOSEN_RECIPE is set in config.py (not None) before submitting.
TMPDIR=/home/b5ac/freddieyu.b5ac/project_1/../projects/project_1/runs/10_recipe_sweep_and_training/tmp_5104030
=== Recipe sweep and training 2026-06-09T13:31:41.615097 ===
[run] mode=train-only (step 2)
[run] model filter: ['biobert_base']

=== Step-2 matrix training ===
Recipe: lr=5e-06, warmup=none (checkpoint criterion=val_f1)
Encoders (1): ['biobert_base']
Seeds (8): [42, 43, 44, 45, 46, 47, 48, 49]
Planned runs this job: 8


=== Estimated checkpoint footprint (rough) ===
  Runs: 1 encoders x 8 seeds = 8
  Assumed ~7 epochs/run; epoch ckpt ~220 MiB (fp16); best ckpt ~440 MiB (fp32)
  Per run ~1980 MiB; total ~15.5 GiB
  MAX_EPOCH_CHECKPOINTS_TO_KEEP=None (None = keep all epoch checkpoints)

[benchmark] building BioRED test examples...
[benchmark] built 14395 test examples (leaked PMIDs excluded)
  RUN START BioBERT-base (biobert_base) seed=42 [1/8 in this job]
[train] start biobert_base seed=42 lr=5e-06 warmup=none train=24000 val=25311 -> /lus/lfs1aip2/projects/b5ac/project_1/data/10_recipe_sweep_and_training/matrix/checkpoints/biobert_base/seed_42
[train] device=cuda batch_size=16 max_epochs=10
Some weights of BertForSequenceClassification were not initialized from the model checkpoint at dmis-lab/biobert-base-cased-v1.2 and are newly initialized: ['classifier.bias', 'classifier.weight']
You should probably TRAIN this model on a down-stream task to be able to use it for predictions and inference.
[train] epoch 1/10 train_loss=0.6333 val_loss=0.6102 val_f1=0.7165 patience=0/3
[train] new best val_f1=0.7165 at epoch 1 -> /lus/lfs1aip2/projects/b5ac/project_1/data/10_recipe_sweep_and_training/matrix/checkpoints/biobert_base/seed_42/best
[train] epoch 2/10 train_loss=0.4770 val_loss=0.6243 val_f1=0.6358 patience=0/3
[train] epoch 3/10 train_loss=0.4109 val_loss=0.6157 val_f1=0.6434 patience=1/3
[train] epoch 4/10 train_loss=0.3687 val_loss=0.6528 val_f1=0.7377 patience=2/3
[train] new best val_f1=0.7377 at epoch 4 -> /lus/lfs1aip2/projects/b5ac/project_1/data/10_recipe_sweep_and_training/matrix/checkpoints/biobert_base/seed_42/best
[train] epoch 5/10 train_loss=0.3387 val_loss=0.6634 val_f1=0.7103 patience=0/3
[train] epoch 6/10 train_loss=0.3118 val_loss=0.7548 val_f1=0.7012 patience=1/3
[train] epoch 7/10 train_loss=0.2941 val_loss=0.8762 val_f1=0.6663 patience=2/3
[train] early stop at epoch 7 (no val_f1 improvement for 3 epochs)
[train] done biobert_base seed=42 best_val_f1=0.7377 best_epoch=4 epochs_run=7
[benchmark] evaluating /lus/lfs1aip2/projects/b5ac/project_1/data/10_recipe_sweep_and_training/matrix/checkpoints/biobert_base/seed_42/best on 14395 BioRED test examples
[benchmark] batch 1/450 examples=32/14395
[benchmark] batch 45/450 examples=1440/14395
[benchmark] batch 90/450 examples=2880/14395
[benchmark] batch 135/450 examples=4320/14395
[benchmark] batch 180/450 examples=5760/14395
[benchmark] batch 225/450 examples=7200/14395
[benchmark] batch 270/450 examples=8640/14395
[benchmark] batch 315/450 examples=10080/14395
[benchmark] batch 360/450 examples=11520/14395
[benchmark] batch 405/450 examples=12960/14395
[benchmark] batch 450/450 examples=14395/14395
[benchmark] done f1=0.7180 precision=0.6927 recall=0.7454 n_positives=8875
  COMPLETE BioBERT-base (biobert_base) seed=42: benchmark_f1=0.718 best_epoch=4 marker=/lus/lfs1aip2/projects/b5ac/project_1/data/10_recipe_sweep_and_training/matrix/results/biobert_base/seed_42/matrix_complete.json
  RUN START BioBERT-base (biobert_base) seed=43 [2/8 in this job]
[train] start biobert_base seed=43 lr=5e-06 warmup=none train=24000 val=25311 -> /lus/lfs1aip2/projects/b5ac/project_1/data/10_recipe_sweep_and_training/matrix/checkpoints/biobert_base/seed_43
[train] device=cuda batch_size=16 max_epochs=10
Some weights of BertForSequenceClassification were not initialized from the model checkpoint at dmis-lab/biobert-base-cased-v1.2 and are newly initialized: ['classifier.bias', 'classifier.weight']
You should probably TRAIN this model on a down-stream task to be able to use it for predictions and inference.
[train] epoch 1/10 train_loss=0.6491 val_loss=0.6554 val_f1=0.6570 patience=0/3
[train] new best val_f1=0.6570 at epoch 1 -> /lus/lfs1aip2/projects/b5ac/project_1/data/10_recipe_sweep_and_training/matrix/checkpoints/biobert_base/seed_43/best
[train] epoch 2/10 train_loss=0.5138 val_loss=0.5773 val_f1=0.6907 patience=0/3
[train] new best val_f1=0.6907 at epoch 2 -> /lus/lfs1aip2/projects/b5ac/project_1/data/10_recipe_sweep_and_training/matrix/checkpoints/biobert_base/seed_43/best
[train] epoch 3/10 train_loss=0.4282 val_loss=0.6311 val_f1=0.7058 patience=0/3
[train] new best val_f1=0.7058 at epoch 3 -> /lus/lfs1aip2/projects/b5ac/project_1/data/10_recipe_sweep_and_training/matrix/checkpoints/biobert_base/seed_43/best
[train] epoch 4/10 train_loss=0.3827 val_loss=0.5985 val_f1=0.7187 patience=0/3
[train] new best val_f1=0.7187 at epoch 4 -> /lus/lfs1aip2/projects/b5ac/project_1/data/10_recipe_sweep_and_training/matrix/checkpoints/biobert_base/seed_43/best
[train] epoch 5/10 train_loss=0.3471 val_loss=0.7369 val_f1=0.6678 patience=0/3
[train] epoch 6/10 train_loss=0.3182 val_loss=0.7602 val_f1=0.7311 patience=1/3
[train] new best val_f1=0.7311 at epoch 6 -> /lus/lfs1aip2/projects/b5ac/project_1/data/10_recipe_sweep_and_training/matrix/checkpoints/biobert_base/seed_43/best
[train] epoch 7/10 train_loss=0.2972 val_loss=0.8174 val_f1=0.6604 patience=0/3
[train] epoch 8/10 train_loss=0.2817 val_loss=0.8984 val_f1=0.6572 patience=1/3
[train] epoch 9/10 train_loss=0.2672 val_loss=0.8005 val_f1=0.7321 patience=2/3
[train] new best val_f1=0.7321 at epoch 9 -> /lus/lfs1aip2/projects/b5ac/project_1/data/10_recipe_sweep_and_training/matrix/checkpoints/biobert_base/seed_43/best
[train] epoch 10/10 train_loss=0.2549 val_loss=0.9030 val_f1=0.7112 patience=0/3
[train] done biobert_base seed=43 best_val_f1=0.7321 best_epoch=9 epochs_run=10
[benchmark] evaluating /lus/lfs1aip2/projects/b5ac/project_1/data/10_recipe_sweep_and_training/matrix/checkpoints/biobert_base/seed_43/best on 14395 BioRED test examples
[benchmark] batch 1/450 examples=32/14395
[benchmark] batch 45/450 examples=1440/14395
[benchmark] batch 90/450 examples=2880/14395
[benchmark] batch 135/450 examples=4320/14395
[benchmark] batch 180/450 examples=5760/14395
[benchmark] batch 225/450 examples=7200/14395
[benchmark] batch 270/450 examples=8640/14395
[benchmark] batch 315/450 examples=10080/14395
[benchmark] batch 360/450 examples=11520/14395
[benchmark] batch 405/450 examples=12960/14395
[benchmark] batch 450/450 examples=14395/14395
[benchmark] done f1=0.7261 precision=0.7183 recall=0.7341 n_positives=8875
  COMPLETE BioBERT-base (biobert_base) seed=43: benchmark_f1=0.726 best_epoch=9 marker=/lus/lfs1aip2/projects/b5ac/project_1/data/10_recipe_sweep_and_training/matrix/results/biobert_base/seed_43/matrix_complete.json
  RUN START BioBERT-base (biobert_base) seed=44 [3/8 in this job]
[train] start biobert_base seed=44 lr=5e-06 warmup=none train=24000 val=25311 -> /lus/lfs1aip2/projects/b5ac/project_1/data/10_recipe_sweep_and_training/matrix/checkpoints/biobert_base/seed_44
[train] device=cuda batch_size=16 max_epochs=10
Some weights of BertForSequenceClassification were not initialized from the model checkpoint at dmis-lab/biobert-base-cased-v1.2 and are newly initialized: ['classifier.bias', 'classifier.weight']
You should probably TRAIN this model on a down-stream task to be able to use it for predictions and inference.
[train] epoch 1/10 train_loss=0.6056 val_loss=0.5908 val_f1=0.6768 patience=0/3
[train] new best val_f1=0.6768 at epoch 1 -> /lus/lfs1aip2/projects/b5ac/project_1/data/10_recipe_sweep_and_training/matrix/checkpoints/biobert_base/seed_44/best
[train] epoch 2/10 train_loss=0.4549 val_loss=0.5790 val_f1=0.7204 patience=0/3
[train] new best val_f1=0.7204 at epoch 2 -> /lus/lfs1aip2/projects/b5ac/project_1/data/10_recipe_sweep_and_training/matrix/checkpoints/biobert_base/seed_44/best
[train] epoch 3/10 train_loss=0.4005 val_loss=0.6142 val_f1=0.7369 patience=0/3
[train] new best val_f1=0.7369 at epoch 3 -> /lus/lfs1aip2/projects/b5ac/project_1/data/10_recipe_sweep_and_training/matrix/checkpoints/biobert_base/seed_44/best
[train] epoch 4/10 train_loss=0.3604 val_loss=0.7251 val_f1=0.6866 patience=0/3
[train] epoch 5/10 train_loss=0.3292 val_loss=0.6775 val_f1=0.6769 patience=1/3
[train] epoch 6/10 train_loss=0.3050 val_loss=0.6758 val_f1=0.7409 patience=2/3
[train] new best val_f1=0.7409 at epoch 6 -> /lus/lfs1aip2/projects/b5ac/project_1/data/10_recipe_sweep_and_training/matrix/checkpoints/biobert_base/seed_44/best
[train] epoch 7/10 train_loss=0.2852 val_loss=0.8785 val_f1=0.6766 patience=0/3
[train] epoch 8/10 train_loss=0.2717 val_loss=0.9402 val_f1=0.6430 patience=1/3
[train] epoch 9/10 train_loss=0.2581 val_loss=0.9096 val_f1=0.7116 patience=2/3
[train] early stop at epoch 9 (no val_f1 improvement for 3 epochs)
[train] done biobert_base seed=44 best_val_f1=0.7409 best_epoch=6 epochs_run=9
[benchmark] evaluating /lus/lfs1aip2/projects/b5ac/project_1/data/10_recipe_sweep_and_training/matrix/checkpoints/biobert_base/seed_44/best on 14395 BioRED test examples
[benchmark] batch 1/450 examples=32/14395
[benchmark] batch 45/450 examples=1440/14395
[benchmark] batch 90/450 examples=2880/14395
[benchmark] batch 135/450 examples=4320/14395
[benchmark] batch 180/450 examples=5760/14395
[benchmark] batch 225/450 examples=7200/14395
[benchmark] batch 270/450 examples=8640/14395
[benchmark] batch 315/450 examples=10080/14395
[benchmark] batch 360/450 examples=11520/14395
[benchmark] batch 405/450 examples=12960/14395
[benchmark] batch 450/450 examples=14395/14395
[benchmark] done f1=0.7436 precision=0.6994 recall=0.7937 n_positives=8875
  COMPLETE BioBERT-base (biobert_base) seed=44: benchmark_f1=0.744 best_epoch=6 marker=/lus/lfs1aip2/projects/b5ac/project_1/data/10_recipe_sweep_and_training/matrix/results/biobert_base/seed_44/matrix_complete.json
  RUN START BioBERT-base (biobert_base) seed=45 [4/8 in this job]
[train] start biobert_base seed=45 lr=5e-06 warmup=none train=24000 val=25311 -> /lus/lfs1aip2/projects/b5ac/project_1/data/10_recipe_sweep_and_training/matrix/checkpoints/biobert_base/seed_45
[train] device=cuda batch_size=16 max_epochs=10
Some weights of BertForSequenceClassification were not initialized from the model checkpoint at dmis-lab/biobert-base-cased-v1.2 and are newly initialized: ['classifier.bias', 'classifier.weight']
You should probably TRAIN this model on a down-stream task to be able to use it for predictions and inference.
[train] epoch 1/10 train_loss=0.6372 val_loss=0.5889 val_f1=0.6907 patience=0/3
[train] new best val_f1=0.6907 at epoch 1 -> /lus/lfs1aip2/projects/b5ac/project_1/data/10_recipe_sweep_and_training/matrix/checkpoints/biobert_base/seed_45/best
[train] epoch 2/10 train_loss=0.4895 val_loss=0.5552 val_f1=0.7217 patience=0/3
[train] new best val_f1=0.7217 at epoch 2 -> /lus/lfs1aip2/projects/b5ac/project_1/data/10_recipe_sweep_and_training/matrix/checkpoints/biobert_base/seed_45/best
[train] epoch 3/10 train_loss=0.4134 val_loss=0.5916 val_f1=0.7407 patience=0/3
[train] new best val_f1=0.7407 at epoch 3 -> /lus/lfs1aip2/projects/b5ac/project_1/data/10_recipe_sweep_and_training/matrix/checkpoints/biobert_base/seed_45/best
[train] epoch 4/10 train_loss=0.3678 val_loss=0.6237 val_f1=0.7611 patience=0/3
[train] new best val_f1=0.7611 at epoch 4 -> /lus/lfs1aip2/projects/b5ac/project_1/data/10_recipe_sweep_and_training/matrix/checkpoints/biobert_base/seed_45/best
[train] epoch 5/10 train_loss=0.3350 val_loss=0.6602 val_f1=0.7390 patience=0/3
[train] epoch 6/10 train_loss=0.3095 val_loss=0.8034 val_f1=0.7016 patience=1/3
[train] epoch 7/10 train_loss=0.2920 val_loss=0.7863 val_f1=0.7254 patience=2/3
[train] early stop at epoch 7 (no val_f1 improvement for 3 epochs)
[train] done biobert_base seed=45 best_val_f1=0.7611 best_epoch=4 epochs_run=7
[benchmark] evaluating /lus/lfs1aip2/projects/b5ac/project_1/data/10_recipe_sweep_and_training/matrix/checkpoints/biobert_base/seed_45/best on 14395 BioRED test examples
[benchmark] batch 1/450 examples=32/14395
[benchmark] batch 45/450 examples=1440/14395
[benchmark] batch 90/450 examples=2880/14395
[benchmark] batch 135/450 examples=4320/14395
[benchmark] batch 180/450 examples=5760/14395
[benchmark] batch 225/450 examples=7200/14395
[benchmark] batch 270/450 examples=8640/14395
[benchmark] batch 315/450 examples=10080/14395
[benchmark] batch 360/450 examples=11520/14395
[benchmark] batch 405/450 examples=12960/14395
[benchmark] batch 450/450 examples=14395/14395
[benchmark] done f1=0.7478 precision=0.6652 recall=0.8539 n_positives=8875
  COMPLETE BioBERT-base (biobert_base) seed=45: benchmark_f1=0.748 best_epoch=4 marker=/lus/lfs1aip2/projects/b5ac/project_1/data/10_recipe_sweep_and_training/matrix/results/biobert_base/seed_45/matrix_complete.json
  RUN START BioBERT-base (biobert_base) seed=46 [5/8 in this job]
[train] start biobert_base seed=46 lr=5e-06 warmup=none train=24000 val=25311 -> /lus/lfs1aip2/projects/b5ac/project_1/data/10_recipe_sweep_and_training/matrix/checkpoints/biobert_base/seed_46
[train] device=cuda batch_size=16 max_epochs=10
Some weights of BertForSequenceClassification were not initialized from the model checkpoint at dmis-lab/biobert-base-cased-v1.2 and are newly initialized: ['classifier.bias', 'classifier.weight']
You should probably TRAIN this model on a down-stream task to be able to use it for predictions and inference.
[train] epoch 1/10 train_loss=0.6321 val_loss=0.5570 val_f1=0.6871 patience=0/3
[train] new best val_f1=0.6871 at epoch 1 -> /lus/lfs1aip2/projects/b5ac/project_1/data/10_recipe_sweep_and_training/matrix/checkpoints/biobert_base/seed_46/best
[train] epoch 2/10 train_loss=0.4719 val_loss=0.5500 val_f1=0.7132 patience=0/3
[train] new best val_f1=0.7132 at epoch 2 -> /lus/lfs1aip2/projects/b5ac/project_1/data/10_recipe_sweep_and_training/matrix/checkpoints/biobert_base/seed_46/best
[train] epoch 3/10 train_loss=0.4101 val_loss=0.5883 val_f1=0.7490 patience=0/3
[train] new best val_f1=0.7490 at epoch 3 -> /lus/lfs1aip2/projects/b5ac/project_1/data/10_recipe_sweep_and_training/matrix/checkpoints/biobert_base/seed_46/best
[train] epoch 4/10 train_loss=0.3708 val_loss=0.6259 val_f1=0.7206 patience=0/3
[train] epoch 5/10 train_loss=0.3362 val_loss=0.6271 val_f1=0.7337 patience=1/3
[train] epoch 6/10 train_loss=0.3151 val_loss=0.7868 val_f1=0.6828 patience=2/3
[train] early stop at epoch 6 (no val_f1 improvement for 3 epochs)
[train] done biobert_base seed=46 best_val_f1=0.7490 best_epoch=3 epochs_run=6
[benchmark] evaluating /lus/lfs1aip2/projects/b5ac/project_1/data/10_recipe_sweep_and_training/matrix/checkpoints/biobert_base/seed_46/best on 14395 BioRED test examples
[benchmark] batch 1/450 examples=32/14395
[benchmark] batch 45/450 examples=1440/14395
[benchmark] batch 90/450 examples=2880/14395
[benchmark] batch 135/450 examples=4320/14395
[benchmark] batch 180/450 examples=5760/14395
[benchmark] batch 225/450 examples=7200/14395
[benchmark] batch 270/450 examples=8640/14395
[benchmark] batch 315/450 examples=10080/14395
[benchmark] batch 360/450 examples=11520/14395
[benchmark] batch 405/450 examples=12960/14395
[benchmark] batch 450/450 examples=14395/14395
[benchmark] done f1=0.7417 precision=0.6922 recall=0.7989 n_positives=8875
  COMPLETE BioBERT-base (biobert_base) seed=46: benchmark_f1=0.742 best_epoch=3 marker=/lus/lfs1aip2/projects/b5ac/project_1/data/10_recipe_sweep_and_training/matrix/results/biobert_base/seed_46/matrix_complete.json
  RUN START BioBERT-base (biobert_base) seed=47 [6/8 in this job]
[train] start biobert_base seed=47 lr=5e-06 warmup=none train=24000 val=25311 -> /lus/lfs1aip2/projects/b5ac/project_1/data/10_recipe_sweep_and_training/matrix/checkpoints/biobert_base/seed_47
[train] device=cuda batch_size=16 max_epochs=10
Some weights of BertForSequenceClassification were not initialized from the model checkpoint at dmis-lab/biobert-base-cased-v1.2 and are newly initialized: ['classifier.bias', 'classifier.weight']
You should probably TRAIN this model on a down-stream task to be able to use it for predictions and inference.
[train] epoch 1/10 train_loss=0.6419 val_loss=0.6055 val_f1=0.6955 patience=0/3
[train] new best val_f1=0.6955 at epoch 1 -> /lus/lfs1aip2/projects/b5ac/project_1/data/10_recipe_sweep_and_training/matrix/checkpoints/biobert_base/seed_47/best
[train] epoch 2/10 train_loss=0.4942 val_loss=0.5846 val_f1=0.6500 patience=0/3
[train] epoch 3/10 train_loss=0.4210 val_loss=0.5977 val_f1=0.7455 patience=1/3
[train] new best val_f1=0.7455 at epoch 3 -> /lus/lfs1aip2/projects/b5ac/project_1/data/10_recipe_sweep_and_training/matrix/checkpoints/biobert_base/seed_47/best
[train] epoch 4/10 train_loss=0.3788 val_loss=0.6110 val_f1=0.7350 patience=0/3
[train] epoch 5/10 train_loss=0.3462 val_loss=0.6205 val_f1=0.7346 patience=1/3
[train] epoch 6/10 train_loss=0.3168 val_loss=0.6523 val_f1=0.7046 patience=2/3
[train] early stop at epoch 6 (no val_f1 improvement for 3 epochs)
[train] done biobert_base seed=47 best_val_f1=0.7455 best_epoch=3 epochs_run=6
[benchmark] evaluating /lus/lfs1aip2/projects/b5ac/project_1/data/10_recipe_sweep_and_training/matrix/checkpoints/biobert_base/seed_47/best on 14395 BioRED test examples
[benchmark] batch 1/450 examples=32/14395
[benchmark] batch 45/450 examples=1440/14395
[benchmark] batch 90/450 examples=2880/14395
[benchmark] batch 135/450 examples=4320/14395
[benchmark] batch 180/450 examples=5760/14395
[benchmark] batch 225/450 examples=7200/14395
[benchmark] batch 270/450 examples=8640/14395
[benchmark] batch 315/450 examples=10080/14395
[benchmark] batch 360/450 examples=11520/14395
[benchmark] batch 405/450 examples=12960/14395
[benchmark] batch 450/450 examples=14395/14395
[benchmark] done f1=0.7304 precision=0.6792 recall=0.7899 n_positives=8875
  COMPLETE BioBERT-base (biobert_base) seed=47: benchmark_f1=0.730 best_epoch=3 marker=/lus/lfs1aip2/projects/b5ac/project_1/data/10_recipe_sweep_and_training/matrix/results/biobert_base/seed_47/matrix_complete.json
  RUN START BioBERT-base (biobert_base) seed=48 [7/8 in this job]
[train] start biobert_base seed=48 lr=5e-06 warmup=none train=24000 val=25311 -> /lus/lfs1aip2/projects/b5ac/project_1/data/10_recipe_sweep_and_training/matrix/checkpoints/biobert_base/seed_48
[train] device=cuda batch_size=16 max_epochs=10
Some weights of BertForSequenceClassification were not initialized from the model checkpoint at dmis-lab/biobert-base-cased-v1.2 and are newly initialized: ['classifier.bias', 'classifier.weight']
You should probably TRAIN this model on a down-stream task to be able to use it for predictions and inference.
[train] epoch 1/10 train_loss=0.6287 val_loss=0.6011 val_f1=0.6252 patience=0/3
[train] new best val_f1=0.6252 at epoch 1 -> /lus/lfs1aip2/projects/b5ac/project_1/data/10_recipe_sweep_and_training/matrix/checkpoints/biobert_base/seed_48/best
[train] epoch 2/10 train_loss=0.4719 val_loss=0.5614 val_f1=0.7150 patience=0/3
[train] new best val_f1=0.7150 at epoch 2 -> /lus/lfs1aip2/projects/b5ac/project_1/data/10_recipe_sweep_and_training/matrix/checkpoints/biobert_base/seed_48/best
[train] epoch 3/10 train_loss=0.4046 val_loss=0.6170 val_f1=0.7200 patience=0/3
[train] new best val_f1=0.7200 at epoch 3 -> /lus/lfs1aip2/projects/b5ac/project_1/data/10_recipe_sweep_and_training/matrix/checkpoints/biobert_base/seed_48/best
[train] epoch 4/10 train_loss=0.3597 val_loss=0.6497 val_f1=0.7105 patience=0/3
[train] epoch 5/10 train_loss=0.3291 val_loss=0.7051 val_f1=0.7307 patience=1/3
[train] new best val_f1=0.7307 at epoch 5 -> /lus/lfs1aip2/projects/b5ac/project_1/data/10_recipe_sweep_and_training/matrix/checkpoints/biobert_base/seed_48/best
[train] epoch 6/10 train_loss=0.3026 val_loss=0.8744 val_f1=0.6648 patience=0/3
[train] epoch 7/10 train_loss=0.2849 val_loss=0.7642 val_f1=0.7271 patience=1/3
[train] epoch 8/10 train_loss=0.2715 val_loss=0.8623 val_f1=0.6529 patience=2/3
[train] early stop at epoch 8 (no val_f1 improvement for 3 epochs)
[train] done biobert_base seed=48 best_val_f1=0.7307 best_epoch=5 epochs_run=8
[benchmark] evaluating /lus/lfs1aip2/projects/b5ac/project_1/data/10_recipe_sweep_and_training/matrix/checkpoints/biobert_base/seed_48/best on 14395 BioRED test examples
[benchmark] batch 1/450 examples=32/14395
[benchmark] batch 45/450 examples=1440/14395
[benchmark] batch 90/450 examples=2880/14395
[benchmark] batch 135/450 examples=4320/14395
[benchmark] batch 180/450 examples=5760/14395
[benchmark] batch 225/450 examples=7200/14395
[benchmark] batch 270/450 examples=8640/14395
[benchmark] batch 315/450 examples=10080/14395
[benchmark] batch 360/450 examples=11520/14395
[benchmark] batch 405/450 examples=12960/14395
[benchmark] batch 450/450 examples=14395/14395
[benchmark] done f1=0.7383 precision=0.6948 recall=0.7876 n_positives=8875
  COMPLETE BioBERT-base (biobert_base) seed=48: benchmark_f1=0.738 best_epoch=5 marker=/lus/lfs1aip2/projects/b5ac/project_1/data/10_recipe_sweep_and_training/matrix/results/biobert_base/seed_48/matrix_complete.json
  RUN START BioBERT-base (biobert_base) seed=49 [8/8 in this job]
[train] start biobert_base seed=49 lr=5e-06 warmup=none train=24000 val=25311 -> /lus/lfs1aip2/projects/b5ac/project_1/data/10_recipe_sweep_and_training/matrix/checkpoints/biobert_base/seed_49
[train] device=cuda batch_size=16 max_epochs=10
Some weights of BertForSequenceClassification were not initialized from the model checkpoint at dmis-lab/biobert-base-cased-v1.2 and are newly initialized: ['classifier.bias', 'classifier.weight']
You should probably TRAIN this model on a down-stream task to be able to use it for predictions and inference.
[train] epoch 1/10 train_loss=0.6026 val_loss=0.5744 val_f1=0.7089 patience=0/3
[train] new best val_f1=0.7089 at epoch 1 -> /lus/lfs1aip2/projects/b5ac/project_1/data/10_recipe_sweep_and_training/matrix/checkpoints/biobert_base/seed_49/best
[train] epoch 2/10 train_loss=0.4596 val_loss=0.5921 val_f1=0.6862 patience=0/3
[train] epoch 3/10 train_loss=0.3999 val_loss=0.6546 val_f1=0.6774 patience=1/3
[train] epoch 4/10 train_loss=0.3583 val_loss=0.6960 val_f1=0.7056 patience=2/3
[train] early stop at epoch 4 (no val_f1 improvement for 3 epochs)
[train] done biobert_base seed=49 best_val_f1=0.7089 best_epoch=1 epochs_run=4
[benchmark] evaluating /lus/lfs1aip2/projects/b5ac/project_1/data/10_recipe_sweep_and_training/matrix/checkpoints/biobert_base/seed_49/best on 14395 BioRED test examples
[benchmark] batch 1/450 examples=32/14395
[benchmark] batch 45/450 examples=1440/14395
[benchmark] batch 90/450 examples=2880/14395
[benchmark] batch 135/450 examples=4320/14395
[benchmark] batch 180/450 examples=5760/14395
[benchmark] batch 225/450 examples=7200/14395
[benchmark] batch 270/450 examples=8640/14395
[benchmark] batch 315/450 examples=10080/14395
[benchmark] batch 360/450 examples=11520/14395
[benchmark] batch 405/450 examples=12960/14395
[benchmark] batch 450/450 examples=14395/14395
[benchmark] done f1=0.7065 precision=0.6790 recall=0.7362 n_positives=8875
  COMPLETE BioBERT-base (biobert_base) seed=49: benchmark_f1=0.706 best_epoch=1 marker=/lus/lfs1aip2/projects/b5ac/project_1/data/10_recipe_sweep_and_training/matrix/results/biobert_base/seed_49/matrix_complete.json

=== Step-2 matrix training complete (this job) ===
  Trained: 8, skipped (already done): 0, planned: 8

=== Done ===
End: Tue  9 Jun 16:31:33 UTC 2026
