=== Step 2: full-matrix training ===
Host: nid010400
SLURM_JOB_ID=5060062
SLURM_JOB_NAME=step2_biolinkbert_base
Start: Fri Jun  5 21:37:21 UTC 2026
REPO=/home/b5ac/freddieyu.b5ac/project_1
OUTPUT_ROOT=/home/b5ac/freddieyu.b5ac/project_1/../projects/project_1
STEP_ARGS=--models biolinkbert_base
Log: /home/b5ac/freddieyu.b5ac/project_1/../projects/project_1/runs/10_recipe_sweep_and_training/train_5060062.out
Ensure CHOSEN_RECIPE is set in config.py (not None) before submitting.
=== Recipe sweep and training 2026-06-05T21:37:25.126154 ===
[run] mode=train-only (step 2)
[run] model filter: ['biolinkbert_base']

=== Step-2 matrix training ===
Recipe: lr=1e-05, warmup=none (checkpoint criterion=val_f1)
Encoders (1): ['biolinkbert_base']
Seeds (8): [42, 43, 44, 45, 46, 47, 48, 49]
Planned runs this job: 8


=== Estimated checkpoint footprint (rough) ===
  Runs: 1 encoders x 8 seeds = 8
  Assumed ~7 epochs/run; epoch ckpt ~220 MiB (fp16); best ckpt ~440 MiB (fp32)
  Per run ~1980 MiB; total ~15.5 GiB
  MAX_EPOCH_CHECKPOINTS_TO_KEEP=None (None = keep all epoch checkpoints)

[benchmark] building BioRED test examples...
[benchmark] built 14395 test examples (leaked PMIDs excluded)
  RUN START BioLinkBERT-base (biolinkbert_base) seed=42 [1/8 in this job]
[train] start biolinkbert_base seed=42 lr=1e-05 warmup=none train=24000 val=25311 -> /lus/lfs1aip2/projects/b5ac/project_1/data/10_recipe_sweep_and_training/matrix/checkpoints/biolinkbert_base/seed_42
[train] device=cuda batch_size=16 max_epochs=10
Some weights of BertForSequenceClassification were not initialized from the model checkpoint at michiyasunaga/BioLinkBERT-base and are newly initialized: ['classifier.bias', 'classifier.weight']
You should probably TRAIN this model on a down-stream task to be able to use it for predictions and inference.
[train] epoch 1/10 train_loss=0.5830 val_loss=0.6449 val_f1=0.6605 patience=0/3
[train] new best val_f1=0.6605 at epoch 1 -> /lus/lfs1aip2/projects/b5ac/project_1/data/10_recipe_sweep_and_training/matrix/checkpoints/biolinkbert_base/seed_42/best
[train] epoch 2/10 train_loss=0.4580 val_loss=0.6525 val_f1=0.5994 patience=0/3
[train] epoch 3/10 train_loss=0.3848 val_loss=0.6779 val_f1=0.6722 patience=1/3
[train] new best val_f1=0.6722 at epoch 3 -> /lus/lfs1aip2/projects/b5ac/project_1/data/10_recipe_sweep_and_training/matrix/checkpoints/biolinkbert_base/seed_42/best
[train] epoch 4/10 train_loss=0.3379 val_loss=0.7007 val_f1=0.6469 patience=0/3
[train] epoch 5/10 train_loss=0.3005 val_loss=0.8721 val_f1=0.6760 patience=1/3
[train] new best val_f1=0.6760 at epoch 5 -> /lus/lfs1aip2/projects/b5ac/project_1/data/10_recipe_sweep_and_training/matrix/checkpoints/biolinkbert_base/seed_42/best
[train] epoch 6/10 train_loss=0.2685 val_loss=0.8308 val_f1=0.6249 patience=0/3
[train] epoch 7/10 train_loss=0.2404 val_loss=1.0626 val_f1=0.5932 patience=1/3
[train] epoch 8/10 train_loss=0.2203 val_loss=1.0696 val_f1=0.6830 patience=2/3
[train] new best val_f1=0.6830 at epoch 8 -> /lus/lfs1aip2/projects/b5ac/project_1/data/10_recipe_sweep_and_training/matrix/checkpoints/biolinkbert_base/seed_42/best
[train] epoch 9/10 train_loss=0.2060 val_loss=0.8697 val_f1=0.6617 patience=0/3
[train] epoch 10/10 train_loss=0.1895 val_loss=0.9815 val_f1=0.6556 patience=1/3
[train] done biolinkbert_base seed=42 best_val_f1=0.6830 best_epoch=8 epochs_run=10
[benchmark] evaluating /lus/lfs1aip2/projects/b5ac/project_1/data/10_recipe_sweep_and_training/matrix/checkpoints/biolinkbert_base/seed_42/best on 14395 BioRED test examples
[benchmark] batch 1/450 examples=32/14395
[benchmark] batch 45/450 examples=1440/14395
[benchmark] batch 90/450 examples=2880/14395
[benchmark] batch 135/450 examples=4320/14395
[benchmark] batch 180/450 examples=5760/14395
[benchmark] batch 225/450 examples=7200/14395
[benchmark] batch 270/450 examples=8640/14395
[benchmark] batch 315/450 examples=10080/14395
[benchmark] batch 360/450 examples=11520/14395
[benchmark] batch 405/450 examples=12960/14395
[benchmark] batch 450/450 examples=14395/14395
[benchmark] done f1=0.8005 precision=0.7715 recall=0.8318 n_positives=8875
  COMPLETE BioLinkBERT-base (biolinkbert_base) seed=42: benchmark_f1=0.801 best_epoch=8 marker=/lus/lfs1aip2/projects/b5ac/project_1/data/10_recipe_sweep_and_training/matrix/results/biolinkbert_base/seed_42/matrix_complete.json
  RUN START BioLinkBERT-base (biolinkbert_base) seed=43 [2/8 in this job]
[train] start biolinkbert_base seed=43 lr=1e-05 warmup=none train=24000 val=25311 -> /lus/lfs1aip2/projects/b5ac/project_1/data/10_recipe_sweep_and_training/matrix/checkpoints/biolinkbert_base/seed_43
[train] device=cuda batch_size=16 max_epochs=10
Some weights of BertForSequenceClassification were not initialized from the model checkpoint at michiyasunaga/BioLinkBERT-base and are newly initialized: ['classifier.bias', 'classifier.weight']
You should probably TRAIN this model on a down-stream task to be able to use it for predictions and inference.
[train] epoch 1/10 train_loss=0.5683 val_loss=0.6137 val_f1=0.6645 patience=0/3
[train] new best val_f1=0.6645 at epoch 1 -> /lus/lfs1aip2/projects/b5ac/project_1/data/10_recipe_sweep_and_training/matrix/checkpoints/biolinkbert_base/seed_43/best
[train] epoch 2/10 train_loss=0.4395 val_loss=0.6776 val_f1=0.6609 patience=0/3
[train] epoch 3/10 train_loss=0.3640 val_loss=0.7278 val_f1=0.6373 patience=1/3
[train] epoch 4/10 train_loss=0.3156 val_loss=0.7543 val_f1=0.6923 patience=2/3
[train] new best val_f1=0.6923 at epoch 4 -> /lus/lfs1aip2/projects/b5ac/project_1/data/10_recipe_sweep_and_training/matrix/checkpoints/biolinkbert_base/seed_43/best
[train] epoch 5/10 train_loss=0.2786 val_loss=0.8712 val_f1=0.6590 patience=0/3
[train] epoch 6/10 train_loss=0.2459 val_loss=0.9130 val_f1=0.6781 patience=1/3
[train] epoch 7/10 train_loss=0.2254 val_loss=0.9003 val_f1=0.6605 patience=2/3
[train] early stop at epoch 7 (no val_f1 improvement for 3 epochs)
[train] done biolinkbert_base seed=43 best_val_f1=0.6923 best_epoch=4 epochs_run=7
[benchmark] evaluating /lus/lfs1aip2/projects/b5ac/project_1/data/10_recipe_sweep_and_training/matrix/checkpoints/biolinkbert_base/seed_43/best on 14395 BioRED test examples
[benchmark] batch 1/450 examples=32/14395
[benchmark] batch 45/450 examples=1440/14395
[benchmark] batch 90/450 examples=2880/14395
[benchmark] batch 135/450 examples=4320/14395
[benchmark] batch 180/450 examples=5760/14395
[benchmark] batch 225/450 examples=7200/14395
[benchmark] batch 270/450 examples=8640/14395
[benchmark] batch 315/450 examples=10080/14395
[benchmark] batch 360/450 examples=11520/14395
[benchmark] batch 405/450 examples=12960/14395
[benchmark] batch 450/450 examples=14395/14395
[benchmark] done f1=0.7810 precision=0.7843 recall=0.7777 n_positives=8875
  COMPLETE BioLinkBERT-base (biolinkbert_base) seed=43: benchmark_f1=0.781 best_epoch=4 marker=/lus/lfs1aip2/projects/b5ac/project_1/data/10_recipe_sweep_and_training/matrix/results/biolinkbert_base/seed_43/matrix_complete.json
  RUN START BioLinkBERT-base (biolinkbert_base) seed=44 [3/8 in this job]
[train] start biolinkbert_base seed=44 lr=1e-05 warmup=none train=24000 val=25311 -> /lus/lfs1aip2/projects/b5ac/project_1/data/10_recipe_sweep_and_training/matrix/checkpoints/biolinkbert_base/seed_44
[train] device=cuda batch_size=16 max_epochs=10
Some weights of BertForSequenceClassification were not initialized from the model checkpoint at michiyasunaga/BioLinkBERT-base and are newly initialized: ['classifier.bias', 'classifier.weight']
You should probably TRAIN this model on a down-stream task to be able to use it for predictions and inference.
[train] epoch 1/10 train_loss=0.5853 val_loss=0.6027 val_f1=0.6384 patience=0/3
[train] new best val_f1=0.6384 at epoch 1 -> /lus/lfs1aip2/projects/b5ac/project_1/data/10_recipe_sweep_and_training/matrix/checkpoints/biolinkbert_base/seed_44/best
[train] epoch 2/10 train_loss=0.4487 val_loss=0.6184 val_f1=0.6598 patience=0/3
[train] new best val_f1=0.6598 at epoch 2 -> /lus/lfs1aip2/projects/b5ac/project_1/data/10_recipe_sweep_and_training/matrix/checkpoints/biolinkbert_base/seed_44/best
[train] epoch 3/10 train_loss=0.3659 val_loss=0.7438 val_f1=0.6720 patience=0/3
[train] new best val_f1=0.6720 at epoch 3 -> /lus/lfs1aip2/projects/b5ac/project_1/data/10_recipe_sweep_and_training/matrix/checkpoints/biolinkbert_base/seed_44/best
[train] epoch 4/10 train_loss=0.3187 val_loss=0.7709 val_f1=0.6575 patience=0/3
[train] epoch 5/10 train_loss=0.2791 val_loss=0.7773 val_f1=0.6605 patience=1/3
[train] epoch 6/10 train_loss=0.2527 val_loss=0.8631 val_f1=0.7004 patience=2/3
[train] new best val_f1=0.7004 at epoch 6 -> /lus/lfs1aip2/projects/b5ac/project_1/data/10_recipe_sweep_and_training/matrix/checkpoints/biolinkbert_base/seed_44/best
[train] epoch 7/10 train_loss=0.2290 val_loss=0.8623 val_f1=0.6644 patience=0/3
[train] epoch 8/10 train_loss=0.2103 val_loss=0.9468 val_f1=0.6779 patience=1/3
[train] epoch 9/10 train_loss=0.1966 val_loss=0.9807 val_f1=0.6885 patience=2/3
[train] early stop at epoch 9 (no val_f1 improvement for 3 epochs)
[train] done biolinkbert_base seed=44 best_val_f1=0.7004 best_epoch=6 epochs_run=9
[benchmark] evaluating /lus/lfs1aip2/projects/b5ac/project_1/data/10_recipe_sweep_and_training/matrix/checkpoints/biolinkbert_base/seed_44/best on 14395 BioRED test examples
[benchmark] batch 1/450 examples=32/14395
[benchmark] batch 45/450 examples=1440/14395
[benchmark] batch 90/450 examples=2880/14395
[benchmark] batch 135/450 examples=4320/14395
[benchmark] batch 180/450 examples=5760/14395
[benchmark] batch 225/450 examples=7200/14395
[benchmark] batch 270/450 examples=8640/14395
[benchmark] batch 315/450 examples=10080/14395
[benchmark] batch 360/450 examples=11520/14395
[benchmark] batch 405/450 examples=12960/14395
[benchmark] batch 450/450 examples=14395/14395
[benchmark] done f1=0.8083 precision=0.7634 recall=0.8588 n_positives=8875
  COMPLETE BioLinkBERT-base (biolinkbert_base) seed=44: benchmark_f1=0.808 best_epoch=6 marker=/lus/lfs1aip2/projects/b5ac/project_1/data/10_recipe_sweep_and_training/matrix/results/biolinkbert_base/seed_44/matrix_complete.json
  RUN START BioLinkBERT-base (biolinkbert_base) seed=45 [4/8 in this job]
[train] start biolinkbert_base seed=45 lr=1e-05 warmup=none train=24000 val=25311 -> /lus/lfs1aip2/projects/b5ac/project_1/data/10_recipe_sweep_and_training/matrix/checkpoints/biolinkbert_base/seed_45
[train] device=cuda batch_size=16 max_epochs=10
Some weights of BertForSequenceClassification were not initialized from the model checkpoint at michiyasunaga/BioLinkBERT-base and are newly initialized: ['classifier.bias', 'classifier.weight']
You should probably TRAIN this model on a down-stream task to be able to use it for predictions and inference.
[train] epoch 1/10 train_loss=0.5660 val_loss=0.6151 val_f1=0.6149 patience=0/3
[train] new best val_f1=0.6149 at epoch 1 -> /lus/lfs1aip2/projects/b5ac/project_1/data/10_recipe_sweep_and_training/matrix/checkpoints/biolinkbert_base/seed_45/best
[train] epoch 2/10 train_loss=0.4462 val_loss=0.6560 val_f1=0.6521 patience=0/3
[train] new best val_f1=0.6521 at epoch 2 -> /lus/lfs1aip2/projects/b5ac/project_1/data/10_recipe_sweep_and_training/matrix/checkpoints/biolinkbert_base/seed_45/best
[train] epoch 3/10 train_loss=0.3788 val_loss=0.6551 val_f1=0.6818 patience=0/3
[train] new best val_f1=0.6818 at epoch 3 -> /lus/lfs1aip2/projects/b5ac/project_1/data/10_recipe_sweep_and_training/matrix/checkpoints/biolinkbert_base/seed_45/best
[train] epoch 4/10 train_loss=0.3330 val_loss=0.7392 val_f1=0.6856 patience=0/3
[train] new best val_f1=0.6856 at epoch 4 -> /lus/lfs1aip2/projects/b5ac/project_1/data/10_recipe_sweep_and_training/matrix/checkpoints/biolinkbert_base/seed_45/best
[train] epoch 5/10 train_loss=0.2959 val_loss=0.8761 val_f1=0.6566 patience=0/3
[train] epoch 6/10 train_loss=0.2631 val_loss=0.8182 val_f1=0.6798 patience=1/3
[train] epoch 7/10 train_loss=0.2429 val_loss=0.7947 val_f1=0.6728 patience=2/3
[train] early stop at epoch 7 (no val_f1 improvement for 3 epochs)
[train] done biolinkbert_base seed=45 best_val_f1=0.6856 best_epoch=4 epochs_run=7
[benchmark] evaluating /lus/lfs1aip2/projects/b5ac/project_1/data/10_recipe_sweep_and_training/matrix/checkpoints/biolinkbert_base/seed_45/best on 14395 BioRED test examples
[benchmark] batch 1/450 examples=32/14395
[benchmark] batch 45/450 examples=1440/14395
[benchmark] batch 90/450 examples=2880/14395
[benchmark] batch 135/450 examples=4320/14395
[benchmark] batch 180/450 examples=5760/14395
[benchmark] batch 225/450 examples=7200/14395
[benchmark] batch 270/450 examples=8640/14395
[benchmark] batch 315/450 examples=10080/14395
[benchmark] batch 360/450 examples=11520/14395
[benchmark] batch 405/450 examples=12960/14395
[benchmark] batch 450/450 examples=14395/14395
[benchmark] done f1=0.7660 precision=0.7699 recall=0.7620 n_positives=8875
  COMPLETE BioLinkBERT-base (biolinkbert_base) seed=45: benchmark_f1=0.766 best_epoch=4 marker=/lus/lfs1aip2/projects/b5ac/project_1/data/10_recipe_sweep_and_training/matrix/results/biolinkbert_base/seed_45/matrix_complete.json
  RUN START BioLinkBERT-base (biolinkbert_base) seed=46 [5/8 in this job]
[train] start biolinkbert_base seed=46 lr=1e-05 warmup=none train=24000 val=25311 -> /lus/lfs1aip2/projects/b5ac/project_1/data/10_recipe_sweep_and_training/matrix/checkpoints/biolinkbert_base/seed_46
[train] device=cuda batch_size=16 max_epochs=10
Some weights of BertForSequenceClassification were not initialized from the model checkpoint at michiyasunaga/BioLinkBERT-base and are newly initialized: ['classifier.bias', 'classifier.weight']
You should probably TRAIN this model on a down-stream task to be able to use it for predictions and inference.
[train] epoch 1/10 train_loss=0.5679 val_loss=0.6266 val_f1=0.6989 patience=0/3
[train] new best val_f1=0.6989 at epoch 1 -> /lus/lfs1aip2/projects/b5ac/project_1/data/10_recipe_sweep_and_training/matrix/checkpoints/biolinkbert_base/seed_46/best
[train] epoch 2/10 train_loss=0.4449 val_loss=0.6790 val_f1=0.6839 patience=0/3
[train] epoch 3/10 train_loss=0.3759 val_loss=0.7028 val_f1=0.6479 patience=1/3
[train] epoch 4/10 train_loss=0.3287 val_loss=0.7479 val_f1=0.6587 patience=2/3
[train] early stop at epoch 4 (no val_f1 improvement for 3 epochs)
[train] done biolinkbert_base seed=46 best_val_f1=0.6989 best_epoch=1 epochs_run=4
[benchmark] evaluating /lus/lfs1aip2/projects/b5ac/project_1/data/10_recipe_sweep_and_training/matrix/checkpoints/biolinkbert_base/seed_46/best on 14395 BioRED test examples
[benchmark] batch 1/450 examples=32/14395
[benchmark] batch 45/450 examples=1440/14395
[benchmark] batch 90/450 examples=2880/14395
[benchmark] batch 135/450 examples=4320/14395
[benchmark] batch 180/450 examples=5760/14395
[benchmark] batch 225/450 examples=7200/14395
[benchmark] batch 270/450 examples=8640/14395
[benchmark] batch 315/450 examples=10080/14395
[benchmark] batch 360/450 examples=11520/14395
[benchmark] batch 405/450 examples=12960/14395
[benchmark] batch 450/450 examples=14395/14395
[benchmark] done f1=0.7893 precision=0.7663 recall=0.8136 n_positives=8875
  COMPLETE BioLinkBERT-base (biolinkbert_base) seed=46: benchmark_f1=0.789 best_epoch=1 marker=/lus/lfs1aip2/projects/b5ac/project_1/data/10_recipe_sweep_and_training/matrix/results/biolinkbert_base/seed_46/matrix_complete.json
  RUN START BioLinkBERT-base (biolinkbert_base) seed=47 [6/8 in this job]
[train] start biolinkbert_base seed=47 lr=1e-05 warmup=none train=24000 val=25311 -> /lus/lfs1aip2/projects/b5ac/project_1/data/10_recipe_sweep_and_training/matrix/checkpoints/biolinkbert_base/seed_47
[train] device=cuda batch_size=16 max_epochs=10
Some weights of BertForSequenceClassification were not initialized from the model checkpoint at michiyasunaga/BioLinkBERT-base and are newly initialized: ['classifier.bias', 'classifier.weight']
You should probably TRAIN this model on a down-stream task to be able to use it for predictions and inference.
[train] epoch 1/10 train_loss=0.5736 val_loss=0.6540 val_f1=0.6390 patience=0/3
[train] new best val_f1=0.6390 at epoch 1 -> /lus/lfs1aip2/projects/b5ac/project_1/data/10_recipe_sweep_and_training/matrix/checkpoints/biolinkbert_base/seed_47/best
[train] epoch 2/10 train_loss=0.4749 val_loss=0.6261 val_f1=0.6062 patience=0/3
[train] epoch 3/10 train_loss=0.3989 val_loss=0.6529 val_f1=0.6516 patience=1/3
[train] new best val_f1=0.6516 at epoch 3 -> /lus/lfs1aip2/projects/b5ac/project_1/data/10_recipe_sweep_and_training/matrix/checkpoints/biolinkbert_base/seed_47/best
[train] epoch 4/10 train_loss=0.3491 val_loss=0.6901 val_f1=0.6613 patience=0/3
[train] new best val_f1=0.6613 at epoch 4 -> /lus/lfs1aip2/projects/b5ac/project_1/data/10_recipe_sweep_and_training/matrix/checkpoints/biolinkbert_base/seed_47/best
[train] epoch 5/10 train_loss=0.3105 val_loss=0.7358 val_f1=0.6653 patience=0/3
[train] new best val_f1=0.6653 at epoch 5 -> /lus/lfs1aip2/projects/b5ac/project_1/data/10_recipe_sweep_and_training/matrix/checkpoints/biolinkbert_base/seed_47/best
[train] epoch 6/10 train_loss=0.2776 val_loss=0.7801 val_f1=0.6524 patience=0/3
[train] epoch 7/10 train_loss=0.2529 val_loss=0.8715 val_f1=0.6412 patience=1/3
[train] epoch 8/10 train_loss=0.2263 val_loss=0.8823 val_f1=0.6501 patience=2/3
[train] early stop at epoch 8 (no val_f1 improvement for 3 epochs)
[train] done biolinkbert_base seed=47 best_val_f1=0.6653 best_epoch=5 epochs_run=8
[benchmark] evaluating /lus/lfs1aip2/projects/b5ac/project_1/data/10_recipe_sweep_and_training/matrix/checkpoints/biolinkbert_base/seed_47/best on 14395 BioRED test examples
[benchmark] batch 1/450 examples=32/14395
[benchmark] batch 45/450 examples=1440/14395
[benchmark] batch 90/450 examples=2880/14395
[benchmark] batch 135/450 examples=4320/14395
[benchmark] batch 180/450 examples=5760/14395
[benchmark] batch 225/450 examples=7200/14395
[benchmark] batch 270/450 examples=8640/14395
[benchmark] batch 315/450 examples=10080/14395
[benchmark] batch 360/450 examples=11520/14395
[benchmark] batch 405/450 examples=12960/14395
[benchmark] batch 450/450 examples=14395/14395
[benchmark] done f1=0.7439 precision=0.7665 recall=0.7226 n_positives=8875
  COMPLETE BioLinkBERT-base (biolinkbert_base) seed=47: benchmark_f1=0.744 best_epoch=5 marker=/lus/lfs1aip2/projects/b5ac/project_1/data/10_recipe_sweep_and_training/matrix/results/biolinkbert_base/seed_47/matrix_complete.json
  RUN START BioLinkBERT-base (biolinkbert_base) seed=48 [7/8 in this job]
[train] start biolinkbert_base seed=48 lr=1e-05 warmup=none train=24000 val=25311 -> /lus/lfs1aip2/projects/b5ac/project_1/data/10_recipe_sweep_and_training/matrix/checkpoints/biolinkbert_base/seed_48
[train] device=cuda batch_size=16 max_epochs=10
Some weights of BertForSequenceClassification were not initialized from the model checkpoint at michiyasunaga/BioLinkBERT-base and are newly initialized: ['classifier.bias', 'classifier.weight']
You should probably TRAIN this model on a down-stream task to be able to use it for predictions and inference.
[train] epoch 1/10 train_loss=0.5811 val_loss=0.6225 val_f1=0.6469 patience=0/3
[train] new best val_f1=0.6469 at epoch 1 -> /lus/lfs1aip2/projects/b5ac/project_1/data/10_recipe_sweep_and_training/matrix/checkpoints/biolinkbert_base/seed_48/best
[train] epoch 2/10 train_loss=0.4530 val_loss=0.6293 val_f1=0.6311 patience=0/3
[train] epoch 3/10 train_loss=0.3835 val_loss=0.6835 val_f1=0.6354 patience=1/3
[train] epoch 4/10 train_loss=0.3362 val_loss=0.7438 val_f1=0.6890 patience=2/3
[train] new best val_f1=0.6890 at epoch 4 -> /lus/lfs1aip2/projects/b5ac/project_1/data/10_recipe_sweep_and_training/matrix/checkpoints/biolinkbert_base/seed_48/best
[train] epoch 5/10 train_loss=0.2970 val_loss=0.8566 val_f1=0.6724 patience=0/3
[train] epoch 6/10 train_loss=0.2679 val_loss=0.8913 val_f1=0.6498 patience=1/3
[train] epoch 7/10 train_loss=0.2403 val_loss=0.9318 val_f1=0.6422 patience=2/3
[train] early stop at epoch 7 (no val_f1 improvement for 3 epochs)
[train] done biolinkbert_base seed=48 best_val_f1=0.6890 best_epoch=4 epochs_run=7
[benchmark] evaluating /lus/lfs1aip2/projects/b5ac/project_1/data/10_recipe_sweep_and_training/matrix/checkpoints/biolinkbert_base/seed_48/best on 14395 BioRED test examples
[benchmark] batch 1/450 examples=32/14395
[benchmark] batch 45/450 examples=1440/14395
[benchmark] batch 90/450 examples=2880/14395
[benchmark] batch 135/450 examples=4320/14395
[benchmark] batch 180/450 examples=5760/14395
[benchmark] batch 225/450 examples=7200/14395
[benchmark] batch 270/450 examples=8640/14395
[benchmark] batch 315/450 examples=10080/14395
[benchmark] batch 360/450 examples=11520/14395
[benchmark] batch 405/450 examples=12960/14395
[benchmark] batch 450/450 examples=14395/14395
[benchmark] done f1=0.7742 precision=0.7603 recall=0.7886 n_positives=8875
  COMPLETE BioLinkBERT-base (biolinkbert_base) seed=48: benchmark_f1=0.774 best_epoch=4 marker=/lus/lfs1aip2/projects/b5ac/project_1/data/10_recipe_sweep_and_training/matrix/results/biolinkbert_base/seed_48/matrix_complete.json
  RUN START BioLinkBERT-base (biolinkbert_base) seed=49 [8/8 in this job]
[train] start biolinkbert_base seed=49 lr=1e-05 warmup=none train=24000 val=25311 -> /lus/lfs1aip2/projects/b5ac/project_1/data/10_recipe_sweep_and_training/matrix/checkpoints/biolinkbert_base/seed_49
[train] device=cuda batch_size=16 max_epochs=10
Some weights of BertForSequenceClassification were not initialized from the model checkpoint at michiyasunaga/BioLinkBERT-base and are newly initialized: ['classifier.bias', 'classifier.weight']
You should probably TRAIN this model on a down-stream task to be able to use it for predictions and inference.
[train] epoch 1/10 train_loss=0.5769 val_loss=0.6003 val_f1=0.6242 patience=0/3
[train] new best val_f1=0.6242 at epoch 1 -> /lus/lfs1aip2/projects/b5ac/project_1/data/10_recipe_sweep_and_training/matrix/checkpoints/biolinkbert_base/seed_49/best
[train] epoch 2/10 train_loss=0.4614 val_loss=0.7293 val_f1=0.6371 patience=0/3
[train] new best val_f1=0.6371 at epoch 2 -> /lus/lfs1aip2/projects/b5ac/project_1/data/10_recipe_sweep_and_training/matrix/checkpoints/biolinkbert_base/seed_49/best
[train] epoch 3/10 train_loss=0.3842 val_loss=0.7076 val_f1=0.6474 patience=0/3
[train] new best val_f1=0.6474 at epoch 3 -> /lus/lfs1aip2/projects/b5ac/project_1/data/10_recipe_sweep_and_training/matrix/checkpoints/biolinkbert_base/seed_49/best
[train] epoch 4/10 train_loss=0.3329 val_loss=0.7464 val_f1=0.6281 patience=0/3
[train] epoch 5/10 train_loss=0.2946 val_loss=0.8511 val_f1=0.7047 patience=1/3
[train] new best val_f1=0.7047 at epoch 5 -> /lus/lfs1aip2/projects/b5ac/project_1/data/10_recipe_sweep_and_training/matrix/checkpoints/biolinkbert_base/seed_49/best
[train] epoch 6/10 train_loss=0.2623 val_loss=0.9006 val_f1=0.6842 patience=0/3
[train] epoch 7/10 train_loss=0.2352 val_loss=0.8732 val_f1=0.6915 patience=1/3
[train] epoch 8/10 train_loss=0.2190 val_loss=0.9303 val_f1=0.6734 patience=2/3
[train] early stop at epoch 8 (no val_f1 improvement for 3 epochs)
[train] done biolinkbert_base seed=49 best_val_f1=0.7047 best_epoch=5 epochs_run=8
[benchmark] evaluating /lus/lfs1aip2/projects/b5ac/project_1/data/10_recipe_sweep_and_training/matrix/checkpoints/biolinkbert_base/seed_49/best on 14395 BioRED test examples
[benchmark] batch 1/450 examples=32/14395
[benchmark] batch 45/450 examples=1440/14395
[benchmark] batch 90/450 examples=2880/14395
[benchmark] batch 135/450 examples=4320/14395
[benchmark] batch 180/450 examples=5760/14395
[benchmark] batch 225/450 examples=7200/14395
[benchmark] batch 270/450 examples=8640/14395
[benchmark] batch 315/450 examples=10080/14395
[benchmark] batch 360/450 examples=11520/14395
[benchmark] batch 405/450 examples=12960/14395
[benchmark] batch 450/450 examples=14395/14395
[benchmark] done f1=0.8022 precision=0.7564 recall=0.8539 n_positives=8875
  COMPLETE BioLinkBERT-base (biolinkbert_base) seed=49: benchmark_f1=0.802 best_epoch=5 marker=/lus/lfs1aip2/projects/b5ac/project_1/data/10_recipe_sweep_and_training/matrix/results/biolinkbert_base/seed_49/matrix_complete.json

=== Step-2 matrix training complete (this job) ===
  Trained: 8, skipped (already done): 0, planned: 8

=== Done ===
End: Sat Jun  6 00:39:23 UTC 2026
