=== Step 2: full-matrix training ===
Host: nid010741
SLURM_JOB_ID=5411775
SLURM_JOB_NAME=train_scibert_42-43-44-45
Start: Sun Jun 28 19:29:26 UTC 2026
REPO=/home/b5ac/freddieyu.b5ac/project_1
OUTPUT_ROOT=/home/b5ac/freddieyu.b5ac/project_1/../projects/project_1
STEP_ARGS=--force --models scibert_base --seeds 42 43 44 45
Log: /home/b5ac/freddieyu.b5ac/project_1/../projects/project_1/runs/10_recipe_sweep_and_training/train_5411775.out
Ensure CHOSEN_RECIPE is set in config.py (not None) before submitting.
TMPDIR=/home/b5ac/freddieyu.b5ac/project_1/../projects/project_1/runs/10_recipe_sweep_and_training/tmp_5411775
=== Recipe sweep and training 2026-06-28T19:29:29.314294 ===
[run] mode=train-only (step 2)
[run] model filter: ['scibert_base']
[run] seed filter: [42, 43, 44, 45]

=== Step-2 matrix training ===
Recipe: lr=5e-06, warmup=none (checkpoint criterion=pooled_val_f1_micro)
Encoders (1): ['scibert_base']
Seeds (4): [42, 43, 44, 45]
Planned runs this job: 4


=== Estimated checkpoint footprint (rough) ===
  Runs: 1 encoders x 4 seeds = 4
  Assumed ~10 epochs/run; epoch ckpt ~220 MiB (fp16); best ckpt ~440 MiB (fp32)
  Per run ~2640 MiB; total ~10.3 GiB
  MAX_EPOCH_CHECKPOINTS_TO_KEEP=None (None = keep all epoch checkpoints)

[benchmark] building BioRED test examples...
[benchmark] built 14395 BioRED test examples (leaked PMIDs excluded)
[benchmark] building DrugProt test examples...
[benchmark] DrugProt: no labeled public test split in BigBio (splits=['train', 'validation', 'test_background']; test_background is unlabeled). Skipping DrugProt holdout benchmark; gene-drug combined uses BioRED test only.
  RUN START SciBERT (scibert_base) seed=42 [1/4 in this job]
[train] start scibert_base seed=42 lr=5e-06 warmup=none hf=allenai/scibert_scivocab_uncased train=24000 val=25311 (pooled BioRED+DrugProt) -> /lus/lfs1aip2/projects/b5ac/project_1/data/10_recipe_sweep_and_training/matrix/checkpoints/scibert_base/seed_42
[train] device=cuda batch_size=16 max_epochs=10
Some weights of BertForSequenceClassification were not initialized from the model checkpoint at allenai/scibert_scivocab_uncased and are newly initialized: ['classifier.bias', 'classifier.weight']
You should probably TRAIN this model on a down-stream task to be able to use it for predictions and inference.
[train] epoch 1/10 train_loss=0.5620 val_loss=0.5138 pooled_val_f1_micro=0.7698
[train] new best pooled_val_f1_micro=0.7698 at epoch 1 -> /lus/lfs1aip2/projects/b5ac/project_1/data/10_recipe_sweep_and_training/matrix/checkpoints/scibert_base/seed_42/best
[train] epoch 2/10 train_loss=0.3982 val_loss=0.6250 pooled_val_f1_micro=0.6533
[train] epoch 3/10 train_loss=0.3320 val_loss=0.6605 pooled_val_f1_micro=0.7264
[train] epoch 4/10 train_loss=0.2899 val_loss=0.6131 pooled_val_f1_micro=0.7754
[train] new best pooled_val_f1_micro=0.7754 at epoch 4 -> /lus/lfs1aip2/projects/b5ac/project_1/data/10_recipe_sweep_and_training/matrix/checkpoints/scibert_base/seed_42/best
[train] epoch 5/10 train_loss=0.2541 val_loss=0.7868 pooled_val_f1_micro=0.7233
[train] epoch 6/10 train_loss=0.2297 val_loss=0.7313 pooled_val_f1_micro=0.7684
[train] epoch 7/10 train_loss=0.2097 val_loss=0.7946 pooled_val_f1_micro=0.7262
[train] epoch 8/10 train_loss=0.1987 val_loss=0.7472 pooled_val_f1_micro=0.7709
[train] epoch 9/10 train_loss=0.1877 val_loss=0.8756 pooled_val_f1_micro=0.7393
[train] epoch 10/10 train_loss=0.1769 val_loss=0.8830 pooled_val_f1_micro=0.7608
[train] done scibert_base seed=42 best_val_f1=0.7754 best_epoch=4 epochs_run=10
[benchmark] evaluating /lus/lfs1aip2/projects/b5ac/project_1/data/10_recipe_sweep_and_training/matrix/checkpoints/scibert_base/seed_42/best: BioRED=14395 DrugProt=0 gdis=9769 gd_combined=4626 (DrugProt holdout unavailable; combined=BioRED gene-drug only)
[benchmark] done gdis=0.7751 gd_combined=0.6605 gd_biored=0.6605 gd_drugprot=nan overall=0.7431
  COMPLETE SciBERT (scibert_base) seed=42: gd_combined=0.661 gdis=0.775 best_epoch=4 pooled_val_f1=0.775 marker=/lus/lfs1aip2/projects/b5ac/project_1/data/10_recipe_sweep_and_training/matrix/results/scibert_base/seed_42/matrix_complete.json
  RUN START SciBERT (scibert_base) seed=43 [2/4 in this job]
[train] start scibert_base seed=43 lr=5e-06 warmup=none hf=allenai/scibert_scivocab_uncased train=24000 val=25311 (pooled BioRED+DrugProt) -> /lus/lfs1aip2/projects/b5ac/project_1/data/10_recipe_sweep_and_training/matrix/checkpoints/scibert_base/seed_43
[train] device=cuda batch_size=16 max_epochs=10
Some weights of BertForSequenceClassification were not initialized from the model checkpoint at allenai/scibert_scivocab_uncased and are newly initialized: ['classifier.bias', 'classifier.weight']
You should probably TRAIN this model on a down-stream task to be able to use it for predictions and inference.
[train] epoch 1/10 train_loss=0.5497 val_loss=0.5368 pooled_val_f1_micro=0.7309
[train] new best pooled_val_f1_micro=0.7309 at epoch 1 -> /lus/lfs1aip2/projects/b5ac/project_1/data/10_recipe_sweep_and_training/matrix/checkpoints/scibert_base/seed_43/best
[train] epoch 2/10 train_loss=0.3999 val_loss=0.6076 pooled_val_f1_micro=0.7449
[train] new best pooled_val_f1_micro=0.7449 at epoch 2 -> /lus/lfs1aip2/projects/b5ac/project_1/data/10_recipe_sweep_and_training/matrix/checkpoints/scibert_base/seed_43/best
[train] epoch 3/10 train_loss=0.3385 val_loss=0.8193 pooled_val_f1_micro=0.7126
[train] epoch 4/10 train_loss=0.2910 val_loss=0.7202 pooled_val_f1_micro=0.7173
[train] epoch 5/10 train_loss=0.2595 val_loss=0.8123 pooled_val_f1_micro=0.6606
[train] epoch 6/10 train_loss=0.2323 val_loss=0.7590 pooled_val_f1_micro=0.7480
[train] new best pooled_val_f1_micro=0.7480 at epoch 6 -> /lus/lfs1aip2/projects/b5ac/project_1/data/10_recipe_sweep_and_training/matrix/checkpoints/scibert_base/seed_43/best
[train] epoch 7/10 train_loss=0.2135 val_loss=0.9115 pooled_val_f1_micro=0.7392
[train] epoch 8/10 train_loss=0.1977 val_loss=0.9494 pooled_val_f1_micro=0.7317
[train] epoch 9/10 train_loss=0.1878 val_loss=0.9714 pooled_val_f1_micro=0.7086
[train] epoch 10/10 train_loss=0.1805 val_loss=0.9754 pooled_val_f1_micro=0.7259
[train] done scibert_base seed=43 best_val_f1=0.7480 best_epoch=6 epochs_run=10
[benchmark] evaluating /lus/lfs1aip2/projects/b5ac/project_1/data/10_recipe_sweep_and_training/matrix/checkpoints/scibert_base/seed_43/best: BioRED=14395 DrugProt=0 gdis=9769 gd_combined=4626 (DrugProt holdout unavailable; combined=BioRED gene-drug only)
[benchmark] done gdis=0.7714 gd_combined=0.6380 gd_biored=0.6380 gd_drugprot=nan overall=0.7349
  COMPLETE SciBERT (scibert_base) seed=43: gd_combined=0.638 gdis=0.771 best_epoch=6 pooled_val_f1=0.748 marker=/lus/lfs1aip2/projects/b5ac/project_1/data/10_recipe_sweep_and_training/matrix/results/scibert_base/seed_43/matrix_complete.json
  RUN START SciBERT (scibert_base) seed=44 [3/4 in this job]
[train] start scibert_base seed=44 lr=5e-06 warmup=none hf=allenai/scibert_scivocab_uncased train=24000 val=25311 (pooled BioRED+DrugProt) -> /lus/lfs1aip2/projects/b5ac/project_1/data/10_recipe_sweep_and_training/matrix/checkpoints/scibert_base/seed_44
[train] device=cuda batch_size=16 max_epochs=10
Some weights of BertForSequenceClassification were not initialized from the model checkpoint at allenai/scibert_scivocab_uncased and are newly initialized: ['classifier.bias', 'classifier.weight']
You should probably TRAIN this model on a down-stream task to be able to use it for predictions and inference.
[train] epoch 1/10 train_loss=0.5447 val_loss=0.5378 pooled_val_f1_micro=0.7660
[train] new best pooled_val_f1_micro=0.7660 at epoch 1 -> /lus/lfs1aip2/projects/b5ac/project_1/data/10_recipe_sweep_and_training/matrix/checkpoints/scibert_base/seed_44/best
[train] epoch 2/10 train_loss=0.3999 val_loss=0.5755 pooled_val_f1_micro=0.7441
[train] epoch 3/10 train_loss=0.3310 val_loss=0.6664 pooled_val_f1_micro=0.7542
[train] epoch 4/10 train_loss=0.2885 val_loss=0.6976 pooled_val_f1_micro=0.7391
[train] epoch 5/10 train_loss=0.2510 val_loss=0.7777 pooled_val_f1_micro=0.7395
[train] epoch 6/10 train_loss=0.2304 val_loss=0.7630 pooled_val_f1_micro=0.7471
[train] epoch 7/10 train_loss=0.2088 val_loss=0.8663 pooled_val_f1_micro=0.7418
[train] epoch 8/10 train_loss=0.1963 val_loss=0.9840 pooled_val_f1_micro=0.7373
[train] epoch 9/10 train_loss=0.1833 val_loss=1.0515 pooled_val_f1_micro=0.7367
[train] epoch 10/10 train_loss=0.1758 val_loss=1.0017 pooled_val_f1_micro=0.7546
[train] done scibert_base seed=44 best_val_f1=0.7660 best_epoch=1 epochs_run=10
[benchmark] evaluating /lus/lfs1aip2/projects/b5ac/project_1/data/10_recipe_sweep_and_training/matrix/checkpoints/scibert_base/seed_44/best: BioRED=14395 DrugProt=0 gdis=9769 gd_combined=4626 (DrugProt holdout unavailable; combined=BioRED gene-drug only)
[benchmark] done gdis=0.7731 gd_combined=0.6443 gd_biored=0.6443 gd_drugprot=nan overall=0.7387
  COMPLETE SciBERT (scibert_base) seed=44: gd_combined=0.644 gdis=0.773 best_epoch=1 pooled_val_f1=0.766 marker=/lus/lfs1aip2/projects/b5ac/project_1/data/10_recipe_sweep_and_training/matrix/results/scibert_base/seed_44/matrix_complete.json
  RUN START SciBERT (scibert_base) seed=45 [4/4 in this job]
[train] start scibert_base seed=45 lr=5e-06 warmup=none hf=allenai/scibert_scivocab_uncased train=24000 val=25311 (pooled BioRED+DrugProt) -> /lus/lfs1aip2/projects/b5ac/project_1/data/10_recipe_sweep_and_training/matrix/checkpoints/scibert_base/seed_45
[train] device=cuda batch_size=16 max_epochs=10
Some weights of BertForSequenceClassification were not initialized from the model checkpoint at allenai/scibert_scivocab_uncased and are newly initialized: ['classifier.bias', 'classifier.weight']
You should probably TRAIN this model on a down-stream task to be able to use it for predictions and inference.
[train] epoch 1/10 train_loss=0.5514 val_loss=0.5178 pooled_val_f1_micro=0.7557
[train] new best pooled_val_f1_micro=0.7557 at epoch 1 -> /lus/lfs1aip2/projects/b5ac/project_1/data/10_recipe_sweep_and_training/matrix/checkpoints/scibert_base/seed_45/best
[train] epoch 2/10 train_loss=0.3993 val_loss=0.5804 pooled_val_f1_micro=0.7611
[train] new best pooled_val_f1_micro=0.7611 at epoch 2 -> /lus/lfs1aip2/projects/b5ac/project_1/data/10_recipe_sweep_and_training/matrix/checkpoints/scibert_base/seed_45/best
[train] epoch 3/10 train_loss=0.3350 val_loss=0.6386 pooled_val_f1_micro=0.7534
[train] epoch 4/10 train_loss=0.2912 val_loss=0.6389 pooled_val_f1_micro=0.7852
[train] new best pooled_val_f1_micro=0.7852 at epoch 4 -> /lus/lfs1aip2/projects/b5ac/project_1/data/10_recipe_sweep_and_training/matrix/checkpoints/scibert_base/seed_45/best
[train] epoch 5/10 train_loss=0.2622 val_loss=0.7156 pooled_val_f1_micro=0.7304
[train] epoch 6/10 train_loss=0.2332 val_loss=0.8477 pooled_val_f1_micro=0.7351
[train] epoch 7/10 train_loss=0.2148 val_loss=0.8690 pooled_val_f1_micro=0.7420
[train] epoch 8/10 train_loss=0.2006 val_loss=0.9136 pooled_val_f1_micro=0.7314
[train] epoch 9/10 train_loss=0.1887 val_loss=1.1066 pooled_val_f1_micro=0.6937
[train] epoch 10/10 train_loss=0.1797 val_loss=0.9053 pooled_val_f1_micro=0.7590
[train] done scibert_base seed=45 best_val_f1=0.7852 best_epoch=4 epochs_run=10
[benchmark] evaluating /lus/lfs1aip2/projects/b5ac/project_1/data/10_recipe_sweep_and_training/matrix/checkpoints/scibert_base/seed_45/best: BioRED=14395 DrugProt=0 gdis=9769 gd_combined=4626 (DrugProt holdout unavailable; combined=BioRED gene-drug only)
[benchmark] done gdis=0.7871 gd_combined=0.6782 gd_biored=0.6782 gd_drugprot=nan overall=0.7571
  COMPLETE SciBERT (scibert_base) seed=45: gd_combined=0.678 gdis=0.787 best_epoch=4 pooled_val_f1=0.785 marker=/lus/lfs1aip2/projects/b5ac/project_1/data/10_recipe_sweep_and_training/matrix/results/scibert_base/seed_45/matrix_complete.json

=== Step-2 matrix training complete (this job) ===
  Trained: 4, skipped (already done): 0, planned: 4

=== Done ===
End: Sun Jun 28 21:35:26 UTC 2026
