=== 1e-5 supplementary side-matrix training ===
Host: nid011152
SLURM_JOB_ID=5411875
SLURM_JOB_NAME=lr1e5_bert_46-47-48-49
Start: Sun Jun 28 19:30:06 UTC 2026
REPO=/home/b5ac/freddieyu.b5ac/project_1
OUTPUT_ROOT=/home/b5ac/freddieyu.b5ac/project_1/../projects/project_1
STEP_ARGS=--models bert_base --seeds 46 47 48 49
Side output: /home/b5ac/freddieyu.b5ac/project_1/../projects/project_1/data/10_recipe_sweep_and_training/lr1e5_sidecheck/
Main matrix (untouched): /home/b5ac/freddieyu.b5ac/project_1/../projects/project_1/data/10_recipe_sweep_and_training/matrix/

=== 1e-5 side-matrix training ===
Recipe: lr=1e-05, warmup=none
Output: /lus/lfs1aip2/projects/b5ac/project_1/data/10_recipe_sweep_and_training/lr1e5_sidecheck


=== Step-2 matrix training ===
Recipe: lr=1e-05, warmup=none (checkpoint criterion=pooled_val_f1_micro)
Encoders (1): ['bert_base']
Seeds (4): [46, 47, 48, 49]
Planned runs this job: 4


=== Estimated checkpoint footprint (rough) ===
  Runs: 1 encoders x 4 seeds = 4
  Assumed ~10 epochs/run; epoch ckpt ~220 MiB (fp16); best ckpt ~440 MiB (fp32)
  Per run ~2640 MiB; total ~10.3 GiB
  MAX_EPOCH_CHECKPOINTS_TO_KEEP=None (None = keep all epoch checkpoints)

[benchmark] building BioRED test examples...
[benchmark] built 14395 BioRED test examples (leaked PMIDs excluded)
[benchmark] building DrugProt test examples...
[benchmark] DrugProt: no labeled public test split in BigBio (splits=['train', 'validation', 'test_background']; test_background is unlabeled). Skipping DrugProt holdout benchmark; gene-drug combined uses BioRED test only.
  RUN START BERT-base (bert_base) seed=46 [1/4 in this job]
[train] start bert_base seed=46 lr=1e-05 warmup=none hf=bert-base-uncased train=24000 val=25311 (pooled BioRED+DrugProt) -> /lus/lfs1aip2/projects/b5ac/project_1/data/10_recipe_sweep_and_training/lr1e5_sidecheck/checkpoints/bert_base/seed_46
[train] device=cuda batch_size=16 max_epochs=10
Some weights of BertForSequenceClassification were not initialized from the model checkpoint at bert-base-uncased and are newly initialized: ['classifier.bias', 'classifier.weight']
You should probably TRAIN this model on a down-stream task to be able to use it for predictions and inference.
[train] epoch 1/10 train_loss=0.6461 val_loss=0.6487 pooled_val_f1_micro=0.5424
[train] new best pooled_val_f1_micro=0.5424 at epoch 1 -> /lus/lfs1aip2/projects/b5ac/project_1/data/10_recipe_sweep_and_training/lr1e5_sidecheck/checkpoints/bert_base/seed_46/best
[train] epoch 2/10 train_loss=0.5021 val_loss=0.6337 pooled_val_f1_micro=0.7097
[train] new best pooled_val_f1_micro=0.7097 at epoch 2 -> /lus/lfs1aip2/projects/b5ac/project_1/data/10_recipe_sweep_and_training/lr1e5_sidecheck/checkpoints/bert_base/seed_46/best
[train] epoch 3/10 train_loss=0.4177 val_loss=0.6695 pooled_val_f1_micro=0.7292
[train] new best pooled_val_f1_micro=0.7292 at epoch 3 -> /lus/lfs1aip2/projects/b5ac/project_1/data/10_recipe_sweep_and_training/lr1e5_sidecheck/checkpoints/bert_base/seed_46/best
[train] epoch 4/10 train_loss=0.3755 val_loss=0.7064 pooled_val_f1_micro=0.7240
[train] epoch 5/10 train_loss=0.3375 val_loss=0.7971 pooled_val_f1_micro=0.7104
[train] epoch 6/10 train_loss=0.3061 val_loss=0.7649 pooled_val_f1_micro=0.6949
[train] epoch 7/10 train_loss=0.2827 val_loss=0.9343 pooled_val_f1_micro=0.7291
[train] epoch 8/10 train_loss=0.2633 val_loss=0.8827 pooled_val_f1_micro=0.7501
[train] new best pooled_val_f1_micro=0.7501 at epoch 8 -> /lus/lfs1aip2/projects/b5ac/project_1/data/10_recipe_sweep_and_training/lr1e5_sidecheck/checkpoints/bert_base/seed_46/best
[train] epoch 9/10 train_loss=0.2509 val_loss=1.1542 pooled_val_f1_micro=0.6991
[train] epoch 10/10 train_loss=0.2375 val_loss=0.9491 pooled_val_f1_micro=0.7004
[train] done bert_base seed=46 best_val_f1=0.7501 best_epoch=8 epochs_run=10
[benchmark] evaluating /lus/lfs1aip2/projects/b5ac/project_1/data/10_recipe_sweep_and_training/lr1e5_sidecheck/checkpoints/bert_base/seed_46/best: BioRED=14395 DrugProt=0 gdis=9769 gd_combined=4626 (DrugProt holdout unavailable; combined=BioRED gene-drug only)
[benchmark] done gdis=0.7830 gd_combined=0.6099 gd_biored=0.6099 gd_drugprot=nan overall=0.7372
  COMPLETE BERT-base (bert_base) seed=46: gd_combined=0.610 gdis=0.783 best_epoch=8 pooled_val_f1=0.750 marker=/lus/lfs1aip2/projects/b5ac/project_1/data/10_recipe_sweep_and_training/lr1e5_sidecheck/results/bert_base/seed_46/matrix_complete.json
  RUN START BERT-base (bert_base) seed=47 [2/4 in this job]
[train] start bert_base seed=47 lr=1e-05 warmup=none hf=bert-base-uncased train=24000 val=25311 (pooled BioRED+DrugProt) -> /lus/lfs1aip2/projects/b5ac/project_1/data/10_recipe_sweep_and_training/lr1e5_sidecheck/checkpoints/bert_base/seed_47
[train] device=cuda batch_size=16 max_epochs=10
Some weights of BertForSequenceClassification were not initialized from the model checkpoint at bert-base-uncased and are newly initialized: ['classifier.bias', 'classifier.weight']
You should probably TRAIN this model on a down-stream task to be able to use it for predictions and inference.
[train] epoch 1/10 train_loss=0.6187 val_loss=0.5699 pooled_val_f1_micro=0.6618
[train] new best pooled_val_f1_micro=0.6618 at epoch 1 -> /lus/lfs1aip2/projects/b5ac/project_1/data/10_recipe_sweep_and_training/lr1e5_sidecheck/checkpoints/bert_base/seed_47/best
[train] epoch 2/10 train_loss=0.4626 val_loss=0.5865 pooled_val_f1_micro=0.6623
[train] new best pooled_val_f1_micro=0.6623 at epoch 2 -> /lus/lfs1aip2/projects/b5ac/project_1/data/10_recipe_sweep_and_training/lr1e5_sidecheck/checkpoints/bert_base/seed_47/best
[train] epoch 3/10 train_loss=0.3962 val_loss=0.6865 pooled_val_f1_micro=0.7292
[train] new best pooled_val_f1_micro=0.7292 at epoch 3 -> /lus/lfs1aip2/projects/b5ac/project_1/data/10_recipe_sweep_and_training/lr1e5_sidecheck/checkpoints/bert_base/seed_47/best
[train] epoch 4/10 train_loss=0.3494 val_loss=0.6593 pooled_val_f1_micro=0.7243
[train] epoch 5/10 train_loss=0.3137 val_loss=0.7141 pooled_val_f1_micro=0.7330
[train] new best pooled_val_f1_micro=0.7330 at epoch 5 -> /lus/lfs1aip2/projects/b5ac/project_1/data/10_recipe_sweep_and_training/lr1e5_sidecheck/checkpoints/bert_base/seed_47/best
[train] epoch 6/10 train_loss=0.2871 val_loss=0.8164 pooled_val_f1_micro=0.6980
[train] epoch 7/10 train_loss=0.2676 val_loss=0.8417 pooled_val_f1_micro=0.7019
[train] epoch 8/10 train_loss=0.2497 val_loss=0.8673 pooled_val_f1_micro=0.6793
[train] epoch 9/10 train_loss=0.2376 val_loss=0.8762 pooled_val_f1_micro=0.7188
[train] epoch 10/10 train_loss=0.2288 val_loss=1.0001 pooled_val_f1_micro=0.6767
[train] done bert_base seed=47 best_val_f1=0.7330 best_epoch=5 epochs_run=10
[benchmark] evaluating /lus/lfs1aip2/projects/b5ac/project_1/data/10_recipe_sweep_and_training/lr1e5_sidecheck/checkpoints/bert_base/seed_47/best: BioRED=14395 DrugProt=0 gdis=9769 gd_combined=4626 (DrugProt holdout unavailable; combined=BioRED gene-drug only)
[benchmark] done gdis=0.7755 gd_combined=0.5818 gd_biored=0.5818 gd_drugprot=nan overall=0.7236
  COMPLETE BERT-base (bert_base) seed=47: gd_combined=0.582 gdis=0.776 best_epoch=5 pooled_val_f1=0.733 marker=/lus/lfs1aip2/projects/b5ac/project_1/data/10_recipe_sweep_and_training/lr1e5_sidecheck/results/bert_base/seed_47/matrix_complete.json
  RUN START BERT-base (bert_base) seed=48 [3/4 in this job]
[train] start bert_base seed=48 lr=1e-05 warmup=none hf=bert-base-uncased train=24000 val=25311 (pooled BioRED+DrugProt) -> /lus/lfs1aip2/projects/b5ac/project_1/data/10_recipe_sweep_and_training/lr1e5_sidecheck/checkpoints/bert_base/seed_48
[train] device=cuda batch_size=16 max_epochs=10
Some weights of BertForSequenceClassification were not initialized from the model checkpoint at bert-base-uncased and are newly initialized: ['classifier.bias', 'classifier.weight']
You should probably TRAIN this model on a down-stream task to be able to use it for predictions and inference.
[train] epoch 1/10 train_loss=0.6436 val_loss=0.6197 pooled_val_f1_micro=0.6553
[train] new best pooled_val_f1_micro=0.6553 at epoch 1 -> /lus/lfs1aip2/projects/b5ac/project_1/data/10_recipe_sweep_and_training/lr1e5_sidecheck/checkpoints/bert_base/seed_48/best
[train] epoch 2/10 train_loss=0.4907 val_loss=0.6265 pooled_val_f1_micro=0.6841
[train] new best pooled_val_f1_micro=0.6841 at epoch 2 -> /lus/lfs1aip2/projects/b5ac/project_1/data/10_recipe_sweep_and_training/lr1e5_sidecheck/checkpoints/bert_base/seed_48/best
[train] epoch 3/10 train_loss=0.4092 val_loss=0.6574 pooled_val_f1_micro=0.7071
[train] new best pooled_val_f1_micro=0.7071 at epoch 3 -> /lus/lfs1aip2/projects/b5ac/project_1/data/10_recipe_sweep_and_training/lr1e5_sidecheck/checkpoints/bert_base/seed_48/best
[train] epoch 4/10 train_loss=0.3555 val_loss=0.6510 pooled_val_f1_micro=0.7084
[train] new best pooled_val_f1_micro=0.7084 at epoch 4 -> /lus/lfs1aip2/projects/b5ac/project_1/data/10_recipe_sweep_and_training/lr1e5_sidecheck/checkpoints/bert_base/seed_48/best
[train] epoch 5/10 train_loss=0.3195 val_loss=0.8259 pooled_val_f1_micro=0.7278
[train] new best pooled_val_f1_micro=0.7278 at epoch 5 -> /lus/lfs1aip2/projects/b5ac/project_1/data/10_recipe_sweep_and_training/lr1e5_sidecheck/checkpoints/bert_base/seed_48/best
[train] epoch 6/10 train_loss=0.2943 val_loss=0.8984 pooled_val_f1_micro=0.7031
[train] epoch 7/10 train_loss=0.2717 val_loss=0.8842 pooled_val_f1_micro=0.6984
[train] epoch 8/10 train_loss=0.2545 val_loss=1.1075 pooled_val_f1_micro=0.6893
[train] epoch 9/10 train_loss=0.2372 val_loss=0.9324 pooled_val_f1_micro=0.7369
[train] new best pooled_val_f1_micro=0.7369 at epoch 9 -> /lus/lfs1aip2/projects/b5ac/project_1/data/10_recipe_sweep_and_training/lr1e5_sidecheck/checkpoints/bert_base/seed_48/best
[train] epoch 10/10 train_loss=0.2311 val_loss=1.0578 pooled_val_f1_micro=0.7005
[train] done bert_base seed=48 best_val_f1=0.7369 best_epoch=9 epochs_run=10
[benchmark] evaluating /lus/lfs1aip2/projects/b5ac/project_1/data/10_recipe_sweep_and_training/lr1e5_sidecheck/checkpoints/bert_base/seed_48/best: BioRED=14395 DrugProt=0 gdis=9769 gd_combined=4626 (DrugProt holdout unavailable; combined=BioRED gene-drug only)
[benchmark] done gdis=0.7695 gd_combined=0.5586 gd_biored=0.5586 gd_drugprot=nan overall=0.7134
  COMPLETE BERT-base (bert_base) seed=48: gd_combined=0.559 gdis=0.769 best_epoch=9 pooled_val_f1=0.737 marker=/lus/lfs1aip2/projects/b5ac/project_1/data/10_recipe_sweep_and_training/lr1e5_sidecheck/results/bert_base/seed_48/matrix_complete.json
  RUN START BERT-base (bert_base) seed=49 [4/4 in this job]
[train] start bert_base seed=49 lr=1e-05 warmup=none hf=bert-base-uncased train=24000 val=25311 (pooled BioRED+DrugProt) -> /lus/lfs1aip2/projects/b5ac/project_1/data/10_recipe_sweep_and_training/lr1e5_sidecheck/checkpoints/bert_base/seed_49
[train] device=cuda batch_size=16 max_epochs=10
Some weights of BertForSequenceClassification were not initialized from the model checkpoint at bert-base-uncased and are newly initialized: ['classifier.bias', 'classifier.weight']
You should probably TRAIN this model on a down-stream task to be able to use it for predictions and inference.
[train] epoch 1/10 train_loss=0.6487 val_loss=0.6681 pooled_val_f1_micro=0.4681
[train] new best pooled_val_f1_micro=0.4681 at epoch 1 -> /lus/lfs1aip2/projects/b5ac/project_1/data/10_recipe_sweep_and_training/lr1e5_sidecheck/checkpoints/bert_base/seed_49/best
[train] epoch 2/10 train_loss=0.5565 val_loss=0.5699 pooled_val_f1_micro=0.7227
[train] new best pooled_val_f1_micro=0.7227 at epoch 2 -> /lus/lfs1aip2/projects/b5ac/project_1/data/10_recipe_sweep_and_training/lr1e5_sidecheck/checkpoints/bert_base/seed_49/best
[train] epoch 3/10 train_loss=0.4124 val_loss=0.6440 pooled_val_f1_micro=0.6872
[train] epoch 4/10 train_loss=0.3502 val_loss=0.7586 pooled_val_f1_micro=0.6784
[train] epoch 5/10 train_loss=0.3138 val_loss=0.8456 pooled_val_f1_micro=0.7292
[train] new best pooled_val_f1_micro=0.7292 at epoch 5 -> /lus/lfs1aip2/projects/b5ac/project_1/data/10_recipe_sweep_and_training/lr1e5_sidecheck/checkpoints/bert_base/seed_49/best
[train] epoch 6/10 train_loss=0.2872 val_loss=0.8155 pooled_val_f1_micro=0.6855
[train] epoch 7/10 train_loss=0.2652 val_loss=0.8726 pooled_val_f1_micro=0.7027
[train] epoch 8/10 train_loss=0.2487 val_loss=0.9442 pooled_val_f1_micro=0.6797
[train] epoch 9/10 train_loss=0.2340 val_loss=1.0833 pooled_val_f1_micro=0.7008
[train] epoch 10/10 train_loss=0.2269 val_loss=1.0507 pooled_val_f1_micro=0.6821
[train] done bert_base seed=49 best_val_f1=0.7292 best_epoch=5 epochs_run=10
[benchmark] evaluating /lus/lfs1aip2/projects/b5ac/project_1/data/10_recipe_sweep_and_training/lr1e5_sidecheck/checkpoints/bert_base/seed_49/best: BioRED=14395 DrugProt=0 gdis=9769 gd_combined=4626 (DrugProt holdout unavailable; combined=BioRED gene-drug only)
[benchmark] done gdis=0.7711 gd_combined=0.6380 gd_biored=0.6380 gd_drugprot=nan overall=0.7358
  COMPLETE BERT-base (bert_base) seed=49: gd_combined=0.638 gdis=0.771 best_epoch=5 pooled_val_f1=0.729 marker=/lus/lfs1aip2/projects/b5ac/project_1/data/10_recipe_sweep_and_training/lr1e5_sidecheck/results/bert_base/seed_49/matrix_complete.json

=== Step-2 matrix training complete (this job) ===
  Trained: 4, skipped (already done): 0, planned: 4

End: Sun Jun 28 21:38:13 UTC 2026
