=== Step 2: full-matrix training ===
Host: nid010967
SLURM_JOB_ID=5411767
SLURM_JOB_NAME=train_pubmedbert_42-43-44-45
Start: Sun Jun 28 19:29:25 UTC 2026
REPO=/home/b5ac/freddieyu.b5ac/project_1
OUTPUT_ROOT=/home/b5ac/freddieyu.b5ac/project_1/../projects/project_1
STEP_ARGS=--force --models pubmedbert_base --seeds 42 43 44 45
Log: /home/b5ac/freddieyu.b5ac/project_1/../projects/project_1/runs/10_recipe_sweep_and_training/train_5411767.out
Ensure CHOSEN_RECIPE is set in config.py (not None) before submitting.
TMPDIR=/home/b5ac/freddieyu.b5ac/project_1/../projects/project_1/runs/10_recipe_sweep_and_training/tmp_5411767
=== Recipe sweep and training 2026-06-28T19:29:29.695627 ===
[run] mode=train-only (step 2)
[run] model filter: ['pubmedbert_base']
[run] seed filter: [42, 43, 44, 45]

=== Step-2 matrix training ===
Recipe: lr=5e-06, warmup=none (checkpoint criterion=pooled_val_f1_micro)
Encoders (1): ['pubmedbert_base']
Seeds (4): [42, 43, 44, 45]
Planned runs this job: 4


=== Estimated checkpoint footprint (rough) ===
  Runs: 1 encoders x 4 seeds = 4
  Assumed ~10 epochs/run; epoch ckpt ~220 MiB (fp16); best ckpt ~440 MiB (fp32)
  Per run ~2640 MiB; total ~10.3 GiB
  MAX_EPOCH_CHECKPOINTS_TO_KEEP=None (None = keep all epoch checkpoints)

[benchmark] building BioRED test examples...
[benchmark] built 14395 BioRED test examples (leaked PMIDs excluded)
[benchmark] building DrugProt test examples...
[benchmark] DrugProt: no labeled public test split in BigBio (splits=['train', 'validation', 'test_background']; test_background is unlabeled). Skipping DrugProt holdout benchmark; gene-drug combined uses BioRED test only.
  RUN START PubMedBERT-base (pubmedbert_base) seed=42 [1/4 in this job]
[train] start pubmedbert_base seed=42 lr=5e-06 warmup=none hf=microsoft/BiomedNLP-PubMedBERT-base-uncased-abstract-fulltext train=24000 val=25311 (pooled BioRED+DrugProt) -> /lus/lfs1aip2/projects/b5ac/project_1/data/10_recipe_sweep_and_training/matrix/checkpoints/pubmedbert_base/seed_42
[train] device=cuda batch_size=16 max_epochs=10
Some weights of BertForSequenceClassification were not initialized from the model checkpoint at microsoft/BiomedNLP-PubMedBERT-base-uncased-abstract-fulltext and are newly initialized: ['classifier.bias', 'classifier.weight']
You should probably TRAIN this model on a down-stream task to be able to use it for predictions and inference.
[train] epoch 1/10 train_loss=0.5544 val_loss=0.5097 pooled_val_f1_micro=0.7692
[train] new best pooled_val_f1_micro=0.7692 at epoch 1 -> /lus/lfs1aip2/projects/b5ac/project_1/data/10_recipe_sweep_and_training/matrix/checkpoints/pubmedbert_base/seed_42/best
[train] epoch 2/10 train_loss=0.3885 val_loss=0.5861 pooled_val_f1_micro=0.7154
[train] epoch 3/10 train_loss=0.3207 val_loss=0.6079 pooled_val_f1_micro=0.7297
[train] epoch 4/10 train_loss=0.2769 val_loss=0.6300 pooled_val_f1_micro=0.7783
[train] new best pooled_val_f1_micro=0.7783 at epoch 4 -> /lus/lfs1aip2/projects/b5ac/project_1/data/10_recipe_sweep_and_training/matrix/checkpoints/pubmedbert_base/seed_42/best
[train] epoch 5/10 train_loss=0.2445 val_loss=0.6260 pooled_val_f1_micro=0.7840
[train] new best pooled_val_f1_micro=0.7840 at epoch 5 -> /lus/lfs1aip2/projects/b5ac/project_1/data/10_recipe_sweep_and_training/matrix/checkpoints/pubmedbert_base/seed_42/best
[train] epoch 6/10 train_loss=0.2220 val_loss=0.7467 pooled_val_f1_micro=0.7350
[train] epoch 7/10 train_loss=0.1991 val_loss=0.8841 pooled_val_f1_micro=0.7435
[train] epoch 8/10 train_loss=0.1864 val_loss=0.7571 pooled_val_f1_micro=0.7829
[train] epoch 9/10 train_loss=0.1744 val_loss=0.7742 pooled_val_f1_micro=0.7861
[train] new best pooled_val_f1_micro=0.7861 at epoch 9 -> /lus/lfs1aip2/projects/b5ac/project_1/data/10_recipe_sweep_and_training/matrix/checkpoints/pubmedbert_base/seed_42/best
[train] epoch 10/10 train_loss=0.1666 val_loss=0.7792 pooled_val_f1_micro=0.7866
[train] new best pooled_val_f1_micro=0.7866 at epoch 10 -> /lus/lfs1aip2/projects/b5ac/project_1/data/10_recipe_sweep_and_training/matrix/checkpoints/pubmedbert_base/seed_42/best
[train] done pubmedbert_base seed=42 best_val_f1=0.7866 best_epoch=10 epochs_run=10
[benchmark] evaluating /lus/lfs1aip2/projects/b5ac/project_1/data/10_recipe_sweep_and_training/matrix/checkpoints/pubmedbert_base/seed_42/best: BioRED=14395 DrugProt=0 gdis=9769 gd_combined=4626 (DrugProt holdout unavailable; combined=BioRED gene-drug only)
[benchmark] done gdis=0.7929 gd_combined=0.6412 gd_biored=0.6412 gd_drugprot=nan overall=0.7523
  COMPLETE PubMedBERT-base (pubmedbert_base) seed=42: gd_combined=0.641 gdis=0.793 best_epoch=10 pooled_val_f1=0.787 marker=/lus/lfs1aip2/projects/b5ac/project_1/data/10_recipe_sweep_and_training/matrix/results/pubmedbert_base/seed_42/matrix_complete.json
  RUN START PubMedBERT-base (pubmedbert_base) seed=43 [2/4 in this job]
[train] start pubmedbert_base seed=43 lr=5e-06 warmup=none hf=microsoft/BiomedNLP-PubMedBERT-base-uncased-abstract-fulltext train=24000 val=25311 (pooled BioRED+DrugProt) -> /lus/lfs1aip2/projects/b5ac/project_1/data/10_recipe_sweep_and_training/matrix/checkpoints/pubmedbert_base/seed_43
[train] device=cuda batch_size=16 max_epochs=10
Some weights of BertForSequenceClassification were not initialized from the model checkpoint at microsoft/BiomedNLP-PubMedBERT-base-uncased-abstract-fulltext and are newly initialized: ['classifier.bias', 'classifier.weight']
You should probably TRAIN this model on a down-stream task to be able to use it for predictions and inference.
[train] epoch 1/10 train_loss=0.5400 val_loss=0.5174 pooled_val_f1_micro=0.7485
[train] new best pooled_val_f1_micro=0.7485 at epoch 1 -> /lus/lfs1aip2/projects/b5ac/project_1/data/10_recipe_sweep_and_training/matrix/checkpoints/pubmedbert_base/seed_43/best
[train] epoch 2/10 train_loss=0.4100 val_loss=0.5547 pooled_val_f1_micro=0.7319
[train] epoch 3/10 train_loss=0.3506 val_loss=0.6624 pooled_val_f1_micro=0.7268
[train] epoch 4/10 train_loss=0.3033 val_loss=0.5409 pooled_val_f1_micro=0.7616
[train] new best pooled_val_f1_micro=0.7616 at epoch 4 -> /lus/lfs1aip2/projects/b5ac/project_1/data/10_recipe_sweep_and_training/matrix/checkpoints/pubmedbert_base/seed_43/best
[train] epoch 5/10 train_loss=0.2666 val_loss=0.7482 pooled_val_f1_micro=0.7196
[train] epoch 6/10 train_loss=0.2392 val_loss=0.6528 pooled_val_f1_micro=0.7685
[train] new best pooled_val_f1_micro=0.7685 at epoch 6 -> /lus/lfs1aip2/projects/b5ac/project_1/data/10_recipe_sweep_and_training/matrix/checkpoints/pubmedbert_base/seed_43/best
[train] epoch 7/10 train_loss=0.2172 val_loss=0.6770 pooled_val_f1_micro=0.7667
[train] epoch 8/10 train_loss=0.1968 val_loss=0.7981 pooled_val_f1_micro=0.7664
[train] epoch 9/10 train_loss=0.1845 val_loss=0.7805 pooled_val_f1_micro=0.7591
[train] epoch 10/10 train_loss=0.1739 val_loss=0.8220 pooled_val_f1_micro=0.7564
[train] done pubmedbert_base seed=43 best_val_f1=0.7685 best_epoch=6 epochs_run=10
[benchmark] evaluating /lus/lfs1aip2/projects/b5ac/project_1/data/10_recipe_sweep_and_training/matrix/checkpoints/pubmedbert_base/seed_43/best: BioRED=14395 DrugProt=0 gdis=9769 gd_combined=4626 (DrugProt holdout unavailable; combined=BioRED gene-drug only)
[benchmark] done gdis=0.7840 gd_combined=0.6011 gd_biored=0.6011 gd_drugprot=nan overall=0.7353
  COMPLETE PubMedBERT-base (pubmedbert_base) seed=43: gd_combined=0.601 gdis=0.784 best_epoch=6 pooled_val_f1=0.768 marker=/lus/lfs1aip2/projects/b5ac/project_1/data/10_recipe_sweep_and_training/matrix/results/pubmedbert_base/seed_43/matrix_complete.json
  RUN START PubMedBERT-base (pubmedbert_base) seed=44 [3/4 in this job]
[train] start pubmedbert_base seed=44 lr=5e-06 warmup=none hf=microsoft/BiomedNLP-PubMedBERT-base-uncased-abstract-fulltext train=24000 val=25311 (pooled BioRED+DrugProt) -> /lus/lfs1aip2/projects/b5ac/project_1/data/10_recipe_sweep_and_training/matrix/checkpoints/pubmedbert_base/seed_44
[train] device=cuda batch_size=16 max_epochs=10
Some weights of BertForSequenceClassification were not initialized from the model checkpoint at microsoft/BiomedNLP-PubMedBERT-base-uncased-abstract-fulltext and are newly initialized: ['classifier.bias', 'classifier.weight']
You should probably TRAIN this model on a down-stream task to be able to use it for predictions and inference.
[train] epoch 1/10 train_loss=0.5531 val_loss=0.5128 pooled_val_f1_micro=0.7408
[train] new best pooled_val_f1_micro=0.7408 at epoch 1 -> /lus/lfs1aip2/projects/b5ac/project_1/data/10_recipe_sweep_and_training/matrix/checkpoints/pubmedbert_base/seed_44/best
[train] epoch 2/10 train_loss=0.3917 val_loss=0.5799 pooled_val_f1_micro=0.7284
[train] epoch 3/10 train_loss=0.3241 val_loss=0.5623 pooled_val_f1_micro=0.7765
[train] new best pooled_val_f1_micro=0.7765 at epoch 3 -> /lus/lfs1aip2/projects/b5ac/project_1/data/10_recipe_sweep_and_training/matrix/checkpoints/pubmedbert_base/seed_44/best
[train] epoch 4/10 train_loss=0.2792 val_loss=0.6999 pooled_val_f1_micro=0.7475
[train] epoch 5/10 train_loss=0.2439 val_loss=0.6634 pooled_val_f1_micro=0.7657
[train] epoch 6/10 train_loss=0.2172 val_loss=0.7018 pooled_val_f1_micro=0.7908
[train] new best pooled_val_f1_micro=0.7908 at epoch 6 -> /lus/lfs1aip2/projects/b5ac/project_1/data/10_recipe_sweep_and_training/matrix/checkpoints/pubmedbert_base/seed_44/best
[train] epoch 7/10 train_loss=0.1985 val_loss=0.9124 pooled_val_f1_micro=0.7273
[train] epoch 8/10 train_loss=0.1859 val_loss=0.9734 pooled_val_f1_micro=0.7541
[train] epoch 9/10 train_loss=0.1730 val_loss=0.9270 pooled_val_f1_micro=0.7724
[train] epoch 10/10 train_loss=0.1636 val_loss=0.9889 pooled_val_f1_micro=0.7332
[train] done pubmedbert_base seed=44 best_val_f1=0.7908 best_epoch=6 epochs_run=10
[benchmark] evaluating /lus/lfs1aip2/projects/b5ac/project_1/data/10_recipe_sweep_and_training/matrix/checkpoints/pubmedbert_base/seed_44/best: BioRED=14395 DrugProt=0 gdis=9769 gd_combined=4626 (DrugProt holdout unavailable; combined=BioRED gene-drug only)
[benchmark] done gdis=0.7881 gd_combined=0.6736 gd_biored=0.6736 gd_drugprot=nan overall=0.7569
  COMPLETE PubMedBERT-base (pubmedbert_base) seed=44: gd_combined=0.674 gdis=0.788 best_epoch=6 pooled_val_f1=0.791 marker=/lus/lfs1aip2/projects/b5ac/project_1/data/10_recipe_sweep_and_training/matrix/results/pubmedbert_base/seed_44/matrix_complete.json
  RUN START PubMedBERT-base (pubmedbert_base) seed=45 [4/4 in this job]
[train] start pubmedbert_base seed=45 lr=5e-06 warmup=none hf=microsoft/BiomedNLP-PubMedBERT-base-uncased-abstract-fulltext train=24000 val=25311 (pooled BioRED+DrugProt) -> /lus/lfs1aip2/projects/b5ac/project_1/data/10_recipe_sweep_and_training/matrix/checkpoints/pubmedbert_base/seed_45
[train] device=cuda batch_size=16 max_epochs=10
Some weights of BertForSequenceClassification were not initialized from the model checkpoint at microsoft/BiomedNLP-PubMedBERT-base-uncased-abstract-fulltext and are newly initialized: ['classifier.bias', 'classifier.weight']
You should probably TRAIN this model on a down-stream task to be able to use it for predictions and inference.
[train] epoch 1/10 train_loss=0.5513 val_loss=0.5125 pooled_val_f1_micro=0.7424
[train] new best pooled_val_f1_micro=0.7424 at epoch 1 -> /lus/lfs1aip2/projects/b5ac/project_1/data/10_recipe_sweep_and_training/matrix/checkpoints/pubmedbert_base/seed_45/best
[train] epoch 2/10 train_loss=0.3878 val_loss=0.5321 pooled_val_f1_micro=0.7573
[train] new best pooled_val_f1_micro=0.7573 at epoch 2 -> /lus/lfs1aip2/projects/b5ac/project_1/data/10_recipe_sweep_and_training/matrix/checkpoints/pubmedbert_base/seed_45/best
[train] epoch 3/10 train_loss=0.3226 val_loss=0.5651 pooled_val_f1_micro=0.7674
[train] new best pooled_val_f1_micro=0.7674 at epoch 3 -> /lus/lfs1aip2/projects/b5ac/project_1/data/10_recipe_sweep_and_training/matrix/checkpoints/pubmedbert_base/seed_45/best
[train] epoch 4/10 train_loss=0.2771 val_loss=0.6384 pooled_val_f1_micro=0.7747
[train] new best pooled_val_f1_micro=0.7747 at epoch 4 -> /lus/lfs1aip2/projects/b5ac/project_1/data/10_recipe_sweep_and_training/matrix/checkpoints/pubmedbert_base/seed_45/best
[train] epoch 5/10 train_loss=0.2457 val_loss=0.6608 pooled_val_f1_micro=0.7666
[train] epoch 6/10 train_loss=0.2183 val_loss=0.8815 pooled_val_f1_micro=0.7396
[train] epoch 7/10 train_loss=0.2078 val_loss=0.8111 pooled_val_f1_micro=0.7697
[train] epoch 8/10 train_loss=0.1893 val_loss=0.8767 pooled_val_f1_micro=0.7512
[train] epoch 9/10 train_loss=0.1796 val_loss=0.9357 pooled_val_f1_micro=0.7452
[train] epoch 10/10 train_loss=0.1689 val_loss=0.9114 pooled_val_f1_micro=0.7726
[train] done pubmedbert_base seed=45 best_val_f1=0.7747 best_epoch=4 epochs_run=10
[benchmark] evaluating /lus/lfs1aip2/projects/b5ac/project_1/data/10_recipe_sweep_and_training/matrix/checkpoints/pubmedbert_base/seed_45/best: BioRED=14395 DrugProt=0 gdis=9769 gd_combined=4626 (DrugProt holdout unavailable; combined=BioRED gene-drug only)
[benchmark] done gdis=0.7918 gd_combined=0.6331 gd_biored=0.6331 gd_drugprot=nan overall=0.7490
  COMPLETE PubMedBERT-base (pubmedbert_base) seed=45: gd_combined=0.633 gdis=0.792 best_epoch=4 pooled_val_f1=0.775 marker=/lus/lfs1aip2/projects/b5ac/project_1/data/10_recipe_sweep_and_training/matrix/results/pubmedbert_base/seed_45/matrix_complete.json

=== Step-2 matrix training complete (this job) ===
  Trained: 4, skipped (already done): 0, planned: 4

=== Done ===
End: Sun Jun 28 21:38:26 UTC 2026
