=== 1e-5 supplementary side-matrix training ===
Host: nid011161
SLURM_JOB_ID=5411879
SLURM_JOB_NAME=lr1e5_deberta_46-47-48-49
Start: Sun Jun 28 19:30:07 UTC 2026
REPO=/home/b5ac/freddieyu.b5ac/project_1
OUTPUT_ROOT=/home/b5ac/freddieyu.b5ac/project_1/../projects/project_1
STEP_ARGS=--models deberta_base --seeds 46 47 48 49
Side output: /home/b5ac/freddieyu.b5ac/project_1/../projects/project_1/data/10_recipe_sweep_and_training/lr1e5_sidecheck/
Main matrix (untouched): /home/b5ac/freddieyu.b5ac/project_1/../projects/project_1/data/10_recipe_sweep_and_training/matrix/

=== 1e-5 side-matrix training ===
Recipe: lr=1e-05, warmup=none
Output: /lus/lfs1aip2/projects/b5ac/project_1/data/10_recipe_sweep_and_training/lr1e5_sidecheck


=== Step-2 matrix training ===
Recipe: lr=1e-05, warmup=none (checkpoint criterion=pooled_val_f1_micro)
Encoders (1): ['deberta_base']
Seeds (4): [46, 47, 48, 49]
Planned runs this job: 4


=== Estimated checkpoint footprint (rough) ===
  Runs: 1 encoders x 4 seeds = 4
  Assumed ~10 epochs/run; epoch ckpt ~220 MiB (fp16); best ckpt ~440 MiB (fp32)
  Per run ~2640 MiB; total ~10.3 GiB
  MAX_EPOCH_CHECKPOINTS_TO_KEEP=None (None = keep all epoch checkpoints)

[benchmark] building BioRED test examples...
[benchmark] built 14395 BioRED test examples (leaked PMIDs excluded)
[benchmark] building DrugProt test examples...
[benchmark] DrugProt: no labeled public test split in BigBio (splits=['train', 'validation', 'test_background']; test_background is unlabeled). Skipping DrugProt holdout benchmark; gene-drug combined uses BioRED test only.
  RUN START DeBERTa-base (deberta_base) seed=46 [1/4 in this job]
[train] start deberta_base seed=46 lr=1e-05 warmup=none hf=microsoft/deberta-base train=24000 val=25311 (pooled BioRED+DrugProt) -> /lus/lfs1aip2/projects/b5ac/project_1/data/10_recipe_sweep_and_training/lr1e5_sidecheck/checkpoints/deberta_base/seed_46
[train] device=cuda batch_size=16 max_epochs=10
Some weights of DebertaForSequenceClassification were not initialized from the model checkpoint at microsoft/deberta-base and are newly initialized: ['classifier.bias', 'classifier.weight', 'pooler.dense.bias', 'pooler.dense.weight']
You should probably TRAIN this model on a down-stream task to be able to use it for predictions and inference.
[train] epoch 1/10 train_loss=0.6419 val_loss=0.6059 pooled_val_f1_micro=0.7008
[train] new best pooled_val_f1_micro=0.7008 at epoch 1 -> /lus/lfs1aip2/projects/b5ac/project_1/data/10_recipe_sweep_and_training/lr1e5_sidecheck/checkpoints/deberta_base/seed_46/best
[train] epoch 2/10 train_loss=0.4616 val_loss=0.6712 pooled_val_f1_micro=0.6875
[train] epoch 3/10 train_loss=0.3930 val_loss=0.6906 pooled_val_f1_micro=0.6971
[train] epoch 4/10 train_loss=0.3480 val_loss=0.7848 pooled_val_f1_micro=0.7131
[train] new best pooled_val_f1_micro=0.7131 at epoch 4 -> /lus/lfs1aip2/projects/b5ac/project_1/data/10_recipe_sweep_and_training/lr1e5_sidecheck/checkpoints/deberta_base/seed_46/best
[train] epoch 5/10 train_loss=0.3138 val_loss=0.7489 pooled_val_f1_micro=0.7258
[train] new best pooled_val_f1_micro=0.7258 at epoch 5 -> /lus/lfs1aip2/projects/b5ac/project_1/data/10_recipe_sweep_and_training/lr1e5_sidecheck/checkpoints/deberta_base/seed_46/best
[train] epoch 6/10 train_loss=0.2880 val_loss=1.0171 pooled_val_f1_micro=0.6875
[train] epoch 7/10 train_loss=0.2706 val_loss=0.8387 pooled_val_f1_micro=0.7288
[train] new best pooled_val_f1_micro=0.7288 at epoch 7 -> /lus/lfs1aip2/projects/b5ac/project_1/data/10_recipe_sweep_and_training/lr1e5_sidecheck/checkpoints/deberta_base/seed_46/best
[train] epoch 8/10 train_loss=0.2546 val_loss=0.8176 pooled_val_f1_micro=0.7427
[train] new best pooled_val_f1_micro=0.7427 at epoch 8 -> /lus/lfs1aip2/projects/b5ac/project_1/data/10_recipe_sweep_and_training/lr1e5_sidecheck/checkpoints/deberta_base/seed_46/best
[train] epoch 9/10 train_loss=0.2419 val_loss=1.0231 pooled_val_f1_micro=0.7093
[train] epoch 10/10 train_loss=0.2297 val_loss=0.9595 pooled_val_f1_micro=0.7282
[train] done deberta_base seed=46 best_val_f1=0.7427 best_epoch=8 epochs_run=10
[benchmark] evaluating /lus/lfs1aip2/projects/b5ac/project_1/data/10_recipe_sweep_and_training/lr1e5_sidecheck/checkpoints/deberta_base/seed_46/best: BioRED=14395 DrugProt=0 gdis=9769 gd_combined=4626 (DrugProt holdout unavailable; combined=BioRED gene-drug only)
[benchmark] done gdis=0.7719 gd_combined=0.5813 gd_biored=0.5813 gd_drugprot=nan overall=0.7214
  COMPLETE DeBERTa-base (deberta_base) seed=46: gd_combined=0.581 gdis=0.772 best_epoch=8 pooled_val_f1=0.743 marker=/lus/lfs1aip2/projects/b5ac/project_1/data/10_recipe_sweep_and_training/lr1e5_sidecheck/results/deberta_base/seed_46/matrix_complete.json
  RUN START DeBERTa-base (deberta_base) seed=47 [2/4 in this job]
[train] start deberta_base seed=47 lr=1e-05 warmup=none hf=microsoft/deberta-base train=24000 val=25311 (pooled BioRED+DrugProt) -> /lus/lfs1aip2/projects/b5ac/project_1/data/10_recipe_sweep_and_training/lr1e5_sidecheck/checkpoints/deberta_base/seed_47
[train] device=cuda batch_size=16 max_epochs=10
Some weights of DebertaForSequenceClassification were not initialized from the model checkpoint at microsoft/deberta-base and are newly initialized: ['classifier.bias', 'classifier.weight', 'pooler.dense.bias', 'pooler.dense.weight']
You should probably TRAIN this model on a down-stream task to be able to use it for predictions and inference.
[train] epoch 1/10 train_loss=0.5957 val_loss=0.5704 pooled_val_f1_micro=0.7027
[train] new best pooled_val_f1_micro=0.7027 at epoch 1 -> /lus/lfs1aip2/projects/b5ac/project_1/data/10_recipe_sweep_and_training/lr1e5_sidecheck/checkpoints/deberta_base/seed_47/best
[train] epoch 2/10 train_loss=0.4448 val_loss=0.6261 pooled_val_f1_micro=0.7575
[train] new best pooled_val_f1_micro=0.7575 at epoch 2 -> /lus/lfs1aip2/projects/b5ac/project_1/data/10_recipe_sweep_and_training/lr1e5_sidecheck/checkpoints/deberta_base/seed_47/best
[train] epoch 3/10 train_loss=0.3792 val_loss=0.6700 pooled_val_f1_micro=0.6770
[train] epoch 4/10 train_loss=0.3332 val_loss=0.7243 pooled_val_f1_micro=0.6873
[train] epoch 5/10 train_loss=0.3032 val_loss=0.7932 pooled_val_f1_micro=0.7057
[train] epoch 6/10 train_loss=0.2757 val_loss=0.7888 pooled_val_f1_micro=0.7371
[train] epoch 7/10 train_loss=0.2571 val_loss=0.8385 pooled_val_f1_micro=0.7256
[train] epoch 8/10 train_loss=0.2426 val_loss=0.8966 pooled_val_f1_micro=0.7000
[train] epoch 9/10 train_loss=0.2277 val_loss=1.1451 pooled_val_f1_micro=0.7066
[train] epoch 10/10 train_loss=0.2185 val_loss=1.1127 pooled_val_f1_micro=0.7118
[train] done deberta_base seed=47 best_val_f1=0.7575 best_epoch=2 epochs_run=10
[benchmark] evaluating /lus/lfs1aip2/projects/b5ac/project_1/data/10_recipe_sweep_and_training/lr1e5_sidecheck/checkpoints/deberta_base/seed_47/best: BioRED=14395 DrugProt=0 gdis=9769 gd_combined=4626 (DrugProt holdout unavailable; combined=BioRED gene-drug only)
[benchmark] done gdis=0.7804 gd_combined=0.6300 gd_biored=0.6300 gd_drugprot=nan overall=0.7411
  COMPLETE DeBERTa-base (deberta_base) seed=47: gd_combined=0.630 gdis=0.780 best_epoch=2 pooled_val_f1=0.758 marker=/lus/lfs1aip2/projects/b5ac/project_1/data/10_recipe_sweep_and_training/lr1e5_sidecheck/results/deberta_base/seed_47/matrix_complete.json
  RUN START DeBERTa-base (deberta_base) seed=48 [3/4 in this job]
[train] start deberta_base seed=48 lr=1e-05 warmup=none hf=microsoft/deberta-base train=24000 val=25311 (pooled BioRED+DrugProt) -> /lus/lfs1aip2/projects/b5ac/project_1/data/10_recipe_sweep_and_training/lr1e5_sidecheck/checkpoints/deberta_base/seed_48
[train] device=cuda batch_size=16 max_epochs=10
Some weights of DebertaForSequenceClassification were not initialized from the model checkpoint at microsoft/deberta-base and are newly initialized: ['classifier.bias', 'classifier.weight', 'pooler.dense.bias', 'pooler.dense.weight']
You should probably TRAIN this model on a down-stream task to be able to use it for predictions and inference.
[train] epoch 1/10 train_loss=0.6109 val_loss=0.5680 pooled_val_f1_micro=0.7364
[train] new best pooled_val_f1_micro=0.7364 at epoch 1 -> /lus/lfs1aip2/projects/b5ac/project_1/data/10_recipe_sweep_and_training/lr1e5_sidecheck/checkpoints/deberta_base/seed_48/best
[train] epoch 2/10 train_loss=0.4607 val_loss=0.6050 pooled_val_f1_micro=0.6661
[train] epoch 3/10 train_loss=0.3960 val_loss=0.6319 pooled_val_f1_micro=0.7150
[train] epoch 4/10 train_loss=0.3484 val_loss=0.7365 pooled_val_f1_micro=0.7230
[train] epoch 5/10 train_loss=0.3165 val_loss=0.7715 pooled_val_f1_micro=0.6887
[train] epoch 6/10 train_loss=0.2894 val_loss=0.8368 pooled_val_f1_micro=0.6936
[train] epoch 7/10 train_loss=0.2712 val_loss=0.8556 pooled_val_f1_micro=0.7050
[train] epoch 8/10 train_loss=0.2558 val_loss=1.0176 pooled_val_f1_micro=0.6842
[train] epoch 9/10 train_loss=0.2431 val_loss=0.9179 pooled_val_f1_micro=0.6793
[train] epoch 10/10 train_loss=0.2302 val_loss=1.0419 pooled_val_f1_micro=0.7210
[train] done deberta_base seed=48 best_val_f1=0.7364 best_epoch=1 epochs_run=10
[benchmark] evaluating /lus/lfs1aip2/projects/b5ac/project_1/data/10_recipe_sweep_and_training/lr1e5_sidecheck/checkpoints/deberta_base/seed_48/best: BioRED=14395 DrugProt=0 gdis=9769 gd_combined=4626 (DrugProt holdout unavailable; combined=BioRED gene-drug only)
[benchmark] done gdis=0.7421 gd_combined=0.5941 gd_biored=0.5941 gd_drugprot=nan overall=0.7034
  COMPLETE DeBERTa-base (deberta_base) seed=48: gd_combined=0.594 gdis=0.742 best_epoch=1 pooled_val_f1=0.736 marker=/lus/lfs1aip2/projects/b5ac/project_1/data/10_recipe_sweep_and_training/lr1e5_sidecheck/results/deberta_base/seed_48/matrix_complete.json
  RUN START DeBERTa-base (deberta_base) seed=49 [4/4 in this job]
[train] start deberta_base seed=49 lr=1e-05 warmup=none hf=microsoft/deberta-base train=24000 val=25311 (pooled BioRED+DrugProt) -> /lus/lfs1aip2/projects/b5ac/project_1/data/10_recipe_sweep_and_training/lr1e5_sidecheck/checkpoints/deberta_base/seed_49
[train] device=cuda batch_size=16 max_epochs=10
Some weights of DebertaForSequenceClassification were not initialized from the model checkpoint at microsoft/deberta-base and are newly initialized: ['classifier.bias', 'classifier.weight', 'pooler.dense.bias', 'pooler.dense.weight']
You should probably TRAIN this model on a down-stream task to be able to use it for predictions and inference.
[train] epoch 1/10 train_loss=0.6281 val_loss=0.6368 pooled_val_f1_micro=0.7273
[train] new best pooled_val_f1_micro=0.7273 at epoch 1 -> /lus/lfs1aip2/projects/b5ac/project_1/data/10_recipe_sweep_and_training/lr1e5_sidecheck/checkpoints/deberta_base/seed_49/best
[train] epoch 2/10 train_loss=0.4849 val_loss=0.8217 pooled_val_f1_micro=0.6772
[train] epoch 3/10 train_loss=0.4368 val_loss=0.6832 pooled_val_f1_micro=0.7458
[train] new best pooled_val_f1_micro=0.7458 at epoch 3 -> /lus/lfs1aip2/projects/b5ac/project_1/data/10_recipe_sweep_and_training/lr1e5_sidecheck/checkpoints/deberta_base/seed_49/best
[train] epoch 4/10 train_loss=0.3889 val_loss=0.8287 pooled_val_f1_micro=0.6974
[train] epoch 5/10 train_loss=0.3441 val_loss=0.8602 pooled_val_f1_micro=0.7250
[train] epoch 6/10 train_loss=0.3101 val_loss=1.0092 pooled_val_f1_micro=0.6739
[train] epoch 7/10 train_loss=0.2840 val_loss=0.8241 pooled_val_f1_micro=0.7368
[train] epoch 8/10 train_loss=0.2612 val_loss=0.8827 pooled_val_f1_micro=0.6866
[train] epoch 9/10 train_loss=0.2477 val_loss=0.9839 pooled_val_f1_micro=0.7176
[train] epoch 10/10 train_loss=0.2339 val_loss=0.9308 pooled_val_f1_micro=0.7112
[train] done deberta_base seed=49 best_val_f1=0.7458 best_epoch=3 epochs_run=10
[benchmark] evaluating /lus/lfs1aip2/projects/b5ac/project_1/data/10_recipe_sweep_and_training/lr1e5_sidecheck/checkpoints/deberta_base/seed_49/best: BioRED=14395 DrugProt=0 gdis=9769 gd_combined=4626 (DrugProt holdout unavailable; combined=BioRED gene-drug only)
[benchmark] done gdis=0.7817 gd_combined=0.6207 gd_biored=0.6207 gd_drugprot=nan overall=0.7400
  COMPLETE DeBERTa-base (deberta_base) seed=49: gd_combined=0.621 gdis=0.782 best_epoch=3 pooled_val_f1=0.746 marker=/lus/lfs1aip2/projects/b5ac/project_1/data/10_recipe_sweep_and_training/lr1e5_sidecheck/results/deberta_base/seed_49/matrix_complete.json

=== Step-2 matrix training complete (this job) ===
  Trained: 4, skipped (already done): 0, planned: 4

End: Sun Jun 28 22:27:39 UTC 2026
