=== Step 2: full-matrix training ===
Host: nid010147
SLURM_JOB_ID=5411778
SLURM_JOB_NAME=train_roberta_46-47-48-49
Start: Sun Jun 28 19:29:27 UTC 2026
REPO=/home/b5ac/freddieyu.b5ac/project_1
OUTPUT_ROOT=/home/b5ac/freddieyu.b5ac/project_1/../projects/project_1
STEP_ARGS=--force --models roberta_base --seeds 46 47 48 49
Log: /home/b5ac/freddieyu.b5ac/project_1/../projects/project_1/runs/10_recipe_sweep_and_training/train_5411778.out
Ensure CHOSEN_RECIPE is set in config.py (not None) before submitting.
TMPDIR=/home/b5ac/freddieyu.b5ac/project_1/../projects/project_1/runs/10_recipe_sweep_and_training/tmp_5411778
=== Recipe sweep and training 2026-06-28T19:29:29.839138 ===
[run] mode=train-only (step 2)
[run] model filter: ['roberta_base']
[run] seed filter: [46, 47, 48, 49]

=== Step-2 matrix training ===
Recipe: lr=5e-06, warmup=none (checkpoint criterion=pooled_val_f1_micro)
Encoders (1): ['roberta_base']
Seeds (4): [46, 47, 48, 49]
Planned runs this job: 4


=== Estimated checkpoint footprint (rough) ===
  Runs: 1 encoders x 4 seeds = 4
  Assumed ~10 epochs/run; epoch ckpt ~220 MiB (fp16); best ckpt ~440 MiB (fp32)
  Per run ~2640 MiB; total ~10.3 GiB
  MAX_EPOCH_CHECKPOINTS_TO_KEEP=None (None = keep all epoch checkpoints)

[benchmark] building BioRED test examples...
[benchmark] built 14395 BioRED test examples (leaked PMIDs excluded)
[benchmark] building DrugProt test examples...
[benchmark] DrugProt: no labeled public test split in BigBio (splits=['train', 'validation', 'test_background']; test_background is unlabeled). Skipping DrugProt holdout benchmark; gene-drug combined uses BioRED test only.
  RUN START RoBERTa-base (roberta_base) seed=46 [1/4 in this job]
[train] start roberta_base seed=46 lr=5e-06 warmup=none hf=roberta-base train=24000 val=25311 (pooled BioRED+DrugProt) -> /lus/lfs1aip2/projects/b5ac/project_1/data/10_recipe_sweep_and_training/matrix/checkpoints/roberta_base/seed_46
[train] device=cuda batch_size=16 max_epochs=10
Some weights of RobertaForSequenceClassification were not initialized from the model checkpoint at roberta-base and are newly initialized: ['classifier.dense.bias', 'classifier.dense.weight', 'classifier.out_proj.bias', 'classifier.out_proj.weight']
You should probably TRAIN this model on a down-stream task to be able to use it for predictions and inference.
[train] epoch 1/10 train_loss=0.5919 val_loss=0.5685 pooled_val_f1_micro=0.7445
[train] new best pooled_val_f1_micro=0.7445 at epoch 1 -> /lus/lfs1aip2/projects/b5ac/project_1/data/10_recipe_sweep_and_training/matrix/checkpoints/roberta_base/seed_46/best
[train] epoch 2/10 train_loss=0.4515 val_loss=0.6081 pooled_val_f1_micro=0.7457
[train] new best pooled_val_f1_micro=0.7457 at epoch 2 -> /lus/lfs1aip2/projects/b5ac/project_1/data/10_recipe_sweep_and_training/matrix/checkpoints/roberta_base/seed_46/best
[train] epoch 3/10 train_loss=0.3897 val_loss=0.6480 pooled_val_f1_micro=0.7215
[train] epoch 4/10 train_loss=0.3544 val_loss=0.6911 pooled_val_f1_micro=0.7255
[train] epoch 5/10 train_loss=0.3266 val_loss=0.6600 pooled_val_f1_micro=0.7583
[train] new best pooled_val_f1_micro=0.7583 at epoch 5 -> /lus/lfs1aip2/projects/b5ac/project_1/data/10_recipe_sweep_and_training/matrix/checkpoints/roberta_base/seed_46/best
[train] epoch 6/10 train_loss=0.3053 val_loss=0.8209 pooled_val_f1_micro=0.7275
[train] epoch 7/10 train_loss=0.2887 val_loss=0.7152 pooled_val_f1_micro=0.7644
[train] new best pooled_val_f1_micro=0.7644 at epoch 7 -> /lus/lfs1aip2/projects/b5ac/project_1/data/10_recipe_sweep_and_training/matrix/checkpoints/roberta_base/seed_46/best
[train] epoch 8/10 train_loss=0.2690 val_loss=0.8252 pooled_val_f1_micro=0.7473
[train] epoch 9/10 train_loss=0.2587 val_loss=0.9339 pooled_val_f1_micro=0.7265
[train] epoch 10/10 train_loss=0.2468 val_loss=0.8610 pooled_val_f1_micro=0.7474
[train] done roberta_base seed=46 best_val_f1=0.7644 best_epoch=7 epochs_run=10
[benchmark] evaluating /lus/lfs1aip2/projects/b5ac/project_1/data/10_recipe_sweep_and_training/matrix/checkpoints/roberta_base/seed_46/best: BioRED=14395 DrugProt=0 gdis=9769 gd_combined=4626 (DrugProt holdout unavailable; combined=BioRED gene-drug only)
[benchmark] done gdis=0.7777 gd_combined=0.6065 gd_biored=0.6065 gd_drugprot=nan overall=0.7315
  COMPLETE RoBERTa-base (roberta_base) seed=46: gd_combined=0.607 gdis=0.778 best_epoch=7 pooled_val_f1=0.764 marker=/lus/lfs1aip2/projects/b5ac/project_1/data/10_recipe_sweep_and_training/matrix/results/roberta_base/seed_46/matrix_complete.json
  RUN START RoBERTa-base (roberta_base) seed=47 [2/4 in this job]
[train] start roberta_base seed=47 lr=5e-06 warmup=none hf=roberta-base train=24000 val=25311 (pooled BioRED+DrugProt) -> /lus/lfs1aip2/projects/b5ac/project_1/data/10_recipe_sweep_and_training/matrix/checkpoints/roberta_base/seed_47
[train] device=cuda batch_size=16 max_epochs=10
Some weights of RobertaForSequenceClassification were not initialized from the model checkpoint at roberta-base and are newly initialized: ['classifier.dense.bias', 'classifier.dense.weight', 'classifier.out_proj.bias', 'classifier.out_proj.weight']
You should probably TRAIN this model on a down-stream task to be able to use it for predictions and inference.
[train] epoch 1/10 train_loss=0.6076 val_loss=0.5612 pooled_val_f1_micro=0.6860
[train] new best pooled_val_f1_micro=0.6860 at epoch 1 -> /lus/lfs1aip2/projects/b5ac/project_1/data/10_recipe_sweep_and_training/matrix/checkpoints/roberta_base/seed_47/best
[train] epoch 2/10 train_loss=0.4425 val_loss=0.5919 pooled_val_f1_micro=0.7474
[train] new best pooled_val_f1_micro=0.7474 at epoch 2 -> /lus/lfs1aip2/projects/b5ac/project_1/data/10_recipe_sweep_and_training/matrix/checkpoints/roberta_base/seed_47/best
[train] epoch 3/10 train_loss=0.3949 val_loss=0.7080 pooled_val_f1_micro=0.7290
[train] epoch 4/10 train_loss=0.3595 val_loss=0.7776 pooled_val_f1_micro=0.7107
[train] epoch 5/10 train_loss=0.3351 val_loss=0.7099 pooled_val_f1_micro=0.7164
[train] epoch 6/10 train_loss=0.3180 val_loss=0.7343 pooled_val_f1_micro=0.7496
[train] new best pooled_val_f1_micro=0.7496 at epoch 6 -> /lus/lfs1aip2/projects/b5ac/project_1/data/10_recipe_sweep_and_training/matrix/checkpoints/roberta_base/seed_47/best
[train] epoch 7/10 train_loss=0.2980 val_loss=0.8400 pooled_val_f1_micro=0.7193
[train] epoch 8/10 train_loss=0.2823 val_loss=0.9338 pooled_val_f1_micro=0.7396
[train] epoch 9/10 train_loss=0.2729 val_loss=0.8268 pooled_val_f1_micro=0.7293
[train] epoch 10/10 train_loss=0.2570 val_loss=1.0495 pooled_val_f1_micro=0.7264
[train] done roberta_base seed=47 best_val_f1=0.7496 best_epoch=6 epochs_run=10
[benchmark] evaluating /lus/lfs1aip2/projects/b5ac/project_1/data/10_recipe_sweep_and_training/matrix/checkpoints/roberta_base/seed_47/best: BioRED=14395 DrugProt=0 gdis=9769 gd_combined=4626 (DrugProt holdout unavailable; combined=BioRED gene-drug only)
[benchmark] done gdis=0.7849 gd_combined=0.5672 gd_biored=0.5672 gd_drugprot=nan overall=0.7273
  COMPLETE RoBERTa-base (roberta_base) seed=47: gd_combined=0.567 gdis=0.785 best_epoch=6 pooled_val_f1=0.750 marker=/lus/lfs1aip2/projects/b5ac/project_1/data/10_recipe_sweep_and_training/matrix/results/roberta_base/seed_47/matrix_complete.json
  RUN START RoBERTa-base (roberta_base) seed=48 [3/4 in this job]
[train] start roberta_base seed=48 lr=5e-06 warmup=none hf=roberta-base train=24000 val=25311 (pooled BioRED+DrugProt) -> /lus/lfs1aip2/projects/b5ac/project_1/data/10_recipe_sweep_and_training/matrix/checkpoints/roberta_base/seed_48
[train] device=cuda batch_size=16 max_epochs=10
Some weights of RobertaForSequenceClassification were not initialized from the model checkpoint at roberta-base and are newly initialized: ['classifier.dense.bias', 'classifier.dense.weight', 'classifier.out_proj.bias', 'classifier.out_proj.weight']
You should probably TRAIN this model on a down-stream task to be able to use it for predictions and inference.
[train] epoch 1/10 train_loss=0.5803 val_loss=0.5575 pooled_val_f1_micro=0.7257
[train] new best pooled_val_f1_micro=0.7257 at epoch 1 -> /lus/lfs1aip2/projects/b5ac/project_1/data/10_recipe_sweep_and_training/matrix/checkpoints/roberta_base/seed_48/best
[train] epoch 2/10 train_loss=0.4369 val_loss=0.5939 pooled_val_f1_micro=0.7041
[train] epoch 3/10 train_loss=0.3859 val_loss=0.6424 pooled_val_f1_micro=0.7371
[train] new best pooled_val_f1_micro=0.7371 at epoch 3 -> /lus/lfs1aip2/projects/b5ac/project_1/data/10_recipe_sweep_and_training/matrix/checkpoints/roberta_base/seed_48/best
[train] epoch 4/10 train_loss=0.3539 val_loss=0.7788 pooled_val_f1_micro=0.7439
[train] new best pooled_val_f1_micro=0.7439 at epoch 4 -> /lus/lfs1aip2/projects/b5ac/project_1/data/10_recipe_sweep_and_training/matrix/checkpoints/roberta_base/seed_48/best
[train] epoch 5/10 train_loss=0.3255 val_loss=0.7363 pooled_val_f1_micro=0.7404
[train] epoch 6/10 train_loss=0.3045 val_loss=0.8384 pooled_val_f1_micro=0.7241
[train] epoch 7/10 train_loss=0.2860 val_loss=0.9372 pooled_val_f1_micro=0.7356
[train] epoch 8/10 train_loss=0.2731 val_loss=0.8743 pooled_val_f1_micro=0.7282
[train] epoch 9/10 train_loss=0.2602 val_loss=0.9391 pooled_val_f1_micro=0.6808
[train] epoch 10/10 train_loss=0.2491 val_loss=0.9587 pooled_val_f1_micro=0.7437
[train] done roberta_base seed=48 best_val_f1=0.7439 best_epoch=4 epochs_run=10
[benchmark] evaluating /lus/lfs1aip2/projects/b5ac/project_1/data/10_recipe_sweep_and_training/matrix/checkpoints/roberta_base/seed_48/best: BioRED=14395 DrugProt=0 gdis=9769 gd_combined=4626 (DrugProt holdout unavailable; combined=BioRED gene-drug only)
[benchmark] done gdis=0.7909 gd_combined=0.5770 gd_biored=0.5770 gd_drugprot=nan overall=0.7351
  COMPLETE RoBERTa-base (roberta_base) seed=48: gd_combined=0.577 gdis=0.791 best_epoch=4 pooled_val_f1=0.744 marker=/lus/lfs1aip2/projects/b5ac/project_1/data/10_recipe_sweep_and_training/matrix/results/roberta_base/seed_48/matrix_complete.json
  RUN START RoBERTa-base (roberta_base) seed=49 [4/4 in this job]
[train] start roberta_base seed=49 lr=5e-06 warmup=none hf=roberta-base train=24000 val=25311 (pooled BioRED+DrugProt) -> /lus/lfs1aip2/projects/b5ac/project_1/data/10_recipe_sweep_and_training/matrix/checkpoints/roberta_base/seed_49
[train] device=cuda batch_size=16 max_epochs=10
Some weights of RobertaForSequenceClassification were not initialized from the model checkpoint at roberta-base and are newly initialized: ['classifier.dense.bias', 'classifier.dense.weight', 'classifier.out_proj.bias', 'classifier.out_proj.weight']
You should probably TRAIN this model on a down-stream task to be able to use it for predictions and inference.
[train] epoch 1/10 train_loss=0.6023 val_loss=0.6254 pooled_val_f1_micro=0.6911
[train] new best pooled_val_f1_micro=0.6911 at epoch 1 -> /lus/lfs1aip2/projects/b5ac/project_1/data/10_recipe_sweep_and_training/matrix/checkpoints/roberta_base/seed_49/best
[train] epoch 2/10 train_loss=0.4472 val_loss=0.7227 pooled_val_f1_micro=0.7020
[train] new best pooled_val_f1_micro=0.7020 at epoch 2 -> /lus/lfs1aip2/projects/b5ac/project_1/data/10_recipe_sweep_and_training/matrix/checkpoints/roberta_base/seed_49/best
[train] epoch 3/10 train_loss=0.3927 val_loss=0.5952 pooled_val_f1_micro=0.7554
[train] new best pooled_val_f1_micro=0.7554 at epoch 3 -> /lus/lfs1aip2/projects/b5ac/project_1/data/10_recipe_sweep_and_training/matrix/checkpoints/roberta_base/seed_49/best
[train] epoch 4/10 train_loss=0.3604 val_loss=0.7459 pooled_val_f1_micro=0.7054
[train] epoch 5/10 train_loss=0.3307 val_loss=0.6949 pooled_val_f1_micro=0.7469
[train] epoch 6/10 train_loss=0.3144 val_loss=0.7244 pooled_val_f1_micro=0.7224
[train] epoch 7/10 train_loss=0.2943 val_loss=0.7435 pooled_val_f1_micro=0.7530
[train] epoch 8/10 train_loss=0.2796 val_loss=0.8094 pooled_val_f1_micro=0.6970
[train] epoch 9/10 train_loss=0.2657 val_loss=0.8183 pooled_val_f1_micro=0.7257
[train] epoch 10/10 train_loss=0.2534 val_loss=0.8692 pooled_val_f1_micro=0.7265
[train] done roberta_base seed=49 best_val_f1=0.7554 best_epoch=3 epochs_run=10
[benchmark] evaluating /lus/lfs1aip2/projects/b5ac/project_1/data/10_recipe_sweep_and_training/matrix/checkpoints/roberta_base/seed_49/best: BioRED=14395 DrugProt=0 gdis=9769 gd_combined=4626 (DrugProt holdout unavailable; combined=BioRED gene-drug only)
[benchmark] done gdis=0.7792 gd_combined=0.5835 gd_biored=0.5835 gd_drugprot=nan overall=0.7287
  COMPLETE RoBERTa-base (roberta_base) seed=49: gd_combined=0.584 gdis=0.779 best_epoch=3 pooled_val_f1=0.755 marker=/lus/lfs1aip2/projects/b5ac/project_1/data/10_recipe_sweep_and_training/matrix/results/roberta_base/seed_49/matrix_complete.json

=== Step-2 matrix training complete (this job) ===
  Trained: 4, skipped (already done): 0, planned: 4

=== Done ===
End: Sun Jun 28 21:34:25 UTC 2026
