=== Step 2: full-matrix training ===
Host: nid010689
SLURM_JOB_ID=5098649
SLURM_JOB_NAME=step2_deberta_base
Start: Tue  9 Jun 09:27:56 UTC 2026
REPO=/home/b5ac/freddieyu.b5ac/project_1
OUTPUT_ROOT=/home/b5ac/freddieyu.b5ac/project_1/../projects/project_1
STEP_ARGS=--models deberta_base
Log: /home/b5ac/freddieyu.b5ac/project_1/../projects/project_1/runs/10_recipe_sweep_and_training/train_5098649.out
Ensure CHOSEN_RECIPE is set in config.py (not None) before submitting.
=== Recipe sweep and training 2026-06-09T09:27:59.267435 ===
[run] mode=train-only (step 2)
[run] model filter: ['deberta_base']
Traceback (most recent call last):
  File "/home/b5ac/freddieyu.b5ac/project_1/10_recipe_sweep_and_training/run.py", line 107, in <module>
    main()
  File "/home/b5ac/freddieyu.b5ac/project_1/10_recipe_sweep_and_training/run.py", line 99, in main
    import_module("10_recipe_sweep_and_training.step2_train").run_matrix_training(
  File "/home/b5ac/freddieyu.b5ac/miniforge3/envs/hf-hpc/lib/python3.10/importlib/__init__.py", line 126, in import_module
    return _bootstrap._gcd_import(name[level:], package, level)
  File "<frozen importlib._bootstrap>", line 1050, in _gcd_import
  File "<frozen importlib._bootstrap>", line 1027, in _find_and_load
  File "<frozen importlib._bootstrap>", line 1006, in _find_and_load_unlocked
  File "<frozen importlib._bootstrap>", line 688, in _load_unlocked
  File "<frozen importlib._bootstrap_external>", line 883, in exec_module
  File "<frozen importlib._bootstrap>", line 241, in _call_with_frames_removed
  File "/home/b5ac/freddieyu.b5ac/project_1/10_recipe_sweep_and_training/step2_train.py", line 9, in <module>
    from shared.benchmark_eval import build_biored_test_examples, evaluate_checkpoint_benchmark_f1
  File "/home/b5ac/freddieyu.b5ac/project_1/shared/benchmark_eval.py", line 14, in <module>
    from transformers import AutoModelForSequenceClassification, AutoTokenizer
  File "<frozen importlib._bootstrap>", line 1075, in _handle_fromlist
  File "/home/b5ac/freddieyu.b5ac/.local/lib/python3.10/site-packages/transformers/utils/import_utils.py", line 2317, in __getattr__
    module = self._get_module(self._class_to_module[name])
  File "/home/b5ac/freddieyu.b5ac/.local/lib/python3.10/site-packages/transformers/utils/import_utils.py", line 2347, in _get_module
    raise e
  File "/home/b5ac/freddieyu.b5ac/.local/lib/python3.10/site-packages/transformers/utils/import_utils.py", line 2345, in _get_module
    return importlib.import_module("." + module_name, self.__name__)
  File "/home/b5ac/freddieyu.b5ac/miniforge3/envs/hf-hpc/lib/python3.10/importlib/__init__.py", line 126, in import_module
    return _bootstrap._gcd_import(name[level:], package, level)
  File "/home/b5ac/freddieyu.b5ac/.local/lib/python3.10/site-packages/transformers/models/auto/modeling_auto.py", line 23, in <module>
    from .auto_factory import (
  File "/home/b5ac/freddieyu.b5ac/.local/lib/python3.10/site-packages/transformers/models/auto/auto_factory.py", line 43, in <module>
    from ...generation import GenerationMixin
  File "<frozen importlib._bootstrap>", line 1075, in _handle_fromlist
  File "/home/b5ac/freddieyu.b5ac/.local/lib/python3.10/site-packages/transformers/utils/import_utils.py", line 2317, in __getattr__
    module = self._get_module(self._class_to_module[name])
  File "/home/b5ac/freddieyu.b5ac/.local/lib/python3.10/site-packages/transformers/utils/import_utils.py", line 2347, in _get_module
    raise e
  File "/home/b5ac/freddieyu.b5ac/.local/lib/python3.10/site-packages/transformers/utils/import_utils.py", line 2345, in _get_module
    return importlib.import_module("." + module_name, self.__name__)
  File "/home/b5ac/freddieyu.b5ac/miniforge3/envs/hf-hpc/lib/python3.10/importlib/__init__.py", line 126, in import_module
    return _bootstrap._gcd_import(name[level:], package, level)
  File "/home/b5ac/freddieyu.b5ac/.local/lib/python3.10/site-packages/transformers/generation/utils.py", line 43, in <module>
    from ..masking_utils import create_masks_for_generate
  File "/home/b5ac/freddieyu.b5ac/.local/lib/python3.10/site-packages/transformers/masking_utils.py", line 40, in <module>
    from torch._dynamo._trace_wrapped_higher_order_op import TransformGetItemToIndex
  File "/home/b5ac/freddieyu.b5ac/miniforge3/envs/hf-hpc/lib/python3.10/site-packages/torch/_dynamo/__init__.py", line 13, in <module>
    from . import (
  File "/home/b5ac/freddieyu.b5ac/miniforge3/envs/hf-hpc/lib/python3.10/site-packages/torch/_dynamo/aot_compile.py", line 15, in <module>
    from . import convert_frame
  File "/home/b5ac/freddieyu.b5ac/miniforge3/envs/hf-hpc/lib/python3.10/site-packages/torch/_dynamo/convert_frame.py", line 57, in <module>
    from torch._dynamo.symbolic_convert import TensorifyState
  File "/home/b5ac/freddieyu.b5ac/miniforge3/envs/hf-hpc/lib/python3.10/site-packages/torch/_dynamo/symbolic_convert.py", line 59, in <module>
    from . import (
  File "/home/b5ac/freddieyu.b5ac/miniforge3/envs/hf-hpc/lib/python3.10/site-packages/torch/_dynamo/trace_rules.py", line 58, in <module>
    from .variables import (
  File "/home/b5ac/freddieyu.b5ac/miniforge3/envs/hf-hpc/lib/python3.10/site-packages/torch/_dynamo/variables/__init__.py", line 19, in <module>
    from .base import VariableTracker
  File "/home/b5ac/freddieyu.b5ac/miniforge3/envs/hf-hpc/lib/python3.10/site-packages/torch/_dynamo/variables/base.py", line 650, in <module>
    from . import builder
  File "/home/b5ac/freddieyu.b5ac/miniforge3/envs/hf-hpc/lib/python3.10/site-packages/torch/_dynamo/variables/builder.py", line 94, in <module>
    from ..side_effects import SideEffects
  File "/home/b5ac/freddieyu.b5ac/miniforge3/envs/hf-hpc/lib/python3.10/site-packages/torch/_dynamo/side_effects.py", line 34, in <module>
    from torch._dynamo.variables.misc import AutogradFunctionContextVariable
  File "/home/b5ac/freddieyu.b5ac/miniforge3/envs/hf-hpc/lib/python3.10/site-packages/torch/_dynamo/variables/misc.py", line 61, in <module>
    from .functions import NestedUserFunctionVariable, UserFunctionVariable
  File "/home/b5ac/freddieyu.b5ac/miniforge3/envs/hf-hpc/lib/python3.10/site-packages/torch/_dynamo/variables/functions.py", line 88, in <module>
    from torch.distributed.fsdp._fully_shard import _fsdp_param_group
  File "/home/b5ac/freddieyu.b5ac/miniforge3/envs/hf-hpc/lib/python3.10/site-packages/torch/distributed/fsdp/__init__.py", line 1, in <module>
    from ._flat_param import FlatParameter as FlatParameter
  File "/home/b5ac/freddieyu.b5ac/miniforge3/envs/hf-hpc/lib/python3.10/site-packages/torch/distributed/fsdp/_flat_param.py", line 33, in <module>
    from ._fsdp_extensions import (
  File "/home/b5ac/freddieyu.b5ac/miniforge3/envs/hf-hpc/lib/python3.10/site-packages/torch/distributed/fsdp/_fsdp_extensions.py", line 6, in <module>
    from torch.distributed._shard.sharded_tensor.api import ShardedTensor
  File "/home/b5ac/freddieyu.b5ac/miniforge3/envs/hf-hpc/lib/python3.10/site-packages/torch/distributed/_shard/__init__.py", line 1, in <module>
    from .api import _shard_tensor, load_with_process_group, shard_module, shard_parameter
  File "/home/b5ac/freddieyu.b5ac/miniforge3/envs/hf-hpc/lib/python3.10/site-packages/torch/distributed/_shard/api.py", line 9, in <module>
    from torch.distributed._shard.sharded_tensor import ShardedTensor
  File "/home/b5ac/freddieyu.b5ac/miniforge3/envs/hf-hpc/lib/python3.10/site-packages/torch/distributed/_shard/sharded_tensor/__init__.py", line 8, in <module>
    from .api import (
  File "/home/b5ac/freddieyu.b5ac/miniforge3/envs/hf-hpc/lib/python3.10/site-packages/torch/distributed/_shard/sharded_tensor/api.py", line 32, in <module>
    from .reshard import reshard_local_shard, reshuffle_local_shard
  File "/home/b5ac/freddieyu.b5ac/miniforge3/envs/hf-hpc/lib/python3.10/site-packages/torch/distributed/_shard/sharded_tensor/reshard.py", line 13, in <module>
    from torch.distributed.nn.functional import all_to_all, all_to_all_single
  File "/home/b5ac/freddieyu.b5ac/miniforge3/envs/hf-hpc/lib/python3.10/site-packages/torch/distributed/nn/__init__.py", line 7, in <module>
    from .api.remote_module import RemoteModule
  File "/home/b5ac/freddieyu.b5ac/miniforge3/envs/hf-hpc/lib/python3.10/site-packages/torch/distributed/nn/api/remote_module.py", line 15, in <module>
    from torch.distributed.nn.jit import instantiator
  File "/home/b5ac/freddieyu.b5ac/miniforge3/envs/hf-hpc/lib/python3.10/site-packages/torch/distributed/nn/jit/instantiator.py", line 21, in <module>
    _TEMP_DIR = tempfile.TemporaryDirectory()
  File "/home/b5ac/freddieyu.b5ac/miniforge3/envs/hf-hpc/lib/python3.10/tempfile.py", line 835, in __init__
    self.name = mkdtemp(suffix, prefix, dir)
  File "/home/b5ac/freddieyu.b5ac/miniforge3/envs/hf-hpc/lib/python3.10/tempfile.py", line 384, in mkdtemp
    _os.mkdir(file, 0o700)
FileNotFoundError: [Errno 2] No such file or directory: '/local/user/1483801919/tmpkf9g3oso'
