=== 1e-5 supplementary side-matrix training ===
Host: nid010194
SLURM_JOB_ID=5411864
SLURM_JOB_NAME=lr1e5_bluebert_42-43-44-45
Start: Sun Jun 28 19:30:07 UTC 2026
REPO=/home/b5ac/freddieyu.b5ac/project_1
OUTPUT_ROOT=/home/b5ac/freddieyu.b5ac/project_1/../projects/project_1
STEP_ARGS=--models bluebert_base --seeds 42 43 44 45
Side output: /home/b5ac/freddieyu.b5ac/project_1/../projects/project_1/data/10_recipe_sweep_and_training/lr1e5_sidecheck/
Main matrix (untouched): /home/b5ac/freddieyu.b5ac/project_1/../projects/project_1/data/10_recipe_sweep_and_training/matrix/

=== 1e-5 side-matrix training ===
Recipe: lr=1e-05, warmup=none
Output: /lus/lfs1aip2/projects/b5ac/project_1/data/10_recipe_sweep_and_training/lr1e5_sidecheck


=== Step-2 matrix training ===
Recipe: lr=1e-05, warmup=none (checkpoint criterion=pooled_val_f1_micro)
Encoders (1): ['bluebert_base']
Seeds (4): [42, 43, 44, 45]
Planned runs this job: 4


=== Estimated checkpoint footprint (rough) ===
  Runs: 1 encoders x 4 seeds = 4
  Assumed ~10 epochs/run; epoch ckpt ~220 MiB (fp16); best ckpt ~440 MiB (fp32)
  Per run ~2640 MiB; total ~10.3 GiB
  MAX_EPOCH_CHECKPOINTS_TO_KEEP=None (None = keep all epoch checkpoints)

[benchmark] building BioRED test examples...
[benchmark] built 14395 BioRED test examples (leaked PMIDs excluded)
[benchmark] building DrugProt test examples...
[benchmark] DrugProt: no labeled public test split in BigBio (splits=['train', 'validation', 'test_background']; test_background is unlabeled). Skipping DrugProt holdout benchmark; gene-drug combined uses BioRED test only.
  RUN START BlueBERT-base (bluebert_base) seed=42 [1/4 in this job]
[train] start bluebert_base seed=42 lr=1e-05 warmup=none hf=bionlp/bluebert_pubmed_mimic_uncased_L-12_H-768_A-12 train=24000 val=25311 (pooled BioRED+DrugProt) -> /lus/lfs1aip2/projects/b5ac/project_1/data/10_recipe_sweep_and_training/lr1e5_sidecheck/checkpoints/bluebert_base/seed_42
[train] device=cuda batch_size=16 max_epochs=10
Some weights of BertForSequenceClassification were not initialized from the model checkpoint at bionlp/bluebert_pubmed_mimic_uncased_L-12_H-768_A-12 and are newly initialized: ['classifier.bias', 'classifier.weight']
You should probably TRAIN this model on a down-stream task to be able to use it for predictions and inference.
[train] epoch 1/10 train_loss=0.6309 val_loss=0.6432 pooled_val_f1_micro=0.6902
[train] new best pooled_val_f1_micro=0.6902 at epoch 1 -> /lus/lfs1aip2/projects/b5ac/project_1/data/10_recipe_sweep_and_training/lr1e5_sidecheck/checkpoints/bluebert_base/seed_42/best
[train] epoch 2/10 train_loss=0.5354 val_loss=0.7131 pooled_val_f1_micro=0.6004
[train] epoch 3/10 train_loss=0.4838 val_loss=0.6936 pooled_val_f1_micro=0.6258
[train] epoch 4/10 train_loss=0.4452 val_loss=0.6654 pooled_val_f1_micro=0.6557
[train] epoch 5/10 train_loss=0.4126 val_loss=0.7664 pooled_val_f1_micro=0.6828
[train] epoch 6/10 train_loss=0.3795 val_loss=0.9216 pooled_val_f1_micro=0.6337
[train] epoch 7/10 train_loss=0.3536 val_loss=0.8709 pooled_val_f1_micro=0.6350
[train] epoch 8/10 train_loss=0.3309 val_loss=1.0448 pooled_val_f1_micro=0.6502
[train] epoch 9/10 train_loss=0.3101 val_loss=1.0375 pooled_val_f1_micro=0.6576
[train] epoch 10/10 train_loss=0.2914 val_loss=0.9738 pooled_val_f1_micro=0.6697
[train] done bluebert_base seed=42 best_val_f1=0.6902 best_epoch=1 epochs_run=10
[benchmark] evaluating /lus/lfs1aip2/projects/b5ac/project_1/data/10_recipe_sweep_and_training/lr1e5_sidecheck/checkpoints/bluebert_base/seed_42/best: BioRED=14395 DrugProt=0 gdis=9769 gd_combined=4626 (DrugProt holdout unavailable; combined=BioRED gene-drug only)
[benchmark] done gdis=0.7653 gd_combined=0.6416 gd_biored=0.6416 gd_drugprot=nan overall=0.7323
  COMPLETE BlueBERT-base (bluebert_base) seed=42: gd_combined=0.642 gdis=0.765 best_epoch=1 pooled_val_f1=0.690 marker=/lus/lfs1aip2/projects/b5ac/project_1/data/10_recipe_sweep_and_training/lr1e5_sidecheck/results/bluebert_base/seed_42/matrix_complete.json
  RUN START BlueBERT-base (bluebert_base) seed=43 [2/4 in this job]
[train] start bluebert_base seed=43 lr=1e-05 warmup=none hf=bionlp/bluebert_pubmed_mimic_uncased_L-12_H-768_A-12 train=24000 val=25311 (pooled BioRED+DrugProt) -> /lus/lfs1aip2/projects/b5ac/project_1/data/10_recipe_sweep_and_training/lr1e5_sidecheck/checkpoints/bluebert_base/seed_43
[train] device=cuda batch_size=16 max_epochs=10
Some weights of BertForSequenceClassification were not initialized from the model checkpoint at bionlp/bluebert_pubmed_mimic_uncased_L-12_H-768_A-12 and are newly initialized: ['classifier.bias', 'classifier.weight']
You should probably TRAIN this model on a down-stream task to be able to use it for predictions and inference.
[train] epoch 1/10 train_loss=0.6560 val_loss=0.6584 pooled_val_f1_micro=0.6036
[train] new best pooled_val_f1_micro=0.6036 at epoch 1 -> /lus/lfs1aip2/projects/b5ac/project_1/data/10_recipe_sweep_and_training/lr1e5_sidecheck/checkpoints/bluebert_base/seed_43/best
[train] epoch 2/10 train_loss=0.6408 val_loss=0.6595 pooled_val_f1_micro=0.4968
[train] epoch 3/10 train_loss=0.5781 val_loss=0.6772 pooled_val_f1_micro=0.6430
[train] new best pooled_val_f1_micro=0.6430 at epoch 3 -> /lus/lfs1aip2/projects/b5ac/project_1/data/10_recipe_sweep_and_training/lr1e5_sidecheck/checkpoints/bluebert_base/seed_43/best
[train] epoch 4/10 train_loss=0.5237 val_loss=0.6561 pooled_val_f1_micro=0.6523
[train] new best pooled_val_f1_micro=0.6523 at epoch 4 -> /lus/lfs1aip2/projects/b5ac/project_1/data/10_recipe_sweep_and_training/lr1e5_sidecheck/checkpoints/bluebert_base/seed_43/best
[train] epoch 5/10 train_loss=0.4872 val_loss=0.6839 pooled_val_f1_micro=0.6139
[train] epoch 6/10 train_loss=0.4601 val_loss=0.7177 pooled_val_f1_micro=0.6794
[train] new best pooled_val_f1_micro=0.6794 at epoch 6 -> /lus/lfs1aip2/projects/b5ac/project_1/data/10_recipe_sweep_and_training/lr1e5_sidecheck/checkpoints/bluebert_base/seed_43/best
[train] epoch 7/10 train_loss=0.4296 val_loss=0.7474 pooled_val_f1_micro=0.6265
[train] epoch 8/10 train_loss=0.4008 val_loss=0.9813 pooled_val_f1_micro=0.6383
[train] epoch 9/10 train_loss=0.3754 val_loss=0.8101 pooled_val_f1_micro=0.6481
[train] epoch 10/10 train_loss=0.3502 val_loss=0.8980 pooled_val_f1_micro=0.6582
[train] done bluebert_base seed=43 best_val_f1=0.6794 best_epoch=6 epochs_run=10
[benchmark] evaluating /lus/lfs1aip2/projects/b5ac/project_1/data/10_recipe_sweep_and_training/lr1e5_sidecheck/checkpoints/bluebert_base/seed_43/best: BioRED=14395 DrugProt=0 gdis=9769 gd_combined=4626 (DrugProt holdout unavailable; combined=BioRED gene-drug only)
[benchmark] done gdis=0.7484 gd_combined=0.5877 gd_biored=0.5877 gd_drugprot=nan overall=0.7033
  COMPLETE BlueBERT-base (bluebert_base) seed=43: gd_combined=0.588 gdis=0.748 best_epoch=6 pooled_val_f1=0.679 marker=/lus/lfs1aip2/projects/b5ac/project_1/data/10_recipe_sweep_and_training/lr1e5_sidecheck/results/bluebert_base/seed_43/matrix_complete.json
  RUN START BlueBERT-base (bluebert_base) seed=44 [3/4 in this job]
[train] start bluebert_base seed=44 lr=1e-05 warmup=none hf=bionlp/bluebert_pubmed_mimic_uncased_L-12_H-768_A-12 train=24000 val=25311 (pooled BioRED+DrugProt) -> /lus/lfs1aip2/projects/b5ac/project_1/data/10_recipe_sweep_and_training/lr1e5_sidecheck/checkpoints/bluebert_base/seed_44
[train] device=cuda batch_size=16 max_epochs=10
Some weights of BertForSequenceClassification were not initialized from the model checkpoint at bionlp/bluebert_pubmed_mimic_uncased_L-12_H-768_A-12 and are newly initialized: ['classifier.bias', 'classifier.weight']
You should probably TRAIN this model on a down-stream task to be able to use it for predictions and inference.
[train] epoch 1/10 train_loss=0.6364 val_loss=0.6611 pooled_val_f1_micro=0.6307
[train] new best pooled_val_f1_micro=0.6307 at epoch 1 -> /lus/lfs1aip2/projects/b5ac/project_1/data/10_recipe_sweep_and_training/lr1e5_sidecheck/checkpoints/bluebert_base/seed_44/best
[train] epoch 2/10 train_loss=0.5489 val_loss=0.6373 pooled_val_f1_micro=0.6781
[train] new best pooled_val_f1_micro=0.6781 at epoch 2 -> /lus/lfs1aip2/projects/b5ac/project_1/data/10_recipe_sweep_and_training/lr1e5_sidecheck/checkpoints/bluebert_base/seed_44/best
[train] epoch 3/10 train_loss=0.4976 val_loss=0.6849 pooled_val_f1_micro=0.7059
[train] new best pooled_val_f1_micro=0.7059 at epoch 3 -> /lus/lfs1aip2/projects/b5ac/project_1/data/10_recipe_sweep_and_training/lr1e5_sidecheck/checkpoints/bluebert_base/seed_44/best
[train] epoch 4/10 train_loss=0.4552 val_loss=0.7989 pooled_val_f1_micro=0.6355
[train] epoch 5/10 train_loss=0.4175 val_loss=0.7363 pooled_val_f1_micro=0.6810
[train] epoch 6/10 train_loss=0.3862 val_loss=0.7491 pooled_val_f1_micro=0.6693
[train] epoch 7/10 train_loss=0.3560 val_loss=0.8109 pooled_val_f1_micro=0.5805
[train] epoch 8/10 train_loss=0.3327 val_loss=0.8165 pooled_val_f1_micro=0.6520
[train] epoch 9/10 train_loss=0.3103 val_loss=1.0918 pooled_val_f1_micro=0.6232
[train] epoch 10/10 train_loss=0.2949 val_loss=0.9077 pooled_val_f1_micro=0.6563
[train] done bluebert_base seed=44 best_val_f1=0.7059 best_epoch=3 epochs_run=10
[benchmark] evaluating /lus/lfs1aip2/projects/b5ac/project_1/data/10_recipe_sweep_and_training/lr1e5_sidecheck/checkpoints/bluebert_base/seed_44/best: BioRED=14395 DrugProt=0 gdis=9769 gd_combined=4626 (DrugProt holdout unavailable; combined=BioRED gene-drug only)
[benchmark] done gdis=0.7623 gd_combined=0.6220 gd_biored=0.6220 gd_drugprot=nan overall=0.7252
  COMPLETE BlueBERT-base (bluebert_base) seed=44: gd_combined=0.622 gdis=0.762 best_epoch=3 pooled_val_f1=0.706 marker=/lus/lfs1aip2/projects/b5ac/project_1/data/10_recipe_sweep_and_training/lr1e5_sidecheck/results/bluebert_base/seed_44/matrix_complete.json
  RUN START BlueBERT-base (bluebert_base) seed=45 [4/4 in this job]
[train] start bluebert_base seed=45 lr=1e-05 warmup=none hf=bionlp/bluebert_pubmed_mimic_uncased_L-12_H-768_A-12 train=24000 val=25311 (pooled BioRED+DrugProt) -> /lus/lfs1aip2/projects/b5ac/project_1/data/10_recipe_sweep_and_training/lr1e5_sidecheck/checkpoints/bluebert_base/seed_45
[train] device=cuda batch_size=16 max_epochs=10
Some weights of BertForSequenceClassification were not initialized from the model checkpoint at bionlp/bluebert_pubmed_mimic_uncased_L-12_H-768_A-12 and are newly initialized: ['classifier.bias', 'classifier.weight']
You should probably TRAIN this model on a down-stream task to be able to use it for predictions and inference.
[train] epoch 1/10 train_loss=0.6277 val_loss=0.6081 pooled_val_f1_micro=0.6614
[train] new best pooled_val_f1_micro=0.6614 at epoch 1 -> /lus/lfs1aip2/projects/b5ac/project_1/data/10_recipe_sweep_and_training/lr1e5_sidecheck/checkpoints/bluebert_base/seed_45/best
[train] epoch 2/10 train_loss=0.5306 val_loss=0.6238 pooled_val_f1_micro=0.6473
[train] epoch 3/10 train_loss=0.4806 val_loss=0.6403 pooled_val_f1_micro=0.6803
[train] new best pooled_val_f1_micro=0.6803 at epoch 3 -> /lus/lfs1aip2/projects/b5ac/project_1/data/10_recipe_sweep_and_training/lr1e5_sidecheck/checkpoints/bluebert_base/seed_45/best
[train] epoch 4/10 train_loss=0.4465 val_loss=0.6636 pooled_val_f1_micro=0.7061
[train] new best pooled_val_f1_micro=0.7061 at epoch 4 -> /lus/lfs1aip2/projects/b5ac/project_1/data/10_recipe_sweep_and_training/lr1e5_sidecheck/checkpoints/bluebert_base/seed_45/best
[train] epoch 5/10 train_loss=0.4168 val_loss=0.7066 pooled_val_f1_micro=0.6679
[train] epoch 6/10 train_loss=0.3896 val_loss=0.8344 pooled_val_f1_micro=0.6860
[train] epoch 7/10 train_loss=0.3644 val_loss=0.9086 pooled_val_f1_micro=0.6114
[train] epoch 8/10 train_loss=0.3387 val_loss=0.7705 pooled_val_f1_micro=0.6632
[train] epoch 9/10 train_loss=0.3231 val_loss=1.0907 pooled_val_f1_micro=0.5728
[train] epoch 10/10 train_loss=0.3070 val_loss=0.9660 pooled_val_f1_micro=0.6566
[train] done bluebert_base seed=45 best_val_f1=0.7061 best_epoch=4 epochs_run=10
[benchmark] evaluating /lus/lfs1aip2/projects/b5ac/project_1/data/10_recipe_sweep_and_training/lr1e5_sidecheck/checkpoints/bluebert_base/seed_45/best: BioRED=14395 DrugProt=0 gdis=9769 gd_combined=4626 (DrugProt holdout unavailable; combined=BioRED gene-drug only)
[benchmark] done gdis=0.7594 gd_combined=0.6181 gd_biored=0.6181 gd_drugprot=nan overall=0.7220
  COMPLETE BlueBERT-base (bluebert_base) seed=45: gd_combined=0.618 gdis=0.759 best_epoch=4 pooled_val_f1=0.706 marker=/lus/lfs1aip2/projects/b5ac/project_1/data/10_recipe_sweep_and_training/lr1e5_sidecheck/results/bluebert_base/seed_45/matrix_complete.json

=== Step-2 matrix training complete (this job) ===
  Trained: 4, skipped (already done): 0, planned: 4

End: Sun Jun 28 21:40:07 UTC 2026
