=== 1e-5 supplementary side-matrix training ===
Host: nid011152
SLURM_JOB_ID=5411874
SLURM_JOB_NAME=lr1e5_bert_42-43-44-45
Start: Sun Jun 28 19:30:06 UTC 2026
REPO=/home/b5ac/freddieyu.b5ac/project_1
OUTPUT_ROOT=/home/b5ac/freddieyu.b5ac/project_1/../projects/project_1
STEP_ARGS=--models bert_base --seeds 42 43 44 45
Side output: /home/b5ac/freddieyu.b5ac/project_1/../projects/project_1/data/10_recipe_sweep_and_training/lr1e5_sidecheck/
Main matrix (untouched): /home/b5ac/freddieyu.b5ac/project_1/../projects/project_1/data/10_recipe_sweep_and_training/matrix/

=== 1e-5 side-matrix training ===
Recipe: lr=1e-05, warmup=none
Output: /lus/lfs1aip2/projects/b5ac/project_1/data/10_recipe_sweep_and_training/lr1e5_sidecheck


=== Step-2 matrix training ===
Recipe: lr=1e-05, warmup=none (checkpoint criterion=pooled_val_f1_micro)
Encoders (1): ['bert_base']
Seeds (4): [42, 43, 44, 45]
Planned runs this job: 4


=== Estimated checkpoint footprint (rough) ===
  Runs: 1 encoders x 4 seeds = 4
  Assumed ~10 epochs/run; epoch ckpt ~220 MiB (fp16); best ckpt ~440 MiB (fp32)
  Per run ~2640 MiB; total ~10.3 GiB
  MAX_EPOCH_CHECKPOINTS_TO_KEEP=None (None = keep all epoch checkpoints)

[benchmark] building BioRED test examples...
[benchmark] built 14395 BioRED test examples (leaked PMIDs excluded)
[benchmark] building DrugProt test examples...
[benchmark] DrugProt: no labeled public test split in BigBio (splits=['train', 'validation', 'test_background']; test_background is unlabeled). Skipping DrugProt holdout benchmark; gene-drug combined uses BioRED test only.
  RUN START BERT-base (bert_base) seed=42 [1/4 in this job]
[train] start bert_base seed=42 lr=1e-05 warmup=none hf=bert-base-uncased train=24000 val=25311 (pooled BioRED+DrugProt) -> /lus/lfs1aip2/projects/b5ac/project_1/data/10_recipe_sweep_and_training/lr1e5_sidecheck/checkpoints/bert_base/seed_42
[train] device=cuda batch_size=16 max_epochs=10
Some weights of BertForSequenceClassification were not initialized from the model checkpoint at bert-base-uncased and are newly initialized: ['classifier.bias', 'classifier.weight']
You should probably TRAIN this model on a down-stream task to be able to use it for predictions and inference.
[train] epoch 1/10 train_loss=0.6359 val_loss=0.5782 pooled_val_f1_micro=0.6929
[train] new best pooled_val_f1_micro=0.6929 at epoch 1 -> /lus/lfs1aip2/projects/b5ac/project_1/data/10_recipe_sweep_and_training/lr1e5_sidecheck/checkpoints/bert_base/seed_42/best
[train] epoch 2/10 train_loss=0.4696 val_loss=0.6562 pooled_val_f1_micro=0.6774
[train] epoch 3/10 train_loss=0.3971 val_loss=0.6985 pooled_val_f1_micro=0.6689
[train] epoch 4/10 train_loss=0.3553 val_loss=0.7335 pooled_val_f1_micro=0.7152
[train] new best pooled_val_f1_micro=0.7152 at epoch 4 -> /lus/lfs1aip2/projects/b5ac/project_1/data/10_recipe_sweep_and_training/lr1e5_sidecheck/checkpoints/bert_base/seed_42/best
[train] epoch 5/10 train_loss=0.3213 val_loss=0.7610 pooled_val_f1_micro=0.7326
[train] new best pooled_val_f1_micro=0.7326 at epoch 5 -> /lus/lfs1aip2/projects/b5ac/project_1/data/10_recipe_sweep_and_training/lr1e5_sidecheck/checkpoints/bert_base/seed_42/best
[train] epoch 6/10 train_loss=0.2912 val_loss=0.9514 pooled_val_f1_micro=0.6929
[train] epoch 7/10 train_loss=0.2677 val_loss=1.0160 pooled_val_f1_micro=0.6884
[train] epoch 8/10 train_loss=0.2531 val_loss=0.9938 pooled_val_f1_micro=0.6927
[train] epoch 9/10 train_loss=0.2419 val_loss=0.9789 pooled_val_f1_micro=0.7120
[train] epoch 10/10 train_loss=0.2279 val_loss=1.2949 pooled_val_f1_micro=0.6803
[train] done bert_base seed=42 best_val_f1=0.7326 best_epoch=5 epochs_run=10
[benchmark] evaluating /lus/lfs1aip2/projects/b5ac/project_1/data/10_recipe_sweep_and_training/lr1e5_sidecheck/checkpoints/bert_base/seed_42/best: BioRED=14395 DrugProt=0 gdis=9769 gd_combined=4626 (DrugProt holdout unavailable; combined=BioRED gene-drug only)
[benchmark] done gdis=0.7683 gd_combined=0.5311 gd_biored=0.5311 gd_drugprot=nan overall=0.7077
  COMPLETE BERT-base (bert_base) seed=42: gd_combined=0.531 gdis=0.768 best_epoch=5 pooled_val_f1=0.733 marker=/lus/lfs1aip2/projects/b5ac/project_1/data/10_recipe_sweep_and_training/lr1e5_sidecheck/results/bert_base/seed_42/matrix_complete.json
  RUN START BERT-base (bert_base) seed=43 [2/4 in this job]
[train] start bert_base seed=43 lr=1e-05 warmup=none hf=bert-base-uncased train=24000 val=25311 (pooled BioRED+DrugProt) -> /lus/lfs1aip2/projects/b5ac/project_1/data/10_recipe_sweep_and_training/lr1e5_sidecheck/checkpoints/bert_base/seed_43
[train] device=cuda batch_size=16 max_epochs=10
Some weights of BertForSequenceClassification were not initialized from the model checkpoint at bert-base-uncased and are newly initialized: ['classifier.bias', 'classifier.weight']
You should probably TRAIN this model on a down-stream task to be able to use it for predictions and inference.
[train] epoch 1/10 train_loss=0.6379 val_loss=0.6087 pooled_val_f1_micro=0.7171
[train] new best pooled_val_f1_micro=0.7171 at epoch 1 -> /lus/lfs1aip2/projects/b5ac/project_1/data/10_recipe_sweep_and_training/lr1e5_sidecheck/checkpoints/bert_base/seed_43/best
[train] epoch 2/10 train_loss=0.4846 val_loss=0.6364 pooled_val_f1_micro=0.6615
[train] epoch 3/10 train_loss=0.4153 val_loss=0.7821 pooled_val_f1_micro=0.6815
[train] epoch 4/10 train_loss=0.3696 val_loss=0.7402 pooled_val_f1_micro=0.7061
[train] epoch 5/10 train_loss=0.3319 val_loss=0.8063 pooled_val_f1_micro=0.6719
[train] epoch 6/10 train_loss=0.3038 val_loss=0.7850 pooled_val_f1_micro=0.7342
[train] new best pooled_val_f1_micro=0.7342 at epoch 6 -> /lus/lfs1aip2/projects/b5ac/project_1/data/10_recipe_sweep_and_training/lr1e5_sidecheck/checkpoints/bert_base/seed_43/best
[train] epoch 7/10 train_loss=0.2758 val_loss=0.8891 pooled_val_f1_micro=0.6764
[train] epoch 8/10 train_loss=0.2614 val_loss=0.7743 pooled_val_f1_micro=0.6890
[train] epoch 9/10 train_loss=0.2459 val_loss=0.9675 pooled_val_f1_micro=0.6948
[train] epoch 10/10 train_loss=0.2350 val_loss=1.1246 pooled_val_f1_micro=0.6718
[train] done bert_base seed=43 best_val_f1=0.7342 best_epoch=6 epochs_run=10
[benchmark] evaluating /lus/lfs1aip2/projects/b5ac/project_1/data/10_recipe_sweep_and_training/lr1e5_sidecheck/checkpoints/bert_base/seed_43/best: BioRED=14395 DrugProt=0 gdis=9769 gd_combined=4626 (DrugProt holdout unavailable; combined=BioRED gene-drug only)
[benchmark] done gdis=0.7755 gd_combined=0.5703 gd_biored=0.5703 gd_drugprot=nan overall=0.7212
  COMPLETE BERT-base (bert_base) seed=43: gd_combined=0.570 gdis=0.775 best_epoch=6 pooled_val_f1=0.734 marker=/lus/lfs1aip2/projects/b5ac/project_1/data/10_recipe_sweep_and_training/lr1e5_sidecheck/results/bert_base/seed_43/matrix_complete.json
  RUN START BERT-base (bert_base) seed=44 [3/4 in this job]
[train] start bert_base seed=44 lr=1e-05 warmup=none hf=bert-base-uncased train=24000 val=25311 (pooled BioRED+DrugProt) -> /lus/lfs1aip2/projects/b5ac/project_1/data/10_recipe_sweep_and_training/lr1e5_sidecheck/checkpoints/bert_base/seed_44
[train] device=cuda batch_size=16 max_epochs=10
Some weights of BertForSequenceClassification were not initialized from the model checkpoint at bert-base-uncased and are newly initialized: ['classifier.bias', 'classifier.weight']
You should probably TRAIN this model on a down-stream task to be able to use it for predictions and inference.
[train] epoch 1/10 train_loss=0.6529 val_loss=0.6550 pooled_val_f1_micro=0.5606
[train] new best pooled_val_f1_micro=0.5606 at epoch 1 -> /lus/lfs1aip2/projects/b5ac/project_1/data/10_recipe_sweep_and_training/lr1e5_sidecheck/checkpoints/bert_base/seed_44/best
[train] epoch 2/10 train_loss=0.5852 val_loss=0.6297 pooled_val_f1_micro=0.7156
[train] new best pooled_val_f1_micro=0.7156 at epoch 2 -> /lus/lfs1aip2/projects/b5ac/project_1/data/10_recipe_sweep_and_training/lr1e5_sidecheck/checkpoints/bert_base/seed_44/best
[train] epoch 3/10 train_loss=0.4502 val_loss=0.6481 pooled_val_f1_micro=0.7065
[train] epoch 4/10 train_loss=0.3955 val_loss=0.6676 pooled_val_f1_micro=0.7004
[train] epoch 5/10 train_loss=0.3513 val_loss=0.7307 pooled_val_f1_micro=0.6717
[train] epoch 6/10 train_loss=0.3177 val_loss=0.6642 pooled_val_f1_micro=0.7411
[train] new best pooled_val_f1_micro=0.7411 at epoch 6 -> /lus/lfs1aip2/projects/b5ac/project_1/data/10_recipe_sweep_and_training/lr1e5_sidecheck/checkpoints/bert_base/seed_44/best
[train] epoch 7/10 train_loss=0.2882 val_loss=0.9649 pooled_val_f1_micro=0.6825
[train] epoch 8/10 train_loss=0.2653 val_loss=1.0151 pooled_val_f1_micro=0.6890
[train] epoch 9/10 train_loss=0.2475 val_loss=1.0516 pooled_val_f1_micro=0.6974
[train] epoch 10/10 train_loss=0.2344 val_loss=1.0239 pooled_val_f1_micro=0.7034
[train] done bert_base seed=44 best_val_f1=0.7411 best_epoch=6 epochs_run=10
[benchmark] evaluating /lus/lfs1aip2/projects/b5ac/project_1/data/10_recipe_sweep_and_training/lr1e5_sidecheck/checkpoints/bert_base/seed_44/best: BioRED=14395 DrugProt=0 gdis=9769 gd_combined=4626 (DrugProt holdout unavailable; combined=BioRED gene-drug only)
[benchmark] done gdis=0.7732 gd_combined=0.6375 gd_biored=0.6375 gd_drugprot=nan overall=0.7341
  COMPLETE BERT-base (bert_base) seed=44: gd_combined=0.637 gdis=0.773 best_epoch=6 pooled_val_f1=0.741 marker=/lus/lfs1aip2/projects/b5ac/project_1/data/10_recipe_sweep_and_training/lr1e5_sidecheck/results/bert_base/seed_44/matrix_complete.json
  RUN START BERT-base (bert_base) seed=45 [4/4 in this job]
[train] start bert_base seed=45 lr=1e-05 warmup=none hf=bert-base-uncased train=24000 val=25311 (pooled BioRED+DrugProt) -> /lus/lfs1aip2/projects/b5ac/project_1/data/10_recipe_sweep_and_training/lr1e5_sidecheck/checkpoints/bert_base/seed_45
[train] device=cuda batch_size=16 max_epochs=10
Some weights of BertForSequenceClassification were not initialized from the model checkpoint at bert-base-uncased and are newly initialized: ['classifier.bias', 'classifier.weight']
You should probably TRAIN this model on a down-stream task to be able to use it for predictions and inference.
[train] epoch 1/10 train_loss=0.6269 val_loss=0.5914 pooled_val_f1_micro=0.6760
[train] new best pooled_val_f1_micro=0.6760 at epoch 1 -> /lus/lfs1aip2/projects/b5ac/project_1/data/10_recipe_sweep_and_training/lr1e5_sidecheck/checkpoints/bert_base/seed_45/best
[train] epoch 2/10 train_loss=0.4808 val_loss=0.5964 pooled_val_f1_micro=0.7239
[train] new best pooled_val_f1_micro=0.7239 at epoch 2 -> /lus/lfs1aip2/projects/b5ac/project_1/data/10_recipe_sweep_and_training/lr1e5_sidecheck/checkpoints/bert_base/seed_45/best
[train] epoch 3/10 train_loss=0.4173 val_loss=0.6288 pooled_val_f1_micro=0.7376
[train] new best pooled_val_f1_micro=0.7376 at epoch 3 -> /lus/lfs1aip2/projects/b5ac/project_1/data/10_recipe_sweep_and_training/lr1e5_sidecheck/checkpoints/bert_base/seed_45/best
[train] epoch 4/10 train_loss=0.3682 val_loss=0.7523 pooled_val_f1_micro=0.7570
[train] new best pooled_val_f1_micro=0.7570 at epoch 4 -> /lus/lfs1aip2/projects/b5ac/project_1/data/10_recipe_sweep_and_training/lr1e5_sidecheck/checkpoints/bert_base/seed_45/best
[train] epoch 5/10 train_loss=0.3292 val_loss=0.6723 pooled_val_f1_micro=0.7424
[train] epoch 6/10 train_loss=0.3025 val_loss=0.9463 pooled_val_f1_micro=0.7190
[train] epoch 7/10 train_loss=0.2767 val_loss=0.9559 pooled_val_f1_micro=0.7330
[train] epoch 8/10 train_loss=0.2572 val_loss=1.0036 pooled_val_f1_micro=0.7097
[train] epoch 9/10 train_loss=0.2453 val_loss=0.9556 pooled_val_f1_micro=0.6384
[train] epoch 10/10 train_loss=0.2304 val_loss=0.9394 pooled_val_f1_micro=0.7372
[train] done bert_base seed=45 best_val_f1=0.7570 best_epoch=4 epochs_run=10
[benchmark] evaluating /lus/lfs1aip2/projects/b5ac/project_1/data/10_recipe_sweep_and_training/lr1e5_sidecheck/checkpoints/bert_base/seed_45/best: BioRED=14395 DrugProt=0 gdis=9769 gd_combined=4626 (DrugProt holdout unavailable; combined=BioRED gene-drug only)
[benchmark] done gdis=0.7808 gd_combined=0.6305 gd_biored=0.6305 gd_drugprot=nan overall=0.7412
  COMPLETE BERT-base (bert_base) seed=45: gd_combined=0.631 gdis=0.781 best_epoch=4 pooled_val_f1=0.757 marker=/lus/lfs1aip2/projects/b5ac/project_1/data/10_recipe_sweep_and_training/lr1e5_sidecheck/results/bert_base/seed_45/matrix_complete.json

=== Step-2 matrix training complete (this job) ===
  Trained: 4, skipped (already done): 0, planned: 4

End: Sun Jun 28 21:38:54 UTC 2026
