=== 1e-5 supplementary side-matrix training ===
Host: nid010193
SLURM_JOB_ID=5411862
SLURM_JOB_NAME=lr1e5_pubmedbert_42-43-44-45
Start: Sun Jun 28 19:30:06 UTC 2026
REPO=/home/b5ac/freddieyu.b5ac/project_1
OUTPUT_ROOT=/home/b5ac/freddieyu.b5ac/project_1/../projects/project_1
STEP_ARGS=--models pubmedbert_base --seeds 42 43 44 45
Side output: /home/b5ac/freddieyu.b5ac/project_1/../projects/project_1/data/10_recipe_sweep_and_training/lr1e5_sidecheck/
Main matrix (untouched): /home/b5ac/freddieyu.b5ac/project_1/../projects/project_1/data/10_recipe_sweep_and_training/matrix/

=== 1e-5 side-matrix training ===
Recipe: lr=1e-05, warmup=none
Output: /lus/lfs1aip2/projects/b5ac/project_1/data/10_recipe_sweep_and_training/lr1e5_sidecheck


=== Step-2 matrix training ===
Recipe: lr=1e-05, warmup=none (checkpoint criterion=pooled_val_f1_micro)
Encoders (1): ['pubmedbert_base']
Seeds (4): [42, 43, 44, 45]
Planned runs this job: 4


=== Estimated checkpoint footprint (rough) ===
  Runs: 1 encoders x 4 seeds = 4
  Assumed ~10 epochs/run; epoch ckpt ~220 MiB (fp16); best ckpt ~440 MiB (fp32)
  Per run ~2640 MiB; total ~10.3 GiB
  MAX_EPOCH_CHECKPOINTS_TO_KEEP=None (None = keep all epoch checkpoints)

[benchmark] building BioRED test examples...
[benchmark] built 14395 BioRED test examples (leaked PMIDs excluded)
[benchmark] building DrugProt test examples...
[benchmark] DrugProt: no labeled public test split in BigBio (splits=['train', 'validation', 'test_background']; test_background is unlabeled). Skipping DrugProt holdout benchmark; gene-drug combined uses BioRED test only.
  RUN START PubMedBERT-base (pubmedbert_base) seed=42 [1/4 in this job]
[train] start pubmedbert_base seed=42 lr=1e-05 warmup=none hf=microsoft/BiomedNLP-PubMedBERT-base-uncased-abstract-fulltext train=24000 val=25311 (pooled BioRED+DrugProt) -> /lus/lfs1aip2/projects/b5ac/project_1/data/10_recipe_sweep_and_training/lr1e5_sidecheck/checkpoints/pubmedbert_base/seed_42
[train] device=cuda batch_size=16 max_epochs=10
Some weights of BertForSequenceClassification were not initialized from the model checkpoint at microsoft/BiomedNLP-PubMedBERT-base-uncased-abstract-fulltext and are newly initialized: ['classifier.bias', 'classifier.weight']
You should probably TRAIN this model on a down-stream task to be able to use it for predictions and inference.
[train] epoch 1/10 train_loss=0.5058 val_loss=0.5027 pooled_val_f1_micro=0.7708
[train] new best pooled_val_f1_micro=0.7708 at epoch 1 -> /lus/lfs1aip2/projects/b5ac/project_1/data/10_recipe_sweep_and_training/lr1e5_sidecheck/checkpoints/pubmedbert_base/seed_42/best
[train] epoch 2/10 train_loss=0.3401 val_loss=0.6853 pooled_val_f1_micro=0.6963
[train] epoch 3/10 train_loss=0.2704 val_loss=0.6438 pooled_val_f1_micro=0.7575
[train] epoch 4/10 train_loss=0.2323 val_loss=0.7082 pooled_val_f1_micro=0.7626
[train] epoch 5/10 train_loss=0.2034 val_loss=0.6674 pooled_val_f1_micro=0.7973
[train] new best pooled_val_f1_micro=0.7973 at epoch 5 -> /lus/lfs1aip2/projects/b5ac/project_1/data/10_recipe_sweep_and_training/lr1e5_sidecheck/checkpoints/pubmedbert_base/seed_42/best
[train] epoch 6/10 train_loss=0.1867 val_loss=0.7667 pooled_val_f1_micro=0.7617
[train] epoch 7/10 train_loss=0.1723 val_loss=0.8180 pooled_val_f1_micro=0.7764
[train] epoch 8/10 train_loss=0.1611 val_loss=0.8703 pooled_val_f1_micro=0.7798
[train] epoch 9/10 train_loss=0.1558 val_loss=0.8319 pooled_val_f1_micro=0.8035
[train] new best pooled_val_f1_micro=0.8035 at epoch 9 -> /lus/lfs1aip2/projects/b5ac/project_1/data/10_recipe_sweep_and_training/lr1e5_sidecheck/checkpoints/pubmedbert_base/seed_42/best
[train] epoch 10/10 train_loss=0.1453 val_loss=0.9028 pooled_val_f1_micro=0.7887
[train] done pubmedbert_base seed=42 best_val_f1=0.8035 best_epoch=9 epochs_run=10
[benchmark] evaluating /lus/lfs1aip2/projects/b5ac/project_1/data/10_recipe_sweep_and_training/lr1e5_sidecheck/checkpoints/pubmedbert_base/seed_42/best: BioRED=14395 DrugProt=0 gdis=9769 gd_combined=4626 (DrugProt holdout unavailable; combined=BioRED gene-drug only)
[benchmark] done gdis=0.7970 gd_combined=0.6375 gd_biored=0.6375 gd_drugprot=nan overall=0.7547
  COMPLETE PubMedBERT-base (pubmedbert_base) seed=42: gd_combined=0.637 gdis=0.797 best_epoch=9 pooled_val_f1=0.804 marker=/lus/lfs1aip2/projects/b5ac/project_1/data/10_recipe_sweep_and_training/lr1e5_sidecheck/results/pubmedbert_base/seed_42/matrix_complete.json
  RUN START PubMedBERT-base (pubmedbert_base) seed=43 [2/4 in this job]
[train] start pubmedbert_base seed=43 lr=1e-05 warmup=none hf=microsoft/BiomedNLP-PubMedBERT-base-uncased-abstract-fulltext train=24000 val=25311 (pooled BioRED+DrugProt) -> /lus/lfs1aip2/projects/b5ac/project_1/data/10_recipe_sweep_and_training/lr1e5_sidecheck/checkpoints/pubmedbert_base/seed_43
[train] device=cuda batch_size=16 max_epochs=10
Some weights of BertForSequenceClassification were not initialized from the model checkpoint at microsoft/BiomedNLP-PubMedBERT-base-uncased-abstract-fulltext and are newly initialized: ['classifier.bias', 'classifier.weight']
You should probably TRAIN this model on a down-stream task to be able to use it for predictions and inference.
[train] epoch 1/10 train_loss=0.5127 val_loss=0.5340 pooled_val_f1_micro=0.7525
[train] new best pooled_val_f1_micro=0.7525 at epoch 1 -> /lus/lfs1aip2/projects/b5ac/project_1/data/10_recipe_sweep_and_training/lr1e5_sidecheck/checkpoints/pubmedbert_base/seed_43/best
[train] epoch 2/10 train_loss=0.3483 val_loss=0.7465 pooled_val_f1_micro=0.7308
[train] epoch 3/10 train_loss=0.2780 val_loss=0.6948 pooled_val_f1_micro=0.7446
[train] epoch 4/10 train_loss=0.2358 val_loss=0.6249 pooled_val_f1_micro=0.7776
[train] new best pooled_val_f1_micro=0.7776 at epoch 4 -> /lus/lfs1aip2/projects/b5ac/project_1/data/10_recipe_sweep_and_training/lr1e5_sidecheck/checkpoints/pubmedbert_base/seed_43/best
[train] epoch 5/10 train_loss=0.2048 val_loss=0.7711 pooled_val_f1_micro=0.7338
[train] epoch 6/10 train_loss=0.1863 val_loss=0.6618 pooled_val_f1_micro=0.7904
[train] new best pooled_val_f1_micro=0.7904 at epoch 6 -> /lus/lfs1aip2/projects/b5ac/project_1/data/10_recipe_sweep_and_training/lr1e5_sidecheck/checkpoints/pubmedbert_base/seed_43/best
[train] epoch 7/10 train_loss=0.1718 val_loss=0.9484 pooled_val_f1_micro=0.7603
[train] epoch 8/10 train_loss=0.1590 val_loss=0.9438 pooled_val_f1_micro=0.7599
[train] epoch 9/10 train_loss=0.1567 val_loss=0.9040 pooled_val_f1_micro=0.7562
[train] epoch 10/10 train_loss=0.1477 val_loss=0.8786 pooled_val_f1_micro=0.7676
[train] done pubmedbert_base seed=43 best_val_f1=0.7904 best_epoch=6 epochs_run=10
[benchmark] evaluating /lus/lfs1aip2/projects/b5ac/project_1/data/10_recipe_sweep_and_training/lr1e5_sidecheck/checkpoints/pubmedbert_base/seed_43/best: BioRED=14395 DrugProt=0 gdis=9769 gd_combined=4626 (DrugProt holdout unavailable; combined=BioRED gene-drug only)
[benchmark] done gdis=0.7751 gd_combined=0.6687 gd_biored=0.6687 gd_drugprot=nan overall=0.7457
  COMPLETE PubMedBERT-base (pubmedbert_base) seed=43: gd_combined=0.669 gdis=0.775 best_epoch=6 pooled_val_f1=0.790 marker=/lus/lfs1aip2/projects/b5ac/project_1/data/10_recipe_sweep_and_training/lr1e5_sidecheck/results/pubmedbert_base/seed_43/matrix_complete.json
  RUN START PubMedBERT-base (pubmedbert_base) seed=44 [3/4 in this job]
[train] start pubmedbert_base seed=44 lr=1e-05 warmup=none hf=microsoft/BiomedNLP-PubMedBERT-base-uncased-abstract-fulltext train=24000 val=25311 (pooled BioRED+DrugProt) -> /lus/lfs1aip2/projects/b5ac/project_1/data/10_recipe_sweep_and_training/lr1e5_sidecheck/checkpoints/pubmedbert_base/seed_44
[train] device=cuda batch_size=16 max_epochs=10
Some weights of BertForSequenceClassification were not initialized from the model checkpoint at microsoft/BiomedNLP-PubMedBERT-base-uncased-abstract-fulltext and are newly initialized: ['classifier.bias', 'classifier.weight']
You should probably TRAIN this model on a down-stream task to be able to use it for predictions and inference.
[train] epoch 1/10 train_loss=0.5203 val_loss=0.5161 pooled_val_f1_micro=0.7760
[train] new best pooled_val_f1_micro=0.7760 at epoch 1 -> /lus/lfs1aip2/projects/b5ac/project_1/data/10_recipe_sweep_and_training/lr1e5_sidecheck/checkpoints/pubmedbert_base/seed_44/best
[train] epoch 2/10 train_loss=0.3507 val_loss=0.5329 pooled_val_f1_micro=0.7666
[train] epoch 3/10 train_loss=0.2786 val_loss=0.5999 pooled_val_f1_micro=0.7871
[train] new best pooled_val_f1_micro=0.7871 at epoch 3 -> /lus/lfs1aip2/projects/b5ac/project_1/data/10_recipe_sweep_and_training/lr1e5_sidecheck/checkpoints/pubmedbert_base/seed_44/best
[train] epoch 4/10 train_loss=0.2384 val_loss=0.7960 pooled_val_f1_micro=0.7520
[train] epoch 5/10 train_loss=0.2054 val_loss=0.7125 pooled_val_f1_micro=0.7611
[train] epoch 6/10 train_loss=0.1871 val_loss=0.7212 pooled_val_f1_micro=0.7994
[train] new best pooled_val_f1_micro=0.7994 at epoch 6 -> /lus/lfs1aip2/projects/b5ac/project_1/data/10_recipe_sweep_and_training/lr1e5_sidecheck/checkpoints/pubmedbert_base/seed_44/best
[train] epoch 7/10 train_loss=0.1748 val_loss=0.9110 pooled_val_f1_micro=0.7169
[train] epoch 8/10 train_loss=0.1664 val_loss=0.9439 pooled_val_f1_micro=0.7636
[train] epoch 9/10 train_loss=0.1565 val_loss=0.9049 pooled_val_f1_micro=0.7875
[train] epoch 10/10 train_loss=0.1503 val_loss=0.9712 pooled_val_f1_micro=0.7499
[train] done pubmedbert_base seed=44 best_val_f1=0.7994 best_epoch=6 epochs_run=10
[benchmark] evaluating /lus/lfs1aip2/projects/b5ac/project_1/data/10_recipe_sweep_and_training/lr1e5_sidecheck/checkpoints/pubmedbert_base/seed_44/best: BioRED=14395 DrugProt=0 gdis=9769 gd_combined=4626 (DrugProt holdout unavailable; combined=BioRED gene-drug only)
[benchmark] done gdis=0.7824 gd_combined=0.6592 gd_biored=0.6592 gd_drugprot=nan overall=0.7487
  COMPLETE PubMedBERT-base (pubmedbert_base) seed=44: gd_combined=0.659 gdis=0.782 best_epoch=6 pooled_val_f1=0.799 marker=/lus/lfs1aip2/projects/b5ac/project_1/data/10_recipe_sweep_and_training/lr1e5_sidecheck/results/pubmedbert_base/seed_44/matrix_complete.json
  RUN START PubMedBERT-base (pubmedbert_base) seed=45 [4/4 in this job]
[train] start pubmedbert_base seed=45 lr=1e-05 warmup=none hf=microsoft/BiomedNLP-PubMedBERT-base-uncased-abstract-fulltext train=24000 val=25311 (pooled BioRED+DrugProt) -> /lus/lfs1aip2/projects/b5ac/project_1/data/10_recipe_sweep_and_training/lr1e5_sidecheck/checkpoints/pubmedbert_base/seed_45
[train] device=cuda batch_size=16 max_epochs=10
Some weights of BertForSequenceClassification were not initialized from the model checkpoint at microsoft/BiomedNLP-PubMedBERT-base-uncased-abstract-fulltext and are newly initialized: ['classifier.bias', 'classifier.weight']
You should probably TRAIN this model on a down-stream task to be able to use it for predictions and inference.
[train] epoch 1/10 train_loss=0.4997 val_loss=0.4957 pooled_val_f1_micro=0.7551
[train] new best pooled_val_f1_micro=0.7551 at epoch 1 -> /lus/lfs1aip2/projects/b5ac/project_1/data/10_recipe_sweep_and_training/lr1e5_sidecheck/checkpoints/pubmedbert_base/seed_45/best
[train] epoch 2/10 train_loss=0.3339 val_loss=0.4975 pooled_val_f1_micro=0.7803
[train] new best pooled_val_f1_micro=0.7803 at epoch 2 -> /lus/lfs1aip2/projects/b5ac/project_1/data/10_recipe_sweep_and_training/lr1e5_sidecheck/checkpoints/pubmedbert_base/seed_45/best
[train] epoch 3/10 train_loss=0.2657 val_loss=0.6108 pooled_val_f1_micro=0.7703
[train] epoch 4/10 train_loss=0.2252 val_loss=0.7315 pooled_val_f1_micro=0.7820
[train] new best pooled_val_f1_micro=0.7820 at epoch 4 -> /lus/lfs1aip2/projects/b5ac/project_1/data/10_recipe_sweep_and_training/lr1e5_sidecheck/checkpoints/pubmedbert_base/seed_45/best
[train] epoch 5/10 train_loss=0.1996 val_loss=0.7270 pooled_val_f1_micro=0.7826
[train] new best pooled_val_f1_micro=0.7826 at epoch 5 -> /lus/lfs1aip2/projects/b5ac/project_1/data/10_recipe_sweep_and_training/lr1e5_sidecheck/checkpoints/pubmedbert_base/seed_45/best
[train] epoch 6/10 train_loss=0.1813 val_loss=0.8141 pooled_val_f1_micro=0.7726
[train] epoch 7/10 train_loss=0.1728 val_loss=0.9669 pooled_val_f1_micro=0.7560
[train] epoch 8/10 train_loss=0.1591 val_loss=1.0759 pooled_val_f1_micro=0.7217
[train] epoch 9/10 train_loss=0.1542 val_loss=1.0805 pooled_val_f1_micro=0.7389
[train] epoch 10/10 train_loss=0.1463 val_loss=1.0329 pooled_val_f1_micro=0.7681
[train] done pubmedbert_base seed=45 best_val_f1=0.7826 best_epoch=5 epochs_run=10
[benchmark] evaluating /lus/lfs1aip2/projects/b5ac/project_1/data/10_recipe_sweep_and_training/lr1e5_sidecheck/checkpoints/pubmedbert_base/seed_45/best: BioRED=14395 DrugProt=0 gdis=9769 gd_combined=4626 (DrugProt holdout unavailable; combined=BioRED gene-drug only)
[benchmark] done gdis=0.7970 gd_combined=0.6073 gd_biored=0.6073 gd_drugprot=nan overall=0.7472
  COMPLETE PubMedBERT-base (pubmedbert_base) seed=45: gd_combined=0.607 gdis=0.797 best_epoch=5 pooled_val_f1=0.783 marker=/lus/lfs1aip2/projects/b5ac/project_1/data/10_recipe_sweep_and_training/lr1e5_sidecheck/results/pubmedbert_base/seed_45/matrix_complete.json

=== Step-2 matrix training complete (this job) ===
  Trained: 4, skipped (already done): 0, planned: 4

End: Sun Jun 28 21:39:02 UTC 2026
