=== 1e-5 supplementary side-matrix training ===
Host: nid011101
SLURM_JOB_ID=5411867
SLURM_JOB_NAME=lr1e5_biolinkbert_46-47-48-49
Start: Sun Jun 28 19:30:06 UTC 2026
REPO=/home/b5ac/freddieyu.b5ac/project_1
OUTPUT_ROOT=/home/b5ac/freddieyu.b5ac/project_1/../projects/project_1
STEP_ARGS=--models biolinkbert_base --seeds 46 47 48 49
Side output: /home/b5ac/freddieyu.b5ac/project_1/../projects/project_1/data/10_recipe_sweep_and_training/lr1e5_sidecheck/
Main matrix (untouched): /home/b5ac/freddieyu.b5ac/project_1/../projects/project_1/data/10_recipe_sweep_and_training/matrix/

=== 1e-5 side-matrix training ===
Recipe: lr=1e-05, warmup=none
Output: /lus/lfs1aip2/projects/b5ac/project_1/data/10_recipe_sweep_and_training/lr1e5_sidecheck


=== Step-2 matrix training ===
Recipe: lr=1e-05, warmup=none (checkpoint criterion=pooled_val_f1_micro)
Encoders (1): ['biolinkbert_base']
Seeds (4): [46, 47, 48, 49]
Planned runs this job: 4


=== Estimated checkpoint footprint (rough) ===
  Runs: 1 encoders x 4 seeds = 4
  Assumed ~10 epochs/run; epoch ckpt ~220 MiB (fp16); best ckpt ~440 MiB (fp32)
  Per run ~2640 MiB; total ~10.3 GiB
  MAX_EPOCH_CHECKPOINTS_TO_KEEP=None (None = keep all epoch checkpoints)

[benchmark] building BioRED test examples...
[benchmark] built 14395 BioRED test examples (leaked PMIDs excluded)
[benchmark] building DrugProt test examples...
[benchmark] DrugProt: no labeled public test split in BigBio (splits=['train', 'validation', 'test_background']; test_background is unlabeled). Skipping DrugProt holdout benchmark; gene-drug combined uses BioRED test only.
  RUN START BioLinkBERT-base (biolinkbert_base) seed=46 [1/4 in this job]
[train] start biolinkbert_base seed=46 lr=1e-05 warmup=none hf=michiyasunaga/BioLinkBERT-base train=24000 val=25311 (pooled BioRED+DrugProt) -> /lus/lfs1aip2/projects/b5ac/project_1/data/10_recipe_sweep_and_training/lr1e5_sidecheck/checkpoints/biolinkbert_base/seed_46
[train] device=cuda batch_size=16 max_epochs=10
Some weights of BertForSequenceClassification were not initialized from the model checkpoint at michiyasunaga/BioLinkBERT-base and are newly initialized: ['classifier.bias', 'classifier.weight']
You should probably TRAIN this model on a down-stream task to be able to use it for predictions and inference.
[train] epoch 1/10 train_loss=0.4929 val_loss=0.4655 pooled_val_f1_micro=0.7978
[train] new best pooled_val_f1_micro=0.7978 at epoch 1 -> /lus/lfs1aip2/projects/b5ac/project_1/data/10_recipe_sweep_and_training/lr1e5_sidecheck/checkpoints/biolinkbert_base/seed_46/best
[train] epoch 2/10 train_loss=0.3278 val_loss=0.5309 pooled_val_f1_micro=0.7765
[train] epoch 3/10 train_loss=0.2581 val_loss=0.6583 pooled_val_f1_micro=0.7921
[train] epoch 4/10 train_loss=0.2188 val_loss=0.6739 pooled_val_f1_micro=0.7844
[train] epoch 5/10 train_loss=0.1927 val_loss=0.7129 pooled_val_f1_micro=0.7837
[train] epoch 6/10 train_loss=0.1755 val_loss=0.8510 pooled_val_f1_micro=0.7500
[train] epoch 7/10 train_loss=0.1654 val_loss=0.8747 pooled_val_f1_micro=0.7654
[train] epoch 8/10 train_loss=0.1574 val_loss=0.8600 pooled_val_f1_micro=0.7845
[train] epoch 9/10 train_loss=0.1461 val_loss=0.8973 pooled_val_f1_micro=0.7852
[train] epoch 10/10 train_loss=0.1453 val_loss=0.8099 pooled_val_f1_micro=0.7470
[train] done biolinkbert_base seed=46 best_val_f1=0.7978 best_epoch=1 epochs_run=10
[benchmark] evaluating /lus/lfs1aip2/projects/b5ac/project_1/data/10_recipe_sweep_and_training/lr1e5_sidecheck/checkpoints/biolinkbert_base/seed_46/best: BioRED=14395 DrugProt=0 gdis=9769 gd_combined=4626 (DrugProt holdout unavailable; combined=BioRED gene-drug only)
[benchmark] done gdis=0.7913 gd_combined=0.6788 gd_biored=0.6788 gd_drugprot=nan overall=0.7599
  COMPLETE BioLinkBERT-base (biolinkbert_base) seed=46: gd_combined=0.679 gdis=0.791 best_epoch=1 pooled_val_f1=0.798 marker=/lus/lfs1aip2/projects/b5ac/project_1/data/10_recipe_sweep_and_training/lr1e5_sidecheck/results/biolinkbert_base/seed_46/matrix_complete.json
  RUN START BioLinkBERT-base (biolinkbert_base) seed=47 [2/4 in this job]
[train] start biolinkbert_base seed=47 lr=1e-05 warmup=none hf=michiyasunaga/BioLinkBERT-base train=24000 val=25311 (pooled BioRED+DrugProt) -> /lus/lfs1aip2/projects/b5ac/project_1/data/10_recipe_sweep_and_training/lr1e5_sidecheck/checkpoints/biolinkbert_base/seed_47
[train] device=cuda batch_size=16 max_epochs=10
Some weights of BertForSequenceClassification were not initialized from the model checkpoint at michiyasunaga/BioLinkBERT-base and are newly initialized: ['classifier.bias', 'classifier.weight']
You should probably TRAIN this model on a down-stream task to be able to use it for predictions and inference.
[train] epoch 1/10 train_loss=0.5091 val_loss=0.4968 pooled_val_f1_micro=0.7554
[train] new best pooled_val_f1_micro=0.7554 at epoch 1 -> /lus/lfs1aip2/projects/b5ac/project_1/data/10_recipe_sweep_and_training/lr1e5_sidecheck/checkpoints/biolinkbert_base/seed_47/best
[train] epoch 2/10 train_loss=0.3434 val_loss=0.5963 pooled_val_f1_micro=0.7576
[train] new best pooled_val_f1_micro=0.7576 at epoch 2 -> /lus/lfs1aip2/projects/b5ac/project_1/data/10_recipe_sweep_and_training/lr1e5_sidecheck/checkpoints/biolinkbert_base/seed_47/best
[train] epoch 3/10 train_loss=0.2730 val_loss=0.6479 pooled_val_f1_micro=0.7798
[train] new best pooled_val_f1_micro=0.7798 at epoch 3 -> /lus/lfs1aip2/projects/b5ac/project_1/data/10_recipe_sweep_and_training/lr1e5_sidecheck/checkpoints/biolinkbert_base/seed_47/best
[train] epoch 4/10 train_loss=0.2333 val_loss=0.6704 pooled_val_f1_micro=0.7916
[train] new best pooled_val_f1_micro=0.7916 at epoch 4 -> /lus/lfs1aip2/projects/b5ac/project_1/data/10_recipe_sweep_and_training/lr1e5_sidecheck/checkpoints/biolinkbert_base/seed_47/best
[train] epoch 5/10 train_loss=0.2035 val_loss=0.7632 pooled_val_f1_micro=0.7738
[train] epoch 6/10 train_loss=0.1817 val_loss=0.7933 pooled_val_f1_micro=0.7603
[train] epoch 7/10 train_loss=0.1718 val_loss=0.9176 pooled_val_f1_micro=0.7489
[train] epoch 8/10 train_loss=0.1590 val_loss=0.8803 pooled_val_f1_micro=0.7130
[train] epoch 9/10 train_loss=0.1519 val_loss=0.9768 pooled_val_f1_micro=0.7289
[train] epoch 10/10 train_loss=0.1484 val_loss=0.9191 pooled_val_f1_micro=0.7690
[train] done biolinkbert_base seed=47 best_val_f1=0.7916 best_epoch=4 epochs_run=10
[benchmark] evaluating /lus/lfs1aip2/projects/b5ac/project_1/data/10_recipe_sweep_and_training/lr1e5_sidecheck/checkpoints/biolinkbert_base/seed_47/best: BioRED=14395 DrugProt=0 gdis=9769 gd_combined=4626 (DrugProt holdout unavailable; combined=BioRED gene-drug only)
[benchmark] done gdis=0.8039 gd_combined=0.6391 gd_biored=0.6391 gd_drugprot=nan overall=0.7609
  COMPLETE BioLinkBERT-base (biolinkbert_base) seed=47: gd_combined=0.639 gdis=0.804 best_epoch=4 pooled_val_f1=0.792 marker=/lus/lfs1aip2/projects/b5ac/project_1/data/10_recipe_sweep_and_training/lr1e5_sidecheck/results/biolinkbert_base/seed_47/matrix_complete.json
  RUN START BioLinkBERT-base (biolinkbert_base) seed=48 [3/4 in this job]
[train] start biolinkbert_base seed=48 lr=1e-05 warmup=none hf=michiyasunaga/BioLinkBERT-base train=24000 val=25311 (pooled BioRED+DrugProt) -> /lus/lfs1aip2/projects/b5ac/project_1/data/10_recipe_sweep_and_training/lr1e5_sidecheck/checkpoints/biolinkbert_base/seed_48
[train] device=cuda batch_size=16 max_epochs=10
Some weights of BertForSequenceClassification were not initialized from the model checkpoint at michiyasunaga/BioLinkBERT-base and are newly initialized: ['classifier.bias', 'classifier.weight']
You should probably TRAIN this model on a down-stream task to be able to use it for predictions and inference.
[train] epoch 1/10 train_loss=0.5029 val_loss=0.5304 pooled_val_f1_micro=0.7650
[train] new best pooled_val_f1_micro=0.7650 at epoch 1 -> /lus/lfs1aip2/projects/b5ac/project_1/data/10_recipe_sweep_and_training/lr1e5_sidecheck/checkpoints/biolinkbert_base/seed_48/best
[train] epoch 2/10 train_loss=0.3320 val_loss=0.5405 pooled_val_f1_micro=0.7769
[train] new best pooled_val_f1_micro=0.7769 at epoch 2 -> /lus/lfs1aip2/projects/b5ac/project_1/data/10_recipe_sweep_and_training/lr1e5_sidecheck/checkpoints/biolinkbert_base/seed_48/best
[train] epoch 3/10 train_loss=0.2652 val_loss=0.6675 pooled_val_f1_micro=0.7514
[train] epoch 4/10 train_loss=0.2185 val_loss=0.6766 pooled_val_f1_micro=0.7920
[train] new best pooled_val_f1_micro=0.7920 at epoch 4 -> /lus/lfs1aip2/projects/b5ac/project_1/data/10_recipe_sweep_and_training/lr1e5_sidecheck/checkpoints/biolinkbert_base/seed_48/best
[train] epoch 5/10 train_loss=0.1955 val_loss=0.7122 pooled_val_f1_micro=0.7771
[train] epoch 6/10 train_loss=0.1803 val_loss=0.8001 pooled_val_f1_micro=0.7567
[train] epoch 7/10 train_loss=0.1689 val_loss=0.8582 pooled_val_f1_micro=0.7785
[train] epoch 8/10 train_loss=0.1604 val_loss=1.0006 pooled_val_f1_micro=0.6844
[train] epoch 9/10 train_loss=0.1511 val_loss=0.9871 pooled_val_f1_micro=0.7420
[train] epoch 10/10 train_loss=0.1474 val_loss=0.9979 pooled_val_f1_micro=0.7533
[train] done biolinkbert_base seed=48 best_val_f1=0.7920 best_epoch=4 epochs_run=10
[benchmark] evaluating /lus/lfs1aip2/projects/b5ac/project_1/data/10_recipe_sweep_and_training/lr1e5_sidecheck/checkpoints/biolinkbert_base/seed_48/best: BioRED=14395 DrugProt=0 gdis=9769 gd_combined=4626 (DrugProt holdout unavailable; combined=BioRED gene-drug only)
[benchmark] done gdis=0.7961 gd_combined=0.6350 gd_biored=0.6350 gd_drugprot=nan overall=0.7545
  COMPLETE BioLinkBERT-base (biolinkbert_base) seed=48: gd_combined=0.635 gdis=0.796 best_epoch=4 pooled_val_f1=0.792 marker=/lus/lfs1aip2/projects/b5ac/project_1/data/10_recipe_sweep_and_training/lr1e5_sidecheck/results/biolinkbert_base/seed_48/matrix_complete.json
  RUN START BioLinkBERT-base (biolinkbert_base) seed=49 [4/4 in this job]
[train] start biolinkbert_base seed=49 lr=1e-05 warmup=none hf=michiyasunaga/BioLinkBERT-base train=24000 val=25311 (pooled BioRED+DrugProt) -> /lus/lfs1aip2/projects/b5ac/project_1/data/10_recipe_sweep_and_training/lr1e5_sidecheck/checkpoints/biolinkbert_base/seed_49
[train] device=cuda batch_size=16 max_epochs=10
Some weights of BertForSequenceClassification were not initialized from the model checkpoint at michiyasunaga/BioLinkBERT-base and are newly initialized: ['classifier.bias', 'classifier.weight']
You should probably TRAIN this model on a down-stream task to be able to use it for predictions and inference.
[train] epoch 1/10 train_loss=0.4926 val_loss=0.5032 pooled_val_f1_micro=0.7651
[train] new best pooled_val_f1_micro=0.7651 at epoch 1 -> /lus/lfs1aip2/projects/b5ac/project_1/data/10_recipe_sweep_and_training/lr1e5_sidecheck/checkpoints/biolinkbert_base/seed_49/best
[train] epoch 2/10 train_loss=0.3389 val_loss=0.5754 pooled_val_f1_micro=0.7446
[train] epoch 3/10 train_loss=0.2665 val_loss=0.6495 pooled_val_f1_micro=0.7536
[train] epoch 4/10 train_loss=0.2263 val_loss=0.7084 pooled_val_f1_micro=0.7508
[train] epoch 5/10 train_loss=0.1958 val_loss=0.7431 pooled_val_f1_micro=0.7828
[train] new best pooled_val_f1_micro=0.7828 at epoch 5 -> /lus/lfs1aip2/projects/b5ac/project_1/data/10_recipe_sweep_and_training/lr1e5_sidecheck/checkpoints/biolinkbert_base/seed_49/best
[train] epoch 6/10 train_loss=0.1770 val_loss=0.8361 pooled_val_f1_micro=0.7505
[train] epoch 7/10 train_loss=0.1647 val_loss=0.8889 pooled_val_f1_micro=0.7511
[train] epoch 8/10 train_loss=0.1546 val_loss=0.9044 pooled_val_f1_micro=0.7711
[train] epoch 9/10 train_loss=0.1479 val_loss=0.9006 pooled_val_f1_micro=0.7844
[train] new best pooled_val_f1_micro=0.7844 at epoch 9 -> /lus/lfs1aip2/projects/b5ac/project_1/data/10_recipe_sweep_and_training/lr1e5_sidecheck/checkpoints/biolinkbert_base/seed_49/best
[train] epoch 10/10 train_loss=0.1436 val_loss=0.9812 pooled_val_f1_micro=0.7551
[train] done biolinkbert_base seed=49 best_val_f1=0.7844 best_epoch=9 epochs_run=10
[benchmark] evaluating /lus/lfs1aip2/projects/b5ac/project_1/data/10_recipe_sweep_and_training/lr1e5_sidecheck/checkpoints/biolinkbert_base/seed_49/best: BioRED=14395 DrugProt=0 gdis=9769 gd_combined=4626 (DrugProt holdout unavailable; combined=BioRED gene-drug only)
[benchmark] done gdis=0.7925 gd_combined=0.6510 gd_biored=0.6510 gd_drugprot=nan overall=0.7544
  COMPLETE BioLinkBERT-base (biolinkbert_base) seed=49: gd_combined=0.651 gdis=0.792 best_epoch=9 pooled_val_f1=0.784 marker=/lus/lfs1aip2/projects/b5ac/project_1/data/10_recipe_sweep_and_training/lr1e5_sidecheck/results/biolinkbert_base/seed_49/matrix_complete.json

=== Step-2 matrix training complete (this job) ===
  Trained: 4, skipped (already done): 0, planned: 4

End: Sun Jun 28 21:35:55 UTC 2026
