=== Step 2: full-matrix training ===
Host: nid010430
SLURM_JOB_ID=5060063
SLURM_JOB_NAME=step2_biobert_base
Start: Fri Jun  5 21:37:21 UTC 2026
REPO=/home/b5ac/freddieyu.b5ac/project_1
OUTPUT_ROOT=/home/b5ac/freddieyu.b5ac/project_1/../projects/project_1
STEP_ARGS=--models biobert_base
Log: /home/b5ac/freddieyu.b5ac/project_1/../projects/project_1/runs/10_recipe_sweep_and_training/train_5060063.out
Ensure CHOSEN_RECIPE is set in config.py (not None) before submitting.
=== Recipe sweep and training 2026-06-05T21:37:24.752743 ===
[run] mode=train-only (step 2)
[run] model filter: ['biobert_base']

=== Step-2 matrix training ===
Recipe: lr=1e-05, warmup=none (checkpoint criterion=val_f1)
Encoders (1): ['biobert_base']
Seeds (8): [42, 43, 44, 45, 46, 47, 48, 49]
Planned runs this job: 8


=== Estimated checkpoint footprint (rough) ===
  Runs: 1 encoders x 8 seeds = 8
  Assumed ~7 epochs/run; epoch ckpt ~220 MiB (fp16); best ckpt ~440 MiB (fp32)
  Per run ~1980 MiB; total ~15.5 GiB
  MAX_EPOCH_CHECKPOINTS_TO_KEEP=None (None = keep all epoch checkpoints)

[benchmark] building BioRED test examples...
[benchmark] built 14395 test examples (leaked PMIDs excluded)
  RUN START BioBERT-base (biobert_base) seed=42 [1/8 in this job]
[train] start biobert_base seed=42 lr=1e-05 warmup=none train=24000 val=25311 -> /lus/lfs1aip2/projects/b5ac/project_1/data/10_recipe_sweep_and_training/matrix/checkpoints/biobert_base/seed_42
[train] device=cuda batch_size=16 max_epochs=10
Some weights of BertForSequenceClassification were not initialized from the model checkpoint at dmis-lab/biobert-base-cased-v1.2 and are newly initialized: ['classifier.bias', 'classifier.weight']
You should probably TRAIN this model on a down-stream task to be able to use it for predictions and inference.
[train] epoch 1/10 train_loss=0.6100 val_loss=0.6506 val_f1=0.6445 patience=0/3
[train] new best val_f1=0.6445 at epoch 1 -> /lus/lfs1aip2/projects/b5ac/project_1/data/10_recipe_sweep_and_training/matrix/checkpoints/biobert_base/seed_42/best
[train] epoch 2/10 train_loss=0.5055 val_loss=0.6706 val_f1=0.4931 patience=0/3
[train] epoch 3/10 train_loss=0.4470 val_loss=0.6555 val_f1=0.6248 patience=1/3
[train] epoch 4/10 train_loss=0.4033 val_loss=0.6856 val_f1=0.6547 patience=2/3
[train] new best val_f1=0.6547 at epoch 4 -> /lus/lfs1aip2/projects/b5ac/project_1/data/10_recipe_sweep_and_training/matrix/checkpoints/biobert_base/seed_42/best
[train] epoch 5/10 train_loss=0.3706 val_loss=0.8375 val_f1=0.6283 patience=0/3
[train] epoch 6/10 train_loss=0.3427 val_loss=0.8278 val_f1=0.6151 patience=1/3
[train] epoch 7/10 train_loss=0.3165 val_loss=0.8364 val_f1=0.5815 patience=2/3
[train] early stop at epoch 7 (no val_f1 improvement for 3 epochs)
[train] done biobert_base seed=42 best_val_f1=0.6547 best_epoch=4 epochs_run=7
[benchmark] evaluating /lus/lfs1aip2/projects/b5ac/project_1/data/10_recipe_sweep_and_training/matrix/checkpoints/biobert_base/seed_42/best on 14395 BioRED test examples
[benchmark] batch 1/450 examples=32/14395
[benchmark] batch 45/450 examples=1440/14395
[benchmark] batch 90/450 examples=2880/14395
[benchmark] batch 135/450 examples=4320/14395
[benchmark] batch 180/450 examples=5760/14395
[benchmark] batch 225/450 examples=7200/14395
[benchmark] batch 270/450 examples=8640/14395
[benchmark] batch 315/450 examples=10080/14395
[benchmark] batch 360/450 examples=11520/14395
[benchmark] batch 405/450 examples=12960/14395
[benchmark] batch 450/450 examples=14395/14395
[benchmark] done f1=0.7194 precision=0.7422 recall=0.6980 n_positives=8875
  COMPLETE BioBERT-base (biobert_base) seed=42: benchmark_f1=0.719 best_epoch=4 marker=/lus/lfs1aip2/projects/b5ac/project_1/data/10_recipe_sweep_and_training/matrix/results/biobert_base/seed_42/matrix_complete.json
  RUN START BioBERT-base (biobert_base) seed=43 [2/8 in this job]
[train] start biobert_base seed=43 lr=1e-05 warmup=none train=24000 val=25311 -> /lus/lfs1aip2/projects/b5ac/project_1/data/10_recipe_sweep_and_training/matrix/checkpoints/biobert_base/seed_43
[train] device=cuda batch_size=16 max_epochs=10
Some weights of BertForSequenceClassification were not initialized from the model checkpoint at dmis-lab/biobert-base-cased-v1.2 and are newly initialized: ['classifier.bias', 'classifier.weight']
You should probably TRAIN this model on a down-stream task to be able to use it for predictions and inference.
[train] epoch 1/10 train_loss=0.6035 val_loss=0.6390 val_f1=0.5075 patience=0/3
[train] new best val_f1=0.5075 at epoch 1 -> /lus/lfs1aip2/projects/b5ac/project_1/data/10_recipe_sweep_and_training/matrix/checkpoints/biobert_base/seed_43/best
[train] epoch 2/10 train_loss=0.5057 val_loss=0.6546 val_f1=0.4660 patience=0/3
[train] epoch 3/10 train_loss=0.4448 val_loss=0.6926 val_f1=0.6069 patience=1/3
[train] new best val_f1=0.6069 at epoch 3 -> /lus/lfs1aip2/projects/b5ac/project_1/data/10_recipe_sweep_and_training/matrix/checkpoints/biobert_base/seed_43/best
[train] epoch 4/10 train_loss=0.3998 val_loss=0.7521 val_f1=0.6012 patience=0/3
[train] epoch 5/10 train_loss=0.3641 val_loss=0.8903 val_f1=0.5511 patience=1/3
[train] epoch 6/10 train_loss=0.3346 val_loss=0.7877 val_f1=0.6688 patience=2/3
[train] new best val_f1=0.6688 at epoch 6 -> /lus/lfs1aip2/projects/b5ac/project_1/data/10_recipe_sweep_and_training/matrix/checkpoints/biobert_base/seed_43/best
[train] epoch 7/10 train_loss=0.3096 val_loss=0.8158 val_f1=0.6152 patience=0/3
[train] epoch 8/10 train_loss=0.2853 val_loss=0.9846 val_f1=0.5883 patience=1/3
[train] epoch 9/10 train_loss=0.2639 val_loss=0.9567 val_f1=0.6866 patience=2/3
[train] new best val_f1=0.6866 at epoch 9 -> /lus/lfs1aip2/projects/b5ac/project_1/data/10_recipe_sweep_and_training/matrix/checkpoints/biobert_base/seed_43/best
[train] epoch 10/10 train_loss=0.2467 val_loss=1.1061 val_f1=0.6177 patience=0/3
[train] done biobert_base seed=43 best_val_f1=0.6866 best_epoch=9 epochs_run=10
[benchmark] evaluating /lus/lfs1aip2/projects/b5ac/project_1/data/10_recipe_sweep_and_training/matrix/checkpoints/biobert_base/seed_43/best on 14395 BioRED test examples
[benchmark] batch 1/450 examples=32/14395
[benchmark] batch 45/450 examples=1440/14395
[benchmark] batch 90/450 examples=2880/14395
[benchmark] batch 135/450 examples=4320/14395
[benchmark] batch 180/450 examples=5760/14395
[benchmark] batch 225/450 examples=7200/14395
[benchmark] batch 270/450 examples=8640/14395
[benchmark] batch 315/450 examples=10080/14395
[benchmark] batch 360/450 examples=11520/14395
[benchmark] batch 405/450 examples=12960/14395
[benchmark] batch 450/450 examples=14395/14395
[benchmark] done f1=0.7273 precision=0.7282 recall=0.7263 n_positives=8875
  COMPLETE BioBERT-base (biobert_base) seed=43: benchmark_f1=0.727 best_epoch=9 marker=/lus/lfs1aip2/projects/b5ac/project_1/data/10_recipe_sweep_and_training/matrix/results/biobert_base/seed_43/matrix_complete.json
  RUN START BioBERT-base (biobert_base) seed=44 [3/8 in this job]
[train] start biobert_base seed=44 lr=1e-05 warmup=none train=24000 val=25311 -> /lus/lfs1aip2/projects/b5ac/project_1/data/10_recipe_sweep_and_training/matrix/checkpoints/biobert_base/seed_44
[train] device=cuda batch_size=16 max_epochs=10
Some weights of BertForSequenceClassification were not initialized from the model checkpoint at dmis-lab/biobert-base-cased-v1.2 and are newly initialized: ['classifier.bias', 'classifier.weight']
You should probably TRAIN this model on a down-stream task to be able to use it for predictions and inference.
[train] epoch 1/10 train_loss=0.5924 val_loss=0.6181 val_f1=0.5984 patience=0/3
[train] new best val_f1=0.5984 at epoch 1 -> /lus/lfs1aip2/projects/b5ac/project_1/data/10_recipe_sweep_and_training/matrix/checkpoints/biobert_base/seed_44/best
[train] epoch 2/10 train_loss=0.4895 val_loss=0.6548 val_f1=0.5840 patience=0/3
[train] epoch 3/10 train_loss=0.4269 val_loss=0.7066 val_f1=0.6732 patience=1/3
[train] new best val_f1=0.6732 at epoch 3 -> /lus/lfs1aip2/projects/b5ac/project_1/data/10_recipe_sweep_and_training/matrix/checkpoints/biobert_base/seed_44/best
[train] epoch 4/10 train_loss=0.3831 val_loss=0.7557 val_f1=0.5911 patience=0/3
[train] epoch 5/10 train_loss=0.3502 val_loss=0.7391 val_f1=0.6233 patience=1/3
[train] epoch 6/10 train_loss=0.3210 val_loss=0.7347 val_f1=0.6826 patience=2/3
[train] new best val_f1=0.6826 at epoch 6 -> /lus/lfs1aip2/projects/b5ac/project_1/data/10_recipe_sweep_and_training/matrix/checkpoints/biobert_base/seed_44/best
[train] epoch 7/10 train_loss=0.2962 val_loss=0.8113 val_f1=0.6452 patience=0/3
[train] epoch 8/10 train_loss=0.2737 val_loss=0.8743 val_f1=0.6369 patience=1/3
[train] epoch 9/10 train_loss=0.2547 val_loss=1.0146 val_f1=0.6242 patience=2/3
[train] early stop at epoch 9 (no val_f1 improvement for 3 epochs)
[train] done biobert_base seed=44 best_val_f1=0.6826 best_epoch=6 epochs_run=9
[benchmark] evaluating /lus/lfs1aip2/projects/b5ac/project_1/data/10_recipe_sweep_and_training/matrix/checkpoints/biobert_base/seed_44/best on 14395 BioRED test examples
[benchmark] batch 1/450 examples=32/14395
[benchmark] batch 45/450 examples=1440/14395
[benchmark] batch 90/450 examples=2880/14395
[benchmark] batch 135/450 examples=4320/14395
[benchmark] batch 180/450 examples=5760/14395
[benchmark] batch 225/450 examples=7200/14395
[benchmark] batch 270/450 examples=8640/14395
[benchmark] batch 315/450 examples=10080/14395
[benchmark] batch 360/450 examples=11520/14395
[benchmark] batch 405/450 examples=12960/14395
[benchmark] batch 450/450 examples=14395/14395
[benchmark] done f1=0.7743 precision=0.7374 recall=0.8151 n_positives=8875
  COMPLETE BioBERT-base (biobert_base) seed=44: benchmark_f1=0.774 best_epoch=6 marker=/lus/lfs1aip2/projects/b5ac/project_1/data/10_recipe_sweep_and_training/matrix/results/biobert_base/seed_44/matrix_complete.json
  RUN START BioBERT-base (biobert_base) seed=45 [4/8 in this job]
[train] start biobert_base seed=45 lr=1e-05 warmup=none train=24000 val=25311 -> /lus/lfs1aip2/projects/b5ac/project_1/data/10_recipe_sweep_and_training/matrix/checkpoints/biobert_base/seed_45
[train] device=cuda batch_size=16 max_epochs=10
Some weights of BertForSequenceClassification were not initialized from the model checkpoint at dmis-lab/biobert-base-cased-v1.2 and are newly initialized: ['classifier.bias', 'classifier.weight']
You should probably TRAIN this model on a down-stream task to be able to use it for predictions and inference.
[train] epoch 1/10 train_loss=0.6023 val_loss=0.6271 val_f1=0.5476 patience=0/3
[train] new best val_f1=0.5476 at epoch 1 -> /lus/lfs1aip2/projects/b5ac/project_1/data/10_recipe_sweep_and_training/matrix/checkpoints/biobert_base/seed_45/best
[train] epoch 2/10 train_loss=0.4989 val_loss=0.6259 val_f1=0.5654 patience=0/3
[train] new best val_f1=0.5654 at epoch 2 -> /lus/lfs1aip2/projects/b5ac/project_1/data/10_recipe_sweep_and_training/matrix/checkpoints/biobert_base/seed_45/best
[train] epoch 3/10 train_loss=0.4384 val_loss=0.6405 val_f1=0.5820 patience=0/3
[train] new best val_f1=0.5820 at epoch 3 -> /lus/lfs1aip2/projects/b5ac/project_1/data/10_recipe_sweep_and_training/matrix/checkpoints/biobert_base/seed_45/best
[train] epoch 4/10 train_loss=0.3942 val_loss=0.6666 val_f1=0.6617 patience=0/3
[train] new best val_f1=0.6617 at epoch 4 -> /lus/lfs1aip2/projects/b5ac/project_1/data/10_recipe_sweep_and_training/matrix/checkpoints/biobert_base/seed_45/best
[train] epoch 5/10 train_loss=0.3591 val_loss=0.7544 val_f1=0.6672 patience=0/3
[train] new best val_f1=0.6672 at epoch 5 -> /lus/lfs1aip2/projects/b5ac/project_1/data/10_recipe_sweep_and_training/matrix/checkpoints/biobert_base/seed_45/best
[train] epoch 6/10 train_loss=0.3281 val_loss=0.8462 val_f1=0.6273 patience=0/3
[train] epoch 7/10 train_loss=0.3043 val_loss=0.8171 val_f1=0.6388 patience=1/3
[train] epoch 8/10 train_loss=0.2829 val_loss=0.8331 val_f1=0.6322 patience=2/3
[train] early stop at epoch 8 (no val_f1 improvement for 3 epochs)
[train] done biobert_base seed=45 best_val_f1=0.6672 best_epoch=5 epochs_run=8
[benchmark] evaluating /lus/lfs1aip2/projects/b5ac/project_1/data/10_recipe_sweep_and_training/matrix/checkpoints/biobert_base/seed_45/best on 14395 BioRED test examples
[benchmark] batch 1/450 examples=32/14395
[benchmark] batch 45/450 examples=1440/14395
[benchmark] batch 90/450 examples=2880/14395
[benchmark] batch 135/450 examples=4320/14395
[benchmark] batch 180/450 examples=5760/14395
[benchmark] batch 225/450 examples=7200/14395
[benchmark] batch 270/450 examples=8640/14395
[benchmark] batch 315/450 examples=10080/14395
[benchmark] batch 360/450 examples=11520/14395
[benchmark] batch 405/450 examples=12960/14395
[benchmark] batch 450/450 examples=14395/14395
[benchmark] done f1=0.7498 precision=0.7115 recall=0.7925 n_positives=8875
  COMPLETE BioBERT-base (biobert_base) seed=45: benchmark_f1=0.750 best_epoch=5 marker=/lus/lfs1aip2/projects/b5ac/project_1/data/10_recipe_sweep_and_training/matrix/results/biobert_base/seed_45/matrix_complete.json
  RUN START BioBERT-base (biobert_base) seed=46 [5/8 in this job]
[train] start biobert_base seed=46 lr=1e-05 warmup=none train=24000 val=25311 -> /lus/lfs1aip2/projects/b5ac/project_1/data/10_recipe_sweep_and_training/matrix/checkpoints/biobert_base/seed_46
[train] device=cuda batch_size=16 max_epochs=10
Some weights of BertForSequenceClassification were not initialized from the model checkpoint at dmis-lab/biobert-base-cased-v1.2 and are newly initialized: ['classifier.bias', 'classifier.weight']
You should probably TRAIN this model on a down-stream task to be able to use it for predictions and inference.
[train] epoch 1/10 train_loss=0.6048 val_loss=0.6385 val_f1=0.6269 patience=0/3
[train] new best val_f1=0.6269 at epoch 1 -> /lus/lfs1aip2/projects/b5ac/project_1/data/10_recipe_sweep_and_training/matrix/checkpoints/biobert_base/seed_46/best
[train] epoch 2/10 train_loss=0.4933 val_loss=0.6645 val_f1=0.6027 patience=0/3
[train] epoch 3/10 train_loss=0.4350 val_loss=0.6726 val_f1=0.5596 patience=1/3
[train] epoch 4/10 train_loss=0.3935 val_loss=0.7190 val_f1=0.5740 patience=2/3
[train] early stop at epoch 4 (no val_f1 improvement for 3 epochs)
[train] done biobert_base seed=46 best_val_f1=0.6269 best_epoch=1 epochs_run=4
[benchmark] evaluating /lus/lfs1aip2/projects/b5ac/project_1/data/10_recipe_sweep_and_training/matrix/checkpoints/biobert_base/seed_46/best on 14395 BioRED test examples
[benchmark] batch 1/450 examples=32/14395
[benchmark] batch 45/450 examples=1440/14395
[benchmark] batch 90/450 examples=2880/14395
[benchmark] batch 135/450 examples=4320/14395
[benchmark] batch 180/450 examples=5760/14395
[benchmark] batch 225/450 examples=7200/14395
[benchmark] batch 270/450 examples=8640/14395
[benchmark] batch 315/450 examples=10080/14395
[benchmark] batch 360/450 examples=11520/14395
[benchmark] batch 405/450 examples=12960/14395
[benchmark] batch 450/450 examples=14395/14395
[benchmark] done f1=0.7561 precision=0.7225 recall=0.7929 n_positives=8875
  COMPLETE BioBERT-base (biobert_base) seed=46: benchmark_f1=0.756 best_epoch=1 marker=/lus/lfs1aip2/projects/b5ac/project_1/data/10_recipe_sweep_and_training/matrix/results/biobert_base/seed_46/matrix_complete.json
  RUN START BioBERT-base (biobert_base) seed=47 [6/8 in this job]
[train] start biobert_base seed=47 lr=1e-05 warmup=none train=24000 val=25311 -> /lus/lfs1aip2/projects/b5ac/project_1/data/10_recipe_sweep_and_training/matrix/checkpoints/biobert_base/seed_47
[train] device=cuda batch_size=16 max_epochs=10
Some weights of BertForSequenceClassification were not initialized from the model checkpoint at dmis-lab/biobert-base-cased-v1.2 and are newly initialized: ['classifier.bias', 'classifier.weight']
You should probably TRAIN this model on a down-stream task to be able to use it for predictions and inference.
[train] epoch 1/10 train_loss=0.5963 val_loss=0.6284 val_f1=0.5363 patience=0/3
[train] new best val_f1=0.5363 at epoch 1 -> /lus/lfs1aip2/projects/b5ac/project_1/data/10_recipe_sweep_and_training/matrix/checkpoints/biobert_base/seed_47/best
[train] epoch 2/10 train_loss=0.5036 val_loss=0.6329 val_f1=0.5743 patience=0/3
[train] new best val_f1=0.5743 at epoch 2 -> /lus/lfs1aip2/projects/b5ac/project_1/data/10_recipe_sweep_and_training/matrix/checkpoints/biobert_base/seed_47/best
[train] epoch 3/10 train_loss=0.4458 val_loss=0.6772 val_f1=0.5863 patience=0/3
[train] new best val_f1=0.5863 at epoch 3 -> /lus/lfs1aip2/projects/b5ac/project_1/data/10_recipe_sweep_and_training/matrix/checkpoints/biobert_base/seed_47/best
[train] epoch 4/10 train_loss=0.4065 val_loss=0.6758 val_f1=0.6606 patience=0/3
[train] new best val_f1=0.6606 at epoch 4 -> /lus/lfs1aip2/projects/b5ac/project_1/data/10_recipe_sweep_and_training/matrix/checkpoints/biobert_base/seed_47/best
[train] epoch 5/10 train_loss=0.3732 val_loss=0.7288 val_f1=0.6394 patience=0/3
[train] epoch 6/10 train_loss=0.3433 val_loss=0.7277 val_f1=0.6383 patience=1/3
[train] epoch 7/10 train_loss=0.3184 val_loss=0.7924 val_f1=0.6594 patience=2/3
[train] early stop at epoch 7 (no val_f1 improvement for 3 epochs)
[train] done biobert_base seed=47 best_val_f1=0.6606 best_epoch=4 epochs_run=7
[benchmark] evaluating /lus/lfs1aip2/projects/b5ac/project_1/data/10_recipe_sweep_and_training/matrix/checkpoints/biobert_base/seed_47/best on 14395 BioRED test examples
[benchmark] batch 1/450 examples=32/14395
[benchmark] batch 45/450 examples=1440/14395
[benchmark] batch 90/450 examples=2880/14395
[benchmark] batch 135/450 examples=4320/14395
[benchmark] batch 180/450 examples=5760/14395
[benchmark] batch 225/450 examples=7200/14395
[benchmark] batch 270/450 examples=8640/14395
[benchmark] batch 315/450 examples=10080/14395
[benchmark] batch 360/450 examples=11520/14395
[benchmark] batch 405/450 examples=12960/14395
[benchmark] batch 450/450 examples=14395/14395
[benchmark] done f1=0.7403 precision=0.7416 recall=0.7390 n_positives=8875
  COMPLETE BioBERT-base (biobert_base) seed=47: benchmark_f1=0.740 best_epoch=4 marker=/lus/lfs1aip2/projects/b5ac/project_1/data/10_recipe_sweep_and_training/matrix/results/biobert_base/seed_47/matrix_complete.json
  RUN START BioBERT-base (biobert_base) seed=48 [7/8 in this job]
[train] start biobert_base seed=48 lr=1e-05 warmup=none train=24000 val=25311 -> /lus/lfs1aip2/projects/b5ac/project_1/data/10_recipe_sweep_and_training/matrix/checkpoints/biobert_base/seed_48
[train] device=cuda batch_size=16 max_epochs=10
Some weights of BertForSequenceClassification were not initialized from the model checkpoint at dmis-lab/biobert-base-cased-v1.2 and are newly initialized: ['classifier.bias', 'classifier.weight']
You should probably TRAIN this model on a down-stream task to be able to use it for predictions and inference.
[train] epoch 1/10 train_loss=0.5959 val_loss=0.6463 val_f1=0.5029 patience=0/3
[train] new best val_f1=0.5029 at epoch 1 -> /lus/lfs1aip2/projects/b5ac/project_1/data/10_recipe_sweep_and_training/matrix/checkpoints/biobert_base/seed_48/best
[train] epoch 2/10 train_loss=0.4922 val_loss=0.6165 val_f1=0.5762 patience=0/3
[train] new best val_f1=0.5762 at epoch 2 -> /lus/lfs1aip2/projects/b5ac/project_1/data/10_recipe_sweep_and_training/matrix/checkpoints/biobert_base/seed_48/best
[train] epoch 3/10 train_loss=0.4368 val_loss=0.6412 val_f1=0.6149 patience=0/3
[train] new best val_f1=0.6149 at epoch 3 -> /lus/lfs1aip2/projects/b5ac/project_1/data/10_recipe_sweep_and_training/matrix/checkpoints/biobert_base/seed_48/best
[train] epoch 4/10 train_loss=0.3956 val_loss=0.6911 val_f1=0.6001 patience=0/3
[train] epoch 5/10 train_loss=0.3637 val_loss=0.7502 val_f1=0.6659 patience=1/3
[train] new best val_f1=0.6659 at epoch 5 -> /lus/lfs1aip2/projects/b5ac/project_1/data/10_recipe_sweep_and_training/matrix/checkpoints/biobert_base/seed_48/best
[train] epoch 6/10 train_loss=0.3390 val_loss=0.8698 val_f1=0.6304 patience=0/3
[train] epoch 7/10 train_loss=0.3103 val_loss=0.8226 val_f1=0.6669 patience=1/3
[train] new best val_f1=0.6669 at epoch 7 -> /lus/lfs1aip2/projects/b5ac/project_1/data/10_recipe_sweep_and_training/matrix/checkpoints/biobert_base/seed_48/best
[train] epoch 8/10 train_loss=0.2893 val_loss=0.9120 val_f1=0.6459 patience=0/3
[train] epoch 9/10 train_loss=0.2683 val_loss=0.9931 val_f1=0.6414 patience=1/3
[train] epoch 10/10 train_loss=0.2527 val_loss=0.9785 val_f1=0.6319 patience=2/3
[train] early stop at epoch 10 (no val_f1 improvement for 3 epochs)
[train] done biobert_base seed=48 best_val_f1=0.6669 best_epoch=7 epochs_run=10
[benchmark] evaluating /lus/lfs1aip2/projects/b5ac/project_1/data/10_recipe_sweep_and_training/matrix/checkpoints/biobert_base/seed_48/best on 14395 BioRED test examples
[benchmark] batch 1/450 examples=32/14395
[benchmark] batch 45/450 examples=1440/14395
[benchmark] batch 90/450 examples=2880/14395
[benchmark] batch 135/450 examples=4320/14395
[benchmark] batch 180/450 examples=5760/14395
[benchmark] batch 225/450 examples=7200/14395
[benchmark] batch 270/450 examples=8640/14395
[benchmark] batch 315/450 examples=10080/14395
[benchmark] batch 360/450 examples=11520/14395
[benchmark] batch 405/450 examples=12960/14395
[benchmark] batch 450/450 examples=14395/14395
[benchmark] done f1=0.7588 precision=0.7476 recall=0.7703 n_positives=8875
  COMPLETE BioBERT-base (biobert_base) seed=48: benchmark_f1=0.759 best_epoch=7 marker=/lus/lfs1aip2/projects/b5ac/project_1/data/10_recipe_sweep_and_training/matrix/results/biobert_base/seed_48/matrix_complete.json
  RUN START BioBERT-base (biobert_base) seed=49 [8/8 in this job]
[train] start biobert_base seed=49 lr=1e-05 warmup=none train=24000 val=25311 -> /lus/lfs1aip2/projects/b5ac/project_1/data/10_recipe_sweep_and_training/matrix/checkpoints/biobert_base/seed_49
[train] device=cuda batch_size=16 max_epochs=10
Some weights of BertForSequenceClassification were not initialized from the model checkpoint at dmis-lab/biobert-base-cased-v1.2 and are newly initialized: ['classifier.bias', 'classifier.weight']
You should probably TRAIN this model on a down-stream task to be able to use it for predictions and inference.
[train] epoch 1/10 train_loss=0.6004 val_loss=0.6116 val_f1=0.5836 patience=0/3
[train] new best val_f1=0.5836 at epoch 1 -> /lus/lfs1aip2/projects/b5ac/project_1/data/10_recipe_sweep_and_training/matrix/checkpoints/biobert_base/seed_49/best
[train] epoch 2/10 train_loss=0.4946 val_loss=0.6861 val_f1=0.5826 patience=0/3
[train] epoch 3/10 train_loss=0.4340 val_loss=0.6902 val_f1=0.6214 patience=1/3
[train] new best val_f1=0.6214 at epoch 3 -> /lus/lfs1aip2/projects/b5ac/project_1/data/10_recipe_sweep_and_training/matrix/checkpoints/biobert_base/seed_49/best
[train] epoch 4/10 train_loss=0.3891 val_loss=0.7053 val_f1=0.6405 patience=0/3
[train] new best val_f1=0.6405 at epoch 4 -> /lus/lfs1aip2/projects/b5ac/project_1/data/10_recipe_sweep_and_training/matrix/checkpoints/biobert_base/seed_49/best
[train] epoch 5/10 train_loss=0.3613 val_loss=0.7082 val_f1=0.6931 patience=0/3
[train] new best val_f1=0.6931 at epoch 5 -> /lus/lfs1aip2/projects/b5ac/project_1/data/10_recipe_sweep_and_training/matrix/checkpoints/biobert_base/seed_49/best
[train] epoch 6/10 train_loss=0.3292 val_loss=0.7285 val_f1=0.6807 patience=0/3
[train] epoch 7/10 train_loss=0.3021 val_loss=0.7750 val_f1=0.6784 patience=1/3
[train] epoch 8/10 train_loss=0.2811 val_loss=0.8363 val_f1=0.6502 patience=2/3
[train] early stop at epoch 8 (no val_f1 improvement for 3 epochs)
[train] done biobert_base seed=49 best_val_f1=0.6931 best_epoch=5 epochs_run=8
[benchmark] evaluating /lus/lfs1aip2/projects/b5ac/project_1/data/10_recipe_sweep_and_training/matrix/checkpoints/biobert_base/seed_49/best on 14395 BioRED test examples
[benchmark] batch 1/450 examples=32/14395
[benchmark] batch 45/450 examples=1440/14395
[benchmark] batch 90/450 examples=2880/14395
[benchmark] batch 135/450 examples=4320/14395
[benchmark] batch 180/450 examples=5760/14395
[benchmark] batch 225/450 examples=7200/14395
[benchmark] batch 270/450 examples=8640/14395
[benchmark] batch 315/450 examples=10080/14395
[benchmark] batch 360/450 examples=11520/14395
[benchmark] batch 405/450 examples=12960/14395
[benchmark] batch 450/450 examples=14395/14395
[benchmark] done f1=0.7506 precision=0.7578 recall=0.7435 n_positives=8875
  COMPLETE BioBERT-base (biobert_base) seed=49: benchmark_f1=0.751 best_epoch=5 marker=/lus/lfs1aip2/projects/b5ac/project_1/data/10_recipe_sweep_and_training/matrix/results/biobert_base/seed_49/matrix_complete.json

=== Step-2 matrix training complete (this job) ===
  Trained: 8, skipped (already done): 0, planned: 8

=== Done ===
End: Sat Jun  6 00:51:19 UTC 2026
