=== 1e-5 supplementary side-matrix training ===
Host: nid010193
SLURM_JOB_ID=5411863
SLURM_JOB_NAME=lr1e5_pubmedbert_46-47-48-49
Start: Sun Jun 28 19:30:06 UTC 2026
REPO=/home/b5ac/freddieyu.b5ac/project_1
OUTPUT_ROOT=/home/b5ac/freddieyu.b5ac/project_1/../projects/project_1
STEP_ARGS=--models pubmedbert_base --seeds 46 47 48 49
Side output: /home/b5ac/freddieyu.b5ac/project_1/../projects/project_1/data/10_recipe_sweep_and_training/lr1e5_sidecheck/
Main matrix (untouched): /home/b5ac/freddieyu.b5ac/project_1/../projects/project_1/data/10_recipe_sweep_and_training/matrix/

=== 1e-5 side-matrix training ===
Recipe: lr=1e-05, warmup=none
Output: /lus/lfs1aip2/projects/b5ac/project_1/data/10_recipe_sweep_and_training/lr1e5_sidecheck


=== Step-2 matrix training ===
Recipe: lr=1e-05, warmup=none (checkpoint criterion=pooled_val_f1_micro)
Encoders (1): ['pubmedbert_base']
Seeds (4): [46, 47, 48, 49]
Planned runs this job: 4


=== Estimated checkpoint footprint (rough) ===
  Runs: 1 encoders x 4 seeds = 4
  Assumed ~10 epochs/run; epoch ckpt ~220 MiB (fp16); best ckpt ~440 MiB (fp32)
  Per run ~2640 MiB; total ~10.3 GiB
  MAX_EPOCH_CHECKPOINTS_TO_KEEP=None (None = keep all epoch checkpoints)

[benchmark] building BioRED test examples...
[benchmark] built 14395 BioRED test examples (leaked PMIDs excluded)
[benchmark] building DrugProt test examples...
[benchmark] DrugProt: no labeled public test split in BigBio (splits=['train', 'validation', 'test_background']; test_background is unlabeled). Skipping DrugProt holdout benchmark; gene-drug combined uses BioRED test only.
  RUN START PubMedBERT-base (pubmedbert_base) seed=46 [1/4 in this job]
[train] start pubmedbert_base seed=46 lr=1e-05 warmup=none hf=microsoft/BiomedNLP-PubMedBERT-base-uncased-abstract-fulltext train=24000 val=25311 (pooled BioRED+DrugProt) -> /lus/lfs1aip2/projects/b5ac/project_1/data/10_recipe_sweep_and_training/lr1e5_sidecheck/checkpoints/pubmedbert_base/seed_46
[train] device=cuda batch_size=16 max_epochs=10
Some weights of BertForSequenceClassification were not initialized from the model checkpoint at microsoft/BiomedNLP-PubMedBERT-base-uncased-abstract-fulltext and are newly initialized: ['classifier.bias', 'classifier.weight']
You should probably TRAIN this model on a down-stream task to be able to use it for predictions and inference.
[train] epoch 1/10 train_loss=0.4963 val_loss=0.5120 pooled_val_f1_micro=0.7781
[train] new best pooled_val_f1_micro=0.7781 at epoch 1 -> /lus/lfs1aip2/projects/b5ac/project_1/data/10_recipe_sweep_and_training/lr1e5_sidecheck/checkpoints/pubmedbert_base/seed_46/best
[train] epoch 2/10 train_loss=0.3304 val_loss=0.5673 pooled_val_f1_micro=0.7354
[train] epoch 3/10 train_loss=0.2651 val_loss=0.6415 pooled_val_f1_micro=0.7770
[train] epoch 4/10 train_loss=0.2241 val_loss=0.8088 pooled_val_f1_micro=0.7585
[train] epoch 5/10 train_loss=0.1994 val_loss=0.7087 pooled_val_f1_micro=0.7743
[train] epoch 6/10 train_loss=0.1823 val_loss=0.7924 pooled_val_f1_micro=0.7137
[train] epoch 7/10 train_loss=0.1722 val_loss=0.8117 pooled_val_f1_micro=0.7755
[train] epoch 8/10 train_loss=0.1580 val_loss=0.8877 pooled_val_f1_micro=0.7830
[train] new best pooled_val_f1_micro=0.7830 at epoch 8 -> /lus/lfs1aip2/projects/b5ac/project_1/data/10_recipe_sweep_and_training/lr1e5_sidecheck/checkpoints/pubmedbert_base/seed_46/best
[train] epoch 9/10 train_loss=0.1513 val_loss=0.8607 pooled_val_f1_micro=0.7964
[train] new best pooled_val_f1_micro=0.7964 at epoch 9 -> /lus/lfs1aip2/projects/b5ac/project_1/data/10_recipe_sweep_and_training/lr1e5_sidecheck/checkpoints/pubmedbert_base/seed_46/best
[train] epoch 10/10 train_loss=0.1463 val_loss=0.8654 pooled_val_f1_micro=0.7355
[train] done pubmedbert_base seed=46 best_val_f1=0.7964 best_epoch=9 epochs_run=10
[benchmark] evaluating /lus/lfs1aip2/projects/b5ac/project_1/data/10_recipe_sweep_and_training/lr1e5_sidecheck/checkpoints/pubmedbert_base/seed_46/best: BioRED=14395 DrugProt=0 gdis=9769 gd_combined=4626 (DrugProt holdout unavailable; combined=BioRED gene-drug only)
[benchmark] done gdis=0.7928 gd_combined=0.6673 gd_biored=0.6673 gd_drugprot=nan overall=0.7591
  COMPLETE PubMedBERT-base (pubmedbert_base) seed=46: gd_combined=0.667 gdis=0.793 best_epoch=9 pooled_val_f1=0.796 marker=/lus/lfs1aip2/projects/b5ac/project_1/data/10_recipe_sweep_and_training/lr1e5_sidecheck/results/pubmedbert_base/seed_46/matrix_complete.json
  RUN START PubMedBERT-base (pubmedbert_base) seed=47 [2/4 in this job]
[train] start pubmedbert_base seed=47 lr=1e-05 warmup=none hf=microsoft/BiomedNLP-PubMedBERT-base-uncased-abstract-fulltext train=24000 val=25311 (pooled BioRED+DrugProt) -> /lus/lfs1aip2/projects/b5ac/project_1/data/10_recipe_sweep_and_training/lr1e5_sidecheck/checkpoints/pubmedbert_base/seed_47
[train] device=cuda batch_size=16 max_epochs=10
Some weights of BertForSequenceClassification were not initialized from the model checkpoint at microsoft/BiomedNLP-PubMedBERT-base-uncased-abstract-fulltext and are newly initialized: ['classifier.bias', 'classifier.weight']
You should probably TRAIN this model on a down-stream task to be able to use it for predictions and inference.
[train] epoch 1/10 train_loss=0.5110 val_loss=0.5371 pooled_val_f1_micro=0.7386
[train] new best pooled_val_f1_micro=0.7386 at epoch 1 -> /lus/lfs1aip2/projects/b5ac/project_1/data/10_recipe_sweep_and_training/lr1e5_sidecheck/checkpoints/pubmedbert_base/seed_47/best
[train] epoch 2/10 train_loss=0.3409 val_loss=0.6280 pooled_val_f1_micro=0.7371
[train] epoch 3/10 train_loss=0.2710 val_loss=0.6013 pooled_val_f1_micro=0.7867
[train] new best pooled_val_f1_micro=0.7867 at epoch 3 -> /lus/lfs1aip2/projects/b5ac/project_1/data/10_recipe_sweep_and_training/lr1e5_sidecheck/checkpoints/pubmedbert_base/seed_47/best
[train] epoch 4/10 train_loss=0.2306 val_loss=0.6520 pooled_val_f1_micro=0.7727
[train] epoch 5/10 train_loss=0.2008 val_loss=0.7108 pooled_val_f1_micro=0.7885
[train] new best pooled_val_f1_micro=0.7885 at epoch 5 -> /lus/lfs1aip2/projects/b5ac/project_1/data/10_recipe_sweep_and_training/lr1e5_sidecheck/checkpoints/pubmedbert_base/seed_47/best
[train] epoch 6/10 train_loss=0.1840 val_loss=0.9178 pooled_val_f1_micro=0.7535
[train] epoch 7/10 train_loss=0.1713 val_loss=0.9116 pooled_val_f1_micro=0.7188
[train] epoch 8/10 train_loss=0.1620 val_loss=1.0138 pooled_val_f1_micro=0.7357
[train] epoch 9/10 train_loss=0.1521 val_loss=0.9101 pooled_val_f1_micro=0.7536
[train] epoch 10/10 train_loss=0.1470 val_loss=1.1042 pooled_val_f1_micro=0.7307
[train] done pubmedbert_base seed=47 best_val_f1=0.7885 best_epoch=5 epochs_run=10
[benchmark] evaluating /lus/lfs1aip2/projects/b5ac/project_1/data/10_recipe_sweep_and_training/lr1e5_sidecheck/checkpoints/pubmedbert_base/seed_47/best: BioRED=14395 DrugProt=0 gdis=9769 gd_combined=4626 (DrugProt holdout unavailable; combined=BioRED gene-drug only)
[benchmark] done gdis=0.7803 gd_combined=0.6069 gd_biored=0.6069 gd_drugprot=nan overall=0.7351
  COMPLETE PubMedBERT-base (pubmedbert_base) seed=47: gd_combined=0.607 gdis=0.780 best_epoch=5 pooled_val_f1=0.788 marker=/lus/lfs1aip2/projects/b5ac/project_1/data/10_recipe_sweep_and_training/lr1e5_sidecheck/results/pubmedbert_base/seed_47/matrix_complete.json
  RUN START PubMedBERT-base (pubmedbert_base) seed=48 [3/4 in this job]
[train] start pubmedbert_base seed=48 lr=1e-05 warmup=none hf=microsoft/BiomedNLP-PubMedBERT-base-uncased-abstract-fulltext train=24000 val=25311 (pooled BioRED+DrugProt) -> /lus/lfs1aip2/projects/b5ac/project_1/data/10_recipe_sweep_and_training/lr1e5_sidecheck/checkpoints/pubmedbert_base/seed_48
[train] device=cuda batch_size=16 max_epochs=10
Some weights of BertForSequenceClassification were not initialized from the model checkpoint at microsoft/BiomedNLP-PubMedBERT-base-uncased-abstract-fulltext and are newly initialized: ['classifier.bias', 'classifier.weight']
You should probably TRAIN this model on a down-stream task to be able to use it for predictions and inference.
[train] epoch 1/10 train_loss=0.4951 val_loss=0.5586 pooled_val_f1_micro=0.7373
[train] new best pooled_val_f1_micro=0.7373 at epoch 1 -> /lus/lfs1aip2/projects/b5ac/project_1/data/10_recipe_sweep_and_training/lr1e5_sidecheck/checkpoints/pubmedbert_base/seed_48/best
[train] epoch 2/10 train_loss=0.3343 val_loss=0.5334 pooled_val_f1_micro=0.7615
[train] new best pooled_val_f1_micro=0.7615 at epoch 2 -> /lus/lfs1aip2/projects/b5ac/project_1/data/10_recipe_sweep_and_training/lr1e5_sidecheck/checkpoints/pubmedbert_base/seed_48/best
[train] epoch 3/10 train_loss=0.2720 val_loss=0.6176 pooled_val_f1_micro=0.7576
[train] epoch 4/10 train_loss=0.2305 val_loss=0.6714 pooled_val_f1_micro=0.7691
[train] new best pooled_val_f1_micro=0.7691 at epoch 4 -> /lus/lfs1aip2/projects/b5ac/project_1/data/10_recipe_sweep_and_training/lr1e5_sidecheck/checkpoints/pubmedbert_base/seed_48/best
[train] epoch 5/10 train_loss=0.2034 val_loss=0.9068 pooled_val_f1_micro=0.7644
[train] epoch 6/10 train_loss=0.1857 val_loss=0.8512 pooled_val_f1_micro=0.7658
[train] epoch 7/10 train_loss=0.1732 val_loss=0.7813 pooled_val_f1_micro=0.7950
[train] new best pooled_val_f1_micro=0.7950 at epoch 7 -> /lus/lfs1aip2/projects/b5ac/project_1/data/10_recipe_sweep_and_training/lr1e5_sidecheck/checkpoints/pubmedbert_base/seed_48/best
[train] epoch 8/10 train_loss=0.1620 val_loss=0.8325 pooled_val_f1_micro=0.7452
[train] epoch 9/10 train_loss=0.1515 val_loss=0.8993 pooled_val_f1_micro=0.7642
[train] epoch 10/10 train_loss=0.1475 val_loss=0.9748 pooled_val_f1_micro=0.7640
[train] done pubmedbert_base seed=48 best_val_f1=0.7950 best_epoch=7 epochs_run=10
[benchmark] evaluating /lus/lfs1aip2/projects/b5ac/project_1/data/10_recipe_sweep_and_training/lr1e5_sidecheck/checkpoints/pubmedbert_base/seed_48/best: BioRED=14395 DrugProt=0 gdis=9769 gd_combined=4626 (DrugProt holdout unavailable; combined=BioRED gene-drug only)
[benchmark] done gdis=0.7908 gd_combined=0.6494 gd_biored=0.6494 gd_drugprot=nan overall=0.7526
  COMPLETE PubMedBERT-base (pubmedbert_base) seed=48: gd_combined=0.649 gdis=0.791 best_epoch=7 pooled_val_f1=0.795 marker=/lus/lfs1aip2/projects/b5ac/project_1/data/10_recipe_sweep_and_training/lr1e5_sidecheck/results/pubmedbert_base/seed_48/matrix_complete.json
  RUN START PubMedBERT-base (pubmedbert_base) seed=49 [4/4 in this job]
[train] start pubmedbert_base seed=49 lr=1e-05 warmup=none hf=microsoft/BiomedNLP-PubMedBERT-base-uncased-abstract-fulltext train=24000 val=25311 (pooled BioRED+DrugProt) -> /lus/lfs1aip2/projects/b5ac/project_1/data/10_recipe_sweep_and_training/lr1e5_sidecheck/checkpoints/pubmedbert_base/seed_49
[train] device=cuda batch_size=16 max_epochs=10
Some weights of BertForSequenceClassification were not initialized from the model checkpoint at microsoft/BiomedNLP-PubMedBERT-base-uncased-abstract-fulltext and are newly initialized: ['classifier.bias', 'classifier.weight']
You should probably TRAIN this model on a down-stream task to be able to use it for predictions and inference.
[train] epoch 1/10 train_loss=0.4964 val_loss=0.5320 pooled_val_f1_micro=0.7537
[train] new best pooled_val_f1_micro=0.7537 at epoch 1 -> /lus/lfs1aip2/projects/b5ac/project_1/data/10_recipe_sweep_and_training/lr1e5_sidecheck/checkpoints/pubmedbert_base/seed_49/best
[train] epoch 2/10 train_loss=0.3340 val_loss=0.5160 pooled_val_f1_micro=0.7787
[train] new best pooled_val_f1_micro=0.7787 at epoch 2 -> /lus/lfs1aip2/projects/b5ac/project_1/data/10_recipe_sweep_and_training/lr1e5_sidecheck/checkpoints/pubmedbert_base/seed_49/best
[train] epoch 3/10 train_loss=0.2693 val_loss=0.5967 pooled_val_f1_micro=0.7559
[train] epoch 4/10 train_loss=0.2273 val_loss=0.7801 pooled_val_f1_micro=0.7326
[train] epoch 5/10 train_loss=0.1983 val_loss=0.7650 pooled_val_f1_micro=0.7895
[train] new best pooled_val_f1_micro=0.7895 at epoch 5 -> /lus/lfs1aip2/projects/b5ac/project_1/data/10_recipe_sweep_and_training/lr1e5_sidecheck/checkpoints/pubmedbert_base/seed_49/best
[train] epoch 6/10 train_loss=0.1823 val_loss=0.8608 pooled_val_f1_micro=0.7686
[train] epoch 7/10 train_loss=0.1697 val_loss=0.8211 pooled_val_f1_micro=0.7820
[train] epoch 8/10 train_loss=0.1599 val_loss=0.8097 pooled_val_f1_micro=0.7794
[train] epoch 9/10 train_loss=0.1528 val_loss=0.9279 pooled_val_f1_micro=0.7812
[train] epoch 10/10 train_loss=0.1449 val_loss=0.9653 pooled_val_f1_micro=0.7657
[train] done pubmedbert_base seed=49 best_val_f1=0.7895 best_epoch=5 epochs_run=10
[benchmark] evaluating /lus/lfs1aip2/projects/b5ac/project_1/data/10_recipe_sweep_and_training/lr1e5_sidecheck/checkpoints/pubmedbert_base/seed_49/best: BioRED=14395 DrugProt=0 gdis=9769 gd_combined=4626 (DrugProt holdout unavailable; combined=BioRED gene-drug only)
[benchmark] done gdis=0.7889 gd_combined=0.6064 gd_biored=0.6064 gd_drugprot=nan overall=0.7414
  COMPLETE PubMedBERT-base (pubmedbert_base) seed=49: gd_combined=0.606 gdis=0.789 best_epoch=5 pooled_val_f1=0.790 marker=/lus/lfs1aip2/projects/b5ac/project_1/data/10_recipe_sweep_and_training/lr1e5_sidecheck/results/pubmedbert_base/seed_49/matrix_complete.json

=== Step-2 matrix training complete (this job) ===
  Trained: 4, skipped (already done): 0, planned: 4

End: Sun Jun 28 21:37:53 UTC 2026
