=== Step 2: full-matrix training ===
Host: nid010741
SLURM_JOB_ID=5411773
SLURM_JOB_NAME=train_biobert_42-43-44-45
Start: Sun Jun 28 19:29:25 UTC 2026
REPO=/home/b5ac/freddieyu.b5ac/project_1
OUTPUT_ROOT=/home/b5ac/freddieyu.b5ac/project_1/../projects/project_1
STEP_ARGS=--force --models biobert_base --seeds 42 43 44 45
Log: /home/b5ac/freddieyu.b5ac/project_1/../projects/project_1/runs/10_recipe_sweep_and_training/train_5411773.out
Ensure CHOSEN_RECIPE is set in config.py (not None) before submitting.
TMPDIR=/home/b5ac/freddieyu.b5ac/project_1/../projects/project_1/runs/10_recipe_sweep_and_training/tmp_5411773
=== Recipe sweep and training 2026-06-28T19:29:28.961728 ===
[run] mode=train-only (step 2)
[run] model filter: ['biobert_base']
[run] seed filter: [42, 43, 44, 45]

=== Step-2 matrix training ===
Recipe: lr=5e-06, warmup=none (checkpoint criterion=pooled_val_f1_micro)
Encoders (1): ['biobert_base']
Seeds (4): [42, 43, 44, 45]
Planned runs this job: 4


=== Estimated checkpoint footprint (rough) ===
  Runs: 1 encoders x 4 seeds = 4
  Assumed ~10 epochs/run; epoch ckpt ~220 MiB (fp16); best ckpt ~440 MiB (fp32)
  Per run ~2640 MiB; total ~10.3 GiB
  MAX_EPOCH_CHECKPOINTS_TO_KEEP=None (None = keep all epoch checkpoints)

[benchmark] building BioRED test examples...
[benchmark] built 14395 BioRED test examples (leaked PMIDs excluded)
[benchmark] building DrugProt test examples...
[benchmark] DrugProt: no labeled public test split in BigBio (splits=['train', 'validation', 'test_background']; test_background is unlabeled). Skipping DrugProt holdout benchmark; gene-drug combined uses BioRED test only.
  RUN START BioBERT-base (biobert_base) seed=42 [1/4 in this job]
[train] start biobert_base seed=42 lr=5e-06 warmup=none hf=dmis-lab/biobert-base-cased-v1.2 train=24000 val=25311 (pooled BioRED+DrugProt) -> /lus/lfs1aip2/projects/b5ac/project_1/data/10_recipe_sweep_and_training/matrix/checkpoints/biobert_base/seed_42
[train] device=cuda batch_size=16 max_epochs=10
Some weights of BertForSequenceClassification were not initialized from the model checkpoint at dmis-lab/biobert-base-cased-v1.2 and are newly initialized: ['classifier.bias', 'classifier.weight']
You should probably TRAIN this model on a down-stream task to be able to use it for predictions and inference.
[train] epoch 1/10 train_loss=0.6291 val_loss=0.5794 pooled_val_f1_micro=0.7367
[train] new best pooled_val_f1_micro=0.7367 at epoch 1 -> /lus/lfs1aip2/projects/b5ac/project_1/data/10_recipe_sweep_and_training/matrix/checkpoints/biobert_base/seed_42/best
[train] epoch 2/10 train_loss=0.4722 val_loss=0.5991 pooled_val_f1_micro=0.6694
[train] epoch 3/10 train_loss=0.4102 val_loss=0.6090 pooled_val_f1_micro=0.6571
[train] epoch 4/10 train_loss=0.3717 val_loss=0.6705 pooled_val_f1_micro=0.7315
[train] epoch 5/10 train_loss=0.3366 val_loss=0.6621 pooled_val_f1_micro=0.7228
[train] epoch 6/10 train_loss=0.3125 val_loss=0.7905 pooled_val_f1_micro=0.6897
[train] epoch 7/10 train_loss=0.2933 val_loss=0.7940 pooled_val_f1_micro=0.6904
[train] epoch 8/10 train_loss=0.2789 val_loss=0.7544 pooled_val_f1_micro=0.7255
[train] epoch 9/10 train_loss=0.2640 val_loss=0.7778 pooled_val_f1_micro=0.7348
[train] epoch 10/10 train_loss=0.2545 val_loss=0.8818 pooled_val_f1_micro=0.7135
[train] done biobert_base seed=42 best_val_f1=0.7367 best_epoch=1 epochs_run=10
[benchmark] evaluating /lus/lfs1aip2/projects/b5ac/project_1/data/10_recipe_sweep_and_training/matrix/checkpoints/biobert_base/seed_42/best: BioRED=14395 DrugProt=0 gdis=9769 gd_combined=4626 (DrugProt holdout unavailable; combined=BioRED gene-drug only)
[benchmark] done gdis=0.7667 gd_combined=0.6551 gd_biored=0.6551 gd_drugprot=nan overall=0.7372
  COMPLETE BioBERT-base (biobert_base) seed=42: gd_combined=0.655 gdis=0.767 best_epoch=1 pooled_val_f1=0.737 marker=/lus/lfs1aip2/projects/b5ac/project_1/data/10_recipe_sweep_and_training/matrix/results/biobert_base/seed_42/matrix_complete.json
  RUN START BioBERT-base (biobert_base) seed=43 [2/4 in this job]
[train] start biobert_base seed=43 lr=5e-06 warmup=none hf=dmis-lab/biobert-base-cased-v1.2 train=24000 val=25311 (pooled BioRED+DrugProt) -> /lus/lfs1aip2/projects/b5ac/project_1/data/10_recipe_sweep_and_training/matrix/checkpoints/biobert_base/seed_43
[train] device=cuda batch_size=16 max_epochs=10
Some weights of BertForSequenceClassification were not initialized from the model checkpoint at dmis-lab/biobert-base-cased-v1.2 and are newly initialized: ['classifier.bias', 'classifier.weight']
You should probably TRAIN this model on a down-stream task to be able to use it for predictions and inference.
[train] epoch 1/10 train_loss=0.6475 val_loss=0.6458 pooled_val_f1_micro=0.6733
[train] new best pooled_val_f1_micro=0.6733 at epoch 1 -> /lus/lfs1aip2/projects/b5ac/project_1/data/10_recipe_sweep_and_training/matrix/checkpoints/biobert_base/seed_43/best
[train] epoch 2/10 train_loss=0.5094 val_loss=0.5682 pooled_val_f1_micro=0.7082
[train] new best pooled_val_f1_micro=0.7082 at epoch 2 -> /lus/lfs1aip2/projects/b5ac/project_1/data/10_recipe_sweep_and_training/matrix/checkpoints/biobert_base/seed_43/best
[train] epoch 3/10 train_loss=0.4235 val_loss=0.6242 pooled_val_f1_micro=0.7035
[train] epoch 4/10 train_loss=0.3777 val_loss=0.6405 pooled_val_f1_micro=0.7082
[train] new best pooled_val_f1_micro=0.7082 at epoch 4 -> /lus/lfs1aip2/projects/b5ac/project_1/data/10_recipe_sweep_and_training/matrix/checkpoints/biobert_base/seed_43/best
[train] epoch 5/10 train_loss=0.3415 val_loss=0.7312 pooled_val_f1_micro=0.6688
[train] epoch 6/10 train_loss=0.3143 val_loss=0.7568 pooled_val_f1_micro=0.7385
[train] new best pooled_val_f1_micro=0.7385 at epoch 6 -> /lus/lfs1aip2/projects/b5ac/project_1/data/10_recipe_sweep_and_training/matrix/checkpoints/biobert_base/seed_43/best
[train] epoch 7/10 train_loss=0.2918 val_loss=0.8258 pooled_val_f1_micro=0.6903
[train] epoch 8/10 train_loss=0.2757 val_loss=0.8964 pooled_val_f1_micro=0.6795
[train] epoch 9/10 train_loss=0.2638 val_loss=0.8490 pooled_val_f1_micro=0.7201
[train] epoch 10/10 train_loss=0.2514 val_loss=0.9725 pooled_val_f1_micro=0.7159
[train] done biobert_base seed=43 best_val_f1=0.7385 best_epoch=6 epochs_run=10
[benchmark] evaluating /lus/lfs1aip2/projects/b5ac/project_1/data/10_recipe_sweep_and_training/matrix/checkpoints/biobert_base/seed_43/best: BioRED=14395 DrugProt=0 gdis=9769 gd_combined=4626 (DrugProt holdout unavailable; combined=BioRED gene-drug only)
[benchmark] done gdis=0.7651 gd_combined=0.5925 gd_biored=0.5925 gd_drugprot=nan overall=0.7195
  COMPLETE BioBERT-base (biobert_base) seed=43: gd_combined=0.593 gdis=0.765 best_epoch=6 pooled_val_f1=0.738 marker=/lus/lfs1aip2/projects/b5ac/project_1/data/10_recipe_sweep_and_training/matrix/results/biobert_base/seed_43/matrix_complete.json
  RUN START BioBERT-base (biobert_base) seed=44 [3/4 in this job]
[train] start biobert_base seed=44 lr=5e-06 warmup=none hf=dmis-lab/biobert-base-cased-v1.2 train=24000 val=25311 (pooled BioRED+DrugProt) -> /lus/lfs1aip2/projects/b5ac/project_1/data/10_recipe_sweep_and_training/matrix/checkpoints/biobert_base/seed_44
[train] device=cuda batch_size=16 max_epochs=10
Some weights of BertForSequenceClassification were not initialized from the model checkpoint at dmis-lab/biobert-base-cased-v1.2 and are newly initialized: ['classifier.bias', 'classifier.weight']
You should probably TRAIN this model on a down-stream task to be able to use it for predictions and inference.
[train] epoch 1/10 train_loss=0.6038 val_loss=0.5878 pooled_val_f1_micro=0.6872
[train] new best pooled_val_f1_micro=0.6872 at epoch 1 -> /lus/lfs1aip2/projects/b5ac/project_1/data/10_recipe_sweep_and_training/matrix/checkpoints/biobert_base/seed_44/best
[train] epoch 2/10 train_loss=0.4538 val_loss=0.5819 pooled_val_f1_micro=0.7014
[train] new best pooled_val_f1_micro=0.7014 at epoch 2 -> /lus/lfs1aip2/projects/b5ac/project_1/data/10_recipe_sweep_and_training/matrix/checkpoints/biobert_base/seed_44/best
[train] epoch 3/10 train_loss=0.3991 val_loss=0.5919 pooled_val_f1_micro=0.7451
[train] new best pooled_val_f1_micro=0.7451 at epoch 3 -> /lus/lfs1aip2/projects/b5ac/project_1/data/10_recipe_sweep_and_training/matrix/checkpoints/biobert_base/seed_44/best
[train] epoch 4/10 train_loss=0.3591 val_loss=0.6779 pooled_val_f1_micro=0.6950
[train] epoch 5/10 train_loss=0.3268 val_loss=0.7024 pooled_val_f1_micro=0.6918
[train] epoch 6/10 train_loss=0.3046 val_loss=0.7245 pooled_val_f1_micro=0.7374
[train] epoch 7/10 train_loss=0.2868 val_loss=0.8791 pooled_val_f1_micro=0.6691
[train] epoch 8/10 train_loss=0.2726 val_loss=0.8934 pooled_val_f1_micro=0.6578
[train] epoch 9/10 train_loss=0.2600 val_loss=0.9140 pooled_val_f1_micro=0.7044
[train] epoch 10/10 train_loss=0.2510 val_loss=1.0025 pooled_val_f1_micro=0.6906
[train] done biobert_base seed=44 best_val_f1=0.7451 best_epoch=3 epochs_run=10
[benchmark] evaluating /lus/lfs1aip2/projects/b5ac/project_1/data/10_recipe_sweep_and_training/matrix/checkpoints/biobert_base/seed_44/best: BioRED=14395 DrugProt=0 gdis=9769 gd_combined=4626 (DrugProt holdout unavailable; combined=BioRED gene-drug only)
[benchmark] done gdis=0.7688 gd_combined=0.6223 gd_biored=0.6223 gd_drugprot=nan overall=0.7292
  COMPLETE BioBERT-base (biobert_base) seed=44: gd_combined=0.622 gdis=0.769 best_epoch=3 pooled_val_f1=0.745 marker=/lus/lfs1aip2/projects/b5ac/project_1/data/10_recipe_sweep_and_training/matrix/results/biobert_base/seed_44/matrix_complete.json
  RUN START BioBERT-base (biobert_base) seed=45 [4/4 in this job]
[train] start biobert_base seed=45 lr=5e-06 warmup=none hf=dmis-lab/biobert-base-cased-v1.2 train=24000 val=25311 (pooled BioRED+DrugProt) -> /lus/lfs1aip2/projects/b5ac/project_1/data/10_recipe_sweep_and_training/matrix/checkpoints/biobert_base/seed_45
[train] device=cuda batch_size=16 max_epochs=10
Some weights of BertForSequenceClassification were not initialized from the model checkpoint at dmis-lab/biobert-base-cased-v1.2 and are newly initialized: ['classifier.bias', 'classifier.weight']
You should probably TRAIN this model on a down-stream task to be able to use it for predictions and inference.
[train] epoch 1/10 train_loss=0.6363 val_loss=0.5789 pooled_val_f1_micro=0.7084
[train] new best pooled_val_f1_micro=0.7084 at epoch 1 -> /lus/lfs1aip2/projects/b5ac/project_1/data/10_recipe_sweep_and_training/matrix/checkpoints/biobert_base/seed_45/best
[train] epoch 2/10 train_loss=0.4837 val_loss=0.5477 pooled_val_f1_micro=0.7274
[train] new best pooled_val_f1_micro=0.7274 at epoch 2 -> /lus/lfs1aip2/projects/b5ac/project_1/data/10_recipe_sweep_and_training/matrix/checkpoints/biobert_base/seed_45/best
[train] epoch 3/10 train_loss=0.4063 val_loss=0.5811 pooled_val_f1_micro=0.7489
[train] new best pooled_val_f1_micro=0.7489 at epoch 3 -> /lus/lfs1aip2/projects/b5ac/project_1/data/10_recipe_sweep_and_training/matrix/checkpoints/biobert_base/seed_45/best
[train] epoch 4/10 train_loss=0.3617 val_loss=0.6062 pooled_val_f1_micro=0.7613
[train] new best pooled_val_f1_micro=0.7613 at epoch 4 -> /lus/lfs1aip2/projects/b5ac/project_1/data/10_recipe_sweep_and_training/matrix/checkpoints/biobert_base/seed_45/best
[train] epoch 5/10 train_loss=0.3274 val_loss=0.6858 pooled_val_f1_micro=0.7361
[train] epoch 6/10 train_loss=0.3028 val_loss=0.7583 pooled_val_f1_micro=0.7174
[train] epoch 7/10 train_loss=0.2848 val_loss=0.7766 pooled_val_f1_micro=0.7025
[train] epoch 8/10 train_loss=0.2729 val_loss=0.7893 pooled_val_f1_micro=0.7220
[train] epoch 9/10 train_loss=0.2587 val_loss=0.9124 pooled_val_f1_micro=0.6576
[train] epoch 10/10 train_loss=0.2482 val_loss=0.8156 pooled_val_f1_micro=0.7344
[train] done biobert_base seed=45 best_val_f1=0.7613 best_epoch=4 epochs_run=10
[benchmark] evaluating /lus/lfs1aip2/projects/b5ac/project_1/data/10_recipe_sweep_and_training/matrix/checkpoints/biobert_base/seed_45/best: BioRED=14395 DrugProt=0 gdis=9769 gd_combined=4626 (DrugProt holdout unavailable; combined=BioRED gene-drug only)
[benchmark] done gdis=0.7840 gd_combined=0.6644 gd_biored=0.6644 gd_drugprot=nan overall=0.7509
  COMPLETE BioBERT-base (biobert_base) seed=45: gd_combined=0.664 gdis=0.784 best_epoch=4 pooled_val_f1=0.761 marker=/lus/lfs1aip2/projects/b5ac/project_1/data/10_recipe_sweep_and_training/matrix/results/biobert_base/seed_45/matrix_complete.json

=== Step-2 matrix training complete (this job) ===
  Trained: 4, skipped (already done): 0, planned: 4

=== Done ===
End: Sun Jun 28 21:36:45 UTC 2026
