=== 1e-5 supplementary side-matrix training ===
Host: nid011131
SLURM_JOB_ID=5411869
SLURM_JOB_NAME=lr1e5_biobert_46-47-48-49
Start: Sun Jun 28 19:30:07 UTC 2026
REPO=/home/b5ac/freddieyu.b5ac/project_1
OUTPUT_ROOT=/home/b5ac/freddieyu.b5ac/project_1/../projects/project_1
STEP_ARGS=--models biobert_base --seeds 46 47 48 49
Side output: /home/b5ac/freddieyu.b5ac/project_1/../projects/project_1/data/10_recipe_sweep_and_training/lr1e5_sidecheck/
Main matrix (untouched): /home/b5ac/freddieyu.b5ac/project_1/../projects/project_1/data/10_recipe_sweep_and_training/matrix/

=== 1e-5 side-matrix training ===
Recipe: lr=1e-05, warmup=none
Output: /lus/lfs1aip2/projects/b5ac/project_1/data/10_recipe_sweep_and_training/lr1e5_sidecheck


=== Step-2 matrix training ===
Recipe: lr=1e-05, warmup=none (checkpoint criterion=pooled_val_f1_micro)
Encoders (1): ['biobert_base']
Seeds (4): [46, 47, 48, 49]
Planned runs this job: 4


=== Estimated checkpoint footprint (rough) ===
  Runs: 1 encoders x 4 seeds = 4
  Assumed ~10 epochs/run; epoch ckpt ~220 MiB (fp16); best ckpt ~440 MiB (fp32)
  Per run ~2640 MiB; total ~10.3 GiB
  MAX_EPOCH_CHECKPOINTS_TO_KEEP=None (None = keep all epoch checkpoints)

[benchmark] building BioRED test examples...
[benchmark] built 14395 BioRED test examples (leaked PMIDs excluded)
[benchmark] building DrugProt test examples...
[benchmark] DrugProt: no labeled public test split in BigBio (splits=['train', 'validation', 'test_background']; test_background is unlabeled). Skipping DrugProt holdout benchmark; gene-drug combined uses BioRED test only.
  RUN START BioBERT-base (biobert_base) seed=46 [1/4 in this job]
[train] start biobert_base seed=46 lr=1e-05 warmup=none hf=dmis-lab/biobert-base-cased-v1.2 train=24000 val=25311 (pooled BioRED+DrugProt) -> /lus/lfs1aip2/projects/b5ac/project_1/data/10_recipe_sweep_and_training/lr1e5_sidecheck/checkpoints/biobert_base/seed_46
[train] device=cuda batch_size=16 max_epochs=10
Some weights of BertForSequenceClassification were not initialized from the model checkpoint at dmis-lab/biobert-base-cased-v1.2 and are newly initialized: ['classifier.bias', 'classifier.weight']
You should probably TRAIN this model on a down-stream task to be able to use it for predictions and inference.
[train] epoch 1/10 train_loss=0.5857 val_loss=0.5477 pooled_val_f1_micro=0.7510
[train] new best pooled_val_f1_micro=0.7510 at epoch 1 -> /lus/lfs1aip2/projects/b5ac/project_1/data/10_recipe_sweep_and_training/lr1e5_sidecheck/checkpoints/biobert_base/seed_46/best
[train] epoch 2/10 train_loss=0.4383 val_loss=0.5836 pooled_val_f1_micro=0.6846
[train] epoch 3/10 train_loss=0.3758 val_loss=0.6658 pooled_val_f1_micro=0.7546
[train] new best pooled_val_f1_micro=0.7546 at epoch 3 -> /lus/lfs1aip2/projects/b5ac/project_1/data/10_recipe_sweep_and_training/lr1e5_sidecheck/checkpoints/biobert_base/seed_46/best
[train] epoch 4/10 train_loss=0.3318 val_loss=0.7918 pooled_val_f1_micro=0.6930
[train] epoch 5/10 train_loss=0.3060 val_loss=0.7759 pooled_val_f1_micro=0.7389
[train] epoch 6/10 train_loss=0.2809 val_loss=0.9292 pooled_val_f1_micro=0.6610
[train] epoch 7/10 train_loss=0.2683 val_loss=0.9758 pooled_val_f1_micro=0.7279
[train] epoch 8/10 train_loss=0.2572 val_loss=0.9290 pooled_val_f1_micro=0.7481
[train] epoch 9/10 train_loss=0.2482 val_loss=0.9174 pooled_val_f1_micro=0.6935
[train] epoch 10/10 train_loss=0.2398 val_loss=0.9230 pooled_val_f1_micro=0.7091
[train] done biobert_base seed=46 best_val_f1=0.7546 best_epoch=3 epochs_run=10
[benchmark] evaluating /lus/lfs1aip2/projects/b5ac/project_1/data/10_recipe_sweep_and_training/lr1e5_sidecheck/checkpoints/biobert_base/seed_46/best: BioRED=14395 DrugProt=0 gdis=9769 gd_combined=4626 (DrugProt holdout unavailable; combined=BioRED gene-drug only)
[benchmark] done gdis=0.7780 gd_combined=0.6550 gd_biored=0.6550 gd_drugprot=nan overall=0.7440
  COMPLETE BioBERT-base (biobert_base) seed=46: gd_combined=0.655 gdis=0.778 best_epoch=3 pooled_val_f1=0.755 marker=/lus/lfs1aip2/projects/b5ac/project_1/data/10_recipe_sweep_and_training/lr1e5_sidecheck/results/biobert_base/seed_46/matrix_complete.json
  RUN START BioBERT-base (biobert_base) seed=47 [2/4 in this job]
[train] start biobert_base seed=47 lr=1e-05 warmup=none hf=dmis-lab/biobert-base-cased-v1.2 train=24000 val=25311 (pooled BioRED+DrugProt) -> /lus/lfs1aip2/projects/b5ac/project_1/data/10_recipe_sweep_and_training/lr1e5_sidecheck/checkpoints/biobert_base/seed_47
[train] device=cuda batch_size=16 max_epochs=10
Some weights of BertForSequenceClassification were not initialized from the model checkpoint at dmis-lab/biobert-base-cased-v1.2 and are newly initialized: ['classifier.bias', 'classifier.weight']
You should probably TRAIN this model on a down-stream task to be able to use it for predictions and inference.
[train] epoch 1/10 train_loss=0.6189 val_loss=0.5480 pooled_val_f1_micro=0.7261
[train] new best pooled_val_f1_micro=0.7261 at epoch 1 -> /lus/lfs1aip2/projects/b5ac/project_1/data/10_recipe_sweep_and_training/lr1e5_sidecheck/checkpoints/biobert_base/seed_47/best
[train] epoch 2/10 train_loss=0.4548 val_loss=0.5810 pooled_val_f1_micro=0.6764
[train] epoch 3/10 train_loss=0.3851 val_loss=0.6409 pooled_val_f1_micro=0.7381
[train] new best pooled_val_f1_micro=0.7381 at epoch 3 -> /lus/lfs1aip2/projects/b5ac/project_1/data/10_recipe_sweep_and_training/lr1e5_sidecheck/checkpoints/biobert_base/seed_47/best
[train] epoch 4/10 train_loss=0.3432 val_loss=0.7066 pooled_val_f1_micro=0.7429
[train] new best pooled_val_f1_micro=0.7429 at epoch 4 -> /lus/lfs1aip2/projects/b5ac/project_1/data/10_recipe_sweep_and_training/lr1e5_sidecheck/checkpoints/biobert_base/seed_47/best
[train] epoch 5/10 train_loss=0.3112 val_loss=0.7212 pooled_val_f1_micro=0.7498
[train] new best pooled_val_f1_micro=0.7498 at epoch 5 -> /lus/lfs1aip2/projects/b5ac/project_1/data/10_recipe_sweep_and_training/lr1e5_sidecheck/checkpoints/biobert_base/seed_47/best
[train] epoch 6/10 train_loss=0.2891 val_loss=0.8329 pooled_val_f1_micro=0.7126
[train] epoch 7/10 train_loss=0.2722 val_loss=0.8376 pooled_val_f1_micro=0.7125
[train] epoch 8/10 train_loss=0.2602 val_loss=0.9023 pooled_val_f1_micro=0.7156
[train] epoch 9/10 train_loss=0.2490 val_loss=0.9053 pooled_val_f1_micro=0.7309
[train] epoch 10/10 train_loss=0.2427 val_loss=1.0263 pooled_val_f1_micro=0.7214
[train] done biobert_base seed=47 best_val_f1=0.7498 best_epoch=5 epochs_run=10
[benchmark] evaluating /lus/lfs1aip2/projects/b5ac/project_1/data/10_recipe_sweep_and_training/lr1e5_sidecheck/checkpoints/biobert_base/seed_47/best: BioRED=14395 DrugProt=0 gdis=9769 gd_combined=4626 (DrugProt holdout unavailable; combined=BioRED gene-drug only)
[benchmark] done gdis=0.7739 gd_combined=0.6050 gd_biored=0.6050 gd_drugprot=nan overall=0.7291
  COMPLETE BioBERT-base (biobert_base) seed=47: gd_combined=0.605 gdis=0.774 best_epoch=5 pooled_val_f1=0.750 marker=/lus/lfs1aip2/projects/b5ac/project_1/data/10_recipe_sweep_and_training/lr1e5_sidecheck/results/biobert_base/seed_47/matrix_complete.json
  RUN START BioBERT-base (biobert_base) seed=48 [3/4 in this job]
[train] start biobert_base seed=48 lr=1e-05 warmup=none hf=dmis-lab/biobert-base-cased-v1.2 train=24000 val=25311 (pooled BioRED+DrugProt) -> /lus/lfs1aip2/projects/b5ac/project_1/data/10_recipe_sweep_and_training/lr1e5_sidecheck/checkpoints/biobert_base/seed_48
[train] device=cuda batch_size=16 max_epochs=10
Some weights of BertForSequenceClassification were not initialized from the model checkpoint at dmis-lab/biobert-base-cased-v1.2 and are newly initialized: ['classifier.bias', 'classifier.weight']
You should probably TRAIN this model on a down-stream task to be able to use it for predictions and inference.
[train] epoch 1/10 train_loss=0.6396 val_loss=0.6277 pooled_val_f1_micro=0.5647
[train] new best pooled_val_f1_micro=0.5647 at epoch 1 -> /lus/lfs1aip2/projects/b5ac/project_1/data/10_recipe_sweep_and_training/lr1e5_sidecheck/checkpoints/biobert_base/seed_48/best
[train] epoch 2/10 train_loss=0.4693 val_loss=0.6222 pooled_val_f1_micro=0.6553
[train] new best pooled_val_f1_micro=0.6553 at epoch 2 -> /lus/lfs1aip2/projects/b5ac/project_1/data/10_recipe_sweep_and_training/lr1e5_sidecheck/checkpoints/biobert_base/seed_48/best
[train] epoch 3/10 train_loss=0.3886 val_loss=0.6654 pooled_val_f1_micro=0.6923
[train] new best pooled_val_f1_micro=0.6923 at epoch 3 -> /lus/lfs1aip2/projects/b5ac/project_1/data/10_recipe_sweep_and_training/lr1e5_sidecheck/checkpoints/biobert_base/seed_48/best
[train] epoch 4/10 train_loss=0.3421 val_loss=0.6787 pooled_val_f1_micro=0.7067
[train] new best pooled_val_f1_micro=0.7067 at epoch 4 -> /lus/lfs1aip2/projects/b5ac/project_1/data/10_recipe_sweep_and_training/lr1e5_sidecheck/checkpoints/biobert_base/seed_48/best
[train] epoch 5/10 train_loss=0.3097 val_loss=0.7368 pooled_val_f1_micro=0.7474
[train] new best pooled_val_f1_micro=0.7474 at epoch 5 -> /lus/lfs1aip2/projects/b5ac/project_1/data/10_recipe_sweep_and_training/lr1e5_sidecheck/checkpoints/biobert_base/seed_48/best
[train] epoch 6/10 train_loss=0.2855 val_loss=0.8629 pooled_val_f1_micro=0.6759
[train] epoch 7/10 train_loss=0.2684 val_loss=0.8707 pooled_val_f1_micro=0.6988
[train] epoch 8/10 train_loss=0.2548 val_loss=1.0078 pooled_val_f1_micro=0.6513
[train] epoch 9/10 train_loss=0.2431 val_loss=1.1061 pooled_val_f1_micro=0.6569
[train] epoch 10/10 train_loss=0.2370 val_loss=0.9279 pooled_val_f1_micro=0.6953
[train] done biobert_base seed=48 best_val_f1=0.7474 best_epoch=5 epochs_run=10
[benchmark] evaluating /lus/lfs1aip2/projects/b5ac/project_1/data/10_recipe_sweep_and_training/lr1e5_sidecheck/checkpoints/biobert_base/seed_48/best: BioRED=14395 DrugProt=0 gdis=9769 gd_combined=4626 (DrugProt holdout unavailable; combined=BioRED gene-drug only)
[benchmark] done gdis=0.7806 gd_combined=0.6323 gd_biored=0.6323 gd_drugprot=nan overall=0.7406
  COMPLETE BioBERT-base (biobert_base) seed=48: gd_combined=0.632 gdis=0.781 best_epoch=5 pooled_val_f1=0.747 marker=/lus/lfs1aip2/projects/b5ac/project_1/data/10_recipe_sweep_and_training/lr1e5_sidecheck/results/biobert_base/seed_48/matrix_complete.json
  RUN START BioBERT-base (biobert_base) seed=49 [4/4 in this job]
[train] start biobert_base seed=49 lr=1e-05 warmup=none hf=dmis-lab/biobert-base-cased-v1.2 train=24000 val=25311 (pooled BioRED+DrugProt) -> /lus/lfs1aip2/projects/b5ac/project_1/data/10_recipe_sweep_and_training/lr1e5_sidecheck/checkpoints/biobert_base/seed_49
[train] device=cuda batch_size=16 max_epochs=10
Some weights of BertForSequenceClassification were not initialized from the model checkpoint at dmis-lab/biobert-base-cased-v1.2 and are newly initialized: ['classifier.bias', 'classifier.weight']
You should probably TRAIN this model on a down-stream task to be able to use it for predictions and inference.
[train] epoch 1/10 train_loss=0.5662 val_loss=0.5669 pooled_val_f1_micro=0.7245
[train] new best pooled_val_f1_micro=0.7245 at epoch 1 -> /lus/lfs1aip2/projects/b5ac/project_1/data/10_recipe_sweep_and_training/lr1e5_sidecheck/checkpoints/biobert_base/seed_49/best
[train] epoch 2/10 train_loss=0.4271 val_loss=0.6143 pooled_val_f1_micro=0.6801
[train] epoch 3/10 train_loss=0.3689 val_loss=0.6300 pooled_val_f1_micro=0.7134
[train] epoch 4/10 train_loss=0.3274 val_loss=0.7598 pooled_val_f1_micro=0.6471
[train] epoch 5/10 train_loss=0.3026 val_loss=0.7380 pooled_val_f1_micro=0.7462
[train] new best pooled_val_f1_micro=0.7462 at epoch 5 -> /lus/lfs1aip2/projects/b5ac/project_1/data/10_recipe_sweep_and_training/lr1e5_sidecheck/checkpoints/biobert_base/seed_49/best
[train] epoch 6/10 train_loss=0.2826 val_loss=0.8043 pooled_val_f1_micro=0.6713
[train] epoch 7/10 train_loss=0.2659 val_loss=0.8344 pooled_val_f1_micro=0.7486
[train] new best pooled_val_f1_micro=0.7486 at epoch 7 -> /lus/lfs1aip2/projects/b5ac/project_1/data/10_recipe_sweep_and_training/lr1e5_sidecheck/checkpoints/biobert_base/seed_49/best
[train] epoch 8/10 train_loss=0.2542 val_loss=0.9681 pooled_val_f1_micro=0.6898
[train] epoch 9/10 train_loss=0.2480 val_loss=0.8881 pooled_val_f1_micro=0.7256
[train] epoch 10/10 train_loss=0.2362 val_loss=1.0172 pooled_val_f1_micro=0.7149
[train] done biobert_base seed=49 best_val_f1=0.7486 best_epoch=7 epochs_run=10
[benchmark] evaluating /lus/lfs1aip2/projects/b5ac/project_1/data/10_recipe_sweep_and_training/lr1e5_sidecheck/checkpoints/biobert_base/seed_49/best: BioRED=14395 DrugProt=0 gdis=9769 gd_combined=4626 (DrugProt holdout unavailable; combined=BioRED gene-drug only)
[benchmark] done gdis=0.7709 gd_combined=0.6062 gd_biored=0.6062 gd_drugprot=nan overall=0.7254
  COMPLETE BioBERT-base (biobert_base) seed=49: gd_combined=0.606 gdis=0.771 best_epoch=7 pooled_val_f1=0.749 marker=/lus/lfs1aip2/projects/b5ac/project_1/data/10_recipe_sweep_and_training/lr1e5_sidecheck/results/biobert_base/seed_49/matrix_complete.json

=== Step-2 matrix training complete (this job) ===
  Trained: 4, skipped (already done): 0, planned: 4

End: Sun Jun 28 21:38:10 UTC 2026
