=== Step 2: full-matrix training ===
Host: nid010400
SLURM_JOB_ID=5060060
SLURM_JOB_NAME=step2_pubmedbert_base
Start: Fri Jun  5 21:37:22 UTC 2026
REPO=/home/b5ac/freddieyu.b5ac/project_1
OUTPUT_ROOT=/home/b5ac/freddieyu.b5ac/project_1/../projects/project_1
STEP_ARGS=--models pubmedbert_base
Log: /home/b5ac/freddieyu.b5ac/project_1/../projects/project_1/runs/10_recipe_sweep_and_training/train_5060060.out
Ensure CHOSEN_RECIPE is set in config.py (not None) before submitting.
=== Recipe sweep and training 2026-06-05T21:37:25.636659 ===
[run] mode=train-only (step 2)
[run] model filter: ['pubmedbert_base']

=== Step-2 matrix training ===
Recipe: lr=1e-05, warmup=none (checkpoint criterion=val_f1)
Encoders (1): ['pubmedbert_base']
Seeds (8): [42, 43, 44, 45, 46, 47, 48, 49]
Planned runs this job: 8


=== Estimated checkpoint footprint (rough) ===
  Runs: 1 encoders x 8 seeds = 8
  Assumed ~7 epochs/run; epoch ckpt ~220 MiB (fp16); best ckpt ~440 MiB (fp32)
  Per run ~1980 MiB; total ~15.5 GiB
  MAX_EPOCH_CHECKPOINTS_TO_KEEP=None (None = keep all epoch checkpoints)

[benchmark] building BioRED test examples...
[benchmark] built 14395 test examples (leaked PMIDs excluded)
  RUN START PubMedBERT-base (pubmedbert_base) seed=42 [1/8 in this job]
[train] start pubmedbert_base seed=42 lr=1e-05 warmup=none train=24000 val=25311 -> /lus/lfs1aip2/projects/b5ac/project_1/data/10_recipe_sweep_and_training/matrix/checkpoints/pubmedbert_base/seed_42
[train] device=cuda batch_size=16 max_epochs=10
Some weights of BertForSequenceClassification were not initialized from the model checkpoint at microsoft/BiomedNLP-PubMedBERT-base-uncased-abstract and are newly initialized: ['classifier.bias', 'classifier.weight']
You should probably TRAIN this model on a down-stream task to be able to use it for predictions and inference.
[train] epoch 1/10 train_loss=0.5889 val_loss=0.6379 val_f1=0.6400 patience=0/3
[train] new best val_f1=0.6400 at epoch 1 -> /lus/lfs1aip2/projects/b5ac/project_1/data/10_recipe_sweep_and_training/matrix/checkpoints/pubmedbert_base/seed_42/best
[train] epoch 2/10 train_loss=0.4695 val_loss=0.6277 val_f1=0.6184 patience=0/3
[train] epoch 3/10 train_loss=0.3953 val_loss=0.6862 val_f1=0.6708 patience=1/3
[train] new best val_f1=0.6708 at epoch 3 -> /lus/lfs1aip2/projects/b5ac/project_1/data/10_recipe_sweep_and_training/matrix/checkpoints/pubmedbert_base/seed_42/best
[train] epoch 4/10 train_loss=0.3470 val_loss=0.7472 val_f1=0.6813 patience=0/3
[train] new best val_f1=0.6813 at epoch 4 -> /lus/lfs1aip2/projects/b5ac/project_1/data/10_recipe_sweep_and_training/matrix/checkpoints/pubmedbert_base/seed_42/best
[train] epoch 5/10 train_loss=0.3062 val_loss=0.8354 val_f1=0.6765 patience=0/3
[train] epoch 6/10 train_loss=0.2700 val_loss=0.8731 val_f1=0.6617 patience=1/3
[train] epoch 7/10 train_loss=0.2456 val_loss=0.9557 val_f1=0.6681 patience=2/3
[train] early stop at epoch 7 (no val_f1 improvement for 3 epochs)
[train] done pubmedbert_base seed=42 best_val_f1=0.6813 best_epoch=4 epochs_run=7
[benchmark] evaluating /lus/lfs1aip2/projects/b5ac/project_1/data/10_recipe_sweep_and_training/matrix/checkpoints/pubmedbert_base/seed_42/best on 14395 BioRED test examples
[benchmark] batch 1/450 examples=32/14395
[benchmark] batch 45/450 examples=1440/14395
[benchmark] batch 90/450 examples=2880/14395
[benchmark] batch 135/450 examples=4320/14395
[benchmark] batch 180/450 examples=5760/14395
[benchmark] batch 225/450 examples=7200/14395
[benchmark] batch 270/450 examples=8640/14395
[benchmark] batch 315/450 examples=10080/14395
[benchmark] batch 360/450 examples=11520/14395
[benchmark] batch 405/450 examples=12960/14395
[benchmark] batch 450/450 examples=14395/14395
[benchmark] done f1=0.7730 precision=0.8045 recall=0.7440 n_positives=8875
  COMPLETE PubMedBERT-base (pubmedbert_base) seed=42: benchmark_f1=0.773 best_epoch=4 marker=/lus/lfs1aip2/projects/b5ac/project_1/data/10_recipe_sweep_and_training/matrix/results/pubmedbert_base/seed_42/matrix_complete.json
  RUN START PubMedBERT-base (pubmedbert_base) seed=43 [2/8 in this job]
[train] start pubmedbert_base seed=43 lr=1e-05 warmup=none train=24000 val=25311 -> /lus/lfs1aip2/projects/b5ac/project_1/data/10_recipe_sweep_and_training/matrix/checkpoints/pubmedbert_base/seed_43
[train] device=cuda batch_size=16 max_epochs=10
Some weights of BertForSequenceClassification were not initialized from the model checkpoint at microsoft/BiomedNLP-PubMedBERT-base-uncased-abstract and are newly initialized: ['classifier.bias', 'classifier.weight']
You should probably TRAIN this model on a down-stream task to be able to use it for predictions and inference.
[train] epoch 1/10 train_loss=0.5751 val_loss=0.6108 val_f1=0.6557 patience=0/3
[train] new best val_f1=0.6557 at epoch 1 -> /lus/lfs1aip2/projects/b5ac/project_1/data/10_recipe_sweep_and_training/matrix/checkpoints/pubmedbert_base/seed_43/best
[train] epoch 2/10 train_loss=0.4677 val_loss=0.6168 val_f1=0.6517 patience=0/3
[train] epoch 3/10 train_loss=0.3975 val_loss=0.7381 val_f1=0.6081 patience=1/3
[train] epoch 4/10 train_loss=0.3512 val_loss=0.7266 val_f1=0.6854 patience=2/3
[train] new best val_f1=0.6854 at epoch 4 -> /lus/lfs1aip2/projects/b5ac/project_1/data/10_recipe_sweep_and_training/matrix/checkpoints/pubmedbert_base/seed_43/best
[train] epoch 5/10 train_loss=0.3102 val_loss=0.8479 val_f1=0.6343 patience=0/3
[train] epoch 6/10 train_loss=0.2785 val_loss=0.9508 val_f1=0.7057 patience=1/3
[train] new best val_f1=0.7057 at epoch 6 -> /lus/lfs1aip2/projects/b5ac/project_1/data/10_recipe_sweep_and_training/matrix/checkpoints/pubmedbert_base/seed_43/best
[train] epoch 7/10 train_loss=0.2495 val_loss=0.9675 val_f1=0.6065 patience=0/3
[train] epoch 8/10 train_loss=0.2280 val_loss=0.9429 val_f1=0.6403 patience=1/3
[train] epoch 9/10 train_loss=0.2072 val_loss=0.9986 val_f1=0.6955 patience=2/3
[train] early stop at epoch 9 (no val_f1 improvement for 3 epochs)
[train] done pubmedbert_base seed=43 best_val_f1=0.7057 best_epoch=6 epochs_run=9
[benchmark] evaluating /lus/lfs1aip2/projects/b5ac/project_1/data/10_recipe_sweep_and_training/matrix/checkpoints/pubmedbert_base/seed_43/best on 14395 BioRED test examples
[benchmark] batch 1/450 examples=32/14395
[benchmark] batch 45/450 examples=1440/14395
[benchmark] batch 90/450 examples=2880/14395
[benchmark] batch 135/450 examples=4320/14395
[benchmark] batch 180/450 examples=5760/14395
[benchmark] batch 225/450 examples=7200/14395
[benchmark] batch 270/450 examples=8640/14395
[benchmark] batch 315/450 examples=10080/14395
[benchmark] batch 360/450 examples=11520/14395
[benchmark] batch 405/450 examples=12960/14395
[benchmark] batch 450/450 examples=14395/14395
[benchmark] done f1=0.7603 precision=0.7416 recall=0.7798 n_positives=8875
  COMPLETE PubMedBERT-base (pubmedbert_base) seed=43: benchmark_f1=0.760 best_epoch=6 marker=/lus/lfs1aip2/projects/b5ac/project_1/data/10_recipe_sweep_and_training/matrix/results/pubmedbert_base/seed_43/matrix_complete.json
  RUN START PubMedBERT-base (pubmedbert_base) seed=44 [3/8 in this job]
[train] start pubmedbert_base seed=44 lr=1e-05 warmup=none train=24000 val=25311 -> /lus/lfs1aip2/projects/b5ac/project_1/data/10_recipe_sweep_and_training/matrix/checkpoints/pubmedbert_base/seed_44
[train] device=cuda batch_size=16 max_epochs=10
Some weights of BertForSequenceClassification were not initialized from the model checkpoint at microsoft/BiomedNLP-PubMedBERT-base-uncased-abstract and are newly initialized: ['classifier.bias', 'classifier.weight']
You should probably TRAIN this model on a down-stream task to be able to use it for predictions and inference.
[train] epoch 1/10 train_loss=0.5755 val_loss=0.6254 val_f1=0.6335 patience=0/3
[train] new best val_f1=0.6335 at epoch 1 -> /lus/lfs1aip2/projects/b5ac/project_1/data/10_recipe_sweep_and_training/matrix/checkpoints/pubmedbert_base/seed_44/best
[train] epoch 2/10 train_loss=0.4608 val_loss=0.6018 val_f1=0.6685 patience=0/3
[train] new best val_f1=0.6685 at epoch 2 -> /lus/lfs1aip2/projects/b5ac/project_1/data/10_recipe_sweep_and_training/matrix/checkpoints/pubmedbert_base/seed_44/best
[train] epoch 3/10 train_loss=0.3906 val_loss=0.7073 val_f1=0.6707 patience=0/3
[train] new best val_f1=0.6707 at epoch 3 -> /lus/lfs1aip2/projects/b5ac/project_1/data/10_recipe_sweep_and_training/matrix/checkpoints/pubmedbert_base/seed_44/best
[train] epoch 4/10 train_loss=0.3435 val_loss=0.7341 val_f1=0.6689 patience=0/3
[train] epoch 5/10 train_loss=0.3058 val_loss=0.7557 val_f1=0.6548 patience=1/3
[train] epoch 6/10 train_loss=0.2755 val_loss=0.7749 val_f1=0.6980 patience=2/3
[train] new best val_f1=0.6980 at epoch 6 -> /lus/lfs1aip2/projects/b5ac/project_1/data/10_recipe_sweep_and_training/matrix/checkpoints/pubmedbert_base/seed_44/best
[train] epoch 7/10 train_loss=0.2474 val_loss=0.9360 val_f1=0.6276 patience=0/3
[train] epoch 8/10 train_loss=0.2250 val_loss=0.8776 val_f1=0.6669 patience=1/3
[train] epoch 9/10 train_loss=0.2084 val_loss=0.9726 val_f1=0.6775 patience=2/3
[train] early stop at epoch 9 (no val_f1 improvement for 3 epochs)
[train] done pubmedbert_base seed=44 best_val_f1=0.6980 best_epoch=6 epochs_run=9
[benchmark] evaluating /lus/lfs1aip2/projects/b5ac/project_1/data/10_recipe_sweep_and_training/matrix/checkpoints/pubmedbert_base/seed_44/best on 14395 BioRED test examples
[benchmark] batch 1/450 examples=32/14395
[benchmark] batch 45/450 examples=1440/14395
[benchmark] batch 90/450 examples=2880/14395
[benchmark] batch 135/450 examples=4320/14395
[benchmark] batch 180/450 examples=5760/14395
[benchmark] batch 225/450 examples=7200/14395
[benchmark] batch 270/450 examples=8640/14395
[benchmark] batch 315/450 examples=10080/14395
[benchmark] batch 360/450 examples=11520/14395
[benchmark] batch 405/450 examples=12960/14395
[benchmark] batch 450/450 examples=14395/14395
[benchmark] done f1=0.7424 precision=0.7715 recall=0.7155 n_positives=8875
  COMPLETE PubMedBERT-base (pubmedbert_base) seed=44: benchmark_f1=0.742 best_epoch=6 marker=/lus/lfs1aip2/projects/b5ac/project_1/data/10_recipe_sweep_and_training/matrix/results/pubmedbert_base/seed_44/matrix_complete.json
  RUN START PubMedBERT-base (pubmedbert_base) seed=45 [4/8 in this job]
[train] start pubmedbert_base seed=45 lr=1e-05 warmup=none train=24000 val=25311 -> /lus/lfs1aip2/projects/b5ac/project_1/data/10_recipe_sweep_and_training/matrix/checkpoints/pubmedbert_base/seed_45
[train] device=cuda batch_size=16 max_epochs=10
Some weights of BertForSequenceClassification were not initialized from the model checkpoint at microsoft/BiomedNLP-PubMedBERT-base-uncased-abstract and are newly initialized: ['classifier.bias', 'classifier.weight']
You should probably TRAIN this model on a down-stream task to be able to use it for predictions and inference.
[train] epoch 1/10 train_loss=0.5751 val_loss=0.5976 val_f1=0.5733 patience=0/3
[train] new best val_f1=0.5733 at epoch 1 -> /lus/lfs1aip2/projects/b5ac/project_1/data/10_recipe_sweep_and_training/matrix/checkpoints/pubmedbert_base/seed_45/best
[train] epoch 2/10 train_loss=0.4653 val_loss=0.6427 val_f1=0.6690 patience=0/3
[train] new best val_f1=0.6690 at epoch 2 -> /lus/lfs1aip2/projects/b5ac/project_1/data/10_recipe_sweep_and_training/matrix/checkpoints/pubmedbert_base/seed_45/best
[train] epoch 3/10 train_loss=0.3945 val_loss=0.6463 val_f1=0.6602 patience=0/3
[train] epoch 4/10 train_loss=0.3470 val_loss=0.7136 val_f1=0.6828 patience=1/3
[train] new best val_f1=0.6828 at epoch 4 -> /lus/lfs1aip2/projects/b5ac/project_1/data/10_recipe_sweep_and_training/matrix/checkpoints/pubmedbert_base/seed_45/best
[train] epoch 5/10 train_loss=0.3057 val_loss=0.7884 val_f1=0.6605 patience=0/3
[train] epoch 6/10 train_loss=0.2732 val_loss=0.7787 val_f1=0.6838 patience=1/3
[train] new best val_f1=0.6838 at epoch 6 -> /lus/lfs1aip2/projects/b5ac/project_1/data/10_recipe_sweep_and_training/matrix/checkpoints/pubmedbert_base/seed_45/best
[train] epoch 7/10 train_loss=0.2456 val_loss=0.8588 val_f1=0.6555 patience=0/3
[train] epoch 8/10 train_loss=0.2222 val_loss=0.9329 val_f1=0.6772 patience=1/3
[train] epoch 9/10 train_loss=0.2040 val_loss=1.0028 val_f1=0.6382 patience=2/3
[train] early stop at epoch 9 (no val_f1 improvement for 3 epochs)
[train] done pubmedbert_base seed=45 best_val_f1=0.6838 best_epoch=6 epochs_run=9
[benchmark] evaluating /lus/lfs1aip2/projects/b5ac/project_1/data/10_recipe_sweep_and_training/matrix/checkpoints/pubmedbert_base/seed_45/best on 14395 BioRED test examples
[benchmark] batch 1/450 examples=32/14395
[benchmark] batch 45/450 examples=1440/14395
[benchmark] batch 90/450 examples=2880/14395
[benchmark] batch 135/450 examples=4320/14395
[benchmark] batch 180/450 examples=5760/14395
[benchmark] batch 225/450 examples=7200/14395
[benchmark] batch 270/450 examples=8640/14395
[benchmark] batch 315/450 examples=10080/14395
[benchmark] batch 360/450 examples=11520/14395
[benchmark] batch 405/450 examples=12960/14395
[benchmark] batch 450/450 examples=14395/14395
[benchmark] done f1=0.7731 precision=0.7767 recall=0.7696 n_positives=8875
  COMPLETE PubMedBERT-base (pubmedbert_base) seed=45: benchmark_f1=0.773 best_epoch=6 marker=/lus/lfs1aip2/projects/b5ac/project_1/data/10_recipe_sweep_and_training/matrix/results/pubmedbert_base/seed_45/matrix_complete.json
  RUN START PubMedBERT-base (pubmedbert_base) seed=46 [5/8 in this job]
[train] start pubmedbert_base seed=46 lr=1e-05 warmup=none train=24000 val=25311 -> /lus/lfs1aip2/projects/b5ac/project_1/data/10_recipe_sweep_and_training/matrix/checkpoints/pubmedbert_base/seed_46
[train] device=cuda batch_size=16 max_epochs=10
Some weights of BertForSequenceClassification were not initialized from the model checkpoint at microsoft/BiomedNLP-PubMedBERT-base-uncased-abstract and are newly initialized: ['classifier.bias', 'classifier.weight']
You should probably TRAIN this model on a down-stream task to be able to use it for predictions and inference.
[train] epoch 1/10 train_loss=0.5898 val_loss=0.6180 val_f1=0.6628 patience=0/3
[train] new best val_f1=0.6628 at epoch 1 -> /lus/lfs1aip2/projects/b5ac/project_1/data/10_recipe_sweep_and_training/matrix/checkpoints/pubmedbert_base/seed_46/best
[train] epoch 2/10 train_loss=0.4419 val_loss=0.6515 val_f1=0.6727 patience=0/3
[train] new best val_f1=0.6727 at epoch 2 -> /lus/lfs1aip2/projects/b5ac/project_1/data/10_recipe_sweep_and_training/matrix/checkpoints/pubmedbert_base/seed_46/best
[train] epoch 3/10 train_loss=0.3690 val_loss=0.6694 val_f1=0.6896 patience=0/3
[train] new best val_f1=0.6896 at epoch 3 -> /lus/lfs1aip2/projects/b5ac/project_1/data/10_recipe_sweep_and_training/matrix/checkpoints/pubmedbert_base/seed_46/best
[train] epoch 4/10 train_loss=0.3169 val_loss=0.7431 val_f1=0.6454 patience=0/3
[train] epoch 5/10 train_loss=0.2824 val_loss=0.8317 val_f1=0.6799 patience=1/3
[train] epoch 6/10 train_loss=0.2544 val_loss=0.8933 val_f1=0.5896 patience=2/3
[train] early stop at epoch 6 (no val_f1 improvement for 3 epochs)
[train] done pubmedbert_base seed=46 best_val_f1=0.6896 best_epoch=3 epochs_run=6
[benchmark] evaluating /lus/lfs1aip2/projects/b5ac/project_1/data/10_recipe_sweep_and_training/matrix/checkpoints/pubmedbert_base/seed_46/best on 14395 BioRED test examples
[benchmark] batch 1/450 examples=32/14395
[benchmark] batch 45/450 examples=1440/14395
[benchmark] batch 90/450 examples=2880/14395
[benchmark] batch 135/450 examples=4320/14395
[benchmark] batch 180/450 examples=5760/14395
[benchmark] batch 225/450 examples=7200/14395
[benchmark] batch 270/450 examples=8640/14395
[benchmark] batch 315/450 examples=10080/14395
[benchmark] batch 360/450 examples=11520/14395
[benchmark] batch 405/450 examples=12960/14395
[benchmark] batch 450/450 examples=14395/14395
[benchmark] done f1=0.7619 precision=0.7540 recall=0.7700 n_positives=8875
  COMPLETE PubMedBERT-base (pubmedbert_base) seed=46: benchmark_f1=0.762 best_epoch=3 marker=/lus/lfs1aip2/projects/b5ac/project_1/data/10_recipe_sweep_and_training/matrix/results/pubmedbert_base/seed_46/matrix_complete.json
  RUN START PubMedBERT-base (pubmedbert_base) seed=47 [6/8 in this job]
[train] start pubmedbert_base seed=47 lr=1e-05 warmup=none train=24000 val=25311 -> /lus/lfs1aip2/projects/b5ac/project_1/data/10_recipe_sweep_and_training/matrix/checkpoints/pubmedbert_base/seed_47
[train] device=cuda batch_size=16 max_epochs=10
Some weights of BertForSequenceClassification were not initialized from the model checkpoint at microsoft/BiomedNLP-PubMedBERT-base-uncased-abstract and are newly initialized: ['classifier.bias', 'classifier.weight']
You should probably TRAIN this model on a down-stream task to be able to use it for predictions and inference.
[train] epoch 1/10 train_loss=0.5705 val_loss=0.6106 val_f1=0.6429 patience=0/3
[train] new best val_f1=0.6429 at epoch 1 -> /lus/lfs1aip2/projects/b5ac/project_1/data/10_recipe_sweep_and_training/matrix/checkpoints/pubmedbert_base/seed_47/best
[train] epoch 2/10 train_loss=0.4596 val_loss=0.7050 val_f1=0.5543 patience=0/3
[train] epoch 3/10 train_loss=0.3932 val_loss=0.6664 val_f1=0.6477 patience=1/3
[train] new best val_f1=0.6477 at epoch 3 -> /lus/lfs1aip2/projects/b5ac/project_1/data/10_recipe_sweep_and_training/matrix/checkpoints/pubmedbert_base/seed_47/best
[train] epoch 4/10 train_loss=0.3483 val_loss=0.7274 val_f1=0.6816 patience=0/3
[train] new best val_f1=0.6816 at epoch 4 -> /lus/lfs1aip2/projects/b5ac/project_1/data/10_recipe_sweep_and_training/matrix/checkpoints/pubmedbert_base/seed_47/best
[train] epoch 5/10 train_loss=0.3131 val_loss=0.7588 val_f1=0.6865 patience=0/3
[train] new best val_f1=0.6865 at epoch 5 -> /lus/lfs1aip2/projects/b5ac/project_1/data/10_recipe_sweep_and_training/matrix/checkpoints/pubmedbert_base/seed_47/best
[train] epoch 6/10 train_loss=0.2851 val_loss=0.7921 val_f1=0.6522 patience=0/3
[train] epoch 7/10 train_loss=0.2570 val_loss=0.8873 val_f1=0.6586 patience=1/3
[train] epoch 8/10 train_loss=0.2365 val_loss=0.9064 val_f1=0.6559 patience=2/3
[train] early stop at epoch 8 (no val_f1 improvement for 3 epochs)
[train] done pubmedbert_base seed=47 best_val_f1=0.6865 best_epoch=5 epochs_run=8
[benchmark] evaluating /lus/lfs1aip2/projects/b5ac/project_1/data/10_recipe_sweep_and_training/matrix/checkpoints/pubmedbert_base/seed_47/best on 14395 BioRED test examples
[benchmark] batch 1/450 examples=32/14395
[benchmark] batch 45/450 examples=1440/14395
[benchmark] batch 90/450 examples=2880/14395
[benchmark] batch 135/450 examples=4320/14395
[benchmark] batch 180/450 examples=5760/14395
[benchmark] batch 225/450 examples=7200/14395
[benchmark] batch 270/450 examples=8640/14395
[benchmark] batch 315/450 examples=10080/14395
[benchmark] batch 360/450 examples=11520/14395
[benchmark] batch 405/450 examples=12960/14395
[benchmark] batch 450/450 examples=14395/14395
[benchmark] done f1=0.7488 precision=0.7567 recall=0.7410 n_positives=8875
  COMPLETE PubMedBERT-base (pubmedbert_base) seed=47: benchmark_f1=0.749 best_epoch=5 marker=/lus/lfs1aip2/projects/b5ac/project_1/data/10_recipe_sweep_and_training/matrix/results/pubmedbert_base/seed_47/matrix_complete.json
  RUN START PubMedBERT-base (pubmedbert_base) seed=48 [7/8 in this job]
[train] start pubmedbert_base seed=48 lr=1e-05 warmup=none train=24000 val=25311 -> /lus/lfs1aip2/projects/b5ac/project_1/data/10_recipe_sweep_and_training/matrix/checkpoints/pubmedbert_base/seed_48
[train] device=cuda batch_size=16 max_epochs=10
Some weights of BertForSequenceClassification were not initialized from the model checkpoint at microsoft/BiomedNLP-PubMedBERT-base-uncased-abstract and are newly initialized: ['classifier.bias', 'classifier.weight']
You should probably TRAIN this model on a down-stream task to be able to use it for predictions and inference.
[train] epoch 1/10 train_loss=0.5782 val_loss=0.6273 val_f1=0.5706 patience=0/3
[train] new best val_f1=0.5706 at epoch 1 -> /lus/lfs1aip2/projects/b5ac/project_1/data/10_recipe_sweep_and_training/matrix/checkpoints/pubmedbert_base/seed_48/best
[train] epoch 2/10 train_loss=0.4714 val_loss=0.6347 val_f1=0.6449 patience=0/3
[train] new best val_f1=0.6449 at epoch 2 -> /lus/lfs1aip2/projects/b5ac/project_1/data/10_recipe_sweep_and_training/matrix/checkpoints/pubmedbert_base/seed_48/best
[train] epoch 3/10 train_loss=0.4002 val_loss=0.6594 val_f1=0.6532 patience=0/3
[train] new best val_f1=0.6532 at epoch 3 -> /lus/lfs1aip2/projects/b5ac/project_1/data/10_recipe_sweep_and_training/matrix/checkpoints/pubmedbert_base/seed_48/best
[train] epoch 4/10 train_loss=0.3527 val_loss=0.7548 val_f1=0.6720 patience=0/3
[train] new best val_f1=0.6720 at epoch 4 -> /lus/lfs1aip2/projects/b5ac/project_1/data/10_recipe_sweep_and_training/matrix/checkpoints/pubmedbert_base/seed_48/best
[train] epoch 5/10 train_loss=0.3129 val_loss=0.8789 val_f1=0.6829 patience=0/3
[train] new best val_f1=0.6829 at epoch 5 -> /lus/lfs1aip2/projects/b5ac/project_1/data/10_recipe_sweep_and_training/matrix/checkpoints/pubmedbert_base/seed_48/best
[train] epoch 6/10 train_loss=0.2826 val_loss=0.8410 val_f1=0.6358 patience=0/3
[train] epoch 7/10 train_loss=0.2554 val_loss=0.8446 val_f1=0.6747 patience=1/3
[train] epoch 8/10 train_loss=0.2297 val_loss=0.9118 val_f1=0.6637 patience=2/3
[train] early stop at epoch 8 (no val_f1 improvement for 3 epochs)
[train] done pubmedbert_base seed=48 best_val_f1=0.6829 best_epoch=5 epochs_run=8
[benchmark] evaluating /lus/lfs1aip2/projects/b5ac/project_1/data/10_recipe_sweep_and_training/matrix/checkpoints/pubmedbert_base/seed_48/best on 14395 BioRED test examples
[benchmark] batch 1/450 examples=32/14395
[benchmark] batch 45/450 examples=1440/14395
[benchmark] batch 90/450 examples=2880/14395
[benchmark] batch 135/450 examples=4320/14395
[benchmark] batch 180/450 examples=5760/14395
[benchmark] batch 225/450 examples=7200/14395
[benchmark] batch 270/450 examples=8640/14395
[benchmark] batch 315/450 examples=10080/14395
[benchmark] batch 360/450 examples=11520/14395
[benchmark] batch 405/450 examples=12960/14395
[benchmark] batch 450/450 examples=14395/14395
[benchmark] done f1=0.7572 precision=0.7648 recall=0.7497 n_positives=8875
  COMPLETE PubMedBERT-base (pubmedbert_base) seed=48: benchmark_f1=0.757 best_epoch=5 marker=/lus/lfs1aip2/projects/b5ac/project_1/data/10_recipe_sweep_and_training/matrix/results/pubmedbert_base/seed_48/matrix_complete.json
  RUN START PubMedBERT-base (pubmedbert_base) seed=49 [8/8 in this job]
[train] start pubmedbert_base seed=49 lr=1e-05 warmup=none train=24000 val=25311 -> /lus/lfs1aip2/projects/b5ac/project_1/data/10_recipe_sweep_and_training/matrix/checkpoints/pubmedbert_base/seed_49
[train] device=cuda batch_size=16 max_epochs=10
Some weights of BertForSequenceClassification were not initialized from the model checkpoint at microsoft/BiomedNLP-PubMedBERT-base-uncased-abstract and are newly initialized: ['classifier.bias', 'classifier.weight']
You should probably TRAIN this model on a down-stream task to be able to use it for predictions and inference.
[train] epoch 1/10 train_loss=0.5726 val_loss=0.5915 val_f1=0.6197 patience=0/3
[train] new best val_f1=0.6197 at epoch 1 -> /lus/lfs1aip2/projects/b5ac/project_1/data/10_recipe_sweep_and_training/matrix/checkpoints/pubmedbert_base/seed_49/best
[train] epoch 2/10 train_loss=0.4555 val_loss=0.6998 val_f1=0.6312 patience=0/3
[train] new best val_f1=0.6312 at epoch 2 -> /lus/lfs1aip2/projects/b5ac/project_1/data/10_recipe_sweep_and_training/matrix/checkpoints/pubmedbert_base/seed_49/best
[train] epoch 3/10 train_loss=0.3854 val_loss=0.6873 val_f1=0.6767 patience=0/3
[train] new best val_f1=0.6767 at epoch 3 -> /lus/lfs1aip2/projects/b5ac/project_1/data/10_recipe_sweep_and_training/matrix/checkpoints/pubmedbert_base/seed_49/best
[train] epoch 4/10 train_loss=0.3418 val_loss=0.6887 val_f1=0.6706 patience=0/3
[train] epoch 5/10 train_loss=0.3056 val_loss=0.7943 val_f1=0.7008 patience=1/3
[train] new best val_f1=0.7008 at epoch 5 -> /lus/lfs1aip2/projects/b5ac/project_1/data/10_recipe_sweep_and_training/matrix/checkpoints/pubmedbert_base/seed_49/best
[train] epoch 6/10 train_loss=0.2744 val_loss=0.8516 val_f1=0.6825 patience=0/3
[train] epoch 7/10 train_loss=0.2536 val_loss=0.7713 val_f1=0.6833 patience=1/3
[train] epoch 8/10 train_loss=0.2319 val_loss=0.8782 val_f1=0.6936 patience=2/3
[train] early stop at epoch 8 (no val_f1 improvement for 3 epochs)
[train] done pubmedbert_base seed=49 best_val_f1=0.7008 best_epoch=5 epochs_run=8
[benchmark] evaluating /lus/lfs1aip2/projects/b5ac/project_1/data/10_recipe_sweep_and_training/matrix/checkpoints/pubmedbert_base/seed_49/best on 14395 BioRED test examples
[benchmark] batch 1/450 examples=32/14395
[benchmark] batch 45/450 examples=1440/14395
[benchmark] batch 90/450 examples=2880/14395
[benchmark] batch 135/450 examples=4320/14395
[benchmark] batch 180/450 examples=5760/14395
[benchmark] batch 225/450 examples=7200/14395
[benchmark] batch 270/450 examples=8640/14395
[benchmark] batch 315/450 examples=10080/14395
[benchmark] batch 360/450 examples=11520/14395
[benchmark] batch 405/450 examples=12960/14395
[benchmark] batch 450/450 examples=14395/14395
[benchmark] done f1=0.7944 precision=0.7589 recall=0.8334 n_positives=8875
  COMPLETE PubMedBERT-base (pubmedbert_base) seed=49: benchmark_f1=0.794 best_epoch=5 marker=/lus/lfs1aip2/projects/b5ac/project_1/data/10_recipe_sweep_and_training/matrix/results/pubmedbert_base/seed_49/matrix_complete.json

=== Step-2 matrix training complete (this job) ===
  Trained: 8, skipped (already done): 0, planned: 8

=== Done ===
End: Sat Jun  6 00:51:10 UTC 2026
