=== Step 2: full-matrix training ===
Host: nid010741
SLURM_JOB_ID=5411774
SLURM_JOB_NAME=train_biobert_46-47-48-49
Start: Sun Jun 28 19:29:25 UTC 2026
REPO=/home/b5ac/freddieyu.b5ac/project_1
OUTPUT_ROOT=/home/b5ac/freddieyu.b5ac/project_1/../projects/project_1
STEP_ARGS=--force --models biobert_base --seeds 46 47 48 49
Log: /home/b5ac/freddieyu.b5ac/project_1/../projects/project_1/runs/10_recipe_sweep_and_training/train_5411774.out
Ensure CHOSEN_RECIPE is set in config.py (not None) before submitting.
TMPDIR=/home/b5ac/freddieyu.b5ac/project_1/../projects/project_1/runs/10_recipe_sweep_and_training/tmp_5411774
=== Recipe sweep and training 2026-06-28T19:29:29.039234 ===
[run] mode=train-only (step 2)
[run] model filter: ['biobert_base']
[run] seed filter: [46, 47, 48, 49]

=== Step-2 matrix training ===
Recipe: lr=5e-06, warmup=none (checkpoint criterion=pooled_val_f1_micro)
Encoders (1): ['biobert_base']
Seeds (4): [46, 47, 48, 49]
Planned runs this job: 4


=== Estimated checkpoint footprint (rough) ===
  Runs: 1 encoders x 4 seeds = 4
  Assumed ~10 epochs/run; epoch ckpt ~220 MiB (fp16); best ckpt ~440 MiB (fp32)
  Per run ~2640 MiB; total ~10.3 GiB
  MAX_EPOCH_CHECKPOINTS_TO_KEEP=None (None = keep all epoch checkpoints)

[benchmark] building BioRED test examples...
[benchmark] built 14395 BioRED test examples (leaked PMIDs excluded)
[benchmark] building DrugProt test examples...
[benchmark] DrugProt: no labeled public test split in BigBio (splits=['train', 'validation', 'test_background']; test_background is unlabeled). Skipping DrugProt holdout benchmark; gene-drug combined uses BioRED test only.
  RUN START BioBERT-base (biobert_base) seed=46 [1/4 in this job]
[train] start biobert_base seed=46 lr=5e-06 warmup=none hf=dmis-lab/biobert-base-cased-v1.2 train=24000 val=25311 (pooled BioRED+DrugProt) -> /lus/lfs1aip2/projects/b5ac/project_1/data/10_recipe_sweep_and_training/matrix/checkpoints/biobert_base/seed_46
[train] device=cuda batch_size=16 max_epochs=10
Some weights of BertForSequenceClassification were not initialized from the model checkpoint at dmis-lab/biobert-base-cased-v1.2 and are newly initialized: ['classifier.bias', 'classifier.weight']
You should probably TRAIN this model on a down-stream task to be able to use it for predictions and inference.
[train] epoch 1/10 train_loss=0.6312 val_loss=0.5733 pooled_val_f1_micro=0.7113
[train] new best pooled_val_f1_micro=0.7113 at epoch 1 -> /lus/lfs1aip2/projects/b5ac/project_1/data/10_recipe_sweep_and_training/matrix/checkpoints/biobert_base/seed_46/best
[train] epoch 2/10 train_loss=0.4762 val_loss=0.5593 pooled_val_f1_micro=0.6884
[train] epoch 3/10 train_loss=0.4126 val_loss=0.6011 pooled_val_f1_micro=0.7334
[train] new best pooled_val_f1_micro=0.7334 at epoch 3 -> /lus/lfs1aip2/projects/b5ac/project_1/data/10_recipe_sweep_and_training/matrix/checkpoints/biobert_base/seed_46/best
[train] epoch 4/10 train_loss=0.3725 val_loss=0.6747 pooled_val_f1_micro=0.7083
[train] epoch 5/10 train_loss=0.3387 val_loss=0.6309 pooled_val_f1_micro=0.7271
[train] epoch 6/10 train_loss=0.3158 val_loss=0.8622 pooled_val_f1_micro=0.6282
[train] epoch 7/10 train_loss=0.2972 val_loss=0.8167 pooled_val_f1_micro=0.7017
[train] epoch 8/10 train_loss=0.2790 val_loss=0.8365 pooled_val_f1_micro=0.7384
[train] new best pooled_val_f1_micro=0.7384 at epoch 8 -> /lus/lfs1aip2/projects/b5ac/project_1/data/10_recipe_sweep_and_training/matrix/checkpoints/biobert_base/seed_46/best
[train] epoch 9/10 train_loss=0.2669 val_loss=0.8896 pooled_val_f1_micro=0.6887
[train] epoch 10/10 train_loss=0.2583 val_loss=0.8008 pooled_val_f1_micro=0.7175
[train] done biobert_base seed=46 best_val_f1=0.7384 best_epoch=8 epochs_run=10
[benchmark] evaluating /lus/lfs1aip2/projects/b5ac/project_1/data/10_recipe_sweep_and_training/matrix/checkpoints/biobert_base/seed_46/best: BioRED=14395 DrugProt=0 gdis=9769 gd_combined=4626 (DrugProt holdout unavailable; combined=BioRED gene-drug only)
[benchmark] done gdis=0.7805 gd_combined=0.6397 gd_biored=0.6397 gd_drugprot=nan overall=0.7414
  COMPLETE BioBERT-base (biobert_base) seed=46: gd_combined=0.640 gdis=0.781 best_epoch=8 pooled_val_f1=0.738 marker=/lus/lfs1aip2/projects/b5ac/project_1/data/10_recipe_sweep_and_training/matrix/results/biobert_base/seed_46/matrix_complete.json
  RUN START BioBERT-base (biobert_base) seed=47 [2/4 in this job]
[train] start biobert_base seed=47 lr=5e-06 warmup=none hf=dmis-lab/biobert-base-cased-v1.2 train=24000 val=25311 (pooled BioRED+DrugProt) -> /lus/lfs1aip2/projects/b5ac/project_1/data/10_recipe_sweep_and_training/matrix/checkpoints/biobert_base/seed_47
[train] device=cuda batch_size=16 max_epochs=10
Some weights of BertForSequenceClassification were not initialized from the model checkpoint at dmis-lab/biobert-base-cased-v1.2 and are newly initialized: ['classifier.bias', 'classifier.weight']
You should probably TRAIN this model on a down-stream task to be able to use it for predictions and inference.
[train] epoch 1/10 train_loss=0.6429 val_loss=0.6148 pooled_val_f1_micro=0.6944
[train] new best pooled_val_f1_micro=0.6944 at epoch 1 -> /lus/lfs1aip2/projects/b5ac/project_1/data/10_recipe_sweep_and_training/matrix/checkpoints/biobert_base/seed_47/best
[train] epoch 2/10 train_loss=0.4972 val_loss=0.5909 pooled_val_f1_micro=0.6445
[train] epoch 3/10 train_loss=0.4220 val_loss=0.5872 pooled_val_f1_micro=0.7438
[train] new best pooled_val_f1_micro=0.7438 at epoch 3 -> /lus/lfs1aip2/projects/b5ac/project_1/data/10_recipe_sweep_and_training/matrix/checkpoints/biobert_base/seed_47/best
[train] epoch 4/10 train_loss=0.3795 val_loss=0.5912 pooled_val_f1_micro=0.7381
[train] epoch 5/10 train_loss=0.3476 val_loss=0.6116 pooled_val_f1_micro=0.7430
[train] epoch 6/10 train_loss=0.3173 val_loss=0.6518 pooled_val_f1_micro=0.6803
[train] epoch 7/10 train_loss=0.2966 val_loss=0.7603 pooled_val_f1_micro=0.7067
[train] epoch 8/10 train_loss=0.2815 val_loss=0.7370 pooled_val_f1_micro=0.6856
[train] epoch 9/10 train_loss=0.2666 val_loss=0.7361 pooled_val_f1_micro=0.7366
[train] epoch 10/10 train_loss=0.2512 val_loss=0.8340 pooled_val_f1_micro=0.7353
[train] done biobert_base seed=47 best_val_f1=0.7438 best_epoch=3 epochs_run=10
[benchmark] evaluating /lus/lfs1aip2/projects/b5ac/project_1/data/10_recipe_sweep_and_training/matrix/checkpoints/biobert_base/seed_47/best: BioRED=14395 DrugProt=0 gdis=9769 gd_combined=4626 (DrugProt holdout unavailable; combined=BioRED gene-drug only)
[benchmark] done gdis=0.7656 gd_combined=0.6477 gd_biored=0.6477 gd_drugprot=nan overall=0.7333
  COMPLETE BioBERT-base (biobert_base) seed=47: gd_combined=0.648 gdis=0.766 best_epoch=3 pooled_val_f1=0.744 marker=/lus/lfs1aip2/projects/b5ac/project_1/data/10_recipe_sweep_and_training/matrix/results/biobert_base/seed_47/matrix_complete.json
  RUN START BioBERT-base (biobert_base) seed=48 [3/4 in this job]
[train] start biobert_base seed=48 lr=5e-06 warmup=none hf=dmis-lab/biobert-base-cased-v1.2 train=24000 val=25311 (pooled BioRED+DrugProt) -> /lus/lfs1aip2/projects/b5ac/project_1/data/10_recipe_sweep_and_training/matrix/checkpoints/biobert_base/seed_48
[train] device=cuda batch_size=16 max_epochs=10
Some weights of BertForSequenceClassification were not initialized from the model checkpoint at dmis-lab/biobert-base-cased-v1.2 and are newly initialized: ['classifier.bias', 'classifier.weight']
You should probably TRAIN this model on a down-stream task to be able to use it for predictions and inference.
[train] epoch 1/10 train_loss=0.6270 val_loss=0.5903 pooled_val_f1_micro=0.6306
[train] new best pooled_val_f1_micro=0.6306 at epoch 1 -> /lus/lfs1aip2/projects/b5ac/project_1/data/10_recipe_sweep_and_training/matrix/checkpoints/biobert_base/seed_48/best
[train] epoch 2/10 train_loss=0.4707 val_loss=0.5632 pooled_val_f1_micro=0.7205
[train] new best pooled_val_f1_micro=0.7205 at epoch 2 -> /lus/lfs1aip2/projects/b5ac/project_1/data/10_recipe_sweep_and_training/matrix/checkpoints/biobert_base/seed_48/best
[train] epoch 3/10 train_loss=0.4060 val_loss=0.6348 pooled_val_f1_micro=0.6923
[train] epoch 4/10 train_loss=0.3613 val_loss=0.6709 pooled_val_f1_micro=0.7044
[train] epoch 5/10 train_loss=0.3304 val_loss=0.7561 pooled_val_f1_micro=0.7254
[train] new best pooled_val_f1_micro=0.7254 at epoch 5 -> /lus/lfs1aip2/projects/b5ac/project_1/data/10_recipe_sweep_and_training/matrix/checkpoints/biobert_base/seed_48/best
[train] epoch 6/10 train_loss=0.3050 val_loss=0.8044 pooled_val_f1_micro=0.6942
[train] epoch 7/10 train_loss=0.2874 val_loss=0.7266 pooled_val_f1_micro=0.7381
[train] new best pooled_val_f1_micro=0.7381 at epoch 7 -> /lus/lfs1aip2/projects/b5ac/project_1/data/10_recipe_sweep_and_training/matrix/checkpoints/biobert_base/seed_48/best
[train] epoch 8/10 train_loss=0.2740 val_loss=0.8820 pooled_val_f1_micro=0.6687
[train] epoch 9/10 train_loss=0.2589 val_loss=0.9023 pooled_val_f1_micro=0.7239
[train] epoch 10/10 train_loss=0.2524 val_loss=0.8125 pooled_val_f1_micro=0.7407
[train] new best pooled_val_f1_micro=0.7407 at epoch 10 -> /lus/lfs1aip2/projects/b5ac/project_1/data/10_recipe_sweep_and_training/matrix/checkpoints/biobert_base/seed_48/best
[train] done biobert_base seed=48 best_val_f1=0.7407 best_epoch=10 epochs_run=10
[benchmark] evaluating /lus/lfs1aip2/projects/b5ac/project_1/data/10_recipe_sweep_and_training/matrix/checkpoints/biobert_base/seed_48/best: BioRED=14395 DrugProt=0 gdis=9769 gd_combined=4626 (DrugProt holdout unavailable; combined=BioRED gene-drug only)
[benchmark] done gdis=0.7675 gd_combined=0.6433 gd_biored=0.6433 gd_drugprot=nan overall=0.7329
  COMPLETE BioBERT-base (biobert_base) seed=48: gd_combined=0.643 gdis=0.767 best_epoch=10 pooled_val_f1=0.741 marker=/lus/lfs1aip2/projects/b5ac/project_1/data/10_recipe_sweep_and_training/matrix/results/biobert_base/seed_48/matrix_complete.json
  RUN START BioBERT-base (biobert_base) seed=49 [4/4 in this job]
[train] start biobert_base seed=49 lr=5e-06 warmup=none hf=dmis-lab/biobert-base-cased-v1.2 train=24000 val=25311 (pooled BioRED+DrugProt) -> /lus/lfs1aip2/projects/b5ac/project_1/data/10_recipe_sweep_and_training/matrix/checkpoints/biobert_base/seed_49
[train] device=cuda batch_size=16 max_epochs=10
Some weights of BertForSequenceClassification were not initialized from the model checkpoint at dmis-lab/biobert-base-cased-v1.2 and are newly initialized: ['classifier.bias', 'classifier.weight']
You should probably TRAIN this model on a down-stream task to be able to use it for predictions and inference.
[train] epoch 1/10 train_loss=0.6024 val_loss=0.5858 pooled_val_f1_micro=0.7029
[train] new best pooled_val_f1_micro=0.7029 at epoch 1 -> /lus/lfs1aip2/projects/b5ac/project_1/data/10_recipe_sweep_and_training/matrix/checkpoints/biobert_base/seed_49/best
[train] epoch 2/10 train_loss=0.4598 val_loss=0.5804 pooled_val_f1_micro=0.6931
[train] epoch 3/10 train_loss=0.4024 val_loss=0.6049 pooled_val_f1_micro=0.6861
[train] epoch 4/10 train_loss=0.3606 val_loss=0.6909 pooled_val_f1_micro=0.6995
[train] epoch 5/10 train_loss=0.3314 val_loss=0.6674 pooled_val_f1_micro=0.7559
[train] new best pooled_val_f1_micro=0.7559 at epoch 5 -> /lus/lfs1aip2/projects/b5ac/project_1/data/10_recipe_sweep_and_training/matrix/checkpoints/biobert_base/seed_49/best
[train] epoch 6/10 train_loss=0.3130 val_loss=0.6929 pooled_val_f1_micro=0.6889
[train] epoch 7/10 train_loss=0.2909 val_loss=0.7534 pooled_val_f1_micro=0.7527
[train] epoch 8/10 train_loss=0.2793 val_loss=0.8225 pooled_val_f1_micro=0.7205
[train] epoch 9/10 train_loss=0.2668 val_loss=0.8353 pooled_val_f1_micro=0.7062
[train] epoch 10/10 train_loss=0.2548 val_loss=0.8706 pooled_val_f1_micro=0.7237
[train] done biobert_base seed=49 best_val_f1=0.7559 best_epoch=5 epochs_run=10
[benchmark] evaluating /lus/lfs1aip2/projects/b5ac/project_1/data/10_recipe_sweep_and_training/matrix/checkpoints/biobert_base/seed_49/best: BioRED=14395 DrugProt=0 gdis=9769 gd_combined=4626 (DrugProt holdout unavailable; combined=BioRED gene-drug only)
[benchmark] done gdis=0.7640 gd_combined=0.6054 gd_biored=0.6054 gd_drugprot=nan overall=0.7227
  COMPLETE BioBERT-base (biobert_base) seed=49: gd_combined=0.605 gdis=0.764 best_epoch=5 pooled_val_f1=0.756 marker=/lus/lfs1aip2/projects/b5ac/project_1/data/10_recipe_sweep_and_training/matrix/results/biobert_base/seed_49/matrix_complete.json

=== Step-2 matrix training complete (this job) ===
  Trained: 4, skipped (already done): 0, planned: 4

=== Done ===
End: Sun Jun 28 21:35:59 UTC 2026
