=== 1e-5 supplementary side-matrix training ===
Host: nid011142
SLURM_JOB_ID=5411872
SLURM_JOB_NAME=lr1e5_roberta_42-43-44-45
Start: Sun Jun 28 19:30:06 UTC 2026
REPO=/home/b5ac/freddieyu.b5ac/project_1
OUTPUT_ROOT=/home/b5ac/freddieyu.b5ac/project_1/../projects/project_1
STEP_ARGS=--models roberta_base --seeds 42 43 44 45
Side output: /home/b5ac/freddieyu.b5ac/project_1/../projects/project_1/data/10_recipe_sweep_and_training/lr1e5_sidecheck/
Main matrix (untouched): /home/b5ac/freddieyu.b5ac/project_1/../projects/project_1/data/10_recipe_sweep_and_training/matrix/

=== 1e-5 side-matrix training ===
Recipe: lr=1e-05, warmup=none
Output: /lus/lfs1aip2/projects/b5ac/project_1/data/10_recipe_sweep_and_training/lr1e5_sidecheck


=== Step-2 matrix training ===
Recipe: lr=1e-05, warmup=none (checkpoint criterion=pooled_val_f1_micro)
Encoders (1): ['roberta_base']
Seeds (4): [42, 43, 44, 45]
Planned runs this job: 4


=== Estimated checkpoint footprint (rough) ===
  Runs: 1 encoders x 4 seeds = 4
  Assumed ~10 epochs/run; epoch ckpt ~220 MiB (fp16); best ckpt ~440 MiB (fp32)
  Per run ~2640 MiB; total ~10.3 GiB
  MAX_EPOCH_CHECKPOINTS_TO_KEEP=None (None = keep all epoch checkpoints)

[benchmark] building BioRED test examples...
[benchmark] built 14395 BioRED test examples (leaked PMIDs excluded)
[benchmark] building DrugProt test examples...
[benchmark] DrugProt: no labeled public test split in BigBio (splits=['train', 'validation', 'test_background']; test_background is unlabeled). Skipping DrugProt holdout benchmark; gene-drug combined uses BioRED test only.
  RUN START RoBERTa-base (roberta_base) seed=42 [1/4 in this job]
[train] start roberta_base seed=42 lr=1e-05 warmup=none hf=roberta-base train=24000 val=25311 (pooled BioRED+DrugProt) -> /lus/lfs1aip2/projects/b5ac/project_1/data/10_recipe_sweep_and_training/lr1e5_sidecheck/checkpoints/roberta_base/seed_42
[train] device=cuda batch_size=16 max_epochs=10
Some weights of RobertaForSequenceClassification were not initialized from the model checkpoint at roberta-base and are newly initialized: ['classifier.dense.bias', 'classifier.dense.weight', 'classifier.out_proj.bias', 'classifier.out_proj.weight']
You should probably TRAIN this model on a down-stream task to be able to use it for predictions and inference.
[train] epoch 1/10 train_loss=0.5711 val_loss=0.5691 pooled_val_f1_micro=0.7166
[train] new best pooled_val_f1_micro=0.7166 at epoch 1 -> /lus/lfs1aip2/projects/b5ac/project_1/data/10_recipe_sweep_and_training/lr1e5_sidecheck/checkpoints/roberta_base/seed_42/best
[train] epoch 2/10 train_loss=0.4259 val_loss=0.5882 pooled_val_f1_micro=0.7338
[train] new best pooled_val_f1_micro=0.7338 at epoch 2 -> /lus/lfs1aip2/projects/b5ac/project_1/data/10_recipe_sweep_and_training/lr1e5_sidecheck/checkpoints/roberta_base/seed_42/best
[train] epoch 3/10 train_loss=0.3762 val_loss=0.6383 pooled_val_f1_micro=0.7350
[train] new best pooled_val_f1_micro=0.7350 at epoch 3 -> /lus/lfs1aip2/projects/b5ac/project_1/data/10_recipe_sweep_and_training/lr1e5_sidecheck/checkpoints/roberta_base/seed_42/best
[train] epoch 4/10 train_loss=0.3348 val_loss=0.7295 pooled_val_f1_micro=0.7369
[train] new best pooled_val_f1_micro=0.7369 at epoch 4 -> /lus/lfs1aip2/projects/b5ac/project_1/data/10_recipe_sweep_and_training/lr1e5_sidecheck/checkpoints/roberta_base/seed_42/best
[train] epoch 5/10 train_loss=0.3089 val_loss=0.7907 pooled_val_f1_micro=0.7361
[train] epoch 6/10 train_loss=0.2889 val_loss=0.8221 pooled_val_f1_micro=0.7365
[train] epoch 7/10 train_loss=0.2740 val_loss=0.7850 pooled_val_f1_micro=0.7567
[train] new best pooled_val_f1_micro=0.7567 at epoch 7 -> /lus/lfs1aip2/projects/b5ac/project_1/data/10_recipe_sweep_and_training/lr1e5_sidecheck/checkpoints/roberta_base/seed_42/best
[train] epoch 8/10 train_loss=0.2563 val_loss=0.8317 pooled_val_f1_micro=0.7400
[train] epoch 9/10 train_loss=0.2417 val_loss=0.8834 pooled_val_f1_micro=0.7279
[train] epoch 10/10 train_loss=0.2370 val_loss=0.9036 pooled_val_f1_micro=0.7293
[train] done roberta_base seed=42 best_val_f1=0.7567 best_epoch=7 epochs_run=10
[benchmark] evaluating /lus/lfs1aip2/projects/b5ac/project_1/data/10_recipe_sweep_and_training/lr1e5_sidecheck/checkpoints/roberta_base/seed_42/best: BioRED=14395 DrugProt=0 gdis=9769 gd_combined=4626 (DrugProt holdout unavailable; combined=BioRED gene-drug only)
[benchmark] done gdis=0.7922 gd_combined=0.5304 gd_biored=0.5304 gd_drugprot=nan overall=0.7258
  COMPLETE RoBERTa-base (roberta_base) seed=42: gd_combined=0.530 gdis=0.792 best_epoch=7 pooled_val_f1=0.757 marker=/lus/lfs1aip2/projects/b5ac/project_1/data/10_recipe_sweep_and_training/lr1e5_sidecheck/results/roberta_base/seed_42/matrix_complete.json
  RUN START RoBERTa-base (roberta_base) seed=43 [2/4 in this job]
[train] start roberta_base seed=43 lr=1e-05 warmup=none hf=roberta-base train=24000 val=25311 (pooled BioRED+DrugProt) -> /lus/lfs1aip2/projects/b5ac/project_1/data/10_recipe_sweep_and_training/lr1e5_sidecheck/checkpoints/roberta_base/seed_43
[train] device=cuda batch_size=16 max_epochs=10
Some weights of RobertaForSequenceClassification were not initialized from the model checkpoint at roberta-base and are newly initialized: ['classifier.dense.bias', 'classifier.dense.weight', 'classifier.out_proj.bias', 'classifier.out_proj.weight']
You should probably TRAIN this model on a down-stream task to be able to use it for predictions and inference.
[train] epoch 1/10 train_loss=0.5630 val_loss=0.5650 pooled_val_f1_micro=0.7253
[train] new best pooled_val_f1_micro=0.7253 at epoch 1 -> /lus/lfs1aip2/projects/b5ac/project_1/data/10_recipe_sweep_and_training/lr1e5_sidecheck/checkpoints/roberta_base/seed_43/best
[train] epoch 2/10 train_loss=0.4232 val_loss=0.7178 pooled_val_f1_micro=0.6846
[train] epoch 3/10 train_loss=0.3688 val_loss=0.6078 pooled_val_f1_micro=0.7642
[train] new best pooled_val_f1_micro=0.7642 at epoch 3 -> /lus/lfs1aip2/projects/b5ac/project_1/data/10_recipe_sweep_and_training/lr1e5_sidecheck/checkpoints/roberta_base/seed_43/best
[train] epoch 4/10 train_loss=0.3322 val_loss=0.6743 pooled_val_f1_micro=0.7605
[train] epoch 5/10 train_loss=0.3052 val_loss=0.7571 pooled_val_f1_micro=0.7678
[train] new best pooled_val_f1_micro=0.7678 at epoch 5 -> /lus/lfs1aip2/projects/b5ac/project_1/data/10_recipe_sweep_and_training/lr1e5_sidecheck/checkpoints/roberta_base/seed_43/best
[train] epoch 6/10 train_loss=0.2851 val_loss=0.7352 pooled_val_f1_micro=0.7417
[train] epoch 7/10 train_loss=0.2678 val_loss=0.8264 pooled_val_f1_micro=0.7282
[train] epoch 8/10 train_loss=0.2539 val_loss=0.7649 pooled_val_f1_micro=0.7212
[train] epoch 9/10 train_loss=0.2410 val_loss=0.7632 pooled_val_f1_micro=0.7327
[train] epoch 10/10 train_loss=0.2345 val_loss=0.8963 pooled_val_f1_micro=0.7393
[train] done roberta_base seed=43 best_val_f1=0.7678 best_epoch=5 epochs_run=10
[benchmark] evaluating /lus/lfs1aip2/projects/b5ac/project_1/data/10_recipe_sweep_and_training/lr1e5_sidecheck/checkpoints/roberta_base/seed_43/best: BioRED=14395 DrugProt=0 gdis=9769 gd_combined=4626 (DrugProt holdout unavailable; combined=BioRED gene-drug only)
[benchmark] done gdis=0.7775 gd_combined=0.5597 gd_biored=0.5597 gd_drugprot=nan overall=0.7212
  COMPLETE RoBERTa-base (roberta_base) seed=43: gd_combined=0.560 gdis=0.777 best_epoch=5 pooled_val_f1=0.768 marker=/lus/lfs1aip2/projects/b5ac/project_1/data/10_recipe_sweep_and_training/lr1e5_sidecheck/results/roberta_base/seed_43/matrix_complete.json
  RUN START RoBERTa-base (roberta_base) seed=44 [3/4 in this job]
[train] start roberta_base seed=44 lr=1e-05 warmup=none hf=roberta-base train=24000 val=25311 (pooled BioRED+DrugProt) -> /lus/lfs1aip2/projects/b5ac/project_1/data/10_recipe_sweep_and_training/lr1e5_sidecheck/checkpoints/roberta_base/seed_44
[train] device=cuda batch_size=16 max_epochs=10
Some weights of RobertaForSequenceClassification were not initialized from the model checkpoint at roberta-base and are newly initialized: ['classifier.dense.bias', 'classifier.dense.weight', 'classifier.out_proj.bias', 'classifier.out_proj.weight']
You should probably TRAIN this model on a down-stream task to be able to use it for predictions and inference.
[train] epoch 1/10 train_loss=0.5919 val_loss=0.6445 pooled_val_f1_micro=0.7132
[train] new best pooled_val_f1_micro=0.7132 at epoch 1 -> /lus/lfs1aip2/projects/b5ac/project_1/data/10_recipe_sweep_and_training/lr1e5_sidecheck/checkpoints/roberta_base/seed_44/best
[train] epoch 2/10 train_loss=0.4277 val_loss=0.7142 pooled_val_f1_micro=0.6983
[train] epoch 3/10 train_loss=0.3782 val_loss=0.6914 pooled_val_f1_micro=0.7262
[train] new best pooled_val_f1_micro=0.7262 at epoch 3 -> /lus/lfs1aip2/projects/b5ac/project_1/data/10_recipe_sweep_and_training/lr1e5_sidecheck/checkpoints/roberta_base/seed_44/best
[train] epoch 4/10 train_loss=0.3381 val_loss=0.8913 pooled_val_f1_micro=0.7112
[train] epoch 5/10 train_loss=0.3100 val_loss=0.7158 pooled_val_f1_micro=0.7314
[train] new best pooled_val_f1_micro=0.7314 at epoch 5 -> /lus/lfs1aip2/projects/b5ac/project_1/data/10_recipe_sweep_and_training/lr1e5_sidecheck/checkpoints/roberta_base/seed_44/best
[train] epoch 6/10 train_loss=0.2876 val_loss=0.9260 pooled_val_f1_micro=0.7335
[train] new best pooled_val_f1_micro=0.7335 at epoch 6 -> /lus/lfs1aip2/projects/b5ac/project_1/data/10_recipe_sweep_and_training/lr1e5_sidecheck/checkpoints/roberta_base/seed_44/best
[train] epoch 7/10 train_loss=0.2680 val_loss=0.9217 pooled_val_f1_micro=0.7122
[train] epoch 8/10 train_loss=0.2535 val_loss=0.8491 pooled_val_f1_micro=0.7356
[train] new best pooled_val_f1_micro=0.7356 at epoch 8 -> /lus/lfs1aip2/projects/b5ac/project_1/data/10_recipe_sweep_and_training/lr1e5_sidecheck/checkpoints/roberta_base/seed_44/best
[train] epoch 9/10 train_loss=0.2397 val_loss=1.1512 pooled_val_f1_micro=0.6736
[train] epoch 10/10 train_loss=0.2314 val_loss=1.1883 pooled_val_f1_micro=0.6994
[train] done roberta_base seed=44 best_val_f1=0.7356 best_epoch=8 epochs_run=10
[benchmark] evaluating /lus/lfs1aip2/projects/b5ac/project_1/data/10_recipe_sweep_and_training/lr1e5_sidecheck/checkpoints/roberta_base/seed_44/best: BioRED=14395 DrugProt=0 gdis=9769 gd_combined=4626 (DrugProt holdout unavailable; combined=BioRED gene-drug only)
[benchmark] done gdis=0.7749 gd_combined=0.5377 gd_biored=0.5377 gd_drugprot=nan overall=0.7140
  COMPLETE RoBERTa-base (roberta_base) seed=44: gd_combined=0.538 gdis=0.775 best_epoch=8 pooled_val_f1=0.736 marker=/lus/lfs1aip2/projects/b5ac/project_1/data/10_recipe_sweep_and_training/lr1e5_sidecheck/results/roberta_base/seed_44/matrix_complete.json
  RUN START RoBERTa-base (roberta_base) seed=45 [4/4 in this job]
[train] start roberta_base seed=45 lr=1e-05 warmup=none hf=roberta-base train=24000 val=25311 (pooled BioRED+DrugProt) -> /lus/lfs1aip2/projects/b5ac/project_1/data/10_recipe_sweep_and_training/lr1e5_sidecheck/checkpoints/roberta_base/seed_45
[train] device=cuda batch_size=16 max_epochs=10
Some weights of RobertaForSequenceClassification were not initialized from the model checkpoint at roberta-base and are newly initialized: ['classifier.dense.bias', 'classifier.dense.weight', 'classifier.out_proj.bias', 'classifier.out_proj.weight']
You should probably TRAIN this model on a down-stream task to be able to use it for predictions and inference.
[train] epoch 1/10 train_loss=0.6093 val_loss=0.5604 pooled_val_f1_micro=0.7496
[train] new best pooled_val_f1_micro=0.7496 at epoch 1 -> /lus/lfs1aip2/projects/b5ac/project_1/data/10_recipe_sweep_and_training/lr1e5_sidecheck/checkpoints/roberta_base/seed_45/best
[train] epoch 2/10 train_loss=0.4282 val_loss=0.5993 pooled_val_f1_micro=0.7601
[train] new best pooled_val_f1_micro=0.7601 at epoch 2 -> /lus/lfs1aip2/projects/b5ac/project_1/data/10_recipe_sweep_and_training/lr1e5_sidecheck/checkpoints/roberta_base/seed_45/best
[train] epoch 3/10 train_loss=0.3679 val_loss=0.6430 pooled_val_f1_micro=0.7043
[train] epoch 4/10 train_loss=0.3357 val_loss=0.6976 pooled_val_f1_micro=0.7508
[train] epoch 5/10 train_loss=0.3108 val_loss=0.6959 pooled_val_f1_micro=0.7482
[train] epoch 6/10 train_loss=0.2886 val_loss=0.7522 pooled_val_f1_micro=0.7654
[train] new best pooled_val_f1_micro=0.7654 at epoch 6 -> /lus/lfs1aip2/projects/b5ac/project_1/data/10_recipe_sweep_and_training/lr1e5_sidecheck/checkpoints/roberta_base/seed_45/best
[train] epoch 7/10 train_loss=0.2731 val_loss=0.9062 pooled_val_f1_micro=0.6612
[train] epoch 8/10 train_loss=0.2616 val_loss=0.8998 pooled_val_f1_micro=0.7570
[train] epoch 9/10 train_loss=0.2453 val_loss=0.9310 pooled_val_f1_micro=0.7599
[train] epoch 10/10 train_loss=0.2384 val_loss=0.9821 pooled_val_f1_micro=0.7492
[train] done roberta_base seed=45 best_val_f1=0.7654 best_epoch=6 epochs_run=10
[benchmark] evaluating /lus/lfs1aip2/projects/b5ac/project_1/data/10_recipe_sweep_and_training/lr1e5_sidecheck/checkpoints/roberta_base/seed_45/best: BioRED=14395 DrugProt=0 gdis=9769 gd_combined=4626 (DrugProt holdout unavailable; combined=BioRED gene-drug only)
[benchmark] done gdis=0.7883 gd_combined=0.5879 gd_biored=0.5879 gd_drugprot=nan overall=0.7368
  COMPLETE RoBERTa-base (roberta_base) seed=45: gd_combined=0.588 gdis=0.788 best_epoch=6 pooled_val_f1=0.765 marker=/lus/lfs1aip2/projects/b5ac/project_1/data/10_recipe_sweep_and_training/lr1e5_sidecheck/results/roberta_base/seed_45/matrix_complete.json

=== Step-2 matrix training complete (this job) ===
  Trained: 4, skipped (already done): 0, planned: 4

End: Sun Jun 28 21:37:49 UTC 2026
