=== Step 2: full-matrix training ===
Host: nid010690
SLURM_JOB_ID=5098713
SLURM_JOB_NAME=step2_deberta_base
Start: Tue  9 Jun 09:33:22 UTC 2026
REPO=/home/b5ac/freddieyu.b5ac/project_1
OUTPUT_ROOT=/home/b5ac/freddieyu.b5ac/project_1/../projects/project_1
STEP_ARGS=--models deberta_base
Log: /home/b5ac/freddieyu.b5ac/project_1/../projects/project_1/runs/10_recipe_sweep_and_training/train_5098713.out
Ensure CHOSEN_RECIPE is set in config.py (not None) before submitting.
TMPDIR=/home/b5ac/freddieyu.b5ac/project_1/../projects/project_1/runs/10_recipe_sweep_and_training/tmp_5098713
=== Recipe sweep and training 2026-06-09T09:33:26.194462 ===
[run] mode=train-only (step 2)
[run] model filter: ['deberta_base']

=== Step-2 matrix training ===
Recipe: lr=3e-05, warmup=none (checkpoint criterion=val_f1)
Encoders (1): ['deberta_base']
Seeds (8): [42, 43, 44, 45, 46, 47, 48, 49]
Planned runs this job: 8


=== Estimated checkpoint footprint (rough) ===
  Runs: 1 encoders x 8 seeds = 8
  Assumed ~7 epochs/run; epoch ckpt ~220 MiB (fp16); best ckpt ~440 MiB (fp32)
  Per run ~1980 MiB; total ~15.5 GiB
  MAX_EPOCH_CHECKPOINTS_TO_KEEP=None (None = keep all epoch checkpoints)

[benchmark] building BioRED test examples...
[benchmark] built 14395 test examples (leaked PMIDs excluded)
  RUN START DeBERTa-base (deberta_base) seed=42 [1/8 in this job]
[train] start deberta_base seed=42 lr=3e-05 warmup=none train=24000 val=25311 -> /lus/lfs1aip2/projects/b5ac/project_1/data/10_recipe_sweep_and_training/matrix/checkpoints/deberta_base/seed_42
[train] device=cuda batch_size=16 max_epochs=10
Some weights of DebertaForSequenceClassification were not initialized from the model checkpoint at microsoft/deberta-base and are newly initialized: ['classifier.bias', 'classifier.weight', 'pooler.dense.bias', 'pooler.dense.weight']
You should probably TRAIN this model on a down-stream task to be able to use it for predictions and inference.
[train] epoch 1/10 train_loss=0.6941 val_loss=0.6933 val_f1=0.0000 patience=0/3
[train] new best val_f1=0.0000 at epoch 1 -> /lus/lfs1aip2/projects/b5ac/project_1/data/10_recipe_sweep_and_training/matrix/checkpoints/deberta_base/seed_42/best
[train] epoch 2/10 train_loss=0.6936 val_loss=0.6932 val_f1=0.0000 patience=0/3
[train] epoch 3/10 train_loss=0.6934 val_loss=0.6931 val_f1=0.6702 patience=1/3
[train] new best val_f1=0.6702 at epoch 3 -> /lus/lfs1aip2/projects/b5ac/project_1/data/10_recipe_sweep_and_training/matrix/checkpoints/deberta_base/seed_42/best
[train] epoch 4/10 train_loss=0.6936 val_loss=0.6936 val_f1=0.0000 patience=0/3
[train] epoch 5/10 train_loss=0.6935 val_loss=0.6931 val_f1=0.6702 patience=1/3
[train] epoch 6/10 train_loss=0.6936 val_loss=0.6946 val_f1=0.0000 patience=2/3
[train] early stop at epoch 6 (no val_f1 improvement for 3 epochs)
[train] done deberta_base seed=42 best_val_f1=0.6702 best_epoch=3 epochs_run=6
[benchmark] evaluating /lus/lfs1aip2/projects/b5ac/project_1/data/10_recipe_sweep_and_training/matrix/checkpoints/deberta_base/seed_42/best on 14395 BioRED test examples
[benchmark] batch 1/450 examples=32/14395
[benchmark] batch 45/450 examples=1440/14395
[benchmark] batch 90/450 examples=2880/14395
[benchmark] batch 135/450 examples=4320/14395
[benchmark] batch 180/450 examples=5760/14395
[benchmark] batch 225/450 examples=7200/14395
[benchmark] batch 270/450 examples=8640/14395
[benchmark] batch 315/450 examples=10080/14395
[benchmark] batch 360/450 examples=11520/14395
[benchmark] batch 405/450 examples=12960/14395
[benchmark] batch 450/450 examples=14395/14395
[benchmark] done f1=0.7628 precision=0.6165 recall=1.0000 n_positives=8875
  COMPLETE DeBERTa-base (deberta_base) seed=42: benchmark_f1=0.763 best_epoch=3 marker=/lus/lfs1aip2/projects/b5ac/project_1/data/10_recipe_sweep_and_training/matrix/results/deberta_base/seed_42/matrix_complete.json
  RUN START DeBERTa-base (deberta_base) seed=43 [2/8 in this job]
[train] start deberta_base seed=43 lr=3e-05 warmup=none train=24000 val=25311 -> /lus/lfs1aip2/projects/b5ac/project_1/data/10_recipe_sweep_and_training/matrix/checkpoints/deberta_base/seed_43
[train] device=cuda batch_size=16 max_epochs=10
Some weights of DebertaForSequenceClassification were not initialized from the model checkpoint at microsoft/deberta-base and are newly initialized: ['classifier.bias', 'classifier.weight', 'pooler.dense.bias', 'pooler.dense.weight']
You should probably TRAIN this model on a down-stream task to be able to use it for predictions and inference.
[train] epoch 1/10 train_loss=0.5733 val_loss=0.5785 val_f1=0.7276 patience=0/3
[train] new best val_f1=0.7276 at epoch 1 -> /lus/lfs1aip2/projects/b5ac/project_1/data/10_recipe_sweep_and_training/matrix/checkpoints/deberta_base/seed_43/best
[train] epoch 2/10 train_loss=0.4682 val_loss=0.9054 val_f1=0.6096 patience=0/3
[train] epoch 3/10 train_loss=0.4643 val_loss=0.6995 val_f1=0.4540 patience=1/3
[train] epoch 4/10 train_loss=0.6311 val_loss=0.6938 val_f1=0.0000 patience=2/3
[train] early stop at epoch 4 (no val_f1 improvement for 3 epochs)
[train] done deberta_base seed=43 best_val_f1=0.7276 best_epoch=1 epochs_run=4
[benchmark] evaluating /lus/lfs1aip2/projects/b5ac/project_1/data/10_recipe_sweep_and_training/matrix/checkpoints/deberta_base/seed_43/best on 14395 BioRED test examples
[benchmark] batch 1/450 examples=32/14395
[benchmark] batch 45/450 examples=1440/14395
[benchmark] batch 90/450 examples=2880/14395
[benchmark] batch 135/450 examples=4320/14395
[benchmark] batch 180/450 examples=5760/14395
[benchmark] batch 225/450 examples=7200/14395
[benchmark] batch 270/450 examples=8640/14395
[benchmark] batch 315/450 examples=10080/14395
[benchmark] batch 360/450 examples=11520/14395
[benchmark] batch 405/450 examples=12960/14395
[benchmark] batch 450/450 examples=14395/14395
[benchmark] done f1=0.7162 precision=0.6631 recall=0.7784 n_positives=8875
  COMPLETE DeBERTa-base (deberta_base) seed=43: benchmark_f1=0.716 best_epoch=1 marker=/lus/lfs1aip2/projects/b5ac/project_1/data/10_recipe_sweep_and_training/matrix/results/deberta_base/seed_43/matrix_complete.json
  RUN START DeBERTa-base (deberta_base) seed=44 [3/8 in this job]
[train] start deberta_base seed=44 lr=3e-05 warmup=none train=24000 val=25311 -> /lus/lfs1aip2/projects/b5ac/project_1/data/10_recipe_sweep_and_training/matrix/checkpoints/deberta_base/seed_44
[train] device=cuda batch_size=16 max_epochs=10
Some weights of DebertaForSequenceClassification were not initialized from the model checkpoint at microsoft/deberta-base and are newly initialized: ['classifier.bias', 'classifier.weight', 'pooler.dense.bias', 'pooler.dense.weight']
You should probably TRAIN this model on a down-stream task to be able to use it for predictions and inference.
[train] epoch 1/10 train_loss=0.6942 val_loss=0.6931 val_f1=0.6702 patience=0/3
[train] new best val_f1=0.6702 at epoch 1 -> /lus/lfs1aip2/projects/b5ac/project_1/data/10_recipe_sweep_and_training/matrix/checkpoints/deberta_base/seed_44/best
[train] epoch 2/10 train_loss=0.6936 val_loss=0.6936 val_f1=0.0000 patience=0/3
[train] epoch 3/10 train_loss=0.6936 val_loss=0.6932 val_f1=0.0000 patience=1/3
[train] epoch 4/10 train_loss=0.6934 val_loss=0.6940 val_f1=0.0000 patience=2/3
[train] early stop at epoch 4 (no val_f1 improvement for 3 epochs)
[train] done deberta_base seed=44 best_val_f1=0.6702 best_epoch=1 epochs_run=4
[benchmark] evaluating /lus/lfs1aip2/projects/b5ac/project_1/data/10_recipe_sweep_and_training/matrix/checkpoints/deberta_base/seed_44/best on 14395 BioRED test examples
[benchmark] batch 1/450 examples=32/14395
[benchmark] batch 45/450 examples=1440/14395
[benchmark] batch 90/450 examples=2880/14395
[benchmark] batch 135/450 examples=4320/14395
[benchmark] batch 180/450 examples=5760/14395
[benchmark] batch 225/450 examples=7200/14395
[benchmark] batch 270/450 examples=8640/14395
[benchmark] batch 315/450 examples=10080/14395
[benchmark] batch 360/450 examples=11520/14395
[benchmark] batch 405/450 examples=12960/14395
[benchmark] batch 450/450 examples=14395/14395
[benchmark] done f1=0.7628 precision=0.6165 recall=1.0000 n_positives=8875
  COMPLETE DeBERTa-base (deberta_base) seed=44: benchmark_f1=0.763 best_epoch=1 marker=/lus/lfs1aip2/projects/b5ac/project_1/data/10_recipe_sweep_and_training/matrix/results/deberta_base/seed_44/matrix_complete.json
  RUN START DeBERTa-base (deberta_base) seed=45 [4/8 in this job]
[train] start deberta_base seed=45 lr=3e-05 warmup=none train=24000 val=25311 -> /lus/lfs1aip2/projects/b5ac/project_1/data/10_recipe_sweep_and_training/matrix/checkpoints/deberta_base/seed_45
[train] device=cuda batch_size=16 max_epochs=10
Some weights of DebertaForSequenceClassification were not initialized from the model checkpoint at microsoft/deberta-base and are newly initialized: ['classifier.bias', 'classifier.weight', 'pooler.dense.bias', 'pooler.dense.weight']
You should probably TRAIN this model on a down-stream task to be able to use it for predictions and inference.
[train] epoch 1/10 train_loss=0.6785 val_loss=0.7016 val_f1=0.0000 patience=0/3
[train] new best val_f1=0.0000 at epoch 1 -> /lus/lfs1aip2/projects/b5ac/project_1/data/10_recipe_sweep_and_training/matrix/checkpoints/deberta_base/seed_45/best
[train] epoch 2/10 train_loss=0.6936 val_loss=0.6974 val_f1=0.0000 patience=0/3
[train] epoch 3/10 train_loss=0.6934 val_loss=0.6937 val_f1=0.0000 patience=1/3
[train] epoch 4/10 train_loss=0.6931 val_loss=0.6940 val_f1=0.0000 patience=2/3
[train] early stop at epoch 4 (no val_f1 improvement for 3 epochs)
[train] done deberta_base seed=45 best_val_f1=0.0000 best_epoch=1 epochs_run=4
[benchmark] evaluating /lus/lfs1aip2/projects/b5ac/project_1/data/10_recipe_sweep_and_training/matrix/checkpoints/deberta_base/seed_45/best on 14395 BioRED test examples
[benchmark] batch 1/450 examples=32/14395
[benchmark] batch 45/450 examples=1440/14395
[benchmark] batch 90/450 examples=2880/14395
[benchmark] batch 135/450 examples=4320/14395
[benchmark] batch 180/450 examples=5760/14395
[benchmark] batch 225/450 examples=7200/14395
[benchmark] batch 270/450 examples=8640/14395
[benchmark] batch 315/450 examples=10080/14395
[benchmark] batch 360/450 examples=11520/14395
[benchmark] batch 405/450 examples=12960/14395
[benchmark] batch 450/450 examples=14395/14395
[benchmark] done f1=0.0000 precision=0.0000 recall=0.0000 n_positives=8875
  COMPLETE DeBERTa-base (deberta_base) seed=45: benchmark_f1=0.000 best_epoch=1 marker=/lus/lfs1aip2/projects/b5ac/project_1/data/10_recipe_sweep_and_training/matrix/results/deberta_base/seed_45/matrix_complete.json
  RUN START DeBERTa-base (deberta_base) seed=46 [5/8 in this job]
[train] start deberta_base seed=46 lr=3e-05 warmup=none train=24000 val=25311 -> /lus/lfs1aip2/projects/b5ac/project_1/data/10_recipe_sweep_and_training/matrix/checkpoints/deberta_base/seed_46
[train] device=cuda batch_size=16 max_epochs=10
Some weights of DebertaForSequenceClassification were not initialized from the model checkpoint at microsoft/deberta-base and are newly initialized: ['classifier.bias', 'classifier.weight', 'pooler.dense.bias', 'pooler.dense.weight']
You should probably TRAIN this model on a down-stream task to be able to use it for predictions and inference.
[train] epoch 1/10 train_loss=0.6938 val_loss=0.6933 val_f1=0.0000 patience=0/3
[train] new best val_f1=0.0000 at epoch 1 -> /lus/lfs1aip2/projects/b5ac/project_1/data/10_recipe_sweep_and_training/matrix/checkpoints/deberta_base/seed_46/best
[train] epoch 2/10 train_loss=0.6937 val_loss=0.6938 val_f1=0.0000 patience=0/3
[train] epoch 3/10 train_loss=0.6934 val_loss=0.6932 val_f1=0.0000 patience=1/3
[train] epoch 4/10 train_loss=0.6934 val_loss=0.6949 val_f1=0.0000 patience=2/3
[train] early stop at epoch 4 (no val_f1 improvement for 3 epochs)
[train] done deberta_base seed=46 best_val_f1=0.0000 best_epoch=1 epochs_run=4
[benchmark] evaluating /lus/lfs1aip2/projects/b5ac/project_1/data/10_recipe_sweep_and_training/matrix/checkpoints/deberta_base/seed_46/best on 14395 BioRED test examples
[benchmark] batch 1/450 examples=32/14395
[benchmark] batch 45/450 examples=1440/14395
[benchmark] batch 90/450 examples=2880/14395
[benchmark] batch 135/450 examples=4320/14395
[benchmark] batch 180/450 examples=5760/14395
[benchmark] batch 225/450 examples=7200/14395
[benchmark] batch 270/450 examples=8640/14395
[benchmark] batch 315/450 examples=10080/14395
[benchmark] batch 360/450 examples=11520/14395
[benchmark] batch 405/450 examples=12960/14395
[benchmark] batch 450/450 examples=14395/14395
[benchmark] done f1=0.0000 precision=0.0000 recall=0.0000 n_positives=8875
  COMPLETE DeBERTa-base (deberta_base) seed=46: benchmark_f1=0.000 best_epoch=1 marker=/lus/lfs1aip2/projects/b5ac/project_1/data/10_recipe_sweep_and_training/matrix/results/deberta_base/seed_46/matrix_complete.json
  RUN START DeBERTa-base (deberta_base) seed=47 [6/8 in this job]
[train] start deberta_base seed=47 lr=3e-05 warmup=none train=24000 val=25311 -> /lus/lfs1aip2/projects/b5ac/project_1/data/10_recipe_sweep_and_training/matrix/checkpoints/deberta_base/seed_47
[train] device=cuda batch_size=16 max_epochs=10
Some weights of DebertaForSequenceClassification were not initialized from the model checkpoint at microsoft/deberta-base and are newly initialized: ['classifier.bias', 'classifier.weight', 'pooler.dense.bias', 'pooler.dense.weight']
You should probably TRAIN this model on a down-stream task to be able to use it for predictions and inference.
[train] epoch 1/10 train_loss=0.6702 val_loss=0.6997 val_f1=0.2261 patience=0/3
[train] new best val_f1=0.2261 at epoch 1 -> /lus/lfs1aip2/projects/b5ac/project_1/data/10_recipe_sweep_and_training/matrix/checkpoints/deberta_base/seed_47/best
[train] epoch 2/10 train_loss=0.6940 val_loss=0.6934 val_f1=0.6702 patience=0/3
[train] new best val_f1=0.6702 at epoch 2 -> /lus/lfs1aip2/projects/b5ac/project_1/data/10_recipe_sweep_and_training/matrix/checkpoints/deberta_base/seed_47/best
[train] epoch 3/10 train_loss=0.6937 val_loss=0.6931 val_f1=0.6702 patience=0/3
[train] epoch 4/10 train_loss=0.6933 val_loss=0.6963 val_f1=0.0000 patience=1/3
[train] epoch 5/10 train_loss=0.6933 val_loss=0.6933 val_f1=0.0000 patience=2/3
[train] early stop at epoch 5 (no val_f1 improvement for 3 epochs)
[train] done deberta_base seed=47 best_val_f1=0.6702 best_epoch=2 epochs_run=5
[benchmark] evaluating /lus/lfs1aip2/projects/b5ac/project_1/data/10_recipe_sweep_and_training/matrix/checkpoints/deberta_base/seed_47/best on 14395 BioRED test examples
[benchmark] batch 1/450 examples=32/14395
[benchmark] batch 45/450 examples=1440/14395
[benchmark] batch 90/450 examples=2880/14395
[benchmark] batch 135/450 examples=4320/14395
[benchmark] batch 180/450 examples=5760/14395
[benchmark] batch 225/450 examples=7200/14395
[benchmark] batch 270/450 examples=8640/14395
[benchmark] batch 315/450 examples=10080/14395
[benchmark] batch 360/450 examples=11520/14395
[benchmark] batch 405/450 examples=12960/14395
[benchmark] batch 450/450 examples=14395/14395
[benchmark] done f1=0.7628 precision=0.6165 recall=1.0000 n_positives=8875
  COMPLETE DeBERTa-base (deberta_base) seed=47: benchmark_f1=0.763 best_epoch=2 marker=/lus/lfs1aip2/projects/b5ac/project_1/data/10_recipe_sweep_and_training/matrix/results/deberta_base/seed_47/matrix_complete.json
  RUN START DeBERTa-base (deberta_base) seed=48 [7/8 in this job]
[train] start deberta_base seed=48 lr=3e-05 warmup=none train=24000 val=25311 -> /lus/lfs1aip2/projects/b5ac/project_1/data/10_recipe_sweep_and_training/matrix/checkpoints/deberta_base/seed_48
[train] device=cuda batch_size=16 max_epochs=10
Some weights of DebertaForSequenceClassification were not initialized from the model checkpoint at microsoft/deberta-base and are newly initialized: ['classifier.bias', 'classifier.weight', 'pooler.dense.bias', 'pooler.dense.weight']
You should probably TRAIN this model on a down-stream task to be able to use it for predictions and inference.
[train] epoch 1/10 train_loss=0.6543 val_loss=0.6627 val_f1=0.5273 patience=0/3
[train] new best val_f1=0.5273 at epoch 1 -> /lus/lfs1aip2/projects/b5ac/project_1/data/10_recipe_sweep_and_training/matrix/checkpoints/deberta_base/seed_48/best
[train] epoch 2/10 train_loss=0.6303 val_loss=0.6956 val_f1=0.0000 patience=0/3
[train] epoch 3/10 train_loss=0.6935 val_loss=0.6932 val_f1=0.0000 patience=1/3
[train] epoch 4/10 train_loss=0.6932 val_loss=0.6931 val_f1=0.6702 patience=2/3
[train] new best val_f1=0.6702 at epoch 4 -> /lus/lfs1aip2/projects/b5ac/project_1/data/10_recipe_sweep_and_training/matrix/checkpoints/deberta_base/seed_48/best
[train] epoch 5/10 train_loss=0.6932 val_loss=0.6945 val_f1=0.0000 patience=0/3
[train] epoch 6/10 train_loss=0.6929 val_loss=0.6947 val_f1=0.0000 patience=1/3
[train] epoch 7/10 train_loss=0.6934 val_loss=0.6931 val_f1=0.6702 patience=2/3
[train] early stop at epoch 7 (no val_f1 improvement for 3 epochs)
[train] done deberta_base seed=48 best_val_f1=0.6702 best_epoch=4 epochs_run=7
[benchmark] evaluating /lus/lfs1aip2/projects/b5ac/project_1/data/10_recipe_sweep_and_training/matrix/checkpoints/deberta_base/seed_48/best on 14395 BioRED test examples
[benchmark] batch 1/450 examples=32/14395
[benchmark] batch 45/450 examples=1440/14395
[benchmark] batch 90/450 examples=2880/14395
[benchmark] batch 135/450 examples=4320/14395
[benchmark] batch 180/450 examples=5760/14395
[benchmark] batch 225/450 examples=7200/14395
[benchmark] batch 270/450 examples=8640/14395
[benchmark] batch 315/450 examples=10080/14395
[benchmark] batch 360/450 examples=11520/14395
[benchmark] batch 405/450 examples=12960/14395
[benchmark] batch 450/450 examples=14395/14395
[benchmark] done f1=0.7628 precision=0.6165 recall=1.0000 n_positives=8875
  COMPLETE DeBERTa-base (deberta_base) seed=48: benchmark_f1=0.763 best_epoch=4 marker=/lus/lfs1aip2/projects/b5ac/project_1/data/10_recipe_sweep_and_training/matrix/results/deberta_base/seed_48/matrix_complete.json
  RUN START DeBERTa-base (deberta_base) seed=49 [8/8 in this job]
[train] start deberta_base seed=49 lr=3e-05 warmup=none train=24000 val=25311 -> /lus/lfs1aip2/projects/b5ac/project_1/data/10_recipe_sweep_and_training/matrix/checkpoints/deberta_base/seed_49
[train] device=cuda batch_size=16 max_epochs=10
Some weights of DebertaForSequenceClassification were not initialized from the model checkpoint at microsoft/deberta-base and are newly initialized: ['classifier.bias', 'classifier.weight', 'pooler.dense.bias', 'pooler.dense.weight']
You should probably TRAIN this model on a down-stream task to be able to use it for predictions and inference.
[train] epoch 1/10 train_loss=0.6863 val_loss=0.7184 val_f1=0.6702 patience=0/3
[train] new best val_f1=0.6702 at epoch 1 -> /lus/lfs1aip2/projects/b5ac/project_1/data/10_recipe_sweep_and_training/matrix/checkpoints/deberta_base/seed_49/best
[train] epoch 2/10 train_loss=0.6750 val_loss=0.7007 val_f1=0.2572 patience=0/3
[train] epoch 3/10 train_loss=0.6757 val_loss=0.7022 val_f1=0.0000 patience=1/3
[train] epoch 4/10 train_loss=0.6932 val_loss=0.6953 val_f1=0.0000 patience=2/3
[train] early stop at epoch 4 (no val_f1 improvement for 3 epochs)
[train] done deberta_base seed=49 best_val_f1=0.6702 best_epoch=1 epochs_run=4
[benchmark] evaluating /lus/lfs1aip2/projects/b5ac/project_1/data/10_recipe_sweep_and_training/matrix/checkpoints/deberta_base/seed_49/best on 14395 BioRED test examples
[benchmark] batch 1/450 examples=32/14395
[benchmark] batch 45/450 examples=1440/14395
[benchmark] batch 90/450 examples=2880/14395
[benchmark] batch 135/450 examples=4320/14395
[benchmark] batch 180/450 examples=5760/14395
[benchmark] batch 225/450 examples=7200/14395
[benchmark] batch 270/450 examples=8640/14395
[benchmark] batch 315/450 examples=10080/14395
[benchmark] batch 360/450 examples=11520/14395
[benchmark] batch 405/450 examples=12960/14395
[benchmark] batch 450/450 examples=14395/14395
[benchmark] done f1=0.7628 precision=0.6165 recall=1.0000 n_positives=8875
  COMPLETE DeBERTa-base (deberta_base) seed=49: benchmark_f1=0.763 best_epoch=1 marker=/lus/lfs1aip2/projects/b5ac/project_1/data/10_recipe_sweep_and_training/matrix/results/deberta_base/seed_49/matrix_complete.json

=== Step-2 matrix training complete (this job) ===
  Trained: 8, skipped (already done): 0, planned: 8

=== Done ===
End: Tue  9 Jun 12:14:55 UTC 2026
