=== Step 2: full-matrix training ===
Host: nid010833
SLURM_JOB_ID=5098705
SLURM_JOB_NAME=step2_pubmedbert_base
Start: Tue  9 Jun 09:33:22 UTC 2026
REPO=/home/b5ac/freddieyu.b5ac/project_1
OUTPUT_ROOT=/home/b5ac/freddieyu.b5ac/project_1/../projects/project_1
STEP_ARGS=--models pubmedbert_base
Log: /home/b5ac/freddieyu.b5ac/project_1/../projects/project_1/runs/10_recipe_sweep_and_training/train_5098705.out
Ensure CHOSEN_RECIPE is set in config.py (not None) before submitting.
TMPDIR=/home/b5ac/freddieyu.b5ac/project_1/../projects/project_1/runs/10_recipe_sweep_and_training/tmp_5098705
=== Recipe sweep and training 2026-06-09T09:33:25.009816 ===
[run] mode=train-only (step 2)
[run] model filter: ['pubmedbert_base']

=== Step-2 matrix training ===
Recipe: lr=3e-05, warmup=none (checkpoint criterion=val_f1)
Encoders (1): ['pubmedbert_base']
Seeds (8): [42, 43, 44, 45, 46, 47, 48, 49]
Planned runs this job: 8


=== Estimated checkpoint footprint (rough) ===
  Runs: 1 encoders x 8 seeds = 8
  Assumed ~7 epochs/run; epoch ckpt ~220 MiB (fp16); best ckpt ~440 MiB (fp32)
  Per run ~1980 MiB; total ~15.5 GiB
  MAX_EPOCH_CHECKPOINTS_TO_KEEP=None (None = keep all epoch checkpoints)

[benchmark] building BioRED test examples...
[benchmark] built 14395 test examples (leaked PMIDs excluded)
  RUN START PubMedBERT-base (pubmedbert_base) seed=42 [1/8 in this job]
[train] start pubmedbert_base seed=42 lr=3e-05 warmup=none train=24000 val=25311 -> /lus/lfs1aip2/projects/b5ac/project_1/data/10_recipe_sweep_and_training/matrix/checkpoints/pubmedbert_base/seed_42
[train] device=cuda batch_size=16 max_epochs=10
Some weights of BertForSequenceClassification were not initialized from the model checkpoint at microsoft/BiomedNLP-PubMedBERT-base-uncased-abstract and are newly initialized: ['classifier.bias', 'classifier.weight']
You should probably TRAIN this model on a down-stream task to be able to use it for predictions and inference.
[train] epoch 1/10 train_loss=0.5287 val_loss=0.5742 val_f1=0.7440 patience=0/3
[train] new best val_f1=0.7440 at epoch 1 -> /lus/lfs1aip2/projects/b5ac/project_1/data/10_recipe_sweep_and_training/matrix/checkpoints/pubmedbert_base/seed_42/best
[train] epoch 2/10 train_loss=0.3393 val_loss=0.7043 val_f1=0.7110 patience=0/3
[train] epoch 3/10 train_loss=0.2696 val_loss=0.6896 val_f1=0.7006 patience=1/3
[train] epoch 4/10 train_loss=0.2384 val_loss=0.7147 val_f1=0.7779 patience=2/3
[train] new best val_f1=0.7779 at epoch 4 -> /lus/lfs1aip2/projects/b5ac/project_1/data/10_recipe_sweep_and_training/matrix/checkpoints/pubmedbert_base/seed_42/best
[train] epoch 5/10 train_loss=0.2066 val_loss=0.7858 val_f1=0.7810 patience=0/3
[train] new best val_f1=0.7810 at epoch 5 -> /lus/lfs1aip2/projects/b5ac/project_1/data/10_recipe_sweep_and_training/matrix/checkpoints/pubmedbert_base/seed_42/best
[train] epoch 6/10 train_loss=0.1950 val_loss=0.8473 val_f1=0.7369 patience=0/3
[train] epoch 7/10 train_loss=0.1824 val_loss=0.9210 val_f1=0.7429 patience=1/3
[train] epoch 8/10 train_loss=0.1700 val_loss=0.9956 val_f1=0.7515 patience=2/3
[train] early stop at epoch 8 (no val_f1 improvement for 3 epochs)
[train] done pubmedbert_base seed=42 best_val_f1=0.7810 best_epoch=5 epochs_run=8
[benchmark] evaluating /lus/lfs1aip2/projects/b5ac/project_1/data/10_recipe_sweep_and_training/matrix/checkpoints/pubmedbert_base/seed_42/best on 14395 BioRED test examples
[benchmark] batch 1/450 examples=32/14395
[benchmark] batch 45/450 examples=1440/14395
[benchmark] batch 90/450 examples=2880/14395
[benchmark] batch 135/450 examples=4320/14395
[benchmark] batch 180/450 examples=5760/14395
[benchmark] batch 225/450 examples=7200/14395
[benchmark] batch 270/450 examples=8640/14395
[benchmark] batch 315/450 examples=10080/14395
[benchmark] batch 360/450 examples=11520/14395
[benchmark] batch 405/450 examples=12960/14395
[benchmark] batch 450/450 examples=14395/14395
[benchmark] done f1=0.7472 precision=0.7079 recall=0.7911 n_positives=8875
  COMPLETE PubMedBERT-base (pubmedbert_base) seed=42: benchmark_f1=0.747 best_epoch=5 marker=/lus/lfs1aip2/projects/b5ac/project_1/data/10_recipe_sweep_and_training/matrix/results/pubmedbert_base/seed_42/matrix_complete.json
  RUN START PubMedBERT-base (pubmedbert_base) seed=43 [2/8 in this job]
[train] start pubmedbert_base seed=43 lr=3e-05 warmup=none train=24000 val=25311 -> /lus/lfs1aip2/projects/b5ac/project_1/data/10_recipe_sweep_and_training/matrix/checkpoints/pubmedbert_base/seed_43
[train] device=cuda batch_size=16 max_epochs=10
Some weights of BertForSequenceClassification were not initialized from the model checkpoint at microsoft/BiomedNLP-PubMedBERT-base-uncased-abstract and are newly initialized: ['classifier.bias', 'classifier.weight']
You should probably TRAIN this model on a down-stream task to be able to use it for predictions and inference.
[train] epoch 1/10 train_loss=0.5042 val_loss=0.5202 val_f1=0.7569 patience=0/3
[train] new best val_f1=0.7569 at epoch 1 -> /lus/lfs1aip2/projects/b5ac/project_1/data/10_recipe_sweep_and_training/matrix/checkpoints/pubmedbert_base/seed_43/best
[train] epoch 2/10 train_loss=0.3232 val_loss=0.6371 val_f1=0.7629 patience=0/3
[train] new best val_f1=0.7629 at epoch 2 -> /lus/lfs1aip2/projects/b5ac/project_1/data/10_recipe_sweep_and_training/matrix/checkpoints/pubmedbert_base/seed_43/best
[train] epoch 3/10 train_loss=0.2593 val_loss=0.9111 val_f1=0.7221 patience=0/3
[train] epoch 4/10 train_loss=0.2303 val_loss=0.7053 val_f1=0.7615 patience=1/3
[train] epoch 5/10 train_loss=0.2078 val_loss=0.9663 val_f1=0.7279 patience=2/3
[train] early stop at epoch 5 (no val_f1 improvement for 3 epochs)
[train] done pubmedbert_base seed=43 best_val_f1=0.7629 best_epoch=2 epochs_run=5
[benchmark] evaluating /lus/lfs1aip2/projects/b5ac/project_1/data/10_recipe_sweep_and_training/matrix/checkpoints/pubmedbert_base/seed_43/best on 14395 BioRED test examples
[benchmark] batch 1/450 examples=32/14395
[benchmark] batch 45/450 examples=1440/14395
[benchmark] batch 90/450 examples=2880/14395
[benchmark] batch 135/450 examples=4320/14395
[benchmark] batch 180/450 examples=5760/14395
[benchmark] batch 225/450 examples=7200/14395
[benchmark] batch 270/450 examples=8640/14395
[benchmark] batch 315/450 examples=10080/14395
[benchmark] batch 360/450 examples=11520/14395
[benchmark] batch 405/450 examples=12960/14395
[benchmark] batch 450/450 examples=14395/14395
[benchmark] done f1=0.7196 precision=0.7254 recall=0.7138 n_positives=8875
  COMPLETE PubMedBERT-base (pubmedbert_base) seed=43: benchmark_f1=0.720 best_epoch=2 marker=/lus/lfs1aip2/projects/b5ac/project_1/data/10_recipe_sweep_and_training/matrix/results/pubmedbert_base/seed_43/matrix_complete.json
  RUN START PubMedBERT-base (pubmedbert_base) seed=44 [3/8 in this job]
[train] start pubmedbert_base seed=44 lr=3e-05 warmup=none train=24000 val=25311 -> /lus/lfs1aip2/projects/b5ac/project_1/data/10_recipe_sweep_and_training/matrix/checkpoints/pubmedbert_base/seed_44
[train] device=cuda batch_size=16 max_epochs=10
Some weights of BertForSequenceClassification were not initialized from the model checkpoint at microsoft/BiomedNLP-PubMedBERT-base-uncased-abstract and are newly initialized: ['classifier.bias', 'classifier.weight']
You should probably TRAIN this model on a down-stream task to be able to use it for predictions and inference.
[train] epoch 1/10 train_loss=0.4949 val_loss=0.4917 val_f1=0.7872 patience=0/3
[train] new best val_f1=0.7872 at epoch 1 -> /lus/lfs1aip2/projects/b5ac/project_1/data/10_recipe_sweep_and_training/matrix/checkpoints/pubmedbert_base/seed_44/best
[train] epoch 2/10 train_loss=0.3437 val_loss=0.5311 val_f1=0.7929 patience=0/3
[train] new best val_f1=0.7929 at epoch 2 -> /lus/lfs1aip2/projects/b5ac/project_1/data/10_recipe_sweep_and_training/matrix/checkpoints/pubmedbert_base/seed_44/best
[train] epoch 3/10 train_loss=0.2781 val_loss=0.6661 val_f1=0.7794 patience=0/3
[train] epoch 4/10 train_loss=0.2462 val_loss=0.5531 val_f1=0.7899 patience=1/3
[train] epoch 5/10 train_loss=0.2250 val_loss=0.6797 val_f1=0.7190 patience=2/3
[train] early stop at epoch 5 (no val_f1 improvement for 3 epochs)
[train] done pubmedbert_base seed=44 best_val_f1=0.7929 best_epoch=2 epochs_run=5
[benchmark] evaluating /lus/lfs1aip2/projects/b5ac/project_1/data/10_recipe_sweep_and_training/matrix/checkpoints/pubmedbert_base/seed_44/best on 14395 BioRED test examples
[benchmark] batch 1/450 examples=32/14395
[benchmark] batch 45/450 examples=1440/14395
[benchmark] batch 90/450 examples=2880/14395
[benchmark] batch 135/450 examples=4320/14395
[benchmark] batch 180/450 examples=5760/14395
[benchmark] batch 225/450 examples=7200/14395
[benchmark] batch 270/450 examples=8640/14395
[benchmark] batch 315/450 examples=10080/14395
[benchmark] batch 360/450 examples=11520/14395
[benchmark] batch 405/450 examples=12960/14395
[benchmark] batch 450/450 examples=14395/14395
[benchmark] done f1=0.7412 precision=0.7116 recall=0.7733 n_positives=8875
  COMPLETE PubMedBERT-base (pubmedbert_base) seed=44: benchmark_f1=0.741 best_epoch=2 marker=/lus/lfs1aip2/projects/b5ac/project_1/data/10_recipe_sweep_and_training/matrix/results/pubmedbert_base/seed_44/matrix_complete.json
  RUN START PubMedBERT-base (pubmedbert_base) seed=45 [4/8 in this job]
[train] start pubmedbert_base seed=45 lr=3e-05 warmup=none train=24000 val=25311 -> /lus/lfs1aip2/projects/b5ac/project_1/data/10_recipe_sweep_and_training/matrix/checkpoints/pubmedbert_base/seed_45
[train] device=cuda batch_size=16 max_epochs=10
Some weights of BertForSequenceClassification were not initialized from the model checkpoint at microsoft/BiomedNLP-PubMedBERT-base-uncased-abstract and are newly initialized: ['classifier.bias', 'classifier.weight']
You should probably TRAIN this model on a down-stream task to be able to use it for predictions and inference.
[train] epoch 1/10 train_loss=0.4942 val_loss=0.4832 val_f1=0.7412 patience=0/3
[train] new best val_f1=0.7412 at epoch 1 -> /lus/lfs1aip2/projects/b5ac/project_1/data/10_recipe_sweep_and_training/matrix/checkpoints/pubmedbert_base/seed_45/best
[train] epoch 2/10 train_loss=0.3303 val_loss=0.5866 val_f1=0.7882 patience=0/3
[train] new best val_f1=0.7882 at epoch 2 -> /lus/lfs1aip2/projects/b5ac/project_1/data/10_recipe_sweep_and_training/matrix/checkpoints/pubmedbert_base/seed_45/best
[train] epoch 3/10 train_loss=0.2652 val_loss=0.7852 val_f1=0.7619 patience=0/3
[train] epoch 4/10 train_loss=0.2319 val_loss=0.6526 val_f1=0.8094 patience=1/3
[train] new best val_f1=0.8094 at epoch 4 -> /lus/lfs1aip2/projects/b5ac/project_1/data/10_recipe_sweep_and_training/matrix/checkpoints/pubmedbert_base/seed_45/best
[train] epoch 5/10 train_loss=0.2099 val_loss=0.7225 val_f1=0.7578 patience=0/3
[train] epoch 6/10 train_loss=0.1992 val_loss=0.9129 val_f1=0.7809 patience=1/3
[train] epoch 7/10 train_loss=0.1870 val_loss=0.9775 val_f1=0.7580 patience=2/3
[train] early stop at epoch 7 (no val_f1 improvement for 3 epochs)
[train] done pubmedbert_base seed=45 best_val_f1=0.8094 best_epoch=4 epochs_run=7
[benchmark] evaluating /lus/lfs1aip2/projects/b5ac/project_1/data/10_recipe_sweep_and_training/matrix/checkpoints/pubmedbert_base/seed_45/best on 14395 BioRED test examples
[benchmark] batch 1/450 examples=32/14395
[benchmark] batch 45/450 examples=1440/14395
[benchmark] batch 90/450 examples=2880/14395
[benchmark] batch 135/450 examples=4320/14395
[benchmark] batch 180/450 examples=5760/14395
[benchmark] batch 225/450 examples=7200/14395
[benchmark] batch 270/450 examples=8640/14395
[benchmark] batch 315/450 examples=10080/14395
[benchmark] batch 360/450 examples=11520/14395
[benchmark] batch 405/450 examples=12960/14395
[benchmark] batch 450/450 examples=14395/14395
[benchmark] done f1=0.7659 precision=0.7091 recall=0.8326 n_positives=8875
  COMPLETE PubMedBERT-base (pubmedbert_base) seed=45: benchmark_f1=0.766 best_epoch=4 marker=/lus/lfs1aip2/projects/b5ac/project_1/data/10_recipe_sweep_and_training/matrix/results/pubmedbert_base/seed_45/matrix_complete.json
  RUN START PubMedBERT-base (pubmedbert_base) seed=46 [5/8 in this job]
[train] start pubmedbert_base seed=46 lr=3e-05 warmup=none train=24000 val=25311 -> /lus/lfs1aip2/projects/b5ac/project_1/data/10_recipe_sweep_and_training/matrix/checkpoints/pubmedbert_base/seed_46
[train] device=cuda batch_size=16 max_epochs=10
Some weights of BertForSequenceClassification were not initialized from the model checkpoint at microsoft/BiomedNLP-PubMedBERT-base-uncased-abstract and are newly initialized: ['classifier.bias', 'classifier.weight']
You should probably TRAIN this model on a down-stream task to be able to use it for predictions and inference.
[train] epoch 1/10 train_loss=0.5343 val_loss=0.5667 val_f1=0.7681 patience=0/3
[train] new best val_f1=0.7681 at epoch 1 -> /lus/lfs1aip2/projects/b5ac/project_1/data/10_recipe_sweep_and_training/matrix/checkpoints/pubmedbert_base/seed_46/best
[train] epoch 2/10 train_loss=0.3456 val_loss=0.6429 val_f1=0.7491 patience=0/3
[train] epoch 3/10 train_loss=0.2719 val_loss=0.6344 val_f1=0.7772 patience=1/3
[train] new best val_f1=0.7772 at epoch 3 -> /lus/lfs1aip2/projects/b5ac/project_1/data/10_recipe_sweep_and_training/matrix/checkpoints/pubmedbert_base/seed_46/best
[train] epoch 4/10 train_loss=0.2390 val_loss=0.7346 val_f1=0.7298 patience=0/3
[train] epoch 5/10 train_loss=0.2161 val_loss=0.7253 val_f1=0.7547 patience=1/3
[train] epoch 6/10 train_loss=0.1920 val_loss=0.8993 val_f1=0.7249 patience=2/3
[train] early stop at epoch 6 (no val_f1 improvement for 3 epochs)
[train] done pubmedbert_base seed=46 best_val_f1=0.7772 best_epoch=3 epochs_run=6
[benchmark] evaluating /lus/lfs1aip2/projects/b5ac/project_1/data/10_recipe_sweep_and_training/matrix/checkpoints/pubmedbert_base/seed_46/best on 14395 BioRED test examples
[benchmark] batch 1/450 examples=32/14395
[benchmark] batch 45/450 examples=1440/14395
[benchmark] batch 90/450 examples=2880/14395
[benchmark] batch 135/450 examples=4320/14395
[benchmark] batch 180/450 examples=5760/14395
[benchmark] batch 225/450 examples=7200/14395
[benchmark] batch 270/450 examples=8640/14395
[benchmark] batch 315/450 examples=10080/14395
[benchmark] batch 360/450 examples=11520/14395
[benchmark] batch 405/450 examples=12960/14395
[benchmark] batch 450/450 examples=14395/14395
[benchmark] done f1=0.7516 precision=0.7176 recall=0.7890 n_positives=8875
  COMPLETE PubMedBERT-base (pubmedbert_base) seed=46: benchmark_f1=0.752 best_epoch=3 marker=/lus/lfs1aip2/projects/b5ac/project_1/data/10_recipe_sweep_and_training/matrix/results/pubmedbert_base/seed_46/matrix_complete.json
  RUN START PubMedBERT-base (pubmedbert_base) seed=47 [6/8 in this job]
[train] start pubmedbert_base seed=47 lr=3e-05 warmup=none train=24000 val=25311 -> /lus/lfs1aip2/projects/b5ac/project_1/data/10_recipe_sweep_and_training/matrix/checkpoints/pubmedbert_base/seed_47
[train] device=cuda batch_size=16 max_epochs=10
Some weights of BertForSequenceClassification were not initialized from the model checkpoint at microsoft/BiomedNLP-PubMedBERT-base-uncased-abstract and are newly initialized: ['classifier.bias', 'classifier.weight']
You should probably TRAIN this model on a down-stream task to be able to use it for predictions and inference.
[train] epoch 1/10 train_loss=0.4860 val_loss=0.5033 val_f1=0.7154 patience=0/3
[train] new best val_f1=0.7154 at epoch 1 -> /lus/lfs1aip2/projects/b5ac/project_1/data/10_recipe_sweep_and_training/matrix/checkpoints/pubmedbert_base/seed_47/best
[train] epoch 2/10 train_loss=0.3249 val_loss=0.6473 val_f1=0.7469 patience=0/3
[train] new best val_f1=0.7469 at epoch 2 -> /lus/lfs1aip2/projects/b5ac/project_1/data/10_recipe_sweep_and_training/matrix/checkpoints/pubmedbert_base/seed_47/best
[train] epoch 3/10 train_loss=0.2646 val_loss=0.6304 val_f1=0.7816 patience=0/3
[train] new best val_f1=0.7816 at epoch 3 -> /lus/lfs1aip2/projects/b5ac/project_1/data/10_recipe_sweep_and_training/matrix/checkpoints/pubmedbert_base/seed_47/best
[train] epoch 4/10 train_loss=0.2310 val_loss=0.7053 val_f1=0.7884 patience=0/3
[train] new best val_f1=0.7884 at epoch 4 -> /lus/lfs1aip2/projects/b5ac/project_1/data/10_recipe_sweep_and_training/matrix/checkpoints/pubmedbert_base/seed_47/best
[train] epoch 5/10 train_loss=0.2097 val_loss=0.8077 val_f1=0.7918 patience=0/3
[train] new best val_f1=0.7918 at epoch 5 -> /lus/lfs1aip2/projects/b5ac/project_1/data/10_recipe_sweep_and_training/matrix/checkpoints/pubmedbert_base/seed_47/best
[train] epoch 6/10 train_loss=0.1935 val_loss=0.9530 val_f1=0.7384 patience=0/3
[train] epoch 7/10 train_loss=0.1809 val_loss=0.8950 val_f1=0.7630 patience=1/3
[train] epoch 8/10 train_loss=0.1716 val_loss=0.7616 val_f1=0.7200 patience=2/3
[train] early stop at epoch 8 (no val_f1 improvement for 3 epochs)
[train] done pubmedbert_base seed=47 best_val_f1=0.7918 best_epoch=5 epochs_run=8
[benchmark] evaluating /lus/lfs1aip2/projects/b5ac/project_1/data/10_recipe_sweep_and_training/matrix/checkpoints/pubmedbert_base/seed_47/best on 14395 BioRED test examples
[benchmark] batch 1/450 examples=32/14395
[benchmark] batch 45/450 examples=1440/14395
[benchmark] batch 90/450 examples=2880/14395
[benchmark] batch 135/450 examples=4320/14395
[benchmark] batch 180/450 examples=5760/14395
[benchmark] batch 225/450 examples=7200/14395
[benchmark] batch 270/450 examples=8640/14395
[benchmark] batch 315/450 examples=10080/14395
[benchmark] batch 360/450 examples=11520/14395
[benchmark] batch 405/450 examples=12960/14395
[benchmark] batch 450/450 examples=14395/14395
[benchmark] done f1=0.7401 precision=0.7046 recall=0.7793 n_positives=8875
  COMPLETE PubMedBERT-base (pubmedbert_base) seed=47: benchmark_f1=0.740 best_epoch=5 marker=/lus/lfs1aip2/projects/b5ac/project_1/data/10_recipe_sweep_and_training/matrix/results/pubmedbert_base/seed_47/matrix_complete.json
  RUN START PubMedBERT-base (pubmedbert_base) seed=48 [7/8 in this job]
[train] start pubmedbert_base seed=48 lr=3e-05 warmup=none train=24000 val=25311 -> /lus/lfs1aip2/projects/b5ac/project_1/data/10_recipe_sweep_and_training/matrix/checkpoints/pubmedbert_base/seed_48
[train] device=cuda batch_size=16 max_epochs=10
Some weights of BertForSequenceClassification were not initialized from the model checkpoint at microsoft/BiomedNLP-PubMedBERT-base-uncased-abstract and are newly initialized: ['classifier.bias', 'classifier.weight']
You should probably TRAIN this model on a down-stream task to be able to use it for predictions and inference.
[train] epoch 1/10 train_loss=0.5104 val_loss=0.6169 val_f1=0.7085 patience=0/3
[train] new best val_f1=0.7085 at epoch 1 -> /lus/lfs1aip2/projects/b5ac/project_1/data/10_recipe_sweep_and_training/matrix/checkpoints/pubmedbert_base/seed_48/best
[train] epoch 2/10 train_loss=0.3313 val_loss=0.5745 val_f1=0.7457 patience=0/3
[train] new best val_f1=0.7457 at epoch 2 -> /lus/lfs1aip2/projects/b5ac/project_1/data/10_recipe_sweep_and_training/matrix/checkpoints/pubmedbert_base/seed_48/best
[train] epoch 3/10 train_loss=0.2712 val_loss=0.6651 val_f1=0.7552 patience=0/3
[train] new best val_f1=0.7552 at epoch 3 -> /lus/lfs1aip2/projects/b5ac/project_1/data/10_recipe_sweep_and_training/matrix/checkpoints/pubmedbert_base/seed_48/best
[train] epoch 4/10 train_loss=0.2375 val_loss=0.6470 val_f1=0.7819 patience=0/3
[train] new best val_f1=0.7819 at epoch 4 -> /lus/lfs1aip2/projects/b5ac/project_1/data/10_recipe_sweep_and_training/matrix/checkpoints/pubmedbert_base/seed_48/best
[train] epoch 5/10 train_loss=0.2142 val_loss=0.9323 val_f1=0.7732 patience=0/3
[train] epoch 6/10 train_loss=0.1996 val_loss=0.9019 val_f1=0.7545 patience=1/3
[train] epoch 7/10 train_loss=0.1884 val_loss=0.8964 val_f1=0.7414 patience=2/3
[train] early stop at epoch 7 (no val_f1 improvement for 3 epochs)
[train] done pubmedbert_base seed=48 best_val_f1=0.7819 best_epoch=4 epochs_run=7
[benchmark] evaluating /lus/lfs1aip2/projects/b5ac/project_1/data/10_recipe_sweep_and_training/matrix/checkpoints/pubmedbert_base/seed_48/best on 14395 BioRED test examples
[benchmark] batch 1/450 examples=32/14395
[benchmark] batch 45/450 examples=1440/14395
[benchmark] batch 90/450 examples=2880/14395
[benchmark] batch 135/450 examples=4320/14395
[benchmark] batch 180/450 examples=5760/14395
[benchmark] batch 225/450 examples=7200/14395
[benchmark] batch 270/450 examples=8640/14395
[benchmark] batch 315/450 examples=10080/14395
[benchmark] batch 360/450 examples=11520/14395
[benchmark] batch 405/450 examples=12960/14395
[benchmark] batch 450/450 examples=14395/14395
[benchmark] done f1=0.7526 precision=0.7059 recall=0.8060 n_positives=8875
  COMPLETE PubMedBERT-base (pubmedbert_base) seed=48: benchmark_f1=0.753 best_epoch=4 marker=/lus/lfs1aip2/projects/b5ac/project_1/data/10_recipe_sweep_and_training/matrix/results/pubmedbert_base/seed_48/matrix_complete.json
  RUN START PubMedBERT-base (pubmedbert_base) seed=49 [8/8 in this job]
[train] start pubmedbert_base seed=49 lr=3e-05 warmup=none train=24000 val=25311 -> /lus/lfs1aip2/projects/b5ac/project_1/data/10_recipe_sweep_and_training/matrix/checkpoints/pubmedbert_base/seed_49
[train] device=cuda batch_size=16 max_epochs=10
Some weights of BertForSequenceClassification were not initialized from the model checkpoint at microsoft/BiomedNLP-PubMedBERT-base-uncased-abstract and are newly initialized: ['classifier.bias', 'classifier.weight']
You should probably TRAIN this model on a down-stream task to be able to use it for predictions and inference.
[train] epoch 1/10 train_loss=0.5256 val_loss=0.5195 val_f1=0.7651 patience=0/3
[train] new best val_f1=0.7651 at epoch 1 -> /lus/lfs1aip2/projects/b5ac/project_1/data/10_recipe_sweep_and_training/matrix/checkpoints/pubmedbert_base/seed_49/best
[train] epoch 2/10 train_loss=0.3376 val_loss=0.5447 val_f1=0.7438 patience=0/3
[train] epoch 3/10 train_loss=0.2716 val_loss=0.6344 val_f1=0.7522 patience=1/3
[train] epoch 4/10 train_loss=0.2357 val_loss=0.7442 val_f1=0.7465 patience=2/3
[train] early stop at epoch 4 (no val_f1 improvement for 3 epochs)
[train] done pubmedbert_base seed=49 best_val_f1=0.7651 best_epoch=1 epochs_run=4
[benchmark] evaluating /lus/lfs1aip2/projects/b5ac/project_1/data/10_recipe_sweep_and_training/matrix/checkpoints/pubmedbert_base/seed_49/best on 14395 BioRED test examples
[benchmark] batch 1/450 examples=32/14395
[benchmark] batch 45/450 examples=1440/14395
[benchmark] batch 90/450 examples=2880/14395
[benchmark] batch 135/450 examples=4320/14395
[benchmark] batch 180/450 examples=5760/14395
[benchmark] batch 225/450 examples=7200/14395
[benchmark] batch 270/450 examples=8640/14395
[benchmark] batch 315/450 examples=10080/14395
[benchmark] batch 360/450 examples=11520/14395
[benchmark] batch 405/450 examples=12960/14395
[benchmark] batch 450/450 examples=14395/14395
[benchmark] done f1=0.7425 precision=0.7329 recall=0.7523 n_positives=8875
  COMPLETE PubMedBERT-base (pubmedbert_base) seed=49: benchmark_f1=0.742 best_epoch=1 marker=/lus/lfs1aip2/projects/b5ac/project_1/data/10_recipe_sweep_and_training/matrix/results/pubmedbert_base/seed_49/matrix_complete.json

=== Step-2 matrix training complete (this job) ===
  Trained: 8, skipped (already done): 0, planned: 8

=== Done ===
End: Tue  9 Jun 12:05:26 UTC 2026
