=== Step 2: full-matrix training ===
Host: nid010162
SLURM_JOB_ID=5411779
SLURM_JOB_NAME=train_bert_42-43-44-45
Start: Sun Jun 28 19:29:27 UTC 2026
REPO=/home/b5ac/freddieyu.b5ac/project_1
OUTPUT_ROOT=/home/b5ac/freddieyu.b5ac/project_1/../projects/project_1
STEP_ARGS=--force --models bert_base --seeds 42 43 44 45
Log: /home/b5ac/freddieyu.b5ac/project_1/../projects/project_1/runs/10_recipe_sweep_and_training/train_5411779.out
Ensure CHOSEN_RECIPE is set in config.py (not None) before submitting.
TMPDIR=/home/b5ac/freddieyu.b5ac/project_1/../projects/project_1/runs/10_recipe_sweep_and_training/tmp_5411779
=== Recipe sweep and training 2026-06-28T19:29:30.563434 ===
[run] mode=train-only (step 2)
[run] model filter: ['bert_base']
[run] seed filter: [42, 43, 44, 45]

=== Step-2 matrix training ===
Recipe: lr=5e-06, warmup=none (checkpoint criterion=pooled_val_f1_micro)
Encoders (1): ['bert_base']
Seeds (4): [42, 43, 44, 45]
Planned runs this job: 4


=== Estimated checkpoint footprint (rough) ===
  Runs: 1 encoders x 4 seeds = 4
  Assumed ~10 epochs/run; epoch ckpt ~220 MiB (fp16); best ckpt ~440 MiB (fp32)
  Per run ~2640 MiB; total ~10.3 GiB
  MAX_EPOCH_CHECKPOINTS_TO_KEEP=None (None = keep all epoch checkpoints)

[benchmark] building BioRED test examples...
[benchmark] built 14395 BioRED test examples (leaked PMIDs excluded)
[benchmark] building DrugProt test examples...
[benchmark] DrugProt: no labeled public test split in BigBio (splits=['train', 'validation', 'test_background']; test_background is unlabeled). Skipping DrugProt holdout benchmark; gene-drug combined uses BioRED test only.
  RUN START BERT-base (bert_base) seed=42 [1/4 in this job]
[train] start bert_base seed=42 lr=5e-06 warmup=none hf=bert-base-uncased train=24000 val=25311 (pooled BioRED+DrugProt) -> /lus/lfs1aip2/projects/b5ac/project_1/data/10_recipe_sweep_and_training/matrix/checkpoints/bert_base/seed_42
[train] device=cuda batch_size=16 max_epochs=10
Some weights of BertForSequenceClassification were not initialized from the model checkpoint at bert-base-uncased and are newly initialized: ['classifier.bias', 'classifier.weight']
You should probably TRAIN this model on a down-stream task to be able to use it for predictions and inference.
[train] epoch 1/10 train_loss=0.6586 val_loss=0.6632 pooled_val_f1_micro=0.6643
[train] new best pooled_val_f1_micro=0.6643 at epoch 1 -> /lus/lfs1aip2/projects/b5ac/project_1/data/10_recipe_sweep_and_training/matrix/checkpoints/bert_base/seed_42/best
[train] epoch 2/10 train_loss=0.5381 val_loss=0.6790 pooled_val_f1_micro=0.6040
[train] epoch 3/10 train_loss=0.4427 val_loss=0.6620 pooled_val_f1_micro=0.6406
[train] epoch 4/10 train_loss=0.3977 val_loss=0.6757 pooled_val_f1_micro=0.6953
[train] new best pooled_val_f1_micro=0.6953 at epoch 4 -> /lus/lfs1aip2/projects/b5ac/project_1/data/10_recipe_sweep_and_training/matrix/checkpoints/bert_base/seed_42/best
[train] epoch 5/10 train_loss=0.3625 val_loss=0.7106 pooled_val_f1_micro=0.7175
[train] new best pooled_val_f1_micro=0.7175 at epoch 5 -> /lus/lfs1aip2/projects/b5ac/project_1/data/10_recipe_sweep_and_training/matrix/checkpoints/bert_base/seed_42/best
[train] epoch 6/10 train_loss=0.3325 val_loss=0.7789 pooled_val_f1_micro=0.6908
[train] epoch 7/10 train_loss=0.3083 val_loss=0.8900 pooled_val_f1_micro=0.6795
[train] epoch 8/10 train_loss=0.2919 val_loss=0.7845 pooled_val_f1_micro=0.7062
[train] epoch 9/10 train_loss=0.2690 val_loss=0.9191 pooled_val_f1_micro=0.7238
[train] new best pooled_val_f1_micro=0.7238 at epoch 9 -> /lus/lfs1aip2/projects/b5ac/project_1/data/10_recipe_sweep_and_training/matrix/checkpoints/bert_base/seed_42/best
[train] epoch 10/10 train_loss=0.2589 val_loss=0.9763 pooled_val_f1_micro=0.6927
[train] done bert_base seed=42 best_val_f1=0.7238 best_epoch=9 epochs_run=10
[benchmark] evaluating /lus/lfs1aip2/projects/b5ac/project_1/data/10_recipe_sweep_and_training/matrix/checkpoints/bert_base/seed_42/best: BioRED=14395 DrugProt=0 gdis=9769 gd_combined=4626 (DrugProt holdout unavailable; combined=BioRED gene-drug only)
[benchmark] done gdis=0.7729 gd_combined=0.5427 gd_biored=0.5427 gd_drugprot=nan overall=0.7122
  COMPLETE BERT-base (bert_base) seed=42: gd_combined=0.543 gdis=0.773 best_epoch=9 pooled_val_f1=0.724 marker=/lus/lfs1aip2/projects/b5ac/project_1/data/10_recipe_sweep_and_training/matrix/results/bert_base/seed_42/matrix_complete.json
  RUN START BERT-base (bert_base) seed=43 [2/4 in this job]
[train] start bert_base seed=43 lr=5e-06 warmup=none hf=bert-base-uncased train=24000 val=25311 (pooled BioRED+DrugProt) -> /lus/lfs1aip2/projects/b5ac/project_1/data/10_recipe_sweep_and_training/matrix/checkpoints/bert_base/seed_43
[train] device=cuda batch_size=16 max_epochs=10
Some weights of BertForSequenceClassification were not initialized from the model checkpoint at bert-base-uncased and are newly initialized: ['classifier.bias', 'classifier.weight']
You should probably TRAIN this model on a down-stream task to be able to use it for predictions and inference.
[train] epoch 1/10 train_loss=0.6528 val_loss=0.6377 pooled_val_f1_micro=0.6280
[train] new best pooled_val_f1_micro=0.6280 at epoch 1 -> /lus/lfs1aip2/projects/b5ac/project_1/data/10_recipe_sweep_and_training/matrix/checkpoints/bert_base/seed_43/best
[train] epoch 2/10 train_loss=0.5270 val_loss=0.5974 pooled_val_f1_micro=0.6764
[train] new best pooled_val_f1_micro=0.6764 at epoch 2 -> /lus/lfs1aip2/projects/b5ac/project_1/data/10_recipe_sweep_and_training/matrix/checkpoints/bert_base/seed_43/best
[train] epoch 3/10 train_loss=0.4465 val_loss=0.6893 pooled_val_f1_micro=0.6792
[train] new best pooled_val_f1_micro=0.6792 at epoch 3 -> /lus/lfs1aip2/projects/b5ac/project_1/data/10_recipe_sweep_and_training/matrix/checkpoints/bert_base/seed_43/best
[train] epoch 4/10 train_loss=0.4052 val_loss=0.7023 pooled_val_f1_micro=0.7072
[train] new best pooled_val_f1_micro=0.7072 at epoch 4 -> /lus/lfs1aip2/projects/b5ac/project_1/data/10_recipe_sweep_and_training/matrix/checkpoints/bert_base/seed_43/best
[train] epoch 5/10 train_loss=0.3700 val_loss=0.7416 pooled_val_f1_micro=0.7028
[train] epoch 6/10 train_loss=0.3409 val_loss=0.7736 pooled_val_f1_micro=0.7270
[train] new best pooled_val_f1_micro=0.7270 at epoch 6 -> /lus/lfs1aip2/projects/b5ac/project_1/data/10_recipe_sweep_and_training/matrix/checkpoints/bert_base/seed_43/best
[train] epoch 7/10 train_loss=0.3154 val_loss=0.8384 pooled_val_f1_micro=0.6911
[train] epoch 8/10 train_loss=0.2934 val_loss=0.9585 pooled_val_f1_micro=0.6820
[train] epoch 9/10 train_loss=0.2770 val_loss=0.8453 pooled_val_f1_micro=0.7071
[train] epoch 10/10 train_loss=0.2660 val_loss=0.9642 pooled_val_f1_micro=0.7048
[train] done bert_base seed=43 best_val_f1=0.7270 best_epoch=6 epochs_run=10
[benchmark] evaluating /lus/lfs1aip2/projects/b5ac/project_1/data/10_recipe_sweep_and_training/matrix/checkpoints/bert_base/seed_43/best: BioRED=14395 DrugProt=0 gdis=9769 gd_combined=4626 (DrugProt holdout unavailable; combined=BioRED gene-drug only)
[benchmark] done gdis=0.7722 gd_combined=0.6316 gd_biored=0.6316 gd_drugprot=nan overall=0.7348
  COMPLETE BERT-base (bert_base) seed=43: gd_combined=0.632 gdis=0.772 best_epoch=6 pooled_val_f1=0.727 marker=/lus/lfs1aip2/projects/b5ac/project_1/data/10_recipe_sweep_and_training/matrix/results/bert_base/seed_43/matrix_complete.json
  RUN START BERT-base (bert_base) seed=44 [3/4 in this job]
[train] start bert_base seed=44 lr=5e-06 warmup=none hf=bert-base-uncased train=24000 val=25311 (pooled BioRED+DrugProt) -> /lus/lfs1aip2/projects/b5ac/project_1/data/10_recipe_sweep_and_training/matrix/checkpoints/bert_base/seed_44
[train] device=cuda batch_size=16 max_epochs=10
Some weights of BertForSequenceClassification were not initialized from the model checkpoint at bert-base-uncased and are newly initialized: ['classifier.bias', 'classifier.weight']
You should probably TRAIN this model on a down-stream task to be able to use it for predictions and inference.
[train] epoch 1/10 train_loss=0.6560 val_loss=0.6618 pooled_val_f1_micro=0.5662
[train] new best pooled_val_f1_micro=0.5662 at epoch 1 -> /lus/lfs1aip2/projects/b5ac/project_1/data/10_recipe_sweep_and_training/matrix/checkpoints/bert_base/seed_44/best
[train] epoch 2/10 train_loss=0.5873 val_loss=0.5790 pooled_val_f1_micro=0.6931
[train] new best pooled_val_f1_micro=0.6931 at epoch 2 -> /lus/lfs1aip2/projects/b5ac/project_1/data/10_recipe_sweep_and_training/matrix/checkpoints/bert_base/seed_44/best
[train] epoch 3/10 train_loss=0.4582 val_loss=0.6036 pooled_val_f1_micro=0.7358
[train] new best pooled_val_f1_micro=0.7358 at epoch 3 -> /lus/lfs1aip2/projects/b5ac/project_1/data/10_recipe_sweep_and_training/matrix/checkpoints/bert_base/seed_44/best
[train] epoch 4/10 train_loss=0.4051 val_loss=0.6756 pooled_val_f1_micro=0.6910
[train] epoch 5/10 train_loss=0.3698 val_loss=0.6831 pooled_val_f1_micro=0.7084
[train] epoch 6/10 train_loss=0.3414 val_loss=0.6649 pooled_val_f1_micro=0.7205
[train] epoch 7/10 train_loss=0.3164 val_loss=0.8520 pooled_val_f1_micro=0.6707
[train] epoch 8/10 train_loss=0.2937 val_loss=0.9421 pooled_val_f1_micro=0.6880
[train] epoch 9/10 train_loss=0.2762 val_loss=0.9199 pooled_val_f1_micro=0.6949
[train] epoch 10/10 train_loss=0.2605 val_loss=0.8373 pooled_val_f1_micro=0.7298
[train] done bert_base seed=44 best_val_f1=0.7358 best_epoch=3 epochs_run=10
[benchmark] evaluating /lus/lfs1aip2/projects/b5ac/project_1/data/10_recipe_sweep_and_training/matrix/checkpoints/bert_base/seed_44/best: BioRED=14395 DrugProt=0 gdis=9769 gd_combined=4626 (DrugProt holdout unavailable; combined=BioRED gene-drug only)
[benchmark] done gdis=0.7568 gd_combined=0.6583 gd_biored=0.6583 gd_drugprot=nan overall=0.7300
  COMPLETE BERT-base (bert_base) seed=44: gd_combined=0.658 gdis=0.757 best_epoch=3 pooled_val_f1=0.736 marker=/lus/lfs1aip2/projects/b5ac/project_1/data/10_recipe_sweep_and_training/matrix/results/bert_base/seed_44/matrix_complete.json
  RUN START BERT-base (bert_base) seed=45 [4/4 in this job]
[train] start bert_base seed=45 lr=5e-06 warmup=none hf=bert-base-uncased train=24000 val=25311 (pooled BioRED+DrugProt) -> /lus/lfs1aip2/projects/b5ac/project_1/data/10_recipe_sweep_and_training/matrix/checkpoints/bert_base/seed_45
[train] device=cuda batch_size=16 max_epochs=10
Some weights of BertForSequenceClassification were not initialized from the model checkpoint at bert-base-uncased and are newly initialized: ['classifier.bias', 'classifier.weight']
You should probably TRAIN this model on a down-stream task to be able to use it for predictions and inference.
[train] epoch 1/10 train_loss=0.6527 val_loss=0.6397 pooled_val_f1_micro=0.5362
[train] new best pooled_val_f1_micro=0.5362 at epoch 1 -> /lus/lfs1aip2/projects/b5ac/project_1/data/10_recipe_sweep_and_training/matrix/checkpoints/bert_base/seed_45/best
[train] epoch 2/10 train_loss=0.5297 val_loss=0.5861 pooled_val_f1_micro=0.7001
[train] new best pooled_val_f1_micro=0.7001 at epoch 2 -> /lus/lfs1aip2/projects/b5ac/project_1/data/10_recipe_sweep_and_training/matrix/checkpoints/bert_base/seed_45/best
[train] epoch 3/10 train_loss=0.4380 val_loss=0.5806 pooled_val_f1_micro=0.7326
[train] new best pooled_val_f1_micro=0.7326 at epoch 3 -> /lus/lfs1aip2/projects/b5ac/project_1/data/10_recipe_sweep_and_training/matrix/checkpoints/bert_base/seed_45/best
[train] epoch 4/10 train_loss=0.3961 val_loss=0.6735 pooled_val_f1_micro=0.7457
[train] new best pooled_val_f1_micro=0.7457 at epoch 4 -> /lus/lfs1aip2/projects/b5ac/project_1/data/10_recipe_sweep_and_training/matrix/checkpoints/bert_base/seed_45/best
[train] epoch 5/10 train_loss=0.3631 val_loss=0.6412 pooled_val_f1_micro=0.7400
[train] epoch 6/10 train_loss=0.3383 val_loss=0.8421 pooled_val_f1_micro=0.7123
[train] epoch 7/10 train_loss=0.3148 val_loss=0.7626 pooled_val_f1_micro=0.7366
[train] epoch 8/10 train_loss=0.2967 val_loss=0.7941 pooled_val_f1_micro=0.7348
[train] epoch 9/10 train_loss=0.2766 val_loss=0.8468 pooled_val_f1_micro=0.7019
[train] epoch 10/10 train_loss=0.2652 val_loss=0.9230 pooled_val_f1_micro=0.7351
[train] done bert_base seed=45 best_val_f1=0.7457 best_epoch=4 epochs_run=10
[benchmark] evaluating /lus/lfs1aip2/projects/b5ac/project_1/data/10_recipe_sweep_and_training/matrix/checkpoints/bert_base/seed_45/best: BioRED=14395 DrugProt=0 gdis=9769 gd_combined=4626 (DrugProt holdout unavailable; combined=BioRED gene-drug only)
[benchmark] done gdis=0.7737 gd_combined=0.5967 gd_biored=0.5967 gd_drugprot=nan overall=0.7276
  COMPLETE BERT-base (bert_base) seed=45: gd_combined=0.597 gdis=0.774 best_epoch=4 pooled_val_f1=0.746 marker=/lus/lfs1aip2/projects/b5ac/project_1/data/10_recipe_sweep_and_training/matrix/results/bert_base/seed_45/matrix_complete.json

=== Step-2 matrix training complete (this job) ===
  Trained: 4, skipped (already done): 0, planned: 4

=== Done ===
End: Sun Jun 28 21:37:00 UTC 2026
