=== Step 2: full-matrix training ===
Host: nid010166
SLURM_JOB_ID=5411781
SLURM_JOB_NAME=train_distilbert_42-43-44-45
Start: Sun Jun 28 19:29:27 UTC 2026
REPO=/home/b5ac/freddieyu.b5ac/project_1
OUTPUT_ROOT=/home/b5ac/freddieyu.b5ac/project_1/../projects/project_1
STEP_ARGS=--force --models distilbert_base --seeds 42 43 44 45
Log: /home/b5ac/freddieyu.b5ac/project_1/../projects/project_1/runs/10_recipe_sweep_and_training/train_5411781.out
Ensure CHOSEN_RECIPE is set in config.py (not None) before submitting.
TMPDIR=/home/b5ac/freddieyu.b5ac/project_1/../projects/project_1/runs/10_recipe_sweep_and_training/tmp_5411781
=== Recipe sweep and training 2026-06-28T19:29:30.560106 ===
[run] mode=train-only (step 2)
[run] model filter: ['distilbert_base']
[run] seed filter: [42, 43, 44, 45]

=== Step-2 matrix training ===
Recipe: lr=5e-06, warmup=none (checkpoint criterion=pooled_val_f1_micro)
Encoders (1): ['distilbert_base']
Seeds (4): [42, 43, 44, 45]
Planned runs this job: 4


=== Estimated checkpoint footprint (rough) ===
  Runs: 1 encoders x 4 seeds = 4
  Assumed ~10 epochs/run; epoch ckpt ~220 MiB (fp16); best ckpt ~440 MiB (fp32)
  Per run ~2640 MiB; total ~10.3 GiB
  MAX_EPOCH_CHECKPOINTS_TO_KEEP=None (None = keep all epoch checkpoints)

[benchmark] building BioRED test examples...
[benchmark] built 14395 BioRED test examples (leaked PMIDs excluded)
[benchmark] building DrugProt test examples...
[benchmark] DrugProt: no labeled public test split in BigBio (splits=['train', 'validation', 'test_background']; test_background is unlabeled). Skipping DrugProt holdout benchmark; gene-drug combined uses BioRED test only.
  RUN START DistilBERT-base (distilbert_base) seed=42 [1/4 in this job]
[train] start distilbert_base seed=42 lr=5e-06 warmup=none hf=distilbert-base-uncased train=24000 val=25311 (pooled BioRED+DrugProt) -> /lus/lfs1aip2/projects/b5ac/project_1/data/10_recipe_sweep_and_training/matrix/checkpoints/distilbert_base/seed_42
[train] device=cuda batch_size=16 max_epochs=10
Some weights of DistilBertForSequenceClassification were not initialized from the model checkpoint at distilbert-base-uncased and are newly initialized: ['classifier.bias', 'classifier.weight', 'pre_classifier.bias', 'pre_classifier.weight']
You should probably TRAIN this model on a down-stream task to be able to use it for predictions and inference.
[train] epoch 1/10 train_loss=0.6508 val_loss=0.6596 pooled_val_f1_micro=0.6269
[train] new best pooled_val_f1_micro=0.6269 at epoch 1 -> /lus/lfs1aip2/projects/b5ac/project_1/data/10_recipe_sweep_and_training/matrix/checkpoints/distilbert_base/seed_42/best
[train] epoch 2/10 train_loss=0.6209 val_loss=0.6819 pooled_val_f1_micro=0.5986
[train] epoch 3/10 train_loss=0.6037 val_loss=0.6201 pooled_val_f1_micro=0.6731
[train] new best pooled_val_f1_micro=0.6731 at epoch 3 -> /lus/lfs1aip2/projects/b5ac/project_1/data/10_recipe_sweep_and_training/matrix/checkpoints/distilbert_base/seed_42/best
[train] epoch 4/10 train_loss=0.4902 val_loss=0.6144 pooled_val_f1_micro=0.6913
[train] new best pooled_val_f1_micro=0.6913 at epoch 4 -> /lus/lfs1aip2/projects/b5ac/project_1/data/10_recipe_sweep_and_training/matrix/checkpoints/distilbert_base/seed_42/best
[train] epoch 5/10 train_loss=0.4266 val_loss=0.6247 pooled_val_f1_micro=0.7309
[train] new best pooled_val_f1_micro=0.7309 at epoch 5 -> /lus/lfs1aip2/projects/b5ac/project_1/data/10_recipe_sweep_and_training/matrix/checkpoints/distilbert_base/seed_42/best
[train] epoch 6/10 train_loss=0.3927 val_loss=0.6555 pooled_val_f1_micro=0.7119
[train] epoch 7/10 train_loss=0.3680 val_loss=0.6471 pooled_val_f1_micro=0.7505
[train] new best pooled_val_f1_micro=0.7505 at epoch 7 -> /lus/lfs1aip2/projects/b5ac/project_1/data/10_recipe_sweep_and_training/matrix/checkpoints/distilbert_base/seed_42/best
[train] epoch 8/10 train_loss=0.3473 val_loss=0.7275 pooled_val_f1_micro=0.6978
[train] epoch 9/10 train_loss=0.3267 val_loss=0.7983 pooled_val_f1_micro=0.6861
[train] epoch 10/10 train_loss=0.3086 val_loss=0.7728 pooled_val_f1_micro=0.7235
[train] done distilbert_base seed=42 best_val_f1=0.7505 best_epoch=7 epochs_run=10
[benchmark] evaluating /lus/lfs1aip2/projects/b5ac/project_1/data/10_recipe_sweep_and_training/matrix/checkpoints/distilbert_base/seed_42/best: BioRED=14395 DrugProt=0 gdis=9769 gd_combined=4626 (DrugProt holdout unavailable; combined=BioRED gene-drug only)
[benchmark] done gdis=0.7751 gd_combined=0.6174 gd_biored=0.6174 gd_drugprot=nan overall=0.7326
  COMPLETE DistilBERT-base (distilbert_base) seed=42: gd_combined=0.617 gdis=0.775 best_epoch=7 pooled_val_f1=0.751 marker=/lus/lfs1aip2/projects/b5ac/project_1/data/10_recipe_sweep_and_training/matrix/results/distilbert_base/seed_42/matrix_complete.json
  RUN START DistilBERT-base (distilbert_base) seed=43 [2/4 in this job]
[train] start distilbert_base seed=43 lr=5e-06 warmup=none hf=distilbert-base-uncased train=24000 val=25311 (pooled BioRED+DrugProt) -> /lus/lfs1aip2/projects/b5ac/project_1/data/10_recipe_sweep_and_training/matrix/checkpoints/distilbert_base/seed_43
[train] device=cuda batch_size=16 max_epochs=10
Some weights of DistilBertForSequenceClassification were not initialized from the model checkpoint at distilbert-base-uncased and are newly initialized: ['classifier.bias', 'classifier.weight', 'pre_classifier.bias', 'pre_classifier.weight']
You should probably TRAIN this model on a down-stream task to be able to use it for predictions and inference.
[train] epoch 1/10 train_loss=0.6462 val_loss=0.6489 pooled_val_f1_micro=0.5846
[train] new best pooled_val_f1_micro=0.5846 at epoch 1 -> /lus/lfs1aip2/projects/b5ac/project_1/data/10_recipe_sweep_and_training/matrix/checkpoints/distilbert_base/seed_43/best
[train] epoch 2/10 train_loss=0.5545 val_loss=0.6281 pooled_val_f1_micro=0.6764
[train] new best pooled_val_f1_micro=0.6764 at epoch 2 -> /lus/lfs1aip2/projects/b5ac/project_1/data/10_recipe_sweep_and_training/matrix/checkpoints/distilbert_base/seed_43/best
[train] epoch 3/10 train_loss=0.4479 val_loss=0.6260 pooled_val_f1_micro=0.7088
[train] new best pooled_val_f1_micro=0.7088 at epoch 3 -> /lus/lfs1aip2/projects/b5ac/project_1/data/10_recipe_sweep_and_training/matrix/checkpoints/distilbert_base/seed_43/best
[train] epoch 4/10 train_loss=0.4040 val_loss=0.6589 pooled_val_f1_micro=0.7058
[train] epoch 5/10 train_loss=0.3724 val_loss=0.6800 pooled_val_f1_micro=0.7099
[train] new best pooled_val_f1_micro=0.7099 at epoch 5 -> /lus/lfs1aip2/projects/b5ac/project_1/data/10_recipe_sweep_and_training/matrix/checkpoints/distilbert_base/seed_43/best
[train] epoch 6/10 train_loss=0.3516 val_loss=0.7925 pooled_val_f1_micro=0.7037
[train] epoch 7/10 train_loss=0.3338 val_loss=0.7780 pooled_val_f1_micro=0.7034
[train] epoch 8/10 train_loss=0.3143 val_loss=0.7028 pooled_val_f1_micro=0.7035
[train] epoch 9/10 train_loss=0.2997 val_loss=0.8951 pooled_val_f1_micro=0.6869
[train] epoch 10/10 train_loss=0.2868 val_loss=0.9361 pooled_val_f1_micro=0.7092
[train] done distilbert_base seed=43 best_val_f1=0.7099 best_epoch=5 epochs_run=10
[benchmark] evaluating /lus/lfs1aip2/projects/b5ac/project_1/data/10_recipe_sweep_and_training/matrix/checkpoints/distilbert_base/seed_43/best: BioRED=14395 DrugProt=0 gdis=9769 gd_combined=4626 (DrugProt holdout unavailable; combined=BioRED gene-drug only)
[benchmark] done gdis=0.7499 gd_combined=0.5942 gd_biored=0.5942 gd_drugprot=nan overall=0.7086
  COMPLETE DistilBERT-base (distilbert_base) seed=43: gd_combined=0.594 gdis=0.750 best_epoch=5 pooled_val_f1=0.710 marker=/lus/lfs1aip2/projects/b5ac/project_1/data/10_recipe_sweep_and_training/matrix/results/distilbert_base/seed_43/matrix_complete.json
  RUN START DistilBERT-base (distilbert_base) seed=44 [3/4 in this job]
[train] start distilbert_base seed=44 lr=5e-06 warmup=none hf=distilbert-base-uncased train=24000 val=25311 (pooled BioRED+DrugProt) -> /lus/lfs1aip2/projects/b5ac/project_1/data/10_recipe_sweep_and_training/matrix/checkpoints/distilbert_base/seed_44
[train] device=cuda batch_size=16 max_epochs=10
Some weights of DistilBertForSequenceClassification were not initialized from the model checkpoint at distilbert-base-uncased and are newly initialized: ['classifier.bias', 'classifier.weight', 'pre_classifier.bias', 'pre_classifier.weight']
You should probably TRAIN this model on a down-stream task to be able to use it for predictions and inference.
[train] epoch 1/10 train_loss=0.6499 val_loss=0.6596 pooled_val_f1_micro=0.5522
[train] new best pooled_val_f1_micro=0.5522 at epoch 1 -> /lus/lfs1aip2/projects/b5ac/project_1/data/10_recipe_sweep_and_training/matrix/checkpoints/distilbert_base/seed_44/best
[train] epoch 2/10 train_loss=0.6103 val_loss=0.6351 pooled_val_f1_micro=0.5758
[train] new best pooled_val_f1_micro=0.5758 at epoch 2 -> /lus/lfs1aip2/projects/b5ac/project_1/data/10_recipe_sweep_and_training/matrix/checkpoints/distilbert_base/seed_44/best
[train] epoch 3/10 train_loss=0.4957 val_loss=0.6066 pooled_val_f1_micro=0.7164
[train] new best pooled_val_f1_micro=0.7164 at epoch 3 -> /lus/lfs1aip2/projects/b5ac/project_1/data/10_recipe_sweep_and_training/matrix/checkpoints/distilbert_base/seed_44/best
[train] epoch 4/10 train_loss=0.4148 val_loss=0.6582 pooled_val_f1_micro=0.7080
[train] epoch 5/10 train_loss=0.3787 val_loss=0.6124 pooled_val_f1_micro=0.7079
[train] epoch 6/10 train_loss=0.3559 val_loss=0.7288 pooled_val_f1_micro=0.7178
[train] new best pooled_val_f1_micro=0.7178 at epoch 6 -> /lus/lfs1aip2/projects/b5ac/project_1/data/10_recipe_sweep_and_training/matrix/checkpoints/distilbert_base/seed_44/best
[train] epoch 7/10 train_loss=0.3316 val_loss=0.8077 pooled_val_f1_micro=0.7020
[train] epoch 8/10 train_loss=0.3139 val_loss=0.7776 pooled_val_f1_micro=0.7282
[train] new best pooled_val_f1_micro=0.7282 at epoch 8 -> /lus/lfs1aip2/projects/b5ac/project_1/data/10_recipe_sweep_and_training/matrix/checkpoints/distilbert_base/seed_44/best
[train] epoch 9/10 train_loss=0.2977 val_loss=0.8301 pooled_val_f1_micro=0.6918
[train] epoch 10/10 train_loss=0.2843 val_loss=0.8303 pooled_val_f1_micro=0.7052
[train] done distilbert_base seed=44 best_val_f1=0.7282 best_epoch=8 epochs_run=10
[benchmark] evaluating /lus/lfs1aip2/projects/b5ac/project_1/data/10_recipe_sweep_and_training/matrix/checkpoints/distilbert_base/seed_44/best: BioRED=14395 DrugProt=0 gdis=9769 gd_combined=4626 (DrugProt holdout unavailable; combined=BioRED gene-drug only)
[benchmark] done gdis=0.7787 gd_combined=0.5910 gd_biored=0.5910 gd_drugprot=nan overall=0.7293
  COMPLETE DistilBERT-base (distilbert_base) seed=44: gd_combined=0.591 gdis=0.779 best_epoch=8 pooled_val_f1=0.728 marker=/lus/lfs1aip2/projects/b5ac/project_1/data/10_recipe_sweep_and_training/matrix/results/distilbert_base/seed_44/matrix_complete.json
  RUN START DistilBERT-base (distilbert_base) seed=45 [4/4 in this job]
[train] start distilbert_base seed=45 lr=5e-06 warmup=none hf=distilbert-base-uncased train=24000 val=25311 (pooled BioRED+DrugProt) -> /lus/lfs1aip2/projects/b5ac/project_1/data/10_recipe_sweep_and_training/matrix/checkpoints/distilbert_base/seed_45
[train] device=cuda batch_size=16 max_epochs=10
Some weights of DistilBertForSequenceClassification were not initialized from the model checkpoint at distilbert-base-uncased and are newly initialized: ['classifier.bias', 'classifier.weight', 'pre_classifier.bias', 'pre_classifier.weight']
You should probably TRAIN this model on a down-stream task to be able to use it for predictions and inference.
[train] epoch 1/10 train_loss=0.6470 val_loss=0.6595 pooled_val_f1_micro=0.5874
[train] new best pooled_val_f1_micro=0.5874 at epoch 1 -> /lus/lfs1aip2/projects/b5ac/project_1/data/10_recipe_sweep_and_training/matrix/checkpoints/distilbert_base/seed_45/best
[train] epoch 2/10 train_loss=0.6037 val_loss=0.6926 pooled_val_f1_micro=0.6463
[train] new best pooled_val_f1_micro=0.6463 at epoch 2 -> /lus/lfs1aip2/projects/b5ac/project_1/data/10_recipe_sweep_and_training/matrix/checkpoints/distilbert_base/seed_45/best
[train] epoch 3/10 train_loss=0.4751 val_loss=0.6127 pooled_val_f1_micro=0.6755
[train] new best pooled_val_f1_micro=0.6755 at epoch 3 -> /lus/lfs1aip2/projects/b5ac/project_1/data/10_recipe_sweep_and_training/matrix/checkpoints/distilbert_base/seed_45/best
[train] epoch 4/10 train_loss=0.4097 val_loss=0.6183 pooled_val_f1_micro=0.6980
[train] new best pooled_val_f1_micro=0.6980 at epoch 4 -> /lus/lfs1aip2/projects/b5ac/project_1/data/10_recipe_sweep_and_training/matrix/checkpoints/distilbert_base/seed_45/best
[train] epoch 5/10 train_loss=0.3751 val_loss=0.6991 pooled_val_f1_micro=0.7202
[train] new best pooled_val_f1_micro=0.7202 at epoch 5 -> /lus/lfs1aip2/projects/b5ac/project_1/data/10_recipe_sweep_and_training/matrix/checkpoints/distilbert_base/seed_45/best
[train] epoch 6/10 train_loss=0.3496 val_loss=0.7223 pooled_val_f1_micro=0.7253
[train] new best pooled_val_f1_micro=0.7253 at epoch 6 -> /lus/lfs1aip2/projects/b5ac/project_1/data/10_recipe_sweep_and_training/matrix/checkpoints/distilbert_base/seed_45/best
[train] epoch 7/10 train_loss=0.3306 val_loss=0.7249 pooled_val_f1_micro=0.7055
[train] epoch 8/10 train_loss=0.3127 val_loss=0.8466 pooled_val_f1_micro=0.7196
[train] epoch 9/10 train_loss=0.2979 val_loss=0.7328 pooled_val_f1_micro=0.7351
[train] new best pooled_val_f1_micro=0.7351 at epoch 9 -> /lus/lfs1aip2/projects/b5ac/project_1/data/10_recipe_sweep_and_training/matrix/checkpoints/distilbert_base/seed_45/best
[train] epoch 10/10 train_loss=0.2805 val_loss=0.7625 pooled_val_f1_micro=0.7352
[train] new best pooled_val_f1_micro=0.7352 at epoch 10 -> /lus/lfs1aip2/projects/b5ac/project_1/data/10_recipe_sweep_and_training/matrix/checkpoints/distilbert_base/seed_45/best
[train] done distilbert_base seed=45 best_val_f1=0.7352 best_epoch=10 epochs_run=10
[benchmark] evaluating /lus/lfs1aip2/projects/b5ac/project_1/data/10_recipe_sweep_and_training/matrix/checkpoints/distilbert_base/seed_45/best: BioRED=14395 DrugProt=0 gdis=9769 gd_combined=4626 (DrugProt holdout unavailable; combined=BioRED gene-drug only)
[benchmark] done gdis=0.7684 gd_combined=0.6495 gd_biored=0.6495 gd_drugprot=nan overall=0.7349
  COMPLETE DistilBERT-base (distilbert_base) seed=45: gd_combined=0.650 gdis=0.768 best_epoch=10 pooled_val_f1=0.735 marker=/lus/lfs1aip2/projects/b5ac/project_1/data/10_recipe_sweep_and_training/matrix/results/distilbert_base/seed_45/matrix_complete.json

=== Step-2 matrix training complete (this job) ===
  Trained: 4, skipped (already done): 0, planned: 4

=== Done ===
End: Sun Jun 28 20:51:54 UTC 2026
